WARNING: Contact joints between materials 'patin' and 'dohyo' will only be created for the 10 deepest contact points instead of all the 12 contact points.
INFO: medido: Starting controller: $LAB_ROOT/Mini-Sumo-real/runs/real/20260913T170211523549Z_v21_v0.3.1_calibracion_charger_s303_r1/project/webots/controllers/medido/medido
INFO: contrario: Starting controller: $LAB_ROOT/Mini-Sumo-real/runs/real/20260913T170211523549Z_v21_v0.3.1_calibracion_charger_s303_r1/project/webots/controllers/contrario/contrario
INFO: calibracion: Starting controller: $LAB_ROOT/Mini-Sumo-real/runs/real/20260913T170211523549Z_v21_v0.3.1_calibracion_charger_s303_r1/project/webots/controllers/calibracion/calibracion ../../../../series.jsonl
[planta] gelatina ciclo=1 rueda=0 V=7.20045652 R=3.86943316 Rpuente=0.519422817 I0=0.0936978489 Ke=0.0929056841 Kt=0.0483794733
[planta] gelatina ciclo=1 rueda=1 V=7.20045652 R=4.22553306 Rpuente=0.61029495 I0=0.190028939 Ke=0.0856648172 Kt=0.0483794733
[sensores] gelatina ToF alcance=1432.98933 minimo=39.069283 sigma_rel=0.0814834309
[gelatina] HAL Webots listo: paso 8 ms, umbral de linea 400
[gelatina] estrategia v0.3.0 en linea
[planta] rival ciclo=1 rueda=0 V=7.49543741 R=4.28200917 Rpuente=0.6941697 I0=0.213126317 Ke=0.0624954162 Kt=0.0483794733
[planta] rival ciclo=1 rueda=1 V=7.49543741 R=4.34072886 Rpuente=0.575796747 I0=0.0975803912 Ke=0.0949441424 Kt=0.0483794733
[sensores] rival ToF alcance=1453.53878 minimo=27.1301985 sigma_rel=0.0734447813
[rival] HAL Webots listo: paso 8 ms, umbral de linea 400
[rival] estrategia v0.3.0 en linea
Error: wb_supervisor_field_set_mf_vec3f() called on a read-only PROTO internal field.
Error: wb_supervisor_field_set_mf_vec3f() called on a read-only PROTO internal field.
Error: wb_supervisor_field_set_mf_vec3f() called on a read-only PROTO internal field.
Error: wb_supervisor_field_set_mf_vec3f() called on a read-only PROTO internal field.
[inercia] asalto=0 robot=GELATINA rueda=0 rotor=3.52129095e-05
[inercia] asalto=0 robot=GELATINA rueda=1 rotor=3.3862737e-05
[inercia] asalto=0 robot=RIVAL rueda=0 rotor=3.5725132e-05
[planta] gelatina ciclo=2 rueda=0 V=7.23536019 R=4.37516851 Rpuente=0.605201852 I0=0.200161958 Ke=0.0702536042 Kt=0.0483794733
[planta] gelatina ciclo=2 rueda=1 V=7.23536019 R=3.79690304 Rpuente=0.658896279 I0=0.135627598 Ke=0.0775426959 Kt=0.0483794733
[sensores] gelatina ToF alcance=1323.56223 minimo=42.1618021 sigma_rel=0.0753317642
[gelatina] t=    0 ms  WAIT         rival=no d=9999 mm rumbo=   +0 cdeg  linea=0x0
[inercia] asalto=0 robot=RIVAL rueda=1 rotor=3.39995989e-05
[planta] asalto=0 mu=0.953883862 slip=0.00170502293 aleatorio=1
[planta] rival ciclo=2 rueda=0 V=8.16082906 R=4.24574914 Rpuente=0.561688972 I0=0.136899027 Ke=0.0808522674 Kt=0.0483794733
[planta] rival ciclo=2 rueda=1 V=8.16082906 R=3.66107235 Rpuente=0.678431523 I0=0.21135731 Ke=0.0742639028 Kt=0.0483794733
[sensores] rival ToF alcance=1982.96772 minimo=21.3435525 sigma_rel=0.0555077696
[rival] t=    0 ms  WAIT         rival=no d=9999 mm rumbo=   +0 cdeg  linea=0x0
Error: wb_supervisor_field_set_mf_vec3f() called on a read-only PROTO internal field.
Error: wb_supervisor_field_set_mf_vec3f() called on a read-only PROTO internal field.
Error: wb_supervisor_field_set_mf_vec3f() called on a read-only PROTO internal field.
Error: wb_supervisor_field_set_mf_vec3f() called on a read-only PROTO internal field.
[inercia] asalto=1 robot=GELATINA rueda=0 rotor=1.32438233e-05
[inercia] asalto=1 robot=GELATINA rueda=1 rotor=1.02457675e-05
[inercia] asalto=1 robot=RIVAL rueda=0 rotor=2.86917089e-05
[inercia] asalto=1 robot=RIVAL rueda=1 rotor=3.38525596e-05
[planta] asalto=1 mu=0.978983736 slip=0.000301071882 aleatorio=1
[planta] gelatina ciclo=3 rueda=0 V=7.28762624 R=4.00292029 Rpuente=0.673113823 I0=0.184304622 Ke=0.0786893691 Kt=0.0483794733
[planta] gelatina ciclo=3 rueda=1 V=7.28762624 R=4.10967121 Rpuente=0.666134608 I0=0.128760472 Ke=0.0894359383 Kt=0.0483794733
[sensores] gelatina ToF alcance=1551.56257 minimo=28.9992404 sigma_rel=0.0936963987
[planta] rival ciclo=3 rueda=0 V=7.89272203 R=4.375948 Rpuente=0.561159921 I0=0.126117906 Ke=0.0903644252 Kt=0.0483794733
[planta] rival ciclo=3 rueda=1 V=7.89272203 R=4.07687511 Rpuente=0.59646138 I0=0.0950664371 Ke=0.0937856312 Kt=0.0483794733
[sensores] rival ToF alcance=1344.76907 minimo=21.5227777 sigma_rel=0.0649020052
Error: wb_supervisor_field_set_mf_vec3f() called on a read-only PROTO internal field.
Error: wb_supervisor_field_set_mf_vec3f() called on a read-only PROTO internal field.
Error: wb_supervisor_field_set_mf_vec3f() called on a read-only PROTO internal field.
Error: wb_supervisor_field_set_mf_vec3f() called on a read-only PROTO internal field.
[inercia] asalto=2 robot=GELATINA rueda=0 rotor=2.02876137e-05
[inercia] asalto=2 robot=GELATINA rueda=1 rotor=1.46078698e-05
[inercia] asalto=2 robot=RIVAL rueda=0 rotor=1.61985608e-05
[inercia] asalto=2 robot=RIVAL rueda=1 rotor=3.41793863e-05
[planta] asalto=2 mu=1.17964522 slip=0.000475346565 aleatorio=1
[planta] gelatina ciclo=4 rueda=0 V=7.60032758 R=4.06091785 Rpuente=0.673019946 I0=0.133625633 Ke=0.09378728 Kt=0.0483794733
[planta] gelatina ciclo=4 rueda=1 V=7.60032758 R=4.3434123 Rpuente=0.652928042 I0=0.084906587 Ke=0.0995002665 Kt=0.0483794733
[sensores] gelatina ToF alcance=1640.97534 minimo=42.010445 sigma_rel=0.0798055267
[planta] rival ciclo=4 rueda=0 V=8.28031602 R=3.98742576 Rpuente=0.514552093 I0=0.207033715 Ke=0.0774019008 Kt=0.0483794733
[planta] rival ciclo=4 rueda=1 V=8.28031602 R=4.3348475 Rpuente=0.56090405 I0=0.198295882 Ke=0.0872739522 Kt=0.0483794733
[sensores] rival ToF alcance=1675.35806 minimo=35.8174479 sigma_rel=0.0547042036
Error: wb_supervisor_field_set_mf_vec3f() called on a read-only PROTO internal field.
Error: wb_supervisor_field_set_mf_vec3f() called on a read-only PROTO internal field.
Error: wb_supervisor_field_set_mf_vec3f() called on a read-only PROTO internal field.
Error: wb_supervisor_field_set_mf_vec3f() called on a read-only PROTO internal field.
[inercia] asalto=3 robot=GELATINA rueda=0 rotor=2.56130533e-05
[inercia] asalto=3 robot=GELATINA rueda=1 rotor=2.63251412e-05
[inercia] asalto=3 robot=RIVAL rueda=0 rotor=1.30783702e-05
[inercia] asalto=3 robot=RIVAL rueda=1 rotor=1.02645194e-05
[planta] asalto=3 mu=0.75361917 slip=0.000452039242 aleatorio=1
[planta] gelatina ciclo=5 rueda=0 V=7.65259362 R=3.68866959 Rpuente=0.540931916 I0=0.117768297 Ke=0.070139779 Kt=0.0483794733
[planta] gelatina ciclo=5 rueda=1 V=7.65259362 R=3.85618048 Rpuente=0.660166383 I0=0.0780394614 Ke=0.0767479726 Kt=0.0483794733
[sensores] gelatina ToF alcance=1868.97576 minimo=28.8478833 sigma_rel=0.0981701612
[planta] rival ciclo=5 rueda=0 V=7.18982844 R=3.69952688 Rpuente=0.601006341 I0=0.103397387 Ke=0.0873356551 Kt=0.0483794733
[planta] rival ciclo=5 rueda=1 V=7.18982844 R=4.25168095 Rpuente=0.573397064 I0=0.147625297 Ke=0.094893871 Kt=0.0483794733
[sensores] rival ToF alcance=746.440482 minimo=46.6472012 sigma_rel=0.0460121202
Error: wb_supervisor_field_set_mf_vec3f() called on a read-only PROTO internal field.
Error: wb_supervisor_field_set_mf_vec3f() called on a read-only PROTO internal field.
Error: wb_supervisor_field_set_mf_vec3f() called on a read-only PROTO internal field.
Error: wb_supervisor_field_set_mf_vec3f() called on a read-only PROTO internal field.
[inercia] asalto=4 robot=GELATINA rueda=0 rotor=1.38321009e-05
[inercia] asalto=4 robot=GELATINA rueda=1 rotor=3.06834615e-05
[inercia] asalto=4 robot=RIVAL rueda=0 rotor=2.6507246e-05
[inercia] asalto=4 robot=RIVAL rueda=1 rotor=3.05055249e-05
[planta] asalto=4 mu=1.30132458 slip=0.00115201139 aleatorio=1
[planta] gelatina ciclo=6 rueda=0 V=7.68749729 R=4.19440494 Rpuente=0.626710951 I0=0.224232396 Ke=0.0785839561 Kt=0.0483794733
[planta] gelatina ciclo=6 rueda=1 V=7.68749729 R=4.22755046 Rpuente=0.508767712 I0=0.17363812 Ke=0.0922255626 Kt=0.0483794733
[sensores] gelatina ToF alcance=1759.54858 minimo=31.9404042 sigma_rel=0.0920184994
[planta] rival ciclo=6 rueda=0 V=7.85522001 R=3.66326685 Rpuente=0.6685256 I0=0.177170098 Ke=0.0693455392 Kt=0.0483794733
[planta] rival ciclo=6 rueda=1 V=7.85522001 R=4.37202449 Rpuente=0.67603184 I0=0.111402208 Ke=0.0807711941 Kt=0.0483794733
[sensores] rival ToF alcance=1275.86942 minimo=40.8605552 sigma_rel=0.108075109
Error: wb_supervisor_field_set_mf_vec3f() called on a read-only PROTO internal field.
Error: wb_supervisor_field_set_mf_vec3f() called on a read-only PROTO internal field.
Error: wb_supervisor_field_set_mf_vec3f() called on a read-only PROTO internal field.
Error: wb_supervisor_field_set_mf_vec3f() called on a read-only PROTO internal field.
[inercia] asalto=5 robot=GELATINA rueda=0 rotor=1.48809868e-05
[inercia] asalto=5 robot=GELATINA rueda=1 rotor=2.8444177e-05
[inercia] asalto=5 robot=RIVAL rueda=0 rotor=3.04083152e-05
[inercia] asalto=5 robot=RIVAL rueda=1 rotor=1.2807223e-05
[planta] asalto=5 mu=1.57464132 slip=0.00035866797 aleatorio=1
[planta] gelatina ciclo=7 rueda=0 V=7.73976334 R=3.82215667 Rpuente=0.694622922 I0=0.208375061 Ke=0.0892283863 Kt=0.0483794733
[planta] gelatina ciclo=7 rueda=1 V=7.73976334 R=3.74031863 Rpuente=0.516006052 I0=0.166770995 Ke=0.0719127591 Kt=0.0483794733
[sensores] gelatina ToF alcance=1987.549 minimo=48.7778425 sigma_rel=0.110383134
[planta] rival ciclo=7 rueda=0 V=7.58711307 R=3.79346566 Rpuente=0.66799655 I0=0.166388986 Ke=0.0762247319 Kt=0.0483794733
[planta] rival ciclo=7 rueda=1 V=7.58711307 R=3.98782725 Rpuente=0.594061697 I0=0.145111334 Ke=0.0939186634 Kt=0.0483794733
[sensores] rival ToF alcance=1937.67077 minimo=41.0397804 sigma_rel=0.117469349
Error: wb_supervisor_field_set_mf_vec3f() called on a read-only PROTO internal field.
Error: wb_supervisor_field_set_mf_vec3f() called on a read-only PROTO internal field.
Error: wb_supervisor_field_set_mf_vec3f() called on a read-only PROTO internal field.
Error: wb_supervisor_field_set_mf_vec3f() called on a read-only PROTO internal field.
[inercia] asalto=6 robot=GELATINA rueda=0 rotor=1.18194721e-05
[inercia] asalto=6 robot=GELATINA rueda=1 rotor=1.18661683e-05
[inercia] asalto=6 robot=RIVAL rueda=0 rotor=3.34526503e-05
[inercia] asalto=6 robot=RIVAL rueda=1 rotor=2.3373978e-05
[planta] asalto=6 mu=0.608042395 slip=0.000121533513 aleatorio=1
[planta] gelatina ciclo=8 rueda=0 V=7.49686943 R=3.97562981 Rpuente=0.666274869 I0=0.171982267 Ke=0.0826847348 Kt=0.0483794733
[planta] gelatina ciclo=8 rueda=1 V=7.49686943 R=4.24931741 Rpuente=0.626415277 I0=0.101822188 Ke=0.0770605967 Kt=0.0483794733
[sensores] gelatina ToF alcance=1679.28203 minimo=41.9516796 sigma_rel=0.111970682
[planta] rival ciclo=8 rueda=0 V=7.93047899 R=4.37987275 Rpuente=0.572119129 I0=0.190985048 Ke=0.0635799293 Kt=0.0483794733
[planta] rival ciclo=8 rueda=1 V=7.93047899 R=3.98603802 Rpuente=0.63973273 I0=0.139905712 Ke=0.094818419 Kt=0.0483794733
[sensores] rival ToF alcance=1457.16327 minimo=20.747149 sigma_rel=0.0542321444
Error: wb_supervisor_field_set_mf_vec3f() called on a read-only PROTO internal field.
Error: wb_supervisor_field_set_mf_vec3f() called on a read-only PROTO internal field.
Error: wb_supervisor_field_set_mf_vec3f() called on a read-only PROTO internal field.
Error: wb_supervisor_field_set_mf_vec3f() called on a read-only PROTO internal field.
[inercia] asalto=7 robot=GELATINA rueda=0 rotor=2.72945586e-05
[inercia] asalto=7 robot=GELATINA rueda=1 rotor=3.31239231e-05
[inercia] asalto=7 robot=RIVAL rueda=0 rotor=3.00595003e-05
[inercia] asalto=7 robot=RIVAL rueda=1 rotor=3.55633932e-05
[planta] asalto=7 mu=1.3090916 slip=2.52149105e-05 aleatorio=1
[planta] gelatina ciclo=9 rueda=0 V=7.53177319 R=3.6813652 Rpuente=0.552053893 I0=0.128446376 Ke=0.0721975604 Kt=0.0483794733
[planta] gelatina ciclo=9 rueda=1 V=7.53177319 R=3.82068739 Rpuente=0.675016606 I0=0.197420847 Ke=0.0952249596 Kt=0.0483794733
[sensores] gelatina ToF alcance=1569.85486 minimo=45.0441986 sigma_rel=0.105819016
[planta] rival ciclo=9 rueda=0 V=7.67973435 R=3.63208795 Rpuente=0.553723025 I0=0.207882482 Ke=0.0933983252 Kt=0.0483794733
[planta] rival ciclo=9 rueda=1 V=7.67973435 R=4.34323897 Rpuente=0.516399598 I0=0.221149054 Ke=0.0925352019 Kt=0.0483794733
[sensores] rival ToF alcance=1156.39207 minimo=34.6712899 sigma_rel=0.0881426811
Error: wb_supervisor_field_set_mf_vec3f() called on a read-only PROTO internal field.
Error: wb_supervisor_field_set_mf_vec3f() called on a read-only PROTO internal field.
Error: wb_supervisor_field_set_mf_vec3f() called on a read-only PROTO internal field.
Error: wb_supervisor_field_set_mf_vec3f() called on a read-only PROTO internal field.
[inercia] asalto=8 robot=GELATINA rueda=0 rotor=2.52991946e-05
[inercia] asalto=8 robot=GELATINA rueda=1 rotor=2.37554846e-05
[inercia] asalto=8 robot=RIVAL rueda=0 rotor=1.5324195e-05
[inercia] asalto=8 robot=RIVAL rueda=1 rotor=1.08073545e-05
[planta] asalto=8 mu=1.4456856 slip=0.000320577145 aleatorio=1
[planta] gelatina ciclo=10 rueda=0 V=7.5145898 R=3.62105136 Rpuente=0.691434097 I0=0.15187481 Ke=0.0877445598 Kt=0.0483794733
[planta] gelatina ciclo=10 rueda=1 V=7.5145898 R=4.36786275 Rpuente=0.647706914 I0=0.150416851 Ke=0.0767630602 Kt=0.0483794733
[sensores] gelatina ToF alcance=1748.14527 minimo=36.9019669 sigma_rel=0.106118455
[planta] rival ciclo=10 rueda=0 V=7.22100798 R=4.34321384 Rpuente=0.660467649 I0=0.121277672 Ke=0.0691176779 Kt=0.0483794733
[planta] rival ciclo=10 rueda=1 V=7.22100798 R=4.11071501 Rpuente=0.63923552 I0=0.125668278 Ke=0.0732738367 Kt=0.0483794733
[sensores] rival ToF alcance=1118.61205 minimo=44.0715063 sigma_rel=0.101353049
Error: wb_supervisor_field_set_mf_vec3f() called on a read-only PROTO internal field.
Error: wb_supervisor_field_set_mf_vec3f() called on a read-only PROTO internal field.
Error: wb_supervisor_field_set_mf_vec3f() called on a read-only PROTO internal field.
Error: wb_supervisor_field_set_mf_vec3f() called on a read-only PROTO internal field.
[inercia] asalto=9 robot=GELATINA rueda=0 rotor=3.14296607e-05
[inercia] asalto=9 robot=GELATINA rueda=1 rotor=1.17263614e-05
[inercia] asalto=9 robot=RIVAL rueda=0 rotor=3.36799707e-05
[inercia] asalto=9 robot=RIVAL rueda=1 rotor=2.55195274e-05
[planta] asalto=9 mu=0.632456279 slip=0.0012059747 aleatorio=1
[planta] gelatina ciclo=11 rueda=0 V=7.82729113 R=3.67904892 Rpuente=0.69134022 I0=0.101195821 Ke=0.069774995 Kt=0.0483794733
[planta] gelatina ciclo=11 rueda=1 V=7.82729113 R=3.80160389 Rpuente=0.634500349 I0=0.106562975 Ke=0.0860377446 Kt=0.0483794733
[sensores] gelatina ToF alcance=1837.55804 minimo=49.9131715 sigma_rel=0.0922275829
[planta] rival ciclo=11 rueda=0 V=8.23136455 R=4.21929793 Rpuente=0.585007989 I0=0.216746664 Ke=0.0787175654 Kt=0.0483794733
[planta] rival ciclo=11 rueda=1 V=8.23136455 R=4.13673038 Rpuente=0.646806335 I0=0.126637897 Ke=0.0834700421 Kt=0.0483794733
[sensores] rival ToF alcance=718.420988 minimo=38.0363071 sigma_rel=0.0991331911
Error: wb_supervisor_field_set_mf_vec3f() called on a read-only PROTO internal field.
Error: wb_supervisor_field_set_mf_vec3f() called on a read-only PROTO internal field.
Error: wb_supervisor_field_set_mf_vec3f() called on a read-only PROTO internal field.
Error: wb_supervisor_field_set_mf_vec3f() called on a read-only PROTO internal field.
[inercia] asalto=10 robot=GELATINA rueda=0 rotor=9.3952117e-06
[inercia] asalto=10 robot=GELATINA rueda=1 rotor=2.73429011e-05
[inercia] asalto=10 robot=RIVAL rueda=0 rotor=1.30169969e-05
[inercia] asalto=10 robot=RIVAL rueda=1 rotor=1.93292379e-05
[planta] asalto=10 mu=1.45097754 slip=0.00138426971 aleatorio=1
[planta] gelatina ciclo=12 rueda=0 V=7.87955718 R=4.1068007 Rpuente=0.559252191 I0=0.0853384852 Ke=0.0757420553 Kt=0.0483794733
[planta] gelatina ciclo=12 rueda=1 V=7.87955718 R=4.11437206 Rpuente=0.641738677 I0=0.0996958494 Ke=0.100784395 Kt=0.0483794733
[sensores] gelatina ToF alcance=765.558457 minimo=36.7506099 sigma_rel=0.110592217
[planta] rival ciclo=12 rueda=0 V=7.34049503 R=4.08489041 Rpuente=0.61333077 I0=0.191412368 Ke=0.0660359805 Kt=0.0483794733
[planta] rival ciclo=12 rueda=1 V=7.34049503 R=3.98449016 Rpuente=0.521708047 I0=0.112606859 Ke=0.0876142762 Kt=0.0483794733
[sensores] rival ToF alcance=811.002469 minimo=28.5454017 sigma_rel=0.100549488
Error: wb_supervisor_field_set_mf_vec3f() called on a read-only PROTO internal field.
Error: wb_supervisor_field_set_mf_vec3f() called on a read-only PROTO internal field.
Error: wb_supervisor_field_set_mf_vec3f() called on a read-only PROTO internal field.
Error: wb_supervisor_field_set_mf_vec3f() called on a read-only PROTO internal field.
[inercia] asalto=11 robot=GELATINA rueda=0 rotor=1.87473605e-05
[inercia] asalto=11 robot=GELATINA rueda=1 rotor=1.0528938e-05
[inercia] asalto=11 robot=RIVAL rueda=0 rotor=3.31254262e-05
[inercia] asalto=11 robot=RIVAL rueda=1 rotor=2.13479419e-05
[planta] asalto=11 mu=0.800334191 slip=0.00103113508 aleatorio=1
[planta] gelatina ciclo=13 rueda=0 V=7.91446085 R=3.81253605 Rpuente=0.645031226 I0=0.191802594 Ke=0.0883688653 Kt=0.0483794733
[planta] gelatina ciclo=13 rueda=1 V=7.91446085 R=3.685742 Rpuente=0.690340006 I0=0.195294508 Ke=0.0805745652 Kt=0.0483794733
[sensores] gelatina ToF alcance=1956.13136 minimo=39.8431289 sigma_rel=0.104440556
[planta] rival ciclo=13 rueda=0 V=7.22864918 R=4.31323671 Rpuente=0.65199821 I0=0.129738253 Ke=0.0769315295 Kt=0.0483794733
[planta] rival ciclo=13 rueda=1 V=7.22864918 R=3.87287669 Rpuente=0.667470968 I0=0.124123943 Ke=0.0827288895 Kt=0.0483794733
[sensores] rival ToF alcance=1909.65128 minimo=32.4288845 sigma_rel=0.0905904198
Error: wb_supervisor_field_set_mf_vec3f() called on a read-only PROTO internal field.
Error: wb_supervisor_field_set_mf_vec3f() called on a read-only PROTO internal field.
Error: wb_supervisor_field_set_mf_vec3f() called on a read-only PROTO internal field.
Error: wb_supervisor_field_set_mf_vec3f() called on a read-only PROTO internal field.
[inercia] asalto=12 robot=GELATINA rueda=0 rotor=1.08616612e-05
[inercia] asalto=12 robot=GELATINA rueda=1 rotor=9.33007908e-06
[inercia] asalto=12 robot=RIVAL rueda=0 rotor=1.93869032e-05
[inercia] asalto=12 robot=RIVAL rueda=1 rotor=1.64234689e-05
[planta] asalto=12 mu=1.02871165 slip=0.00111678326 aleatorio=1
[planta] gelatina ciclo=14 rueda=0 V=7.9667269 R=4.24028778 Rpuente=0.512943196 I0=0.175945258 Ke=0.0650372874 Kt=0.0483794733
[planta] gelatina ciclo=14 rueda=1 V=7.9667269 R=3.99851017 Rpuente=0.697578347 I0=0.188427383 Ke=0.0937447595 Kt=0.0483794733
[sensores] gelatina ToF alcance=884.1317 minimo=26.6805673 sigma_rel=0.0428051901
[planta] rival ciclo=14 rueda=0 V=8.31539901 R=3.76073151 Rpuente=0.567304277 I0=0.161548743 Ke=0.0868295387 Kt=0.0483794733
[planta] rival ciclo=14 rueda=1 V=8.31539901 R=4.02166715 Rpuente=0.636835837 I0=0.175713184 Ke=0.0727957323 Kt=0.0483794733
[sensores] rival ToF alcance=1711.51382 minimo=33.588509 sigma_rel=0.073920393
Error: wb_supervisor_field_set_mf_vec3f() called on a read-only PROTO internal field.
Error: wb_supervisor_field_set_mf_vec3f() called on a read-only PROTO internal field.
Error: wb_supervisor_field_set_mf_vec3f() called on a read-only PROTO internal field.
Error: wb_supervisor_field_set_mf_vec3f() called on a read-only PROTO internal field.
[inercia] asalto=13 robot=GELATINA rueda=0 rotor=2.3809294e-05
[inercia] asalto=13 robot=GELATINA rueda=1 rotor=2.28684213e-05
[inercia] asalto=13 robot=RIVAL rueda=0 rotor=2.67981477e-05
[inercia] asalto=13 robot=RIVAL rueda=1 rotor=2.5906583e-05
[planta] asalto=13 mu=0.905455506 slip=0.00125177121 aleatorio=1
[planta] gelatina ciclo=15 rueda=0 V=7.72383307 R=4.39376092 Rpuente=0.684595144 I0=0.139552465 Ke=0.0904824043 Kt=0.0483794733
[planta] gelatina ciclo=15 rueda=1 V=7.72383307 R=3.70750899 Rpuente=0.607987571 I0=0.123478577 Ke=0.0686941345 Kt=0.0483794733
[sensores] gelatina ToF alcance=1875.86473 minimo=49.8544043 sigma_rel=0.0443927336
[planta] rival ciclo=15 rueda=0 V=7.92575558 R=3.63681564 Rpuente=0.69184463 I0=0.107017735 Ke=0.0750632095 Kt=0.0483794733
[planta] rival ciclo=15 rueda=1 V=7.92575558 R=4.04768252 Rpuente=0.644406652 I0=0.176682794 Ke=0.0832437028 Kt=0.0483794733
[sensores] rival ToF alcance=1311.32269 minimo=27.5533098 sigma_rel=0.0717005348
Error: wb_supervisor_field_set_mf_vec3f() called on a read-only PROTO internal field.
Error: wb_supervisor_field_set_mf_vec3f() called on a read-only PROTO internal field.
Error: wb_supervisor_field_set_mf_vec3f() called on a read-only PROTO internal field.
Error: wb_supervisor_field_set_mf_vec3f() called on a read-only PROTO internal field.
[inercia] asalto=14 robot=GELATINA rueda=0 rotor=1.90868542e-05
[inercia] asalto=14 robot=GELATINA rueda=1 rotor=2.3774177e-05
[inercia] asalto=14 robot=RIVAL rueda=0 rotor=2.53584741e-05
[inercia] asalto=14 robot=RIVAL rueda=1 rotor=1.12815326e-05
[planta] asalto=14 mu=1.11902461 slip=0.001502931 aleatorio=1
[planta] gelatina ciclo=16 rueda=0 V=7.75873674 R=4.09949627 Rpuente=0.570374179 I0=0.096016565 Ke=0.0780888416 Kt=0.0483794733
[planta] gelatina ciclo=16 rueda=1 V=7.75873674 R=4.07887897 Rpuente=0.6565889 I0=0.219077235 Ke=0.0803893767 Kt=0.0483794733
[sensores] gelatina ToF alcance=1766.43763 minimo=22.9469252 sigma_rel=0.118241072
[planta] rival ciclo=16 rueda=0 V=7.87857693 R=3.76634598 Rpuente=0.520755363 I0=0.132107189 Ke=0.0904675973 Kt=0.0483794733
[planta] rival ciclo=16 rueda=1 V=7.87857693 R=3.84094605 Rpuente=0.54174211 I0=0.100542399 Ke=0.0995537209 Kt=0.0483794733
[sensores] rival ToF alcance=1906.18727 minimo=23.7556648 sigma_rel=0.054496069
Error: wb_supervisor_field_set_mf_vec3f() called on a read-only PROTO internal field.
Error: wb_supervisor_field_set_mf_vec3f() called on a read-only PROTO internal field.
Error: wb_supervisor_field_set_mf_vec3f() called on a read-only PROTO internal field.
Error: wb_supervisor_field_set_mf_vec3f() called on a read-only PROTO internal field.
[inercia] asalto=15 robot=GELATINA rueda=0 rotor=2.49178569e-05
[inercia] asalto=15 robot=GELATINA rueda=1 rotor=2.13072243e-05
[inercia] asalto=15 robot=RIVAL rueda=0 rotor=1.67779196e-05
[inercia] asalto=15 robot=RIVAL rueda=1 rotor=3.05347551e-05
[planta] asalto=15 mu=1.29192773 slip=0.000572731972 aleatorio=1
[planta] gelatina ciclo=17 rueda=0 V=7.81100279 R=3.72724805 Rpuente=0.63828615 I0=0.080159229 Ke=0.0867382527 Kt=0.0483794733
[planta] gelatina ciclo=17 rueda=1 V=7.81100279 R=4.3916471 Rpuente=0.663827229 I0=0.21221011 Ke=0.062427555 Kt=0.0483794733
[sensores] gelatina ToF alcance=1994.43797 minimo=39.7843635 sigma_rel=0.0566057062
[planta] rival ciclo=17 rueda=0 V=7.40825551 R=3.73869152 Rpuente=0.641840637 I0=0.184624636 Ke=0.0736614506 Kt=0.0483794733
[planta] rival ciclo=17 rueda=1 V=7.40825551 R=4.06020002 Rpuente=0.563731289 I0=0.21694226 Ke=0.0654000222 Kt=0.0483794733
[sensores] rival ToF alcance=715.504259 minimo=20.8229411 sigma_rel=0.0802160168
Error: wb_supervisor_field_set_mf_vec3f() called on a read-only PROTO internal field.
Error: wb_supervisor_field_set_mf_vec3f() called on a read-only PROTO internal field.
Error: wb_supervisor_field_set_mf_vec3f() called on a read-only PROTO internal field.
Error: wb_supervisor_field_set_mf_vec3f() called on a read-only PROTO internal field.
[inercia] asalto=16 robot=GELATINA rueda=0 rotor=1.11860996e-05
[inercia] asalto=16 robot=GELATINA rueda=1 rotor=1.63884435e-05
[inercia] asalto=16 robot=RIVAL rueda=0 rotor=3.50514974e-05
[planta] gelatina ciclo=18 rueda=0 V=7.84590646 R=4.2329834 Rpuente=0.524065185 I0=0.186623338 Ke=0.0668043552 Kt=0.0483794733
[planta] gelatina ciclo=18 rueda=1 V=7.84590646 R=3.96301708 Rpuente=0.512428558 I0=0.157808769 Ke=0.0839461074 Kt=0.0483794733
[sensores] gelatina ToF alcance=1885.01087 minimo=42.8768843 sigma_rel=0.0504540443
[inercia] asalto=16 robot=RIVAL rueda=1 rotor=9.29113501e-06
[planta] asalto=16 mu=1.55158333 slip=0.000979529619 aleatorio=1
[planta] rival ciclo=18 rueda=0 V=7.92586156 R=3.66028476 Rpuente=0.537745571 I0=0.157598779 Ke=0.090192103 Kt=0.0483794733
[planta] rival ciclo=18 rueda=1 V=7.92586156 R=4.17709231 Rpuente=0.512406743 I0=0.210528445 Ke=0.0657165274 Kt=0.0483794733
[sensores] rival ToF alcance=1472.41756 minimo=40.6482422 sigma_rel=0.105953298
Error: wb_supervisor_field_set_mf_vec3f() called on a read-only PROTO internal field.
Error: wb_supervisor_field_set_mf_vec3f() called on a read-only PROTO internal field.
Error: wb_supervisor_field_set_mf_vec3f() called on a read-only PROTO internal field.
Error: wb_supervisor_field_set_mf_vec3f() called on a read-only PROTO internal field.
[inercia] asalto=17 robot=GELATINA rueda=0 rotor=1.66968434e-05
[inercia] asalto=17 robot=GELATINA rueda=1 rotor=2.45253071e-05
[inercia] asalto=17 robot=RIVAL rueda=0 rotor=1.18855623e-05
[inercia] asalto=17 robot=RIVAL rueda=1 rotor=2.19728413e-05
[planta] asalto=17 mu=1.04858247 slip=4.21657562e-05 aleatorio=1
[planta] gelatina ciclo=19 rueda=0 V=8.10652074 R=3.72493176 Rpuente=0.577572465 I0=0.202908674 Ke=0.0751011629 Kt=0.0483794733
[planta] gelatina ciclo=19 rueda=1 V=8.10652074 R=4.3725636 Rpuente=0.623310983 I0=0.121352237 Ke=0.0855975796 Kt=0.0483794733
[sensores] gelatina ToF alcance=962.141156 minimo=44.6533346 sigma_rel=0.0430142736
[planta] rival ciclo=19 rueda=0 V=7.47098683 R=3.94977045 Rpuente=0.566062069 I0=0.0845603675 Ke=0.0994575303 Kt=0.0483794733
[planta] rival ciclo=19 rueda=1 V=7.47098683 R=4.12250586 Rpuente=0.575041974 I0=0.15465737 Ke=0.0702604016 Kt=0.0483794733
[sensores] rival ToF alcance=1153.11325 minimo=26.7286164 sigma_rel=0.115076132
Error: wb_supervisor_field_set_mf_vec3f() called on a read-only PROTO internal field.
Error: wb_supervisor_field_set_mf_vec3f() called on a read-only PROTO internal field.
Error: wb_supervisor_field_set_mf_vec3f() called on a read-only PROTO internal field.
Error: wb_supervisor_field_set_mf_vec3f() called on a read-only PROTO internal field.
[inercia] asalto=18 robot=GELATINA rueda=0 rotor=1.35740311e-05
[inercia] asalto=18 robot=GELATINA rueda=1 rotor=1.15762194e-05
[inercia] asalto=18 robot=RIVAL rueda=0 rotor=3.09417019e-05
[inercia] asalto=18 robot=RIVAL rueda=1 rotor=3.24691256e-05
[planta] asalto=18 mu=1.53356079 slip=0.00118527734 aleatorio=1
[planta] gelatina ciclo=20 rueda=0 V=8.14142441 R=4.23066716 Rpuente=0.6633515 I0=0.159372783 Ke=0.0970765812 Kt=0.0483794733
[planta] gelatina ciclo=20 rueda=1 V=8.14142441 R=3.94393358 Rpuente=0.671912313 I0=0.216950896 Ke=0.0695511638 Kt=0.0483794733
[sensores] gelatina ToF alcance=852.714056 minimo=47.7458555 sigma_rel=0.116862607
[planta] rival ciclo=20 rueda=0 V=7.07749176 R=4.24749479 Rpuente=0.569030547 I0=0.166462961 Ke=0.0771835451 Kt=0.0483794733
[planta] rival ciclo=20 rueda=1 V=7.07749176 R=3.97058377 Rpuente=0.642813468 I0=0.116017288 Ke=0.0895781973 Kt=0.0483794733
[sensores] rival ToF alcance=1034.44648 minimo=44.0132594 sigma_rel=0.116943808
Error: wb_supervisor_field_set_mf_vec3f() called on a read-only PROTO internal field.
Error: wb_supervisor_field_set_mf_vec3f() called on a read-only PROTO internal field.
Error: wb_supervisor_field_set_mf_vec3f() called on a read-only PROTO internal field.
Error: wb_supervisor_field_set_mf_vec3f() called on a read-only PROTO internal field.
[inercia] asalto=19 robot=GELATINA rueda=0 rotor=1.2878117e-05
[inercia] asalto=19 robot=GELATINA rueda=1 rotor=2.63907984e-05
[inercia] asalto=19 robot=RIVAL rueda=0 rotor=3.45697169e-05
[inercia] asalto=19 robot=RIVAL rueda=1 rotor=2.54842091e-05
[planta] asalto=19 mu=0.753299391 slip=0.00196643829 aleatorio=1
[planta] gelatina ciclo=21 rueda=0 V=8.19369045 R=3.85841889 Rpuente=0.531263471 I0=0.143515447 Ke=0.0716399524 Kt=0.0483794733
[planta] gelatina ciclo=21 rueda=1 V=8.19369045 R=4.25670176 Rpuente=0.679150641 I0=0.210083771 Ke=0.0792817476 Kt=0.0483794733
[sensores] gelatina ToF alcance=1080.7144 minimo=34.5832938 sigma_rel=0.0552272463
[planta] rival ciclo=21 rueda=0 V=7.02636167 R=4.33327222 Rpuente=0.641319489 I0=0.133235407 Ke=0.069892594 Kt=0.0483794733
[planta] rival ciclo=21 rueda=1 V=7.02636167 R=3.84216046 Rpuente=0.684296083 I0=0.152218938 Ke=0.0663204987 Kt=0.0483794733
[sensores] rival ToF alcance=1795.84653 minimo=30.712716 sigma_rel=0.0759144592
Error: wb_supervisor_field_set_mf_vec3f() called on a read-only PROTO internal field.
Error: wb_supervisor_field_set_mf_vec3f() called on a read-only PROTO internal field.
Error: wb_supervisor_field_set_mf_vec3f() called on a read-only PROTO internal field.
Error: wb_supervisor_field_set_mf_vec3f() called on a read-only PROTO internal field.
[inercia] asalto=20 robot=GELATINA rueda=0 rotor=9.1570605e-06
[inercia] asalto=20 robot=GELATINA rueda=1 rotor=3.40264553e-05
[inercia] asalto=20 robot=RIVAL rueda=0 rotor=1.18212601e-05
[inercia] asalto=20 robot=RIVAL rueda=1 rotor=1.979189e-05
[planta] asalto=20 mu=1.06827662 slip=0.000907897115 aleatorio=1
[planta] gelatina ciclo=22 rueda=0 V=7.95079663 R=4.01189203 Rpuente=0.502915418 I0=0.107122654 Ke=0.101695317 Kt=0.0483794733
[planta] gelatina ciclo=22 rueda=1 V=7.95079663 R=3.96570058 Rpuente=0.589559865 I0=0.145134965 Ke=0.0876526608 Kt=0.0483794733
[sensores] gelatina ToF alcance=772.447431 minimo=27.7571309 sigma_rel=0.0568147898
[planta] rival ciclo=22 rueda=0 V=8.0388886 R=3.69960837 Rpuente=0.513626456 I0=0.100914216 Ke=0.0693521752 Kt=0.0483794733
[planta] rival ciclo=22 rueda=1 V=8.0388886 R=3.86085057 Rpuente=0.636696517 I0=0.102880329 Ke=0.0763616672 Kt=0.0483794733
[sensores] rival ToF alcance=1275.33383 minimo=48.8956326 sigma_rel=0.0667591381
INFO: medido: Terminating.
INFO: contrario: Terminating.
INFO: calibracion: Terminating.
