WARNING: Contact joints between materials 'patin' and 'dohyo' will only be created for the 10 deepest contact points instead of all the 12 contact points.
INFO: medido: Starting controller: $LAB_ROOT/Mini-Sumo-real/runs/real/20260913T163833039487Z_v14_v0.3.1_reglamento_v0.3.0_s0_r0/project/webots/controllers/medido/medido
INFO: contrario: Starting controller: $LAB_ROOT/Mini-Sumo-real/runs/real/20260913T163833039487Z_v14_v0.3.1_reglamento_v0.3.0_s0_r0/project/webots/controllers/contrario/contrario
INFO: arbitro: Starting controller: $LAB_ROOT/Mini-Sumo-real/runs/real/20260913T163833039487Z_v14_v0.3.1_reglamento_v0.3.0_s0_r0/project/webots/controllers/arbitro/arbitro --rounds 30 --rival v0.3.0 --version v0.3.1 --colocacion reglamento --out ../../../../result.json
[planta] gelatina V=7.4 R=4 Rpuente=0.5 I0=0.15 Ke=0.0793326178 Kt=0.0483794733
[sensores] gelatina ToF alcance=1200 minimo=30 sigma_rel=0.07
[gelatina] HAL Webots listo: paso 8 ms, umbral de linea 400
[gelatina] estrategia v0.3.0 en linea
[planta] rival V=7.4 R=4 Rpuente=0.5 I0=0.15 Ke=0.0793326178 Kt=0.0483794733
[sensores] rival ToF alcance=1200 minimo=30 sigma_rel=0.07
[rival] HAL Webots listo: paso 8 ms, umbral de linea 400
[rival] estrategia v0.3.0 en linea

[arbitro] 30 asaltos contra 'v0.3.0', colocacion reglamento, limite 60 s por asalto
[gelatina] t=    0 ms  WAIT         rival=no d=9999 mm rumbo=   +0 cdeg  linea=0x0
[rival] t=    0 ms  WAIT         rival=no d=9999 mm rumbo=   +0 cdeg  linea=0x0
[planta] asalto=0 mu=1.1 slip=0.0005 aleatorio=0
[planta] gelatina V=7.4 R=4 Rpuente=0.5 I0=0.15 Ke=0.0793326178 Kt=0.0483794733
[sensores] gelatina ToF alcance=1200 minimo=30 sigma_rel=0.07
[gelatina] t=    0 ms  TRACK        rival=si d=  73 mm rumbo=+1458 cdeg  linea=0x0
[planta] rival V=7.4 R=4 Rpuente=0.5 I0=0.15 Ke=0.0793326178 Kt=0.0483794733
[sensores] rival ToF alcance=1200 minimo=30 sigma_rel=0.07
[rival] t=    0 ms  TRACK        rival=si d=  66 mm rumbo=+1454 cdeg  linea=0x0
[gelatina] t=    8 ms  ATTACK       rival=si d=  73 mm rumbo=+1458 cdeg  linea=0x0
[rival] t=    8 ms  ATTACK       rival=si d=  66 mm rumbo=+1454 cdeg  linea=0x0
[rival] t=  352 ms  EDGE_ESCAPE  rival=si d=  32 mm rumbo=-6000 cdeg  linea=0x8
[rival] t=  448 ms  ATTACK       rival=si d=  42 mm rumbo=+2107 cdeg  linea=0x4
WARNING: Contact joints between materials 'patin' and 'dohyo' will only be created for the 10 deepest contact points instead of all the 11 contact points.
[gelatina] t=  832 ms  EDGE_ESCAPE  rival=si d=  45 mm rumbo=-6000 cdeg  linea=0x8
[rival] t=  840 ms  EDGE_ESCAPE  rival=si d=  41 mm rumbo=   +0 cdeg  linea=0x8
[gelatina] t= 1040 ms  SEARCH       rival=no d=9999 mm rumbo=-6000 cdeg  linea=0x0
[gelatina] t= 1072 ms  TRACK        rival=si d=  31 mm rumbo=   +0 cdeg  linea=0x0
[gelatina] t= 1080 ms  ATTACK       rival=si d=  31 mm rumbo=   +0 cdeg  linea=0x0
[gelatina] t= 1472 ms  SEARCH       rival=no d=9999 mm rumbo=   -7 cdeg  linea=0x0
[gelatina] t= 1496 ms  TRACK        rival=si d=  43 mm rumbo=   +0 cdeg  linea=0x0
[gelatina] t= 1504 ms  ATTACK       rival=si d=  43 mm rumbo=   +0 cdeg  linea=0x0
[rival] t= 1504 ms  SEARCH       rival=no d=9999 mm rumbo=-6000 cdeg  linea=0x0
[rival] t= 1536 ms  TRACK        rival=si d=  52 mm rumbo=+3000 cdeg  linea=0x0
[rival] t= 1544 ms  ATTACK       rival=si d=  52 mm rumbo=+3000 cdeg  linea=0x0
[rival] t= 1648 ms  EDGE_ESCAPE  rival=si d=  35 mm rumbo=+3000 cdeg  linea=0x8
[gelatina] t= 1768 ms  SEARCH       rival=no d=9999 mm rumbo=   +0 cdeg  linea=0x0
WARNING: Contact joints between materials 'patin' and 'dohyo' will only be created for the 10 deepest contact points instead of all the 14 contact points.
[gelatina] t= 1800 ms  TRACK        rival=si d=  70 mm rumbo=   +0 cdeg  linea=0x0
[gelatina] t= 1808 ms  ATTACK       rival=si d=  70 mm rumbo=   +0 cdeg  linea=0x0
[arbitro] asalto  1/30  frente   rival fuera     +1   1.83 s
[planta] asalto=1 mu=1.1 slip=0.0005 aleatorio=0
[gelatina] t=    0 ms  WAIT         rival=si d=  36 mm rumbo=+4498 cdeg  linea=0x0
[rival] t=    0 ms  WAIT         rival=si d= 110 mm rumbo=-1783 cdeg  linea=0x0
[planta] gelatina V=7.4 R=4 Rpuente=0.5 I0=0.15 Ke=0.0793326178 Kt=0.0483794733
[sensores] gelatina ToF alcance=1200 minimo=30 sigma_rel=0.07
[gelatina] t=    0 ms  OPENING      rival=no d=9999 mm rumbo=+4498 cdeg  linea=0x0
[planta] rival V=7.4 R=4 Rpuente=0.5 I0=0.15 Ke=0.0793326178 Kt=0.0483794733
[sensores] rival ToF alcance=1200 minimo=30 sigma_rel=0.07
[rival] t=    0 ms  OPENING      rival=no d=9999 mm rumbo=-1783 cdeg  linea=0x0
[gelatina] t=   48 ms  TRACK        rival=si d=  70 mm rumbo=-6000 cdeg  linea=0x0
[gelatina] t=   56 ms  ATTACK       rival=si d=  70 mm rumbo=-6000 cdeg  linea=0x0
[rival] t=  424 ms  SEARCH       rival=no d=9999 mm rumbo=-1783 cdeg  linea=0x0
[rival] t=  512 ms  TRACK        rival=si d= 141 mm rumbo= +751 cdeg  linea=0x4
[rival] t=  520 ms  ATTACK       rival=si d= 141 mm rumbo= +751 cdeg  linea=0x0
[arbitro] asalto  2/30  lado     rival fuera     +1   0.54 s
[planta] asalto=2 mu=1.1 slip=0.0005 aleatorio=0
[gelatina] t=    0 ms  WAIT         rival=no d=9999 mm rumbo=   +0 cdeg  linea=0x0
[rival] t=    0 ms  WAIT         rival=no d=9999 mm rumbo= +751 cdeg  linea=0x8
[planta] gelatina V=7.4 R=4 Rpuente=0.5 I0=0.15 Ke=0.0793326178 Kt=0.0483794733
[sensores] gelatina ToF alcance=1200 minimo=30 sigma_rel=0.07
[gelatina] t=    0 ms  OPENING      rival=no d=9999 mm rumbo=   +0 cdeg  linea=0x0
[planta] rival V=7.4 R=4 Rpuente=0.5 I0=0.15 Ke=0.0793326178 Kt=0.0483794733
[sensores] rival ToF alcance=1200 minimo=30 sigma_rel=0.07
[rival] t=    0 ms  OPENING      rival=no d=9999 mm rumbo= +751 cdeg  linea=0x0
[gelatina] t=  111 ms  SEARCH       rival=no d=9999 mm rumbo=   +0 cdeg  linea=0x0
WARNING: Contact joints between materials 'patin' and 'dohyo' will only be created for the 10 deepest contact points instead of all the 12 contact points.
[gelatina] t=  319 ms  TRACK        rival=si d= 323 mm rumbo=+6000 cdeg  linea=0x0
[rival] t=  423 ms  SEARCH       rival=no d=9999 mm rumbo= +751 cdeg  linea=0xC
[arbitro] asalto  3/30  espalda  rival fuera     +1   0.44 s
[planta] asalto=3 mu=1.1 slip=0.0005 aleatorio=0
[gelatina] t=    0 ms  WAIT         rival=si d= 398 mm rumbo=-6000 cdeg  linea=0x0
[rival] t=    0 ms  WAIT         rival=no d=9999 mm rumbo= +751 cdeg  linea=0x0
[planta] gelatina V=7.4 R=4 Rpuente=0.5 I0=0.15 Ke=0.0793326178 Kt=0.0483794733
[sensores] gelatina ToF alcance=1200 minimo=30 sigma_rel=0.07
[gelatina] t=    0 ms  TRACK        rival=si d=  71 mm rumbo=-1461 cdeg  linea=0x0
[planta] rival V=7.4 R=4 Rpuente=0.5 I0=0.15 Ke=0.0793326178 Kt=0.0483794733
[sensores] rival ToF alcance=1200 minimo=30 sigma_rel=0.07
[rival] t=    0 ms  TRACK        rival=si d=  92 mm rumbo=-1485 cdeg  linea=0x0
[gelatina] t=    8 ms  ATTACK       rival=si d=  71 mm rumbo=-1461 cdeg  linea=0x0
[rival] t=    8 ms  ATTACK       rival=si d=  92 mm rumbo=-1485 cdeg  linea=0x0
[gelatina] t=  232 ms  SEARCH       rival=no d=9999 mm rumbo=+1492 cdeg  linea=0x0
[rival] t=  392 ms  SEARCH       rival=no d=9999 mm rumbo=-3000 cdeg  linea=0x0
[gelatina] t=  400 ms  TRACK        rival=si d=  56 mm rumbo=-3000 cdeg  linea=0x0
[rival] t=  400 ms  TRACK        rival=si d=  47 mm rumbo=-3000 cdeg  linea=0x0
[gelatina] t=  408 ms  ATTACK       rival=si d=  56 mm rumbo=-3000 cdeg  linea=0x0
[rival] t=  408 ms  ATTACK       rival=si d=  47 mm rumbo=-3000 cdeg  linea=0x0
WARNING: Contact joints between materials 'patin' and 'dohyo' will only be created for the 10 deepest contact points instead of all the 12 contact points.
[gelatina] t=  600 ms  SEARCH       rival=no d=9999 mm rumbo=+3000 cdeg  linea=0x0
[arbitro] asalto  4/30  frente   expulsado       -1   0.71 s
[planta] asalto=4 mu=1.1 slip=0.0005 aleatorio=0
[gelatina] t=    0 ms  WAIT         rival=no d=9999 mm rumbo=+3000 cdeg  linea=0x4
[rival] t=    0 ms  WAIT         rival=si d=  73 mm rumbo=+3000 cdeg  linea=0x0
[planta] gelatina V=7.4 R=4 Rpuente=0.5 I0=0.15 Ke=0.0793326178 Kt=0.0483794733
[sensores] gelatina ToF alcance=1200 minimo=30 sigma_rel=0.07
[gelatina] t=    0 ms  OPENING      rival=no d=9999 mm rumbo=+3000 cdeg  linea=0x0
[planta] rival V=7.4 R=4 Rpuente=0.5 I0=0.15 Ke=0.0793326178 Kt=0.0483794733
[sensores] rival ToF alcance=1200 minimo=30 sigma_rel=0.07
[rival] t=    0 ms  OPENING      rival=no d=9999 mm rumbo=+3000 cdeg  linea=0x0
[gelatina] t=   64 ms  TRACK        rival=si d=  79 mm rumbo=-6000 cdeg  linea=0x0
[gelatina] t=   72 ms  ATTACK       rival=si d=  79 mm rumbo=-6000 cdeg  linea=0x0
[rival] t=  424 ms  SEARCH       rival=no d=9999 mm rumbo=+3000 cdeg  linea=0x0
[rival] t=  496 ms  TRACK        rival=si d= 391 mm rumbo=+1383 cdeg  linea=0xC
[arbitro] asalto  5/30  lado     rival fuera     +1   0.51 s
[planta] asalto=5 mu=1.1 slip=0.0005 aleatorio=0
[gelatina] t=    0 ms  WAIT         rival=si d= 174 mm rumbo=+1595 cdeg  linea=0x0
[rival] t=    0 ms  WAIT         rival=si d= 391 mm rumbo=+1383 cdeg  linea=0x4
[planta] gelatina V=7.4 R=4 Rpuente=0.5 I0=0.15 Ke=0.0793326178 Kt=0.0483794733
[sensores] gelatina ToF alcance=1200 minimo=30 sigma_rel=0.07
[gelatina] t=    0 ms  OPENING      rival=no d=9999 mm rumbo=+1595 cdeg  linea=0x0
[planta] rival V=7.4 R=4 Rpuente=0.5 I0=0.15 Ke=0.0793326178 Kt=0.0483794733
[sensores] rival ToF alcance=1200 minimo=30 sigma_rel=0.07
[rival] t=    0 ms  OPENING      rival=no d=9999 mm rumbo=+1383 cdeg  linea=0x0
[gelatina] t=  112 ms  SEARCH       rival=no d=9999 mm rumbo=+1595 cdeg  linea=0x0
[gelatina] t=  328 ms  TRACK        rival=si d= 313 mm rumbo=+6000 cdeg  linea=0x0
[rival] t=  424 ms  SEARCH       rival=no d=9999 mm rumbo=+1383 cdeg  linea=0xC
[rival] t=  432 ms  TRACK        rival=si d= 351 mm rumbo=-1323 cdeg  linea=0xC
[arbitro] asalto  6/30  espalda  rival fuera     +1   0.43 s
[planta] asalto=6 mu=1.1 slip=0.0005 aleatorio=0
[gelatina] t=    0 ms  WAIT         rival=no d=9999 mm rumbo=-6000 cdeg  linea=0x0
[rival] t=    0 ms  WAIT         rival=si d= 351 mm rumbo=-1323 cdeg  linea=0x0
WARNING: Contact joints between materials 'patin' and 'dohyo' will only be created for the 10 deepest contact points instead of all the 70 contact points.
[planta] gelatina V=7.4 R=4 Rpuente=0.5 I0=0.15 Ke=0.0793326178 Kt=0.0483794733
[sensores] gelatina ToF alcance=1200 minimo=30 sigma_rel=0.07
[gelatina] t=    0 ms  TRACK        rival=si d=  69 mm rumbo=+1461 cdeg  linea=0x0
[planta] rival V=7.4 R=4 Rpuente=0.5 I0=0.15 Ke=0.0793326178 Kt=0.0483794733
[sensores] rival ToF alcance=1200 minimo=30 sigma_rel=0.07
[rival] t=    0 ms  TRACK        rival=si d=  73 mm rumbo=-1469 cdeg  linea=0x0
[gelatina] t=    7 ms  ATTACK       rival=si d=  69 mm rumbo=+1461 cdeg  linea=0x0
[rival] t=    7 ms  ATTACK       rival=si d=  73 mm rumbo=-1469 cdeg  linea=0x0
[gelatina] t=  415 ms  SEARCH       rival=no d=9999 mm rumbo=+3000 cdeg  linea=0x0
[gelatina] t=  543 ms  TRACK        rival=si d=  55 mm rumbo=   +0 cdeg  linea=0x0
[gelatina] t=  551 ms  ATTACK       rival=si d=  55 mm rumbo=   +0 cdeg  linea=0x0
[gelatina] t=  711 ms  SEARCH       rival=no d=9999 mm rumbo=-3000 cdeg  linea=0x0
WARNING: Contact joints between materials 'patin' and 'dohyo' will only be created for the 10 deepest contact points instead of all the 101 contact points.
[gelatina] t=  839 ms  TRACK        rival=si d=  51 mm rumbo=-4521 cdeg  linea=0x0
[gelatina] t=  847 ms  ATTACK       rival=si d=  51 mm rumbo=-4521 cdeg  linea=0x0
[gelatina] t= 1071 ms  SEARCH       rival=no d=9999 mm rumbo=+6000 cdeg  linea=0x0
[gelatina] t= 1135 ms  TRACK        rival=si d=  59 mm rumbo=+6000 cdeg  linea=0x0
[gelatina] t= 1143 ms  ATTACK       rival=si d=  59 mm rumbo=+6000 cdeg  linea=0x0
[gelatina] t= 1375 ms  SEARCH       rival=no d=9999 mm rumbo=-6000 cdeg  linea=0x0
[gelatina] t= 1432 ms  TRACK        rival=si d=  51 mm rumbo=-6000 cdeg  linea=0x0
[gelatina] t= 1439 ms  ATTACK       rival=si d=  51 mm rumbo=-6000 cdeg  linea=0x0
[gelatina] t= 1663 ms  EDGE_ESCAPE  rival=si d=  34 mm rumbo=+6000 cdeg  linea=0x8
WARNING: Contact joints between materials 'patin' and 'dohyo' will only be created for the 10 deepest contact points instead of all the 101 contact points.
[gelatina] t= 1871 ms  SEARCH       rival=si d=  26 mm rumbo=+6000 cdeg  linea=0x0
[gelatina] t= 1879 ms  TRACK        rival=si d=  26 mm rumbo=+6000 cdeg  linea=0x0
[gelatina] t= 1887 ms  ATTACK       rival=si d=  26 mm rumbo=+6000 cdeg  linea=0x0
[gelatina] t= 1935 ms  SEARCH       rival=no d=9999 mm rumbo=+6000 cdeg  linea=0x0
[gelatina] t= 2191 ms  TRACK        rival=si d=  29 mm rumbo=   +0 cdeg  linea=0x0
[gelatina] t= 2199 ms  ATTACK       rival=si d=  29 mm rumbo=   +0 cdeg  linea=0x0
[gelatina] t= 2455 ms  EDGE_ESCAPE  rival=si d=  49 mm rumbo=   +0 cdeg  linea=0x8
[rival] t= 2535 ms  EDGE_ESCAPE  rival=si d=  37 mm rumbo=   +0 cdeg  linea=0x2
[arbitro] asalto  7/30  frente   expulsado       -1   2.54 s
[planta] asalto=7 mu=1.1 slip=0.0005 aleatorio=0
[gelatina] t=    0 ms  WAIT         rival=no d=9999 mm rumbo=   +0 cdeg  linea=0x0
[rival] t=    0 ms  WAIT         rival=no d=9999 mm rumbo=   +0 cdeg  linea=0x2
[planta] gelatina V=7.4 R=4 Rpuente=0.5 I0=0.15 Ke=0.0793326178 Kt=0.0483794733
[sensores] gelatina ToF alcance=1200 minimo=30 sigma_rel=0.07
[gelatina] t=    0 ms  OPENING      rival=no d=9999 mm rumbo=   +0 cdeg  linea=0x0
[planta] rival V=7.4 R=4 Rpuente=0.5 I0=0.15 Ke=0.0793326178 Kt=0.0483794733
[sensores] rival ToF alcance=1200 minimo=30 sigma_rel=0.07
[rival] t=    0 ms  OPENING      rival=no d=9999 mm rumbo=   +0 cdeg  linea=0x0
WARNING: Contact joints between materials 'rueda' and 'dohyo' will only be created for the 10 deepest contact points instead of all the 12 contact points.
[gelatina] t=   64 ms  TRACK        rival=si d=  79 mm rumbo=-6000 cdeg  linea=0x0
[gelatina] t=   72 ms  ATTACK       rival=si d=  79 mm rumbo=-6000 cdeg  linea=0x0
[rival] t=  424 ms  SEARCH       rival=no d=9999 mm rumbo=   +0 cdeg  linea=0x0
[rival] t=  488 ms  TRACK        rival=si d= 505 mm rumbo=+2675 cdeg  linea=0x4
[arbitro] asalto  8/30  lado     rival fuera     +1   0.50 s
[planta] asalto=8 mu=1.1 slip=0.0005 aleatorio=0
[gelatina] t=    0 ms  WAIT         rival=si d= 209 mm rumbo=+3000 cdeg  linea=0x0
[rival] t=    0 ms  WAIT         rival=si d= 390 mm rumbo= -244 cdeg  linea=0x0
[planta] gelatina V=7.4 R=4 Rpuente=0.5 I0=0.15 Ke=0.0793326178 Kt=0.0483794733
[sensores] gelatina ToF alcance=1200 minimo=30 sigma_rel=0.07
[gelatina] t=    0 ms  OPENING      rival=no d=9999 mm rumbo=+3000 cdeg  linea=0x0
[planta] rival V=7.4 R=4 Rpuente=0.5 I0=0.15 Ke=0.0793326178 Kt=0.0483794733
[sensores] rival ToF alcance=1200 minimo=30 sigma_rel=0.07
[rival] t=    0 ms  OPENING      rival=no d=9999 mm rumbo=-1189 cdeg  linea=0x0
[gelatina] t=  112 ms  SEARCH       rival=no d=9999 mm rumbo=+3000 cdeg  linea=0x0
WARNING: Contact joints between materials 'patin' and 'dohyo' will only be created for the 10 deepest contact points instead of all the 12 contact points.
[rival] t=  424 ms  SEARCH       rival=no d=9999 mm rumbo=-1189 cdeg  linea=0xC
[gelatina] t=  432 ms  TRACK        rival=si d= 421 mm rumbo=-4548 cdeg  linea=0x0
[arbitro] asalto  9/30  espalda  rival fuera     +1   0.44 s
[planta] asalto=9 mu=1.1 slip=0.0005 aleatorio=0
[gelatina] t=    0 ms  WAIT         rival=si d= 421 mm rumbo=-4548 cdeg  linea=0x0
[rival] t=    0 ms  WAIT         rival=no d=9999 mm rumbo=-1189 cdeg  linea=0x0
[planta] gelatina V=7.4 R=4 Rpuente=0.5 I0=0.15 Ke=0.0793326178 Kt=0.0483794733
[sensores] gelatina ToF alcance=1200 minimo=30 sigma_rel=0.07
[gelatina] t=    0 ms  TRACK        rival=si d=  82 mm rumbo=+1470 cdeg  linea=0x0
[planta] rival V=7.4 R=4 Rpuente=0.5 I0=0.15 Ke=0.0793326178 Kt=0.0483794733
[sensores] rival ToF alcance=1200 minimo=30 sigma_rel=0.07
[rival] t=    0 ms  TRACK        rival=si d=  77 mm rumbo=   +0 cdeg  linea=0x0
[gelatina] t=    8 ms  ATTACK       rival=si d=  82 mm rumbo=+1470 cdeg  linea=0x0
[rival] t=    8 ms  ATTACK       rival=si d=  77 mm rumbo=   +0 cdeg  linea=0x0
[gelatina] t=  384 ms  SEARCH       rival=no d=9999 mm rumbo=-3000 cdeg  linea=0x0
[rival] t=  464 ms  SEARCH       rival=no d=9999 mm rumbo=+1491 cdeg  linea=0x0
[gelatina] t=  544 ms  TRACK        rival=si d=  27 mm rumbo=-3000 cdeg  linea=0x0
[gelatina] t=  552 ms  ATTACK       rival=si d=  27 mm rumbo=-3000 cdeg  linea=0x0
[rival] t=  576 ms  TRACK        rival=si d=  44 mm rumbo=-2992 cdeg  linea=0x0
[rival] t=  584 ms  ATTACK       rival=si d=  44 mm rumbo=-2992 cdeg  linea=0x0
[gelatina] t=  744 ms  SEARCH       rival=no d=9999 mm rumbo=+1491 cdeg  linea=0x0
[arbitro] asalto 10/30  frente   expulsado       -1   0.74 s
[planta] asalto=10 mu=1.1 slip=0.0005 aleatorio=0
[gelatina] t=    0 ms  WAIT         rival=no d=9999 mm rumbo=+1491 cdeg  linea=0x0
[rival] t=    0 ms  WAIT         rival=no d=9999 mm rumbo=-6000 cdeg  linea=0x0
WARNING: Contact joints between materials 'rueda' and 'dohyo' will only be created for the 10 deepest contact points instead of all the 14 contact points.
[planta] gelatina V=7.4 R=4 Rpuente=0.5 I0=0.15 Ke=0.0793326178 Kt=0.0483794733
[sensores] gelatina ToF alcance=1200 minimo=30 sigma_rel=0.07
[gelatina] t=    0 ms  OPENING      rival=no d=9999 mm rumbo=+1491 cdeg  linea=0x0
[planta] rival V=7.4 R=4 Rpuente=0.5 I0=0.15 Ke=0.0793326178 Kt=0.0483794733
[sensores] rival ToF alcance=1200 minimo=30 sigma_rel=0.07
[rival] t=    0 ms  OPENING      rival=no d=9999 mm rumbo=-6000 cdeg  linea=0x0
[gelatina] t=   48 ms  TRACK        rival=si d=  93 mm rumbo=-6000 cdeg  linea=0x0
[gelatina] t=   55 ms  ATTACK       rival=si d=  93 mm rumbo=-6000 cdeg  linea=0x0
[rival] t=  423 ms  SEARCH       rival=no d=9999 mm rumbo=-6000 cdeg  linea=0x0
[rival] t=  503 ms  TRACK        rival=si d= 215 mm rumbo=+2948 cdeg  linea=0x4
[rival] t=  511 ms  ATTACK       rival=si d= 215 mm rumbo=+1457 cdeg  linea=0x0
[arbitro] asalto 11/30  lado     rival fuera     +1   0.53 s
[planta] asalto=11 mu=1.1 slip=0.0005 aleatorio=0
[gelatina] t=    0 ms  WAIT         rival=si d= 192 mm rumbo=+3000 cdeg  linea=0x0
[rival] t=    0 ms  WAIT         rival=si d= 215 mm rumbo=  +29 cdeg  linea=0x0
[planta] gelatina V=7.4 R=4 Rpuente=0.5 I0=0.15 Ke=0.0793326178 Kt=0.0483794733
[sensores] gelatina ToF alcance=1200 minimo=30 sigma_rel=0.07
[gelatina] t=    0 ms  OPENING      rival=no d=9999 mm rumbo=+3000 cdeg  linea=0x0
[planta] rival V=7.4 R=4 Rpuente=0.5 I0=0.15 Ke=0.0793326178 Kt=0.0483794733
[sensores] rival ToF alcance=1200 minimo=30 sigma_rel=0.07
[rival] t=    0 ms  OPENING      rival=no d=9999 mm rumbo=  +29 cdeg  linea=0x0
[gelatina] t=  112 ms  SEARCH       rival=no d=9999 mm rumbo=+3000 cdeg  linea=0x0
WARNING: Contact joints between materials 'patin' and 'dohyo' will only be created for the 10 deepest contact points instead of all the 15 contact points.
[gelatina] t=  328 ms  TRACK        rival=si d= 325 mm rumbo=+6000 cdeg  linea=0x0
[rival] t=  424 ms  SEARCH       rival=no d=9999 mm rumbo=  +29 cdeg  linea=0xC
[arbitro] asalto 12/30  espalda  rival fuera     +1   0.43 s
[planta] asalto=12 mu=1.1 slip=0.0005 aleatorio=0
[gelatina] t=    0 ms  WAIT         rival=si d= 456 mm rumbo=-6000 cdeg  linea=0x0
[rival] t=    0 ms  WAIT         rival=no d=9999 mm rumbo=  +29 cdeg  linea=0x0
[planta] gelatina V=7.4 R=4 Rpuente=0.5 I0=0.15 Ke=0.0793326178 Kt=0.0483794733
[sensores] gelatina ToF alcance=1200 minimo=30 sigma_rel=0.07
[gelatina] t=    0 ms  TRACK        rival=si d=  81 mm rumbo=   +0 cdeg  linea=0x0
[planta] rival V=7.4 R=4 Rpuente=0.5 I0=0.15 Ke=0.0793326178 Kt=0.0483794733
[sensores] rival ToF alcance=1200 minimo=30 sigma_rel=0.07
[rival] t=    0 ms  TRACK        rival=si d=  75 mm rumbo=   +0 cdeg  linea=0x0
[gelatina] t=    8 ms  ATTACK       rival=si d=  81 mm rumbo=   +0 cdeg  linea=0x0
[rival] t=    8 ms  ATTACK       rival=si d=  75 mm rumbo=   +0 cdeg  linea=0x0
[rival] t=  400 ms  SEARCH       rival=no d=9999 mm rumbo=  -41 cdeg  linea=0x0
WARNING: Contact joints between materials 'patin' and 'dohyo' will only be created for the 10 deepest contact points instead of all the 11 contact points.
[rival] t=  536 ms  TRACK        rival=si d=  31 mm rumbo=+6000 cdeg  linea=0x0
[rival] t=  544 ms  ATTACK       rival=si d=  31 mm rumbo=+3023 cdeg  linea=0x0
[arbitro] asalto 13/30  frente   rival fuera     +1   1.14 s
[planta] asalto=13 mu=1.1 slip=0.0005 aleatorio=0
[gelatina] t=    0 ms  WAIT         rival=si d=  48 mm rumbo=+6000 cdeg  linea=0x1
[rival] t=    0 ms  WAIT         rival=si d= 126 mm rumbo=-5619 cdeg  linea=0x8
[planta] gelatina V=7.4 R=4 Rpuente=0.5 I0=0.15 Ke=0.0793326178 Kt=0.0483794733
[sensores] gelatina ToF alcance=1200 minimo=30 sigma_rel=0.07
[gelatina] t=    0 ms  OPENING      rival=no d=9999 mm rumbo=+6000 cdeg  linea=0x0
[planta] rival V=7.4 R=4 Rpuente=0.5 I0=0.15 Ke=0.0793326178 Kt=0.0483794733
[sensores] rival ToF alcance=1200 minimo=30 sigma_rel=0.07
[rival] t=    0 ms  OPENING      rival=no d=9999 mm rumbo=-5619 cdeg  linea=0x0
WARNING: Contact joints between materials 'rueda' and 'dohyo' will only be created for the 10 deepest contact points instead of all the 12 contact points.
[gelatina] t=   80 ms  TRACK        rival=si d=  71 mm rumbo=-6000 cdeg  linea=0x0
[gelatina] t=   87 ms  ATTACK       rival=si d=  71 mm rumbo=-6000 cdeg  linea=0x0
[rival] t=  423 ms  SEARCH       rival=no d=9999 mm rumbo=-5619 cdeg  linea=0x1
[arbitro] asalto 14/30  lado     rival fuera     +1   0.50 s
[planta] asalto=14 mu=1.1 slip=0.0005 aleatorio=0
[gelatina] t=    0 ms  WAIT         rival=si d= 199 mm rumbo=+1527 cdeg  linea=0x0
[rival] t=    0 ms  WAIT         rival=no d=9999 mm rumbo=-5619 cdeg  linea=0x8
[planta] gelatina V=7.4 R=4 Rpuente=0.5 I0=0.15 Ke=0.0793326178 Kt=0.0483794733
[sensores] gelatina ToF alcance=1200 minimo=30 sigma_rel=0.07
[gelatina] t=    0 ms  OPENING      rival=no d=9999 mm rumbo=+1527 cdeg  linea=0x0
[planta] rival V=7.4 R=4 Rpuente=0.5 I0=0.15 Ke=0.0793326178 Kt=0.0483794733
[sensores] rival ToF alcance=1200 minimo=30 sigma_rel=0.07
[rival] t=    0 ms  OPENING      rival=no d=9999 mm rumbo=-5619 cdeg  linea=0x0
[gelatina] t=  112 ms  SEARCH       rival=no d=9999 mm rumbo=+1527 cdeg  linea=0x0
[gelatina] t=  328 ms  TRACK        rival=si d= 295 mm rumbo=+6000 cdeg  linea=0x0
[rival] t=  424 ms  SEARCH       rival=no d=9999 mm rumbo=-5619 cdeg  linea=0xC
[rival] t=  432 ms  TRACK        rival=si d= 587 mm rumbo= +309 cdeg  linea=0xC
[arbitro] asalto 15/30  espalda  rival fuera     +1   0.43 s
[planta] asalto=15 mu=1.1 slip=0.0005 aleatorio=0
[gelatina] t=    0 ms  WAIT         rival=si d= 475 mm rumbo=-6000 cdeg  linea=0x0
[rival] t=    0 ms  WAIT         rival=si d= 587 mm rumbo= +309 cdeg  linea=0x0
WARNING: Contact joints between materials 'patin' and 'dohyo' will only be created for the 10 deepest contact points instead of all the 17 contact points.
[planta] gelatina V=7.4 R=4 Rpuente=0.5 I0=0.15 Ke=0.0793326178 Kt=0.0483794733
[sensores] gelatina ToF alcance=1200 minimo=30 sigma_rel=0.07
[gelatina] t=    0 ms  TRACK        rival=si d=  77 mm rumbo=   +0 cdeg  linea=0x0
[planta] rival V=7.4 R=4 Rpuente=0.5 I0=0.15 Ke=0.0793326178 Kt=0.0483794733
[sensores] rival ToF alcance=1200 minimo=30 sigma_rel=0.07
[rival] t=    0 ms  TRACK        rival=si d=  76 mm rumbo=-1475 cdeg  linea=0x0
[gelatina] t=    8 ms  ATTACK       rival=si d=  77 mm rumbo=   +0 cdeg  linea=0x0
[rival] t=    8 ms  ATTACK       rival=si d=  76 mm rumbo=-1475 cdeg  linea=0x0
WARNING: Contact joints between materials 'patin' and 'dohyo' will only be created for the 10 deepest contact points instead of all the 24 contact points.
[arbitro] asalto 16/30  frente   rival fuera     +1   0.99 s
[planta] asalto=16 mu=1.1 slip=0.0005 aleatorio=0
[gelatina] t=    0 ms  WAIT         rival=si d=  29 mm rumbo=-6000 cdeg  linea=0x2
[rival] t=    0 ms  WAIT         rival=no d=9999 mm rumbo=   +0 cdeg  linea=0x4
[planta] gelatina V=7.4 R=4 Rpuente=0.5 I0=0.15 Ke=0.0793326178 Kt=0.0483794733
[sensores] gelatina ToF alcance=1200 minimo=30 sigma_rel=0.07
[gelatina] t=    0 ms  OPENING      rival=no d=9999 mm rumbo=-6000 cdeg  linea=0x0
[planta] rival V=7.4 R=4 Rpuente=0.5 I0=0.15 Ke=0.0793326178 Kt=0.0483794733
[sensores] rival ToF alcance=1200 minimo=30 sigma_rel=0.07
[rival] t=    0 ms  OPENING      rival=no d=9999 mm rumbo=   +0 cdeg  linea=0x0
[gelatina] t=   64 ms  TRACK        rival=si d=  79 mm rumbo=-6000 cdeg  linea=0x0
[gelatina] t=   72 ms  ATTACK       rival=si d=  79 mm rumbo=-6000 cdeg  linea=0x0
[rival] t=  424 ms  SEARCH       rival=no d=9999 mm rumbo=   +0 cdeg  linea=0x0
WARNING: Contact joints between materials 'patin' and 'dohyo' will only be created for the 10 deepest contact points instead of all the 12 contact points.
[rival] t=  496 ms  TRACK        rival=si d= 423 mm rumbo=+1051 cdeg  linea=0x4
[rival] t=  528 ms  ATTACK       rival=si d=  83 mm rumbo=  +73 cdeg  linea=0x4
[arbitro] asalto 17/30  lado     rival fuera     +1   0.53 s
[planta] asalto=17 mu=1.1 slip=0.0005 aleatorio=0
[gelatina] t=    0 ms  WAIT         rival=si d= 236 mm rumbo=   +0 cdeg  linea=0x0
[rival] t=    0 ms  WAIT         rival=si d=  83 mm rumbo=  +73 cdeg  linea=0x0
[planta] gelatina V=7.4 R=4 Rpuente=0.5 I0=0.15 Ke=0.0793326178 Kt=0.0483794733
[sensores] gelatina ToF alcance=1200 minimo=30 sigma_rel=0.07
[gelatina] t=    0 ms  OPENING      rival=no d=9999 mm rumbo=   +0 cdeg  linea=0x0
[planta] rival V=7.4 R=4 Rpuente=0.5 I0=0.15 Ke=0.0793326178 Kt=0.0483794733
[sensores] rival ToF alcance=1200 minimo=30 sigma_rel=0.07
[rival] t=    0 ms  OPENING      rival=no d=9999 mm rumbo=  +73 cdeg  linea=0x0
[gelatina] t=  112 ms  SEARCH       rival=no d=9999 mm rumbo=   +0 cdeg  linea=0x0
[gelatina] t=  344 ms  TRACK        rival=si d= 304 mm rumbo=+3000 cdeg  linea=0x0
[rival] t=  424 ms  SEARCH       rival=no d=9999 mm rumbo=  +73 cdeg  linea=0xC
[arbitro] asalto 18/30  espalda  rival fuera     +1   0.43 s
[planta] asalto=18 mu=1.1 slip=0.0005 aleatorio=0
[gelatina] t=    0 ms  WAIT         rival=si d= 422 mm rumbo=-6000 cdeg  linea=0x0
[rival] t=    0 ms  WAIT         rival=no d=9999 mm rumbo=  +73 cdeg  linea=0x8
[planta] gelatina V=7.4 R=4 Rpuente=0.5 I0=0.15 Ke=0.0793326178 Kt=0.0483794733
[sensores] gelatina ToF alcance=1200 minimo=30 sigma_rel=0.07
[gelatina] t=    0 ms  TRACK        rival=si d=  81 mm rumbo=+1486 cdeg  linea=0x0
[planta] rival V=7.4 R=4 Rpuente=0.5 I0=0.15 Ke=0.0793326178 Kt=0.0483794733
[sensores] rival ToF alcance=1200 minimo=30 sigma_rel=0.07
[rival] t=    0 ms  TRACK        rival=si d=  72 mm rumbo=   +0 cdeg  linea=0x0
[gelatina] t=    8 ms  ATTACK       rival=si d=  81 mm rumbo=+1486 cdeg  linea=0x0
[rival] t=    8 ms  ATTACK       rival=si d=  72 mm rumbo=   +0 cdeg  linea=0x0
WARNING: Contact joints between materials 'patin' and 'dohyo' will only be created for the 10 deepest contact points instead of all the 52 contact points.
WARNING: Contact joints between materials 'patin' and 'dohyo' will only be created for the 10 deepest contact points instead of all the 52 contact points.
[rival] t= 1480 ms  SEARCH       rival=no d=9999 mm rumbo=-3000 cdeg  linea=0x0
[rival] t= 1584 ms  TRACK        rival=si d=  43 mm rumbo=-3000 cdeg  linea=0x0
[rival] t= 1592 ms  ATTACK       rival=si d=  43 mm rumbo=-3000 cdeg  linea=0x0
[rival] t= 2008 ms  SEARCH       rival=no d=9999 mm rumbo=-3000 cdeg  linea=0x0
[rival] t= 2112 ms  TRACK        rival=si d=  44 mm rumbo=-3000 cdeg  linea=0x0
[rival] t= 2120 ms  ATTACK       rival=si d=  44 mm rumbo=-3000 cdeg  linea=0x0
WARNING: Contact joints between materials 'patin' and 'dohyo' will only be created for the 10 deepest contact points instead of all the 52 contact points.
[rival] t= 2400 ms  SEARCH       rival=no d=9999 mm rumbo=-3000 cdeg  linea=0x0
[rival] t= 2608 ms  TRACK        rival=si d=  57 mm rumbo=+6000 cdeg  linea=0x0
[rival] t= 2616 ms  ATTACK       rival=si d=  57 mm rumbo=+6000 cdeg  linea=0x0
[gelatina] t= 3096 ms  EDGE_ESCAPE  rival=si d= 184 mm rumbo=-1489 cdeg  linea=0x2
WARNING: Contact joints between materials 'patin' and 'dohyo' will only be created for the 10 deepest contact points instead of all the 18 contact points.
[gelatina] t= 3304 ms  SEARCH       rival=si d= 119 mm rumbo=-3127 cdeg  linea=0x0
[gelatina] t= 3312 ms  TRACK        rival=si d= 119 mm rumbo=-3127 cdeg  linea=0x0
[gelatina] t= 3320 ms  ATTACK       rival=si d= 119 mm rumbo=-3127 cdeg  linea=0x0
[rival] t= 3360 ms  SEARCH       rival=no d=9999 mm rumbo=   +0 cdeg  linea=0x0
[rival] t= 3496 ms  TRACK        rival=si d=  39 mm rumbo=-6000 cdeg  linea=0x0
[rival] t= 3504 ms  ATTACK       rival=si d=  39 mm rumbo=-6000 cdeg  linea=0x0
WARNING: Contact joints between materials 'rueda' and 'dohyo' will only be created for the 10 deepest contact points instead of all the 12 contact points.
WARNING: Contact joints between materials 'rueda' and 'dohyo' will only be created for the 10 deepest contact points instead of all the 16 contact points.
[gelatina] t= 6464 ms  EDGE_ESCAPE  rival=si d= 119 mm rumbo=-6000 cdeg  linea=0x8
WARNING: Contact joints between materials 'patin' and 'dohyo' will only be created for the 10 deepest contact points instead of all the 20 contact points.
[rival] t= 6496 ms  SEARCH       rival=no d=9999 mm rumbo=-3000 cdeg  linea=0x0
[rival] t= 6632 ms  TRACK        rival=si d=  27 mm rumbo=   +0 cdeg  linea=0x0
[rival] t= 6640 ms  ATTACK       rival=si d=  27 mm rumbo=   +0 cdeg  linea=0x0
[gelatina] t= 6672 ms  SEARCH       rival=si d=  52 mm rumbo= -368 cdeg  linea=0x0
[gelatina] t= 6680 ms  TRACK        rival=si d=  52 mm rumbo= -368 cdeg  linea=0x0
[gelatina] t= 6688 ms  ATTACK       rival=si d=  52 mm rumbo= -368 cdeg  linea=0x0
[arbitro] asalto 19/30  frente   expulsado       -1   6.89 s
[planta] asalto=19 mu=1.1 slip=0.0005 aleatorio=0
[gelatina] t=    0 ms  WAIT         rival=no d=9999 mm rumbo=-5862 cdeg  linea=0x0
[rival] t=    0 ms  WAIT         rival=no d=9999 mm rumbo=+6000 cdeg  linea=0x0
[planta] gelatina V=7.4 R=4 Rpuente=0.5 I0=0.15 Ke=0.0793326178 Kt=0.0483794733
[sensores] gelatina ToF alcance=1200 minimo=30 sigma_rel=0.07
[gelatina] t=    0 ms  OPENING      rival=no d=9999 mm rumbo=-5862 cdeg  linea=0x0
[planta] rival V=7.4 R=4 Rpuente=0.5 I0=0.15 Ke=0.0793326178 Kt=0.0483794733
[sensores] rival ToF alcance=1200 minimo=30 sigma_rel=0.07
[rival] t=    0 ms  OPENING      rival=no d=9999 mm rumbo=+6000 cdeg  linea=0x0
[gelatina] t=   56 ms  TRACK        rival=si d=  71 mm rumbo=-6000 cdeg  linea=0x0
[gelatina] t=   64 ms  ATTACK       rival=si d=  71 mm rumbo=-6000 cdeg  linea=0x0
WARNING: Contact joints between materials 'rueda' and 'dohyo' will only be created for the 10 deepest contact points instead of all the 13 contact points.
[rival] t=  424 ms  SEARCH       rival=no d=9999 mm rumbo=+6000 cdeg  linea=0x1
[rival] t=  488 ms  TRACK        rival=si d= 430 mm rumbo=+1533 cdeg  linea=0xC
[arbitro] asalto 20/30  lado     rival fuera     +1   0.50 s
[planta] asalto=20 mu=1.1 slip=0.0005 aleatorio=0
[gelatina] t=    0 ms  WAIT         rival=si d= 235 mm rumbo=+3000 cdeg  linea=0x0
[rival] t=    0 ms  WAIT         rival=si d= 430 mm rumbo=+1533 cdeg  linea=0x0
[planta] gelatina V=7.4 R=4 Rpuente=0.5 I0=0.15 Ke=0.0793326178 Kt=0.0483794733
[sensores] gelatina ToF alcance=1200 minimo=30 sigma_rel=0.07
[gelatina] t=    0 ms  OPENING      rival=no d=9999 mm rumbo=+3000 cdeg  linea=0x0
[planta] rival V=7.4 R=4 Rpuente=0.5 I0=0.15 Ke=0.0793326178 Kt=0.0483794733
[sensores] rival ToF alcance=1200 minimo=30 sigma_rel=0.07
[rival] t=    0 ms  OPENING      rival=no d=9999 mm rumbo=+1533 cdeg  linea=0x0
[gelatina] t=  112 ms  SEARCH       rival=no d=9999 mm rumbo=+3000 cdeg  linea=0x0
[gelatina] t=  336 ms  TRACK        rival=si d= 310 mm rumbo=+6000 cdeg  linea=0x0
[rival] t=  424 ms  SEARCH       rival=no d=9999 mm rumbo=+1533 cdeg  linea=0xC
[arbitro] asalto 21/30  espalda  rival fuera     +1   0.43 s
[planta] asalto=21 mu=1.1 slip=0.0005 aleatorio=0
[gelatina] t=    0 ms  WAIT         rival=si d=  74 mm rumbo=+1459 cdeg  linea=0x0
[rival] t=    0 ms  WAIT         rival=si d=  78 mm rumbo=+1472 cdeg  linea=0x0
WARNING: Contact joints between materials 'patin' and 'dohyo' will only be created for the 10 deepest contact points instead of all the 18 contact points.
[planta] gelatina V=7.4 R=4 Rpuente=0.5 I0=0.15 Ke=0.0793326178 Kt=0.0483794733
[sensores] gelatina ToF alcance=1200 minimo=30 sigma_rel=0.07
[gelatina] t=    0 ms  TRACK        rival=si d=  77 mm rumbo=+1470 cdeg  linea=0x0
[planta] rival V=7.4 R=4 Rpuente=0.5 I0=0.15 Ke=0.0793326178 Kt=0.0483794733
[sensores] rival ToF alcance=1200 minimo=30 sigma_rel=0.07
[rival] t=    0 ms  TRACK        rival=si d=  74 mm rumbo=+1469 cdeg  linea=0x0
[gelatina] t=    8 ms  ATTACK       rival=si d=  77 mm rumbo=+1470 cdeg  linea=0x0
[rival] t=    8 ms  ATTACK       rival=si d=  74 mm rumbo=+1469 cdeg  linea=0x0
[rival] t=  608 ms  SEARCH       rival=no d=9999 mm rumbo=+3000 cdeg  linea=0x0
[rival] t=  688 ms  TRACK        rival=si d=  39 mm rumbo=   +0 cdeg  linea=0x0
[rival] t=  696 ms  ATTACK       rival=si d=  39 mm rumbo=   +0 cdeg  linea=0x0
[arbitro] asalto 22/30  frente   expulsado       -1   0.74 s
[planta] asalto=22 mu=1.1 slip=0.0005 aleatorio=0
[gelatina] t=    0 ms  WAIT         rival=no d=9999 mm rumbo=-6000 cdeg  linea=0x4
[rival] t=    0 ms  WAIT         rival=no d=9999 mm rumbo=-3000 cdeg  linea=0x2
WARNING: Contact joints between materials 'patin' and 'dohyo' will only be created for the 10 deepest contact points instead of all the 16 contact points.
[planta] gelatina V=7.4 R=4 Rpuente=0.5 I0=0.15 Ke=0.0793326178 Kt=0.0483794733
[sensores] gelatina ToF alcance=1200 minimo=30 sigma_rel=0.07
[gelatina] t=    0 ms  OPENING      rival=no d=9999 mm rumbo=-6000 cdeg  linea=0x0
[planta] rival V=7.4 R=4 Rpuente=0.5 I0=0.15 Ke=0.0793326178 Kt=0.0483794733
[sensores] rival ToF alcance=1200 minimo=30 sigma_rel=0.07
[rival] t=    0 ms  OPENING      rival=no d=9999 mm rumbo=-3000 cdeg  linea=0x0
[gelatina] t=   56 ms  TRACK        rival=si d=  89 mm rumbo=-6000 cdeg  linea=0x0
[gelatina] t=   64 ms  ATTACK       rival=si d=  89 mm rumbo=-6000 cdeg  linea=0x0
[rival] t=  424 ms  SEARCH       rival=no d=9999 mm rumbo=-3000 cdeg  linea=0x0
[rival] t=  488 ms  TRACK        rival=si d= 458 mm rumbo=+1029 cdeg  linea=0x0
[arbitro] asalto 23/30  lado     rival fuera     +1   0.52 s
[rival] t=  520 ms  ATTACK       rival=si d=  60 mm rumbo= +451 cdeg  linea=0x0
[planta] asalto=23 mu=1.1 slip=0.0005 aleatorio=0
[gelatina] t=    0 ms  WAIT         rival=si d= 221 mm rumbo=+1527 cdeg  linea=0x0
[rival] t=    0 ms  WAIT         rival=si d=  60 mm rumbo= +451 cdeg  linea=0x0
[planta] gelatina V=7.4 R=4 Rpuente=0.5 I0=0.15 Ke=0.0793326178 Kt=0.0483794733
[sensores] gelatina ToF alcance=1200 minimo=30 sigma_rel=0.07
[gelatina] t=    0 ms  OPENING      rival=no d=9999 mm rumbo=+1527 cdeg  linea=0x0
[planta] rival V=7.4 R=4 Rpuente=0.5 I0=0.15 Ke=0.0793326178 Kt=0.0483794733
[sensores] rival ToF alcance=1200 minimo=30 sigma_rel=0.07
[rival] t=    0 ms  OPENING      rival=no d=9999 mm rumbo= +451 cdeg  linea=0x0
[gelatina] t=  112 ms  SEARCH       rival=no d=9999 mm rumbo=+1527 cdeg  linea=0x0
WARNING: Contact joints between materials 'patin' and 'dohyo' will only be created for the 10 deepest contact points instead of all the 22 contact points.
[gelatina] t=  344 ms  TRACK        rival=si d= 325 mm rumbo=+3000 cdeg  linea=0x0
[rival] t=  424 ms  SEARCH       rival=no d=9999 mm rumbo= +451 cdeg  linea=0xC
[arbitro] asalto 24/30  espalda  rival fuera     +1   0.44 s
[planta] asalto=24 mu=1.1 slip=0.0005 aleatorio=0
[gelatina] t=    0 ms  WAIT         rival=si d=  71 mm rumbo=-1459 cdeg  linea=0x0
[rival] t=    0 ms  WAIT         rival=si d=  71 mm rumbo=-1445 cdeg  linea=0x0
[planta] gelatina V=7.4 R=4 Rpuente=0.5 I0=0.15 Ke=0.0793326178 Kt=0.0483794733
[sensores] gelatina ToF alcance=1200 minimo=30 sigma_rel=0.07
[gelatina] t=    0 ms  TRACK        rival=si d=  87 mm rumbo=   +0 cdeg  linea=0x0
[planta] rival V=7.4 R=4 Rpuente=0.5 I0=0.15 Ke=0.0793326178 Kt=0.0483794733
[sensores] rival ToF alcance=1200 minimo=30 sigma_rel=0.07
[rival] t=    0 ms  TRACK        rival=si d=  75 mm rumbo=-1471 cdeg  linea=0x0
[gelatina] t=    8 ms  ATTACK       rival=si d=  87 mm rumbo=   +0 cdeg  linea=0x0
[rival] t=    8 ms  ATTACK       rival=si d=  75 mm rumbo=-1471 cdeg  linea=0x0
[gelatina] t=  360 ms  SEARCH       rival=no d=9999 mm rumbo=   -4 cdeg  linea=0x0
[gelatina] t=  456 ms  TRACK        rival=si d=  33 mm rumbo=-6000 cdeg  linea=0x0
[gelatina] t=  464 ms  ATTACK       rival=si d=  33 mm rumbo=-6000 cdeg  linea=0x0
WARNING: Contact joints between materials 'patin' and 'dohyo' will only be created for the 10 deepest contact points instead of all the 14 contact points.
[gelatina] t=  624 ms  SEARCH       rival=no d=9999 mm rumbo=-6000 cdeg  linea=0xC
[gelatina] t=  656 ms  TRACK        rival=si d=  36 mm rumbo=-6000 cdeg  linea=0x0
[gelatina] t=  664 ms  ATTACK       rival=si d=  36 mm rumbo=-6000 cdeg  linea=0x0
[arbitro] asalto 25/30  frente   expulsado       -1   0.74 s
[planta] asalto=25 mu=1.1 slip=0.0005 aleatorio=0
[gelatina] t=    0 ms  WAIT         rival=no d=9999 mm rumbo=-6000 cdeg  linea=0x0
[rival] t=    0 ms  WAIT         rival=no d=9999 mm rumbo=   +0 cdeg  linea=0x2
[planta] gelatina V=7.4 R=4 Rpuente=0.5 I0=0.15 Ke=0.0793326178 Kt=0.0483794733
[sensores] gelatina ToF alcance=1200 minimo=30 sigma_rel=0.07
[gelatina] t=    0 ms  OPENING      rival=no d=9999 mm rumbo=-6000 cdeg  linea=0x0
[planta] rival V=7.4 R=4 Rpuente=0.5 I0=0.15 Ke=0.0793326178 Kt=0.0483794733
[sensores] rival ToF alcance=1200 minimo=30 sigma_rel=0.07
[rival] t=    0 ms  OPENING      rival=no d=9999 mm rumbo=   +0 cdeg  linea=0x0
[gelatina] t=   64 ms  TRACK        rival=si d=  77 mm rumbo=-6000 cdeg  linea=0x0
[gelatina] t=   71 ms  ATTACK       rival=si d=  77 mm rumbo=-6000 cdeg  linea=0x0
[rival] t=  424 ms  SEARCH       rival=no d=9999 mm rumbo=   +0 cdeg  linea=0x0
[rival] t=  496 ms  TRACK        rival=si d= 303 mm rumbo=+1530 cdeg  linea=0xC
[arbitro] asalto 26/30  lado     rival fuera     +1   0.51 s
[planta] asalto=26 mu=1.1 slip=0.0005 aleatorio=0
[gelatina] t=    0 ms  WAIT         rival=si d= 204 mm rumbo=+1502 cdeg  linea=0x0
[rival] t=    0 ms  WAIT         rival=si d= 303 mm rumbo=+1530 cdeg  linea=0x0
WARNING: Contact joints between materials 'patin' and 'dohyo' will only be created for the 10 deepest contact points instead of all the 23 contact points.
[planta] gelatina V=7.4 R=4 Rpuente=0.5 I0=0.15 Ke=0.0793326178 Kt=0.0483794733
[sensores] gelatina ToF alcance=1200 minimo=30 sigma_rel=0.07
[gelatina] t=    0 ms  OPENING      rival=no d=9999 mm rumbo=+1502 cdeg  linea=0x0
[planta] rival V=7.4 R=4 Rpuente=0.5 I0=0.15 Ke=0.0793326178 Kt=0.0483794733
[sensores] rival ToF alcance=1200 minimo=30 sigma_rel=0.07
[rival] t=    0 ms  OPENING      rival=no d=9999 mm rumbo=+1530 cdeg  linea=0x0
[gelatina] t=  112 ms  SEARCH       rival=no d=9999 mm rumbo=+1502 cdeg  linea=0x0
[gelatina] t=  328 ms  TRACK        rival=si d= 302 mm rumbo=+6000 cdeg  linea=0x0
[rival] t=  424 ms  SEARCH       rival=no d=9999 mm rumbo=+1530 cdeg  linea=0xC
[rival] t=  432 ms  TRACK        rival=si d= 615 mm rumbo=  -22 cdeg  linea=0xC
[arbitro] asalto 27/30  espalda  rival fuera     +1   0.43 s
[planta] asalto=27 mu=1.1 slip=0.0005 aleatorio=0
[gelatina] t=    0 ms  WAIT         rival=no d=9999 mm rumbo=-3000 cdeg  linea=0x0
[rival] t=    0 ms  WAIT         rival=si d= 615 mm rumbo=  -22 cdeg  linea=0x0
[planta] gelatina V=7.4 R=4 Rpuente=0.5 I0=0.15 Ke=0.0793326178 Kt=0.0483794733
[sensores] gelatina ToF alcance=1200 minimo=30 sigma_rel=0.07
[gelatina] t=    0 ms  TRACK        rival=si d=  80 mm rumbo=   +0 cdeg  linea=0x0
[planta] rival V=7.4 R=4 Rpuente=0.5 I0=0.15 Ke=0.0793326178 Kt=0.0483794733
[sensores] rival ToF alcance=1200 minimo=30 sigma_rel=0.07
[rival] t=    0 ms  TRACK        rival=si d=  68 mm rumbo=-1470 cdeg  linea=0x0
[gelatina] t=    8 ms  ATTACK       rival=si d=  80 mm rumbo=   +0 cdeg  linea=0x0
[rival] t=    8 ms  ATTACK       rival=si d=  68 mm rumbo=-1470 cdeg  linea=0x0
WARNING: Contact joints between materials 'patin' and 'dohyo' will only be created for the 10 deepest contact points instead of all the 101 contact points.
[rival] t=  536 ms  SEARCH       rival=no d=9999 mm rumbo=+3000 cdeg  linea=0x0
[rival] t=  640 ms  TRACK        rival=si d=  27 mm rumbo=   +0 cdeg  linea=0x0
[rival] t=  648 ms  ATTACK       rival=si d=  27 mm rumbo=   +0 cdeg  linea=0x0
WARNING: Contact joints between materials 'patin' and 'dohyo' will only be created for the 10 deepest contact points instead of all the 102 contact points.
WARNING: Contact joints between materials 'patin' and 'dohyo' will only be created for the 10 deepest contact points instead of all the 101 contact points.
WARNING: Contact joints between materials 'patin' and 'dohyo' will only be created for the 10 deepest contact points instead of all the 102 contact points.
WARNING: Contact joints between materials 'patin' and 'dohyo' will only be created for the 10 deepest contact points instead of all the 102 contact points.
WARNING: Contact joints between materials 'patin' and 'dohyo' will only be created for the 10 deepest contact points instead of all the 102 contact points.
WARNING: Contact joints between materials 'patin' and 'dohyo' will only be created for the 10 deepest contact points instead of all the 102 contact points.
WARNING: Contact joints between materials 'patin' and 'dohyo' will only be created for the 10 deepest contact points instead of all the 101 contact points.
WARNING: Contact joints between materials 'patin' and 'dohyo' will only be created for the 10 deepest contact points instead of all the 101 contact points.
[gelatina] t= 8368 ms  EDGE_ESCAPE  rival=si d= 214 mm rumbo=+3000 cdeg  linea=0x2
[gelatina] t= 8544 ms  ATTACK       rival=si d=  35 mm rumbo=+2342 cdeg  linea=0x1
WARNING: Contact joints between materials 'patin' and 'dohyo' will only be created for the 10 deepest contact points instead of all the 101 contact points.
[gelatina] t= 9688 ms  EDGE_ESCAPE  rival=si d= 222 mm rumbo=+4408 cdeg  linea=0x3
[gelatina] t= 9720 ms  ATTACK       rival=si d=  38 mm rumbo=+2502 cdeg  linea=0x1
WARNING: Contact joints between materials 'patin' and 'dohyo' will only be created for the 10 deepest contact points instead of all the 101 contact points.
[gelatina] t=10816 ms  EDGE_ESCAPE  rival=si d= 204 mm rumbo=+4253 cdeg  linea=0x2
[gelatina] t=11024 ms  SEARCH       rival=si d= 193 mm rumbo=+4387 cdeg  linea=0x1
[gelatina] t=11032 ms  TRACK        rival=si d= 193 mm rumbo=+4387 cdeg  linea=0x1
WARNING: Contact joints between materials 'patin' and 'dohyo' will only be created for the 10 deepest contact points instead of all the 102 contact points.
[gelatina] t=11464 ms  ATTACK       rival=si d=  29 mm rumbo=+2545 cdeg  linea=0x0
WARNING: Contact joints between materials 'patin' and 'dohyo' will only be created for the 10 deepest contact points instead of all the 102 contact points.
[gelatina] t=12488 ms  EDGE_ESCAPE  rival=si d= 220 mm rumbo=+4291 cdeg  linea=0x2
[gelatina] t=12696 ms  SEARCH       rival=si d=  44 mm rumbo=+1226 cdeg  linea=0x0
[gelatina] t=12704 ms  TRACK        rival=si d=  44 mm rumbo=+1226 cdeg  linea=0x0
[gelatina] t=12712 ms  ATTACK       rival=si d=  44 mm rumbo=+1226 cdeg  linea=0x0
WARNING: Contact joints between materials 'patin' and 'dohyo' will only be created for the 10 deepest contact points instead of all the 101 contact points.
[gelatina] t=13584 ms  EDGE_ESCAPE  rival=si d= 197 mm rumbo=+4396 cdeg  linea=0x1
[gelatina] t=13648 ms  ATTACK       rival=si d=  44 mm rumbo=+2508 cdeg  linea=0x3
[gelatina] t=13680 ms  EDGE_ESCAPE  rival=si d= 186 mm rumbo=+4293 cdeg  linea=0x2
[gelatina] t=13888 ms  SEARCH       rival=si d=  42 mm rumbo=+2336 cdeg  linea=0x0
[gelatina] t=13896 ms  TRACK        rival=si d=  42 mm rumbo=+2336 cdeg  linea=0x0
[gelatina] t=13904 ms  ATTACK       rival=si d=  42 mm rumbo=+2471 cdeg  linea=0x0
WARNING: Contact joints between materials 'patin' and 'dohyo' will only be created for the 10 deepest contact points instead of all the 102 contact points.
[gelatina] t=14872 ms  EDGE_ESCAPE  rival=si d= 218 mm rumbo=+4406 cdeg  linea=0x2
[gelatina] t=15080 ms  SEARCH       rival=si d=  36 mm rumbo=+1288 cdeg  linea=0x0
[gelatina] t=15088 ms  TRACK        rival=si d=  36 mm rumbo=+1288 cdeg  linea=0x0
[gelatina] t=15096 ms  ATTACK       rival=si d=  40 mm rumbo=+2391 cdeg  linea=0x0
WARNING: Contact joints between materials 'patin' and 'dohyo' will only be created for the 10 deepest contact points instead of all the 101 contact points.
[gelatina] t=15760 ms  EDGE_ESCAPE  rival=si d= 175 mm rumbo=+4419 cdeg  linea=0x3
[gelatina] t=15888 ms  ATTACK       rival=si d=  36 mm rumbo=+2423 cdeg  linea=0x2
[gelatina] t=15984 ms  EDGE_ESCAPE  rival=si d= 226 mm rumbo=+4391 cdeg  linea=0x1
[gelatina] t=16048 ms  ATTACK       rival=si d=  33 mm rumbo=+2556 cdeg  linea=0x2
[gelatina] t=16056 ms  EDGE_ESCAPE  rival=si d= 234 mm rumbo=+4341 cdeg  linea=0x3
WARNING: Contact joints between materials 'patin' and 'dohyo' will only be created for the 10 deepest contact points instead of all the 102 contact points.
[gelatina] t=16264 ms  SEARCH       rival=si d=  38 mm rumbo=+2340 cdeg  linea=0x0
[gelatina] t=16272 ms  TRACK        rival=si d=  38 mm rumbo=+2340 cdeg  linea=0x0
[gelatina] t=16280 ms  ATTACK       rival=si d=  38 mm rumbo=+2482 cdeg  linea=0x0
[gelatina] t=16944 ms  EDGE_ESCAPE  rival=si d= 185 mm rumbo=+4355 cdeg  linea=0x3
[gelatina] t=17032 ms  ATTACK       rival=si d=  36 mm rumbo=+2560 cdeg  linea=0x2
WARNING: Contact joints between materials 'patin' and 'dohyo' will only be created for the 10 deepest contact points instead of all the 101 contact points.
[gelatina] t=18200 ms  EDGE_ESCAPE  rival=si d= 188 mm rumbo=+4408 cdeg  linea=0x3
[gelatina] t=18232 ms  ATTACK       rival=si d=  39 mm rumbo=+2594 cdeg  linea=0x3
WARNING: Contact joints between materials 'patin' and 'dohyo' will only be created for the 10 deepest contact points instead of all the 101 contact points.
[gelatina] t=18432 ms  EDGE_ESCAPE  rival=si d= 189 mm rumbo=+4283 cdeg  linea=0x2
[gelatina] t=18464 ms  ATTACK       rival=si d=  40 mm rumbo=+2416 cdeg  linea=0x2
[gelatina] t=18496 ms  EDGE_ESCAPE  rival=si d= 190 mm rumbo=+4377 cdeg  linea=0x2
[gelatina] t=18528 ms  ATTACK       rival=si d=  37 mm rumbo=+2524 cdeg  linea=0x2
[rival] t=18880 ms  SEARCH       rival=no d=9999 mm rumbo=   +0 cdeg  linea=0x0
[rival] t=19024 ms  TRACK        rival=si d=  45 mm rumbo=   +0 cdeg  linea=0x0
[rival] t=19032 ms  ATTACK       rival=si d=  45 mm rumbo=   +0 cdeg  linea=0x0
WARNING: Contact joints between materials 'patin' and 'dohyo' will only be created for the 10 deepest contact points instead of all the 102 contact points.
[gelatina] t=19552 ms  EDGE_ESCAPE  rival=si d= 190 mm rumbo=+2715 cdeg  linea=0x2
[gelatina] t=19760 ms  SEARCH       rival=si d= 187 mm rumbo=+2808 cdeg  linea=0x1
[gelatina] t=19768 ms  TRACK        rival=si d= 187 mm rumbo=+2808 cdeg  linea=0x1
[gelatina] t=19784 ms  ATTACK       rival=si d=  40 mm rumbo=+2622 cdeg  linea=0x1
WARNING: Contact joints between materials 'patin' and 'dohyo' will only be created for the 10 deepest contact points instead of all the 287 contact points.
[rival] t=20504 ms  SEARCH       rival=no d=9999 mm rumbo=   +0 cdeg  linea=0x0
[rival] t=20640 ms  TRACK        rival=si d=  37 mm rumbo=   +0 cdeg  linea=0x0
[rival] t=20648 ms  ATTACK       rival=si d=  37 mm rumbo=   +0 cdeg  linea=0x0
[gelatina] t=20880 ms  SEARCH       rival=no d=9999 mm rumbo=-6000 cdeg  linea=0x0
[gelatina] t=20936 ms  TRACK        rival=si d=  33 mm rumbo=   +0 cdeg  linea=0x0
[gelatina] t=20944 ms  ATTACK       rival=si d=  33 mm rumbo=   +0 cdeg  linea=0x0
[gelatina] t=21152 ms  EDGE_ESCAPE  rival=si d=  40 mm rumbo=+6000 cdeg  linea=0x1
WARNING: Contact joints between materials 'patin' and 'dohyo' will only be created for the 10 deepest contact points instead of all the 12 contact points.
[gelatina] t=21360 ms  SEARCH       rival=si d= 588 mm rumbo=-4509 cdeg  linea=0x8
[gelatina] t=21368 ms  TRACK        rival=si d= 588 mm rumbo=-4509 cdeg  linea=0x8
[gelatina] t=21376 ms  SEARCH       rival=no d=9999 mm rumbo=-4509 cdeg  linea=0x8
[gelatina] t=21400 ms  TRACK        rival=si d= 420 mm rumbo=-6000 cdeg  linea=0x8
[rival] t=21424 ms  SEARCH       rival=no d=9999 mm rumbo=   +0 cdeg  linea=0x0
[rival] t=21496 ms  TRACK        rival=si d=  67 mm rumbo=+3000 cdeg  linea=0x0
[rival] t=21504 ms  ATTACK       rival=si d=  67 mm rumbo=+3000 cdeg  linea=0x0
[gelatina] t=21600 ms  SEARCH       rival=no d=9999 mm rumbo=-6000 cdeg  linea=0x4
[gelatina] t=21696 ms  TRACK        rival=si d= 572 mm rumbo=+1886 cdeg  linea=0x9
[gelatina] t=21760 ms  ATTACK       rival=si d= 111 mm rumbo=  -30 cdeg  linea=0x8
[arbitro] asalto 28/30  frente   expulsado       -1  21.76 s
[planta] asalto=28 mu=1.1 slip=0.0005 aleatorio=0
[gelatina] t=    0 ms  WAIT         rival=si d= 111 mm rumbo=  -30 cdeg  linea=0x8
[rival] t=    0 ms  WAIT         rival=si d=  56 mm rumbo=   +0 cdeg  linea=0x0
[planta] gelatina V=7.4 R=4 Rpuente=0.5 I0=0.15 Ke=0.0793326178 Kt=0.0483794733
[sensores] gelatina ToF alcance=1200 minimo=30 sigma_rel=0.07
[gelatina] t=    0 ms  OPENING      rival=no d=9999 mm rumbo=-4406 cdeg  linea=0x0
[planta] rival V=7.4 R=4 Rpuente=0.5 I0=0.15 Ke=0.0793326178 Kt=0.0483794733
[sensores] rival ToF alcance=1200 minimo=30 sigma_rel=0.07
[rival] t=    0 ms  OPENING      rival=no d=9999 mm rumbo=   +0 cdeg  linea=0x0
[gelatina] t=   88 ms  TRACK        rival=si d=  70 mm rumbo=-6000 cdeg  linea=0x0
[gelatina] t=   96 ms  ATTACK       rival=si d=  70 mm rumbo=-6000 cdeg  linea=0x0
WARNING: Contact joints between materials 'rueda' and 'dohyo' will only be created for the 10 deepest contact points instead of all the 14 contact points.
[rival] t=  424 ms  SEARCH       rival=no d=9999 mm rumbo=   +0 cdeg  linea=0x1
[rival] t=  480 ms  TRACK        rival=si d= 786 mm rumbo=+3000 cdeg  linea=0x4
[arbitro] asalto 29/30  lado     rival fuera     +1   0.50 s
[planta] asalto=29 mu=1.1 slip=0.0005 aleatorio=0
[gelatina] t=    0 ms  WAIT         rival=si d= 229 mm rumbo=+3000 cdeg  linea=0x0
[rival] t=    0 ms  WAIT         rival=si d= 786 mm rumbo=+3000 cdeg  linea=0x0
[planta] gelatina V=7.4 R=4 Rpuente=0.5 I0=0.15 Ke=0.0793326178 Kt=0.0483794733
[sensores] gelatina ToF alcance=1200 minimo=30 sigma_rel=0.07
[gelatina] t=    0 ms  OPENING      rival=no d=9999 mm rumbo=+3000 cdeg  linea=0x0
[planta] rival V=7.4 R=4 Rpuente=0.5 I0=0.15 Ke=0.0793326178 Kt=0.0483794733
[sensores] rival ToF alcance=1200 minimo=30 sigma_rel=0.07
[rival] t=    0 ms  OPENING      rival=no d=9999 mm rumbo=+3000 cdeg  linea=0x0
[gelatina] t=  112 ms  SEARCH       rival=no d=9999 mm rumbo=+3000 cdeg  linea=0x0
[gelatina] t=  336 ms  TRACK        rival=si d= 305 mm rumbo=+4530 cdeg  linea=0x0
[arbitro] asalto 30/30  espalda  rival fuera     +1   0.43 s

[arbitro] RESULTADO  23W 7L 0D  win rate 76.7%  auto-salidas 0  t medio de victoria 0.58 s

[arbitro]   frente   3W 7L 0D
[arbitro]   lado     10W 0L 0D
[arbitro]   espalda  10W 0L 0D
[arbitro]   combate: gana 100.0%  jueces 0.0%  pierde 0.0%
[arbitro] resultados -> ../../../../result.json
INFO: 'arbitro' controller exited successfully.
INFO: medido: Terminating.
INFO: contrario: Terminating.
