WARNING: Contact joints between materials 'patin' and 'dohyo' will only be created for the 10 deepest contact points instead of all the 12 contact points.
INFO: medido: Starting controller: $LAB_ROOT/Mini-Sumo-real/runs/real/20260913T163250116005Z_v12_v0.3.1_calibracion_charger_s0_r0/project/webots/controllers/medido/medido
INFO: contrario: Starting controller: $LAB_ROOT/Mini-Sumo-real/runs/real/20260913T163250116005Z_v12_v0.3.1_calibracion_charger_s0_r0/project/webots/controllers/contrario/contrario
INFO: calibracion: Starting controller: $LAB_ROOT/Mini-Sumo-real/runs/real/20260913T163250116005Z_v12_v0.3.1_calibracion_charger_s0_r0/project/webots/controllers/calibracion/calibracion ../../../../series.jsonl
[planta] gelatina V=7.4 R=4 Rpuente=0.5 I0=0.15 Ke=0.0793326178 Kt=0.0483794733
[sensores] gelatina ToF alcance=1200 minimo=30 sigma_rel=0.07
[gelatina] HAL Webots listo: paso 8 ms, umbral de linea 400
[gelatina] estrategia v0.3.0 en linea
[planta] rival V=7.4 R=4 Rpuente=0.5 I0=0.15 Ke=0.0793326178 Kt=0.0483794733
[sensores] rival ToF alcance=1200 minimo=30 sigma_rel=0.07
[rival] HAL Webots listo: paso 8 ms, umbral de linea 400
[rival] estrategia v0.3.0 en linea
[planta] asalto=0 mu=1.1 slip=0.0005 aleatorio=0
[gelatina] t=    0 ms  WAIT         rival=no d=9999 mm rumbo=   +0 cdeg  linea=0x3
[rival] t=    0 ms  WAIT         rival=no d=9999 mm rumbo=   +0 cdeg  linea=0x0
[planta] asalto=1 mu=1.1 slip=0.0005 aleatorio=0
[planta] asalto=2 mu=1.1 slip=0.0005 aleatorio=0
[planta] asalto=3 mu=1.1 slip=0.0005 aleatorio=0
[planta] asalto=4 mu=1.1 slip=0.0005 aleatorio=0
[planta] asalto=5 mu=1.1 slip=0.0005 aleatorio=0
[planta] asalto=6 mu=1.1 slip=0.0005 aleatorio=0
[planta] asalto=7 mu=1.1 slip=0.0005 aleatorio=0
[planta] asalto=8 mu=1.1 slip=0.0005 aleatorio=0
WARNING: Contact joints between materials 'patin' and 'dohyo' will only be created for the 10 deepest contact points instead of all the 14 contact points.
[planta] asalto=9 mu=1.1 slip=0.0005 aleatorio=0
WARNING: Contact joints between materials 'patin' and 'dohyo' will only be created for the 10 deepest contact points instead of all the 18 contact points.
[planta] asalto=10 mu=1.1 slip=0.0005 aleatorio=0
[planta] asalto=11 mu=1.1 slip=0.0005 aleatorio=0
[planta] asalto=12 mu=1.1 slip=0.0005 aleatorio=0
[planta] asalto=13 mu=1.1 slip=0.0005 aleatorio=0
[planta] asalto=14 mu=1.1 slip=0.0005 aleatorio=0
[planta] asalto=15 mu=1.1 slip=0.0005 aleatorio=0
[planta] asalto=16 mu=1.1 slip=0.0005 aleatorio=0
[planta] asalto=17 mu=1.1 slip=0.0005 aleatorio=0
INFO: medido: Terminating.
INFO: contrario: Terminating.
INFO: calibracion: Terminating.
