INFO: medido: Starting controller: $LAB_ROOT/Mini-Sumo-real/runs/real/20260913T160648370399Z_v7_v0.3.1_reglamento_charger_s0_r0/project/webots/controllers/medido/medido
INFO: oponente: Starting controller: $LAB_ROOT/Mini-Sumo-real/runs/real/20260913T160648370399Z_v7_v0.3.1_reglamento_charger_s0_r0/project/webots/controllers/oponente/oponente charger
INFO: arbitro: Starting controller: $LAB_ROOT/Mini-Sumo-real/runs/real/20260913T160648370399Z_v7_v0.3.1_reglamento_charger_s0_r0/project/webots/controllers/arbitro/arbitro --rounds 30 --rival charger --version v0.3.1 --colocacion reglamento --out ../../../../result.json
[gelatina] HAL Webots listo: paso 8 ms, umbral de linea 400
[gelatina] estrategia v0.3.0 en linea
[rival] comportamiento: charger

[arbitro] 30 asaltos contra 'charger', colocacion reglamento, limite 60 s por asalto
[gelatina] t=    0 ms  WAIT         rival=si d=  26 mm rumbo=+1494 cdeg  linea=0x3
[gelatina] t=    0 ms  TRACK        rival=si d=  73 mm rumbo=   +0 cdeg  linea=0x0
[gelatina] t=    8 ms  ATTACK       rival=si d=  74 mm rumbo=   +0 cdeg  linea=0x0
[gelatina] t=  568 ms  EDGE_ESCAPE  rival=si d=  54 mm rumbo=-3000 cdeg  linea=0x1
[arbitro] asalto  1/30  frente   expulsado       -1   0.60 s
[gelatina] t=    0 ms  WAIT         rival=no d=9999 mm rumbo=-1498 cdeg  linea=0x0
[gelatina] t=    0 ms  OPENING      rival=no d=9999 mm rumbo=-1498 cdeg  linea=0x0
[gelatina] t=   80 ms  TRACK        rival=si d=  64 mm rumbo=-6000 cdeg  linea=0x0
[gelatina] t=   88 ms  ATTACK       rival=si d=  62 mm rumbo=-6000 cdeg  linea=0x0
[arbitro] asalto  2/30  lado     rival fuera     +1   0.68 s
[gelatina] t=    0 ms  WAIT         rival=no d=9999 mm rumbo=+1501 cdeg  linea=0x0
[gelatina] t=    0 ms  OPENING      rival=no d=9999 mm rumbo=+1501 cdeg  linea=0x0
[gelatina] t=  112 ms  SEARCH       rival=no d=9999 mm rumbo=+1501 cdeg  linea=0x0
[gelatina] t=  360 ms  TRACK        rival=si d= 297 mm rumbo=+6000 cdeg  linea=0x0
[arbitro] asalto  3/30  espalda  rival fuera     +1   0.83 s
[gelatina] t=    0 ms  WAIT         rival=si d=  76 mm rumbo=   +0 cdeg  linea=0x0
[gelatina] t=    0 ms  TRACK        rival=si d=  77 mm rumbo=   +0 cdeg  linea=0x0
[gelatina] t=    8 ms  ATTACK       rival=si d=  76 mm rumbo=   +0 cdeg  linea=0x0
[gelatina] t=  256 ms  SEARCH       rival=no d=9999 mm rumbo=+3000 cdeg  linea=0x0
[gelatina] t=  296 ms  TRACK        rival=si d=  56 mm rumbo=+3000 cdeg  linea=0x0
[gelatina] t=  304 ms  ATTACK       rival=si d=  53 mm rumbo=+3000 cdeg  linea=0x0
[gelatina] t=  544 ms  EDGE_ESCAPE  rival=si d=  54 mm rumbo=+3000 cdeg  linea=0x2
[arbitro] asalto  4/30  frente   expulsado       -1   0.58 s
[gelatina] t=    0 ms  WAIT         rival=no d=9999 mm rumbo=+1497 cdeg  linea=0x0
[gelatina] t=    0 ms  OPENING      rival=no d=9999 mm rumbo=+1497 cdeg  linea=0x0
[gelatina] t=   80 ms  TRACK        rival=si d= 120 mm rumbo=-6000 cdeg  linea=0x0
[gelatina] t=   88 ms  ATTACK       rival=si d=  61 mm rumbo=-6000 cdeg  linea=0x0
[arbitro] asalto  5/30  lado     rival fuera     +1   0.71 s
[gelatina] t=    0 ms  WAIT         rival=no d=9999 mm rumbo=  +49 cdeg  linea=0x0
[gelatina] t=    0 ms  OPENING      rival=no d=9999 mm rumbo=  +49 cdeg  linea=0x0
[gelatina] t=  112 ms  SEARCH       rival=no d=9999 mm rumbo=  +49 cdeg  linea=0x0
[gelatina] t=  368 ms  TRACK        rival=si d= 266 mm rumbo=+6000 cdeg  linea=0x0
[arbitro] asalto  6/30  espalda  rival fuera     +1   0.62 s
[gelatina] t=    0 ms  WAIT         rival=si d=  74 mm rumbo=   +0 cdeg  linea=0x0
[gelatina] t=    0 ms  TRACK        rival=si d=  75 mm rumbo=   +0 cdeg  linea=0x0
[gelatina] t=    8 ms  ATTACK       rival=si d=  75 mm rumbo=   +0 cdeg  linea=0x0
[gelatina] t=  568 ms  EDGE_ESCAPE  rival=si d=  54 mm rumbo=-3000 cdeg  linea=0x1
[arbitro] asalto  7/30  frente   expulsado       -1   0.58 s
[gelatina] t=    0 ms  WAIT         rival=no d=9999 mm rumbo=-3000 cdeg  linea=0x0
[gelatina] t=    0 ms  OPENING      rival=no d=9999 mm rumbo=-3000 cdeg  linea=0x0
[gelatina] t=   80 ms  TRACK        rival=si d= 105 mm rumbo=-6000 cdeg  linea=0x0
[gelatina] t=   88 ms  ATTACK       rival=si d=  63 mm rumbo=-6000 cdeg  linea=0x0
[arbitro] asalto  8/30  lado     rival fuera     +1   0.67 s
[gelatina] t=    0 ms  WAIT         rival=no d=9999 mm rumbo=-1497 cdeg  linea=0x0
[gelatina] t=    0 ms  OPENING      rival=no d=9999 mm rumbo=-1497 cdeg  linea=0x0
[gelatina] t=  111 ms  SEARCH       rival=no d=9999 mm rumbo=-1497 cdeg  linea=0x0
[gelatina] t=  183 ms  TRACK        rival=si d= 127 mm rumbo=-6000 cdeg  linea=0x0
[gelatina] t=  191 ms  ATTACK       rival=si d= 124 mm rumbo=-6000 cdeg  linea=0x0
[arbitro] asalto  9/30  espalda  rival fuera     +1   0.74 s
[gelatina] t=    0 ms  WAIT         rival=si d=  76 mm rumbo=   +0 cdeg  linea=0x0
[gelatina] t=    0 ms  TRACK        rival=si d=  75 mm rumbo=   +0 cdeg  linea=0x0
[gelatina] t=    8 ms  ATTACK       rival=si d=  76 mm rumbo=   +0 cdeg  linea=0x0
[gelatina] t=  576 ms  EDGE_ESCAPE  rival=si d=  21 mm rumbo=-3000 cdeg  linea=0x8
[gelatina] t=  584 ms  ATTACK       rival=si d=  16 mm rumbo=   +5 cdeg  linea=0x8
[arbitro] asalto 10/30  frente   expulsado       -1   0.58 s
[gelatina] t=    0 ms  WAIT         rival=no d=9999 mm rumbo=   +5 cdeg  linea=0x0
[gelatina] t=    0 ms  OPENING      rival=no d=9999 mm rumbo=   +5 cdeg  linea=0x0
[gelatina] t=   71 ms  TRACK        rival=si d=  67 mm rumbo=-6000 cdeg  linea=0x0
[gelatina] t=   80 ms  ATTACK       rival=si d=  65 mm rumbo=-6000 cdeg  linea=0x0
[arbitro] asalto 11/30  lado     rival fuera     +1   0.50 s
[gelatina] t=    0 ms  WAIT         rival=no d=9999 mm rumbo=-3000 cdeg  linea=0x0
[gelatina] t=    0 ms  OPENING      rival=no d=9999 mm rumbo=-3000 cdeg  linea=0x0
[gelatina] t=  112 ms  SEARCH       rival=no d=9999 mm rumbo=-3000 cdeg  linea=0x0
[gelatina] t=  200 ms  TRACK        rival=si d= 171 mm rumbo=-6000 cdeg  linea=0x0
[arbitro] asalto 12/30  espalda  rival fuera     +1   0.54 s
[gelatina] t=    0 ms  WAIT         rival=si d=  77 mm rumbo=   +0 cdeg  linea=0x0
[gelatina] t=    0 ms  TRACK        rival=si d=  76 mm rumbo=   +0 cdeg  linea=0x0
[gelatina] t=    8 ms  ATTACK       rival=si d=  77 mm rumbo=   +0 cdeg  linea=0x0
[gelatina] t=  296 ms  SEARCH       rival=no d=9999 mm rumbo=-3000 cdeg  linea=0x0
[gelatina] t=  328 ms  TRACK        rival=si d=  57 mm rumbo=-3000 cdeg  linea=0x0
[gelatina] t=  336 ms  ATTACK       rival=si d=  53 mm rumbo=-3000 cdeg  linea=0x0
[gelatina] t=  560 ms  EDGE_ESCAPE  rival=si d=  54 mm rumbo=-3000 cdeg  linea=0x3
[arbitro] asalto 13/30  frente   expulsado       -1   0.58 s
[gelatina] t=    0 ms  WAIT         rival=no d=9999 mm rumbo=-1498 cdeg  linea=0x0
[gelatina] t=    0 ms  OPENING      rival=no d=9999 mm rumbo=-1498 cdeg  linea=0x0
[gelatina] t=   72 ms  TRACK        rival=si d=  75 mm rumbo=-6000 cdeg  linea=0x0
[gelatina] t=   80 ms  ATTACK       rival=si d=  61 mm rumbo=-6000 cdeg  linea=0x0
[arbitro] asalto 14/30  lado     rival fuera     +1   0.70 s
[gelatina] t=    0 ms  WAIT         rival=no d=9999 mm rumbo=  +28 cdeg  linea=0x0
[gelatina] t=    0 ms  OPENING      rival=no d=9999 mm rumbo=  +28 cdeg  linea=0x0
[gelatina] t=  112 ms  SEARCH       rival=no d=9999 mm rumbo=  +28 cdeg  linea=0x0
[gelatina] t=  368 ms  TRACK        rival=si d= 221 mm rumbo=+6000 cdeg  linea=0x0
[gelatina] t=  584 ms  ATTACK       rival=si d= 127 mm rumbo=   +0 cdeg  linea=0x0
[arbitro] asalto 15/30  espalda  rival fuera     +1   1.06 s
[gelatina] t=    0 ms  WAIT         rival=si d=  76 mm rumbo=   +0 cdeg  linea=0x0
[gelatina] t=    0 ms  TRACK        rival=si d=  76 mm rumbo=   +0 cdeg  linea=0x0
[gelatina] t=    8 ms  ATTACK       rival=si d=  76 mm rumbo=   +0 cdeg  linea=0x0
[gelatina] t=  280 ms  SEARCH       rival=no d=9999 mm rumbo=+6000 cdeg  linea=0x0
[gelatina] t=  320 ms  TRACK        rival=si d=  55 mm rumbo=+3000 cdeg  linea=0x0
[gelatina] t=  328 ms  ATTACK       rival=si d=  54 mm rumbo=+3000 cdeg  linea=0x0
[gelatina] t=  560 ms  EDGE_ESCAPE  rival=si d=  12 mm rumbo=+3000 cdeg  linea=0x3
[arbitro] asalto 16/30  frente   expulsado       -1   0.58 s
[gelatina] t=    0 ms  WAIT         rival=no d=9999 mm rumbo=+3000 cdeg  linea=0x0
[gelatina] t=    0 ms  OPENING      rival=no d=9999 mm rumbo=+3000 cdeg  linea=0x0
[gelatina] t=   80 ms  TRACK        rival=si d=  69 mm rumbo=-6000 cdeg  linea=0x0
[gelatina] t=   88 ms  ATTACK       rival=si d=  56 mm rumbo=-6000 cdeg  linea=0x0
[arbitro] asalto 17/30  lado     rival fuera     +1   0.66 s
[gelatina] t=    0 ms  WAIT         rival=no d=9999 mm rumbo=+1513 cdeg  linea=0x0
[gelatina] t=    0 ms  OPENING      rival=no d=9999 mm rumbo=+1513 cdeg  linea=0x0
[gelatina] t=  112 ms  SEARCH       rival=no d=9999 mm rumbo=+1513 cdeg  linea=0x0
[gelatina] t=  384 ms  TRACK        rival=si d= 245 mm rumbo=+6000 cdeg  linea=0x0
[gelatina] t=  936 ms  ATTACK       rival=si d= 125 mm rumbo=+3000 cdeg  linea=0x0
[arbitro] asalto 18/30  espalda  rival fuera     +1   1.19 s
[gelatina] t=    0 ms  WAIT         rival=si d=  73 mm rumbo=   +0 cdeg  linea=0x0
[gelatina] t=    0 ms  TRACK        rival=si d=  74 mm rumbo=   +0 cdeg  linea=0x0
[gelatina] t=    8 ms  ATTACK       rival=si d=  74 mm rumbo=   +0 cdeg  linea=0x0
[arbitro] asalto 19/30  frente   rival fuera     +1   0.58 s
[gelatina] t=    0 ms  WAIT         rival=no d=9999 mm rumbo=+1495 cdeg  linea=0x0
[gelatina] t=    0 ms  OPENING      rival=no d=9999 mm rumbo=+1495 cdeg  linea=0x0
[gelatina] t=   80 ms  TRACK        rival=si d=  68 mm rumbo=-6000 cdeg  linea=0x0
[gelatina] t=   88 ms  ATTACK       rival=si d=  64 mm rumbo=-6000 cdeg  linea=0x0
[arbitro] asalto 20/30  lado     rival fuera     +1   0.53 s
[gelatina] t=    0 ms  WAIT         rival=no d=9999 mm rumbo=   +0 cdeg  linea=0x0
[gelatina] t=    0 ms  OPENING      rival=no d=9999 mm rumbo=   +0 cdeg  linea=0x0
[gelatina] t=  112 ms  SEARCH       rival=no d=9999 mm rumbo=   +0 cdeg  linea=0x0
[gelatina] t=  368 ms  TRACK        rival=si d= 312 mm rumbo=+6000 cdeg  linea=0x0
[gelatina] t=  944 ms  ATTACK       rival=si d= 127 mm rumbo=+3000 cdeg  linea=0x0
[arbitro] asalto 21/30  espalda  rival fuera     +1   1.22 s
[gelatina] t=    0 ms  WAIT         rival=si d=  74 mm rumbo=   +0 cdeg  linea=0x0
[gelatina] t=    0 ms  TRACK        rival=si d=  74 mm rumbo=   +0 cdeg  linea=0x0
[gelatina] t=    8 ms  ATTACK       rival=si d=  75 mm rumbo=   +0 cdeg  linea=0x0
[gelatina] t=  304 ms  SEARCH       rival=no d=9999 mm rumbo=-3000 cdeg  linea=0x0
[gelatina] t=  336 ms  TRACK        rival=si d=  55 mm rumbo=-3000 cdeg  linea=0x0
[gelatina] t=  344 ms  ATTACK       rival=si d=  52 mm rumbo=-3000 cdeg  linea=0x0
[gelatina] t=  552 ms  EDGE_ESCAPE  rival=si d=  12 mm rumbo=+3000 cdeg  linea=0x1
[arbitro] asalto 22/30  frente   expulsado       -1   0.58 s
[gelatina] t=    0 ms  WAIT         rival=no d=9999 mm rumbo=-1497 cdeg  linea=0x0
[gelatina] t=    0 ms  OPENING      rival=no d=9999 mm rumbo=-1497 cdeg  linea=0x0
[gelatina] t=   72 ms  TRACK        rival=si d=  67 mm rumbo=-6000 cdeg  linea=0x0
[gelatina] t=   80 ms  ATTACK       rival=si d=  65 mm rumbo=-6000 cdeg  linea=0x0
[arbitro] asalto 23/30  lado     rival fuera     +1   0.66 s
[gelatina] t=    0 ms  WAIT         rival=no d=9999 mm rumbo=  -22 cdeg  linea=0x0
[gelatina] t=    0 ms  OPENING      rival=no d=9999 mm rumbo=  -22 cdeg  linea=0x0
[gelatina] t=  112 ms  SEARCH       rival=no d=9999 mm rumbo=  -22 cdeg  linea=0x0
[gelatina] t=  184 ms  TRACK        rival=si d= 174 mm rumbo=-6000 cdeg  linea=0x0
[gelatina] t=  672 ms  ATTACK       rival=si d= 125 mm rumbo=-3000 cdeg  linea=0x0
[arbitro] asalto 24/30  espalda  rival fuera     +1   1.07 s
[gelatina] t=    0 ms  WAIT         rival=si d=  75 mm rumbo=   +0 cdeg  linea=0x0
[gelatina] t=    0 ms  TRACK        rival=si d=  77 mm rumbo=   +0 cdeg  linea=0x0
[gelatina] t=    8 ms  ATTACK       rival=si d=  77 mm rumbo=   +0 cdeg  linea=0x0
[gelatina] t=  240 ms  SEARCH       rival=no d=9999 mm rumbo=   +0 cdeg  linea=0x0
[gelatina] t=  488 ms  EDGE_ESCAPE  rival=no d=9999 mm rumbo=   +0 cdeg  linea=0x4
[gelatina] t=  496 ms  ATTACK       rival=si d=   7 mm rumbo=+1498 cdeg  linea=0xC
[gelatina] t=  560 ms  EDGE_ESCAPE  rival=si d=   8 mm rumbo=+1498 cdeg  linea=0x2
[arbitro] asalto 25/30  frente   expulsado       -1   0.58 s
[gelatina] t=    0 ms  WAIT         rival=no d=9999 mm rumbo=+1497 cdeg  linea=0x0
[gelatina] t=    0 ms  OPENING      rival=no d=9999 mm rumbo=+1497 cdeg  linea=0x0
[gelatina] t=   80 ms  TRACK        rival=si d=  74 mm rumbo=-6000 cdeg  linea=0x0
[gelatina] t=   88 ms  ATTACK       rival=si d=  59 mm rumbo=-6000 cdeg  linea=0x0
[arbitro] asalto 26/30  lado     rival fuera     +1   0.74 s
[gelatina] t=    0 ms  WAIT         rival=no d=9999 mm rumbo=+1509 cdeg  linea=0x0
[gelatina] t=    0 ms  OPENING      rival=no d=9999 mm rumbo=+1509 cdeg  linea=0x0
[gelatina] t=  112 ms  SEARCH       rival=no d=9999 mm rumbo=+1509 cdeg  linea=0x0
[gelatina] t=  336 ms  TRACK        rival=si d= 306 mm rumbo=+6000 cdeg  linea=0x0
[arbitro] asalto 27/30  espalda  rival fuera     +1   0.50 s
[gelatina] t=    0 ms  WAIT         rival=si d=  74 mm rumbo=   +0 cdeg  linea=0x0
[gelatina] t=    0 ms  TRACK        rival=si d=  75 mm rumbo=   +0 cdeg  linea=0x0
[gelatina] t=    8 ms  ATTACK       rival=si d=  75 mm rumbo=   +0 cdeg  linea=0x0
[gelatina] t=  320 ms  SEARCH       rival=no d=9999 mm rumbo=-3000 cdeg  linea=0x0
[gelatina] t=  336 ms  TRACK        rival=si d=  55 mm rumbo=-3000 cdeg  linea=0x0
[gelatina] t=  344 ms  ATTACK       rival=si d=  53 mm rumbo=-3000 cdeg  linea=0x0
[gelatina] t=  544 ms  EDGE_ESCAPE  rival=si d=  12 mm rumbo=+3000 cdeg  linea=0x1
[arbitro] asalto 28/30  frente   expulsado       -1   0.58 s
[gelatina] t=    0 ms  WAIT         rival=no d=9999 mm rumbo=-1497 cdeg  linea=0x0
[gelatina] t=    0 ms  OPENING      rival=no d=9999 mm rumbo=-1497 cdeg  linea=0x0
[gelatina] t=   87 ms  TRACK        rival=si d=  83 mm rumbo=-6000 cdeg  linea=0x0
[gelatina] t=   96 ms  ATTACK       rival=si d=  59 mm rumbo=-6000 cdeg  linea=0x0
[arbitro] asalto 29/30  lado     rival fuera     +1   0.58 s
[gelatina] t=    0 ms  WAIT         rival=no d=9999 mm rumbo=-1494 cdeg  linea=0x0
[gelatina] t=    0 ms  OPENING      rival=no d=9999 mm rumbo=-1494 cdeg  linea=0x0
[gelatina] t=  112 ms  SEARCH       rival=no d=9999 mm rumbo=-1494 cdeg  linea=0x0
[gelatina] t=  184 ms  TRACK        rival=si d= 144 mm rumbo=-6000 cdeg  linea=0x0
[gelatina] t=  192 ms  ATTACK       rival=si d= 128 mm rumbo=-6000 cdeg  linea=0x0
[arbitro] asalto 30/30  espalda  rival fuera     +1   1.43 s

[arbitro] RESULTADO  21W 9L 0D  win rate 70.0%  auto-salidas 0  t medio de victoria 0.77 s

[arbitro]   frente   1W 9L 0D
[arbitro]   lado     10W 0L 0D
[arbitro]   espalda  10W 0L 0D
[arbitro]   combate: gana 100.0%  jueces 0.0%  pierde 0.0%
[arbitro] resultados -> ../../../../result.json
INFO: 'arbitro' controller exited successfully.
INFO: medido: Terminating.
INFO: oponente: Terminating.
