WARNING: Contact joints between materials 'patin' and 'dohyo' will only be created for the 10 deepest contact points instead of all the 12 contact points.
INFO: medido: Starting controller: $LAB_ROOT/Mini-Sumo-real/runs/real/20260913T170453262874Z_v22_v0.1.0_banco_spinner_s0_r0/project/webots/controllers/medido/medido
INFO: oponente: Starting controller: $LAB_ROOT/Mini-Sumo-real/runs/real/20260913T170453262874Z_v22_v0.1.0_banco_spinner_s0_r0/project/webots/controllers/oponente/oponente spinner
INFO: arbitro: Starting controller: $LAB_ROOT/Mini-Sumo-real/runs/real/20260913T170453262874Z_v22_v0.1.0_banco_spinner_s0_r0/project/webots/controllers/arbitro/arbitro --rounds 30 --rival spinner --version v0.1.0 --colocacion banco --out ../../../../result.json
[planta] gelatina ciclo=1 rueda=0 V=7.4 R=4 Rpuente=0.5 I0=0.15 Ke=0.0793326178 Kt=0.0483794733
[planta] gelatina ciclo=1 rueda=1 V=7.4 R=4 Rpuente=0.5 I0=0.15 Ke=0.0793326178 Kt=0.0483794733
[sensores] gelatina ToF alcance=1200 minimo=30 sigma_rel=0.07
[gelatina] HAL Webots listo: paso 8 ms, umbral de linea 400
[gelatina] estrategia v0.1.0 en linea
[planta] rival ciclo=1 rueda=0 V=7.4 R=4 Rpuente=0.5 I0=0.15 Ke=0.0793326178 Kt=0.0483794733
[planta] rival ciclo=1 rueda=1 V=7.4 R=4 Rpuente=0.5 I0=0.15 Ke=0.0793326178 Kt=0.0483794733
[sensores] rival ToF alcance=1200 minimo=30 sigma_rel=0.07
[rival] comportamiento: spinner

[arbitro] 30 asaltos contra 'spinner', colocacion banco, limite 60 s por asalto
[gelatina] t=    0 ms  WAIT         rival=no d=9999 mm rumbo=   +0 cdeg  linea=0x0
[planta] asalto=0 mu=1.1 slip=0.0005 aleatorio=0
[planta] gelatina ciclo=2 rueda=0 V=7.4 R=4 Rpuente=0.5 I0=0.15 Ke=0.0793326178 Kt=0.0483794733
[planta] gelatina ciclo=2 rueda=1 V=7.4 R=4 Rpuente=0.5 I0=0.15 Ke=0.0793326178 Kt=0.0483794733
[sensores] gelatina ToF alcance=1200 minimo=30 sigma_rel=0.07
[gelatina] pulsador recibido: permiso previsto 5312 ms
[planta] rival ciclo=2 rueda=0 V=7.4 R=4 Rpuente=0.5 I0=0.15 Ke=0.0793326178 Kt=0.0483794733
[planta] rival ciclo=2 rueda=1 V=7.4 R=4 Rpuente=0.5 I0=0.15 Ke=0.0793326178 Kt=0.0483794733
[sensores] rival ToF alcance=1200 minimo=30 sigma_rel=0.07
[arranque] pulsador=312 permiso=5312 ms
[gelatina] permiso de arranque a los 5312 ms
[gelatina] t=    0 ms  TRACK        rival=si d= 278 mm rumbo=   +0 cdeg  linea=0x0
[gelatina] t=   32 ms  ATTACK       rival=si d= 250 mm rumbo=   +0 cdeg  linea=0x0
WARNING: Contact joints between materials 'patin' and 'dohyo' will only be created for the 10 deepest contact points instead of all the 25 contact points.
[gelatina] t=  648 ms  EDGE_ESCAPE  rival=si d=  55 mm rumbo=-3000 cdeg  linea=0x1
[arbitro] asalto  1/30  banco    rival fuera     +1   0.64 s
[planta] asalto=1 mu=1.1 slip=0.0005 aleatorio=0
[gelatina] fin de asalto motor={"battery_v":7.4,"resistance_ohm":[4,4],"bridge_ohm":[0.5,0.5],"omega_rad_s":[50.8413789,47.8915088],"current_a":[0.748137849,0.46864629],"torque_nm":[0.0289375941,0.0154159397],"applied_pwm":[1,0.798414469],"over_1_2a_samples":0,"over_3_2a_samples":0}
[gelatina] t=    0 ms  WAIT         rival=si d= 322 mm rumbo=   +0 cdeg  linea=0x3
[rival] fin de asalto motor={"battery_v":7.4,"resistance_ohm":[4,4],"bridge_ohm":[0.5,0.5],"omega_rad_s":[-21.9078146,-41.291109],"current_a":[-0.600443493,-0.258726274],"torque_nm":[-0.0217922189,-0.00526011989],"applied_pwm":[-0.6,-0.6],"over_1_2a_samples":3,"over_3_2a_samples":0}
[planta] gelatina ciclo=3 rueda=0 V=7.4 R=4 Rpuente=0.5 I0=0.15 Ke=0.0793326178 Kt=0.0483794733
[planta] gelatina ciclo=3 rueda=1 V=7.4 R=4 Rpuente=0.5 I0=0.15 Ke=0.0793326178 Kt=0.0483794733
[sensores] gelatina ToF alcance=1200 minimo=30 sigma_rel=0.07
[gelatina] pulsador recibido: permiso previsto 11264 ms
[planta] rival ciclo=3 rueda=0 V=7.4 R=4 Rpuente=0.5 I0=0.15 Ke=0.0793326178 Kt=0.0483794733
[planta] rival ciclo=3 rueda=1 V=7.4 R=4 Rpuente=0.5 I0=0.15 Ke=0.0793326178 Kt=0.0483794733
[sensores] rival ToF alcance=1200 minimo=30 sigma_rel=0.07
[arranque] pulsador=6264 permiso=11264 ms
[gelatina] permiso de arranque a los 11264 ms
[gelatina] t=    0 ms  TRACK        rival=si d= 313 mm rumbo=   +0 cdeg  linea=0x0
[gelatina] t=   96 ms  ATTACK       rival=si d= 259 mm rumbo=   +0 cdeg  linea=0x0
WARNING: Contact joints between materials 'patin' and 'dohyo' will only be created for the 10 deepest contact points instead of all the 21 contact points.
[gelatina] t=  488 ms  EDGE_ESCAPE  rival=si d=  32 mm rumbo=   +0 cdeg  linea=0x8
[arbitro] asalto  2/30  banco    rival fuera     +1   0.74 s
[planta] asalto=2 mu=1.1 slip=0.0005 aleatorio=0
[gelatina] fin de asalto motor={"battery_v":7.4,"resistance_ohm":[4,4],"bridge_ohm":[0.5,0.5],"omega_rad_s":[34.0389876,45.8867719],"current_a":[0.551021858,0.835484947],"torque_nm":[0.0194012263,0.0331634007],"applied_pwm":[0.700000048,1],"over_1_2a_samples":4,"over_3_2a_samples":0}
[gelatina] t=    0 ms  WAIT         rival=si d= 277 mm rumbo=   +0 cdeg  linea=0x3
[rival] fin de asalto motor={"battery_v":7.4,"resistance_ohm":[4,4],"bridge_ohm":[0.5,0.5],"omega_rad_s":[-28.5774138,-20.7699128],"current_a":[-0.482861989,-0.620504099],"torque_nm":[-0.0161036877,-0.0227627405],"applied_pwm":[-0.6,-0.6],"over_1_2a_samples":11,"over_3_2a_samples":0}
[planta] gelatina ciclo=4 rueda=0 V=7.4 R=4 Rpuente=0.5 I0=0.15 Ke=0.0793326178 Kt=0.0483794733
[planta] gelatina ciclo=4 rueda=1 V=7.4 R=4 Rpuente=0.5 I0=0.15 Ke=0.0793326178 Kt=0.0483794733
[sensores] gelatina ToF alcance=1200 minimo=30 sigma_rel=0.07
[gelatina] pulsador recibido: permiso previsto 17312 ms
[planta] rival ciclo=4 rueda=0 V=7.4 R=4 Rpuente=0.5 I0=0.15 Ke=0.0793326178 Kt=0.0483794733
[planta] rival ciclo=4 rueda=1 V=7.4 R=4 Rpuente=0.5 I0=0.15 Ke=0.0793326178 Kt=0.0483794733
[sensores] rival ToF alcance=1200 minimo=30 sigma_rel=0.07
[arranque] pulsador=12312 permiso=17312 ms
[gelatina] permiso de arranque a los 17312 ms
[gelatina] t=    0 ms  TRACK        rival=si d= 295 mm rumbo=   +0 cdeg  linea=0x0
[gelatina] t=   64 ms  ATTACK       rival=si d= 235 mm rumbo=   +0 cdeg  linea=0x0
WARNING: Contact joints between materials 'rueda' and 'dohyo' will only be created for the 10 deepest contact points instead of all the 12 contact points.
[gelatina] t=  592 ms  EDGE_ESCAPE  rival=si d=  34 mm rumbo=+6000 cdeg  linea=0x2
[arbitro] asalto  3/30  banco    expulsado       -1   0.74 s
[planta] asalto=3 mu=1.1 slip=0.0005 aleatorio=0
[gelatina] fin de asalto motor={"battery_v":7.4,"resistance_ohm":[4,4],"bridge_ohm":[0.5,0.5],"omega_rad_s":[-79.2475131,-29.2185025],"current_a":[-0.24735274,-0.636004458],"torque_nm":[-0.00470987429,-0.0235126397],"applied_pwm":[-1,-0.700000048],"over_1_2a_samples":6,"over_3_2a_samples":0}
[gelatina] t=    0 ms  WAIT         rival=si d= 162 mm rumbo=-4811 cdeg  linea=0x1
[rival] fin de asalto motor={"battery_v":7.4,"resistance_ohm":[4,4],"bridge_ohm":[0.5,0.5],"omega_rad_s":[-34.9376926,32.5413084],"current_a":[-0.206289196,0.248536181],"torque_nm":[-0.00272324168,0.00476712855],"applied_pwm":[-0.5,0.5],"over_1_2a_samples":11,"over_3_2a_samples":0}
[planta] gelatina ciclo=5 rueda=0 V=7.4 R=4 Rpuente=0.5 I0=0.15 Ke=0.0793326178 Kt=0.0483794733
[planta] gelatina ciclo=5 rueda=1 V=7.4 R=4 Rpuente=0.5 I0=0.15 Ke=0.0793326178 Kt=0.0483794733
[sensores] gelatina ToF alcance=1200 minimo=30 sigma_rel=0.07
[gelatina] pulsador recibido: permiso previsto 23368 ms
[planta] rival ciclo=5 rueda=0 V=7.4 R=4 Rpuente=0.5 I0=0.15 Ke=0.0793326178 Kt=0.0483794733
[planta] rival ciclo=5 rueda=1 V=7.4 R=4 Rpuente=0.5 I0=0.15 Ke=0.0793326178 Kt=0.0483794733
[sensores] rival ToF alcance=1200 minimo=30 sigma_rel=0.07
[arranque] pulsador=18368 permiso=23368 ms
[gelatina] permiso de arranque a los 23368 ms
[gelatina] t=    0 ms  TRACK        rival=si d= 266 mm rumbo=   +0 cdeg  linea=0x0
[gelatina] t=   96 ms  ATTACK       rival=si d= 257 mm rumbo=   +0 cdeg  linea=0x0
WARNING: Contact joints between materials 'patin' and 'dohyo' will only be created for the 10 deepest contact points instead of all the 15 contact points.
[gelatina] t=  615 ms  SEARCH       rival=no d=9999 mm rumbo=-1509 cdeg  linea=0x0
[gelatina] t=  655 ms  TRACK        rival=si d=  38 mm rumbo=-6000 cdeg  linea=0x0
[gelatina] t=  663 ms  ATTACK       rival=si d=  38 mm rumbo=-6000 cdeg  linea=0x0
[arbitro] asalto  4/30  banco    rival fuera     +1   0.66 s
[planta] asalto=4 mu=1.1 slip=0.0005 aleatorio=0
[gelatina] fin de asalto motor={"battery_v":7.4,"resistance_ohm":[4,4],"bridge_ohm":[0.5,0.5],"omega_rad_s":[48.1741153,36.8838172],"current_a":[0.190826949,-0.488095808],"torque_nm":[0.00197518628,-0.0308707391],"applied_pwm":[0.632499993,0.0986025184],"over_1_2a_samples":8,"over_3_2a_samples":0}
[gelatina] t=    0 ms  WAIT         rival=si d=  38 mm rumbo=-6000 cdeg  linea=0x3
[rival] fin de asalto motor={"battery_v":7.4,"resistance_ohm":[4,4],"bridge_ohm":[0.5,0.5],"omega_rad_s":[-36.3288661,-6.08606275],"current_a":[-0.346207989,-0.879372602],"torque_nm":[-0.00949243919,-0.0352867374],"applied_pwm":[-0.6,-0.6],"over_1_2a_samples":15,"over_3_2a_samples":0}
[arranque] pulsador=24336 permiso=29336 ms
[planta] gelatina ciclo=6 rueda=0 V=7.4 R=4 Rpuente=0.5 I0=0.15 Ke=0.0793326178 Kt=0.0483794733
[planta] gelatina ciclo=6 rueda=1 V=7.4 R=4 Rpuente=0.5 I0=0.15 Ke=0.0793326178 Kt=0.0483794733
[sensores] gelatina ToF alcance=1200 minimo=30 sigma_rel=0.07
[gelatina] pulsador recibido: permiso previsto 29336 ms
[planta] rival ciclo=6 rueda=0 V=7.4 R=4 Rpuente=0.5 I0=0.15 Ke=0.0793326178 Kt=0.0483794733
[planta] rival ciclo=6 rueda=1 V=7.4 R=4 Rpuente=0.5 I0=0.15 Ke=0.0793326178 Kt=0.0483794733
[sensores] rival ToF alcance=1200 minimo=30 sigma_rel=0.07
[gelatina] permiso de arranque a los 29336 ms
[gelatina] t=    0 ms  TRACK        rival=si d= 303 mm rumbo=   +0 cdeg  linea=0x0
[gelatina] t=  160 ms  ATTACK       rival=si d= 242 mm rumbo=   +0 cdeg  linea=0x0
WARNING: Contact joints between materials 'rueda' and 'dohyo' will only be created for the 10 deepest contact points instead of all the 11 contact points.
[gelatina] t=  383 ms  EDGE_ESCAPE  rival=si d=  34 mm rumbo=   +0 cdeg  linea=0x1
[gelatina] t= 1047 ms  SEARCH       rival=si d= 243 mm rumbo= -124 cdeg  linea=0x0
[gelatina] t= 1055 ms  TRACK        rival=si d= 264 mm rumbo=+1434 cdeg  linea=0x0
[gelatina] t= 1079 ms  ATTACK       rival=si d= 256 mm rumbo=+3015 cdeg  linea=0x0
WARNING: Contact joints between materials 'patin' and 'dohyo' will only be created for the 10 deepest contact points instead of all the 12 contact points.
[gelatina] t= 1375 ms  SEARCH       rival=no d=9999 mm rumbo=+6000 cdeg  linea=0x0
[gelatina] t= 1479 ms  EDGE_ESCAPE  rival=no d=9999 mm rumbo=+6000 cdeg  linea=0x2
[arbitro] asalto  5/30  banco    auto-salida     -1   1.73 s
[planta] asalto=5 mu=1.1 slip=0.0005 aleatorio=0
[gelatina] fin de asalto motor={"battery_v":7.4,"resistance_ohm":[4,4],"bridge_ohm":[0.5,0.5],"omega_rad_s":[-77.5214918,-51.4998753],"current_a":[-0.277781583,-0.24319565],"torque_nm":[-0.00618200567,-0.00450875649],"applied_pwm":[-1,-0.700000048],"over_1_2a_samples":23,"over_3_2a_samples":0}
[gelatina] t=    0 ms  WAIT         rival=si d= 244 mm rumbo=   +0 cdeg  linea=0x0
[rival] fin de asalto motor={"battery_v":7.4,"resistance_ohm":[4,4],"bridge_ohm":[0.5,0.5],"omega_rad_s":[-41.9043794,28.6936141],"current_a":[-0.083470196,0.316368996],"torque_nm":[0.00321867688,0.00804884439],"applied_pwm":[-0.5,0.5],"over_1_2a_samples":16,"over_3_2a_samples":0}
[planta] gelatina ciclo=7 rueda=0 V=7.4 R=4 Rpuente=0.5 I0=0.15 Ke=0.0793326178 Kt=0.0483794733
[planta] gelatina ciclo=7 rueda=1 V=7.4 R=4 Rpuente=0.5 I0=0.15 Ke=0.0793326178 Kt=0.0483794733
[sensores] gelatina ToF alcance=1200 minimo=30 sigma_rel=0.07
[gelatina] pulsador recibido: permiso previsto 36376 ms
[arranque] pulsador=31376 permiso=36376 ms
[planta] rival ciclo=7 rueda=0 V=7.4 R=4 Rpuente=0.5 I0=0.15 Ke=0.0793326178 Kt=0.0483794733
[planta] rival ciclo=7 rueda=1 V=7.4 R=4 Rpuente=0.5 I0=0.15 Ke=0.0793326178 Kt=0.0483794733
[sensores] rival ToF alcance=1200 minimo=30 sigma_rel=0.07
[gelatina] permiso de arranque a los 36376 ms
[gelatina] t=    0 ms  TRACK        rival=si d= 254 mm rumbo=   +0 cdeg  linea=0x0
[gelatina] t=    8 ms  ATTACK       rival=si d= 254 mm rumbo=   +0 cdeg  linea=0x0
WARNING: Contact joints between materials 'rueda' and 'dohyo' will only be created for the 10 deepest contact points instead of all the 11 contact points.
[arbitro] asalto  6/30  banco    rival fuera     +1   0.67 s
[planta] asalto=6 mu=1.1 slip=0.0005 aleatorio=0
[gelatina] fin de asalto motor={"battery_v":7.4,"resistance_ohm":[4,4],"bridge_ohm":[0.5,0.5],"omega_rad_s":[62.692353,49.1669218],"current_a":[0.539211448,0.77765764],"torque_nm":[0.0188298449,0.0303657461],"applied_pwm":[1,1],"over_1_2a_samples":26,"over_3_2a_samples":0}
[gelatina] t=    0 ms  WAIT         rival=si d= 279 mm rumbo=   +0 cdeg  linea=0x0
[rival] fin de asalto motor={"battery_v":7.4,"resistance_ohm":[4,4],"bridge_ohm":[0.5,0.5],"omega_rad_s":[-34.9749418,-44.6065784],"current_a":[-0.370076958,-0.200276304],"torque_nm":[-0.0106472073,-0.00243234111],"applied_pwm":[-0.6,-0.6],"over_1_2a_samples":21,"over_3_2a_samples":0}
[planta] gelatina ciclo=8 rueda=0 V=7.4 R=4 Rpuente=0.5 I0=0.15 Ke=0.0793326178 Kt=0.0483794733
[planta] gelatina ciclo=8 rueda=1 V=7.4 R=4 Rpuente=0.5 I0=0.15 Ke=0.0793326178 Kt=0.0483794733
[sensores] gelatina ToF alcance=1200 minimo=30 sigma_rel=0.07
[gelatina] pulsador recibido: permiso previsto 42360 ms
[arranque] pulsador=37360 permiso=42360 ms
[planta] rival ciclo=8 rueda=0 V=7.4 R=4 Rpuente=0.5 I0=0.15 Ke=0.0793326178 Kt=0.0483794733
[planta] rival ciclo=8 rueda=1 V=7.4 R=4 Rpuente=0.5 I0=0.15 Ke=0.0793326178 Kt=0.0483794733
[sensores] rival ToF alcance=1200 minimo=30 sigma_rel=0.07
[gelatina] permiso de arranque a los 42360 ms
[gelatina] t=    0 ms  TRACK        rival=si d= 254 mm rumbo=   +0 cdeg  linea=0x0
[gelatina] t=    8 ms  ATTACK       rival=si d= 254 mm rumbo=   +0 cdeg  linea=0x0
WARNING: Contact joints between materials 'patin' and 'dohyo' will only be created for the 10 deepest contact points instead of all the 13 contact points.
[arbitro] asalto  7/30  banco    expulsado       -1   0.72 s
[planta] asalto=7 mu=1.1 slip=0.0005 aleatorio=0
[gelatina] fin de asalto motor={"battery_v":7.4,"resistance_ohm":[4,4],"bridge_ohm":[0.5,0.5],"omega_rad_s":[85.8929007,63.4136883],"current_a":[0.130198075,0.0331613376],"torque_nm":[-0.000958006681,-0.00565259295],"applied_pwm":[1,0.699999988],"over_1_2a_samples":30,"over_3_2a_samples":0}
[gelatina] t=    0 ms  WAIT         rival=si d=  96 mm rumbo=-4580 cdeg  linea=0x4
[rival] fin de asalto motor={"battery_v":7.4,"resistance_ohm":[4,4],"bridge_ohm":[0.5,0.5],"omega_rad_s":[-36.0140757,28.3471074],"current_a":[-0.187313133,0.322477726],"torque_nm":[-0.0018051897,0.00834438155],"applied_pwm":[-0.5,0.5],"over_1_2a_samples":21,"over_3_2a_samples":0}
[planta] gelatina ciclo=9 rueda=0 V=7.4 R=4 Rpuente=0.5 I0=0.15 Ke=0.0793326178 Kt=0.0483794733
[planta] gelatina ciclo=9 rueda=1 V=7.4 R=4 Rpuente=0.5 I0=0.15 Ke=0.0793326178 Kt=0.0483794733
[sensores] gelatina ToF alcance=1200 minimo=30 sigma_rel=0.07
[gelatina] pulsador recibido: permiso previsto 48392 ms
[arranque] pulsador=43392 permiso=48392 ms
[planta] rival ciclo=9 rueda=0 V=7.4 R=4 Rpuente=0.5 I0=0.15 Ke=0.0793326178 Kt=0.0483794733
[planta] rival ciclo=9 rueda=1 V=7.4 R=4 Rpuente=0.5 I0=0.15 Ke=0.0793326178 Kt=0.0483794733
[sensores] rival ToF alcance=1200 minimo=30 sigma_rel=0.07
[gelatina] permiso de arranque a los 48392 ms
[gelatina] t=    0 ms  TRACK        rival=si d= 268 mm rumbo=   +0 cdeg  linea=0x0
[gelatina] t=   64 ms  ATTACK       rival=si d= 258 mm rumbo=   +0 cdeg  linea=0x0
WARNING: Contact joints between materials 'rueda' and 'dohyo' will only be created for the 10 deepest contact points instead of all the 12 contact points.
[arbitro] asalto  8/30  banco    expulsado       -1   0.69 s
[planta] asalto=8 mu=1.1 slip=0.0005 aleatorio=0
[gelatina] fin de asalto motor={"battery_v":7.4,"resistance_ohm":[4,4],"bridge_ohm":[0.5,0.5],"omega_rad_s":[81.3363997,63.4960347],"current_a":[0.210526775,0.0317096139],"torque_nm":[0.00292825351,-0.00572282658],"applied_pwm":[1,0.699999988],"over_1_2a_samples":31,"over_3_2a_samples":0}
[gelatina] t=    0 ms  WAIT         rival=si d=  81 mm rumbo=-4501 cdeg  linea=0x4
[rival] fin de asalto motor={"battery_v":7.4,"resistance_ohm":[4,4],"bridge_ohm":[0.5,0.5],"omega_rad_s":[-34.9240446,20.868994],"current_a":[-0.206529804,0.454312905],"torque_nm":[-0.00273488216,0.0147224981],"applied_pwm":[-0.5,0.5],"over_1_2a_samples":21,"over_3_2a_samples":0}
[planta] gelatina ciclo=10 rueda=0 V=7.4 R=4 Rpuente=0.5 I0=0.15 Ke=0.0793326178 Kt=0.0483794733
[planta] gelatina ciclo=10 rueda=1 V=7.4 R=4 Rpuente=0.5 I0=0.15 Ke=0.0793326178 Kt=0.0483794733
[sensores] gelatina ToF alcance=1200 minimo=30 sigma_rel=0.07
[gelatina] pulsador recibido: permiso previsto 54392 ms
[planta] rival ciclo=10 rueda=0 V=7.4 R=4 Rpuente=0.5 I0=0.15 Ke=0.0793326178 Kt=0.0483794733
[planta] rival ciclo=10 rueda=1 V=7.4 R=4 Rpuente=0.5 I0=0.15 Ke=0.0793326178 Kt=0.0483794733
[sensores] rival ToF alcance=1200 minimo=30 sigma_rel=0.07
[arranque] pulsador=49392 permiso=54392 ms
[gelatina] permiso de arranque a los 54392 ms
[gelatina] t=    0 ms  TRACK        rival=si d= 299 mm rumbo=   +0 cdeg  linea=0x0
[gelatina] t=  128 ms  ATTACK       rival=si d= 243 mm rumbo=   +0 cdeg  linea=0x0
WARNING: Contact joints between materials 'rueda' and 'dohyo' will only be created for the 10 deepest contact points instead of all the 20 contact points.
[arbitro] asalto  9/30  banco    rival fuera     +1   0.69 s
[planta] asalto=9 mu=1.1 slip=0.0005 aleatorio=0
[gelatina] fin de asalto motor={"battery_v":7.4,"resistance_ohm":[4,4],"bridge_ohm":[0.5,0.5],"omega_rad_s":[42.600549,69.7633661],"current_a":[0.893419317,0.414553231],"torque_nm":[0.035966235,0.012798946],"applied_pwm":[1,1],"over_1_2a_samples":32,"over_3_2a_samples":0}
[gelatina] t=    0 ms  WAIT         rival=no d=9999 mm rumbo=   +0 cdeg  linea=0x1
[rival] fin de asalto motor={"battery_v":7.4,"resistance_ohm":[4,4],"bridge_ohm":[0.5,0.5],"omega_rad_s":[-44.1791592,-14.3149914],"current_a":[-0.207811477,-0.734300947],"torque_nm":[-0.00279688881,-0.0282681721],"applied_pwm":[-0.6,-0.6],"over_1_2a_samples":25,"over_3_2a_samples":0}
[planta] gelatina ciclo=11 rueda=0 V=7.4 R=4 Rpuente=0.5 I0=0.15 Ke=0.0793326178 Kt=0.0483794733
[planta] gelatina ciclo=11 rueda=1 V=7.4 R=4 Rpuente=0.5 I0=0.15 Ke=0.0793326178 Kt=0.0483794733
[sensores] gelatina ToF alcance=1200 minimo=30 sigma_rel=0.07
[gelatina] pulsador recibido: permiso previsto 60392 ms
[arranque] pulsador=55392 permiso=60392 ms
[planta] rival ciclo=11 rueda=0 V=7.4 R=4 Rpuente=0.5 I0=0.15 Ke=0.0793326178 Kt=0.0483794733
[planta] rival ciclo=11 rueda=1 V=7.4 R=4 Rpuente=0.5 I0=0.15 Ke=0.0793326178 Kt=0.0483794733
[sensores] rival ToF alcance=1200 minimo=30 sigma_rel=0.07
[gelatina] permiso de arranque a los 60392 ms
[gelatina] t=    0 ms  TRACK        rival=si d= 283 mm rumbo=   +0 cdeg  linea=0x0
[gelatina] t=  128 ms  ATTACK       rival=si d= 211 mm rumbo=   +0 cdeg  linea=0x0
WARNING: Contact joints between materials 'patin' and 'dohyo' will only be created for the 10 deepest contact points instead of all the 61 contact points.
[gelatina] t=  648 ms  SEARCH       rival=no d=9999 mm rumbo=-6000 cdeg  linea=0x0
[arbitro] asalto 10/30  banco    rival fuera     +1   0.67 s
[planta] asalto=10 mu=1.1 slip=0.0005 aleatorio=0
[gelatina] fin de asalto motor={"battery_v":7.4,"resistance_ohm":[4,4],"bridge_ohm":[0.5,0.5],"omega_rad_s":[36.6989526,36.4683541],"current_a":[0.393127992,-0.478473319],"torque_nm":[0.0117624042,-0.0304052082],"applied_pwm":[0.632499993,0.100000009],"over_1_2a_samples":34,"over_3_2a_samples":0}
[gelatina] t=    0 ms  WAIT         rival=si d= 292 mm rumbo=   +0 cdeg  linea=0x3
[rival] fin de asalto motor={"battery_v":7.4,"resistance_ohm":[4,4],"bridge_ohm":[0.5,0.5],"omega_rad_s":[-3.83301366,6.33096623],"current_a":[-0.919092665,-1.09827825],"torque_nm":[-0.0372150943,-0.0603909983],"applied_pwm":[-0.6,-0.6],"over_1_2a_samples":29,"over_3_2a_samples":0}
[planta] gelatina ciclo=12 rueda=0 V=7.4 R=4 Rpuente=0.5 I0=0.15 Ke=0.0793326178 Kt=0.0483794733
[planta] gelatina ciclo=12 rueda=1 V=7.4 R=4 Rpuente=0.5 I0=0.15 Ke=0.0793326178 Kt=0.0483794733
[sensores] gelatina ToF alcance=1200 minimo=30 sigma_rel=0.07
[gelatina] pulsador recibido: permiso previsto 66376 ms
[arranque] pulsador=61376 permiso=66376 ms
[planta] rival ciclo=12 rueda=0 V=7.4 R=4 Rpuente=0.5 I0=0.15 Ke=0.0793326178 Kt=0.0483794733
[planta] rival ciclo=12 rueda=1 V=7.4 R=4 Rpuente=0.5 I0=0.15 Ke=0.0793326178 Kt=0.0483794733
[sensores] rival ToF alcance=1200 minimo=30 sigma_rel=0.07
[gelatina] permiso de arranque a los 66376 ms
[gelatina] t=    0 ms  TRACK        rival=si d= 315 mm rumbo=   +0 cdeg  linea=0x0
[gelatina] t=   64 ms  ATTACK       rival=si d= 258 mm rumbo=   +0 cdeg  linea=0x0
WARNING: Contact joints between materials 'rueda' and 'dohyo' will only be created for the 10 deepest contact points instead of all the 12 contact points.
[arbitro] asalto 11/30  banco    expulsado       -1   0.78 s
[planta] asalto=11 mu=1.1 slip=0.0005 aleatorio=0
[gelatina] fin de asalto motor={"battery_v":7.4,"resistance_ohm":[4,4],"bridge_ohm":[0.5,0.5],"omega_rad_s":[69.8498009,74.9383075],"current_a":[0.413029431,-0.0418765541],"torque_nm":[0.0127252253,-0.00928288663],"applied_pwm":[1,0.777919948],"over_1_2a_samples":34,"over_3_2a_samples":0}
[gelatina] t=    0 ms  WAIT         rival=si d=  54 mm rumbo=+3250 cdeg  linea=0x0
[rival] fin de asalto motor={"battery_v":7.4,"resistance_ohm":[4,4],"bridge_ohm":[0.5,0.5],"omega_rad_s":[-45.6836869,-20.2482537],"current_a":[-0.18128745,-0.629700674],"torque_nm":[-0.00151367036,-0.0232076659],"applied_pwm":[-0.6,-0.6],"over_1_2a_samples":31,"over_3_2a_samples":0}
[planta] gelatina ciclo=13 rueda=0 V=7.4 R=4 Rpuente=0.5 I0=0.15 Ke=0.0793326178 Kt=0.0483794733
[planta] gelatina ciclo=13 rueda=1 V=7.4 R=4 Rpuente=0.5 I0=0.15 Ke=0.0793326178 Kt=0.0483794733
[sensores] gelatina ToF alcance=1200 minimo=30 sigma_rel=0.07
[gelatina] pulsador recibido: permiso previsto 72464 ms
[arranque] pulsador=67464 permiso=72464 ms
[planta] rival ciclo=13 rueda=0 V=7.4 R=4 Rpuente=0.5 I0=0.15 Ke=0.0793326178 Kt=0.0483794733
[planta] rival ciclo=13 rueda=1 V=7.4 R=4 Rpuente=0.5 I0=0.15 Ke=0.0793326178 Kt=0.0483794733
[sensores] rival ToF alcance=1200 minimo=30 sigma_rel=0.07
[gelatina] permiso de arranque a los 72464 ms
[gelatina] t=    0 ms  TRACK        rival=si d= 240 mm rumbo=   +0 cdeg  linea=0x0
[gelatina] t=    8 ms  ATTACK       rival=si d= 240 mm rumbo=   +0 cdeg  linea=0x0
WARNING: Contact joints between materials 'rueda' and 'dohyo' will only be created for the 10 deepest contact points instead of all the 14 contact points.
[arbitro] asalto 12/30  banco    rival fuera     +1   0.69 s
[planta] asalto=12 mu=1.1 slip=0.0005 aleatorio=0
[gelatina] fin de asalto motor={"battery_v":7.4,"resistance_ohm":[4,4],"bridge_ohm":[0.5,0.5],"omega_rad_s":[50.3739087,37.6131692],"current_a":[0.756379102,0.981344184],"torque_nm":[0.0293363016,0.0402199938],"applied_pwm":[1,1],"over_1_2a_samples":38,"over_3_2a_samples":0}
[gelatina] t=    0 ms  WAIT         rival=si d=  39 mm rumbo=   +0 cdeg  linea=0x2
[rival] fin de asalto motor={"battery_v":7.4,"resistance_ohm":[4,4],"bridge_ohm":[0.5,0.5],"omega_rad_s":[-29.0318817,38.9021272],"current_a":[-0.310405518,0.136398314],"torque_nm":[-0.00776033446,-0.000658042425],"applied_pwm":[-0.5,0.5],"over_1_2a_samples":35,"over_3_2a_samples":0}
[planta] gelatina ciclo=14 rueda=0 V=7.4 R=4 Rpuente=0.5 I0=0.15 Ke=0.0793326178 Kt=0.0483794733
[planta] gelatina ciclo=14 rueda=1 V=7.4 R=4 Rpuente=0.5 I0=0.15 Ke=0.0793326178 Kt=0.0483794733
[sensores] gelatina ToF alcance=1200 minimo=30 sigma_rel=0.07
[gelatina] pulsador recibido: permiso previsto 78464 ms
[planta] rival ciclo=14 rueda=0 V=7.4 R=4 Rpuente=0.5 I0=0.15 Ke=0.0793326178 Kt=0.0483794733
[planta] rival ciclo=14 rueda=1 V=7.4 R=4 Rpuente=0.5 I0=0.15 Ke=0.0793326178 Kt=0.0483794733
[sensores] rival ToF alcance=1200 minimo=30 sigma_rel=0.07
[arranque] pulsador=73464 permiso=78464 ms
[gelatina] permiso de arranque a los 78464 ms
[gelatina] t=    0 ms  TRACK        rival=si d= 213 mm rumbo=   +0 cdeg  linea=0x0
[gelatina] t=    8 ms  ATTACK       rival=si d= 213 mm rumbo=   +0 cdeg  linea=0x0
WARNING: Contact joints between materials 'rueda' and 'dohyo' will only be created for the 10 deepest contact points instead of all the 18 contact points.
[arbitro] asalto 13/30  banco    expulsado       -1   0.90 s
[planta] asalto=13 mu=1.1 slip=0.0005 aleatorio=0
[gelatina] fin de asalto motor={"battery_v":7.4,"resistance_ohm":[4,4],"bridge_ohm":[0.5,0.5],"omega_rad_s":[21.2504781,35.7176132],"current_a":[1.26980976,0.669895288],"torque_nm":[0.0541758066,0.0251522602],"applied_pwm":[1,0.790283859],"over_1_2a_samples":45,"over_3_2a_samples":0}
[gelatina] t=    0 ms  WAIT         rival=si d= 305 mm rumbo=   +0 cdeg  linea=0x0
[rival] fin de asalto motor={"battery_v":7.4,"resistance_ohm":[4,4],"bridge_ohm":[0.5,0.5],"omega_rad_s":[-43.0674615,-30.5191416],"current_a":[-0.227410119,-0.448630357],"torque_nm":[-0.00374506081,-0.0144475794],"applied_pwm":[-0.6,-0.6],"over_1_2a_samples":42,"over_3_2a_samples":0}
[planta] gelatina ciclo=15 rueda=0 V=7.4 R=4 Rpuente=0.5 I0=0.15 Ke=0.0793326178 Kt=0.0483794733
[planta] gelatina ciclo=15 rueda=1 V=7.4 R=4 Rpuente=0.5 I0=0.15 Ke=0.0793326178 Kt=0.0483794733
[sensores] gelatina ToF alcance=1200 minimo=30 sigma_rel=0.07
[gelatina] pulsador recibido: permiso previsto 84680 ms
[arranque] pulsador=79680 permiso=84680 ms
[planta] rival ciclo=15 rueda=0 V=7.4 R=4 Rpuente=0.5 I0=0.15 Ke=0.0793326178 Kt=0.0483794733
[planta] rival ciclo=15 rueda=1 V=7.4 R=4 Rpuente=0.5 I0=0.15 Ke=0.0793326178 Kt=0.0483794733
[sensores] rival ToF alcance=1200 minimo=30 sigma_rel=0.07
[gelatina] permiso de arranque a los 84680 ms
[gelatina] t=    0 ms  TRACK        rival=si d= 310 mm rumbo=   +0 cdeg  linea=0x0
WARNING: Contact joints between materials 'patin' and 'dohyo' will only be created for the 10 deepest contact points instead of all the 19 contact points.
[gelatina] t=  128 ms  ATTACK       rival=si d= 248 mm rumbo=   +0 cdeg  linea=0x0
[arbitro] asalto 14/30  banco    rival fuera     +1   0.70 s
[planta] asalto=14 mu=1.1 slip=0.0005 aleatorio=0
[gelatina] fin de asalto motor={"battery_v":7.4,"resistance_ohm":[4,4],"bridge_ohm":[0.5,0.5],"omega_rad_s":[61.2803614,32.4631372],"current_a":[0.232607907,1.07213652],"torque_nm":[0.00399652705,0.0446124792],"applied_pwm":[0.798414469,1],"over_1_2a_samples":48,"over_3_2a_samples":0}
[gelatina] t=    0 ms  WAIT         rival=si d= 266 mm rumbo=   +0 cdeg  linea=0x2
[rival] fin de asalto motor={"battery_v":7.4,"resistance_ohm":[4,4],"bridge_ohm":[0.5,0.5],"omega_rad_s":[-23.4542394,-38.9900094],"current_a":[-0.573180842,-0.299293442],"torque_nm":[-0.0204732662,-0.00722273808],"applied_pwm":[-0.6,-0.6],"over_1_2a_samples":49,"over_3_2a_samples":0}
[planta] gelatina ciclo=16 rueda=0 V=7.4 R=4 Rpuente=0.5 I0=0.15 Ke=0.0793326178 Kt=0.0483794733
[planta] gelatina ciclo=16 rueda=1 V=7.4 R=4 Rpuente=0.5 I0=0.15 Ke=0.0793326178 Kt=0.0483794733
[sensores] gelatina ToF alcance=1200 minimo=30 sigma_rel=0.07
[gelatina] pulsador recibido: permiso previsto 90696 ms
[planta] rival ciclo=16 rueda=0 V=7.4 R=4 Rpuente=0.5 I0=0.15 Ke=0.0793326178 Kt=0.0483794733
[planta] rival ciclo=16 rueda=1 V=7.4 R=4 Rpuente=0.5 I0=0.15 Ke=0.0793326178 Kt=0.0483794733
[sensores] rival ToF alcance=1200 minimo=30 sigma_rel=0.07
[arranque] pulsador=85696 permiso=90696 ms
[gelatina] permiso de arranque a los 90696 ms
[gelatina] t=    0 ms  TRACK        rival=si d= 262 mm rumbo=   +0 cdeg  linea=0x0
[gelatina] t=   96 ms  ATTACK       rival=si d= 252 mm rumbo=   +0 cdeg  linea=0x0
WARNING: Contact joints between materials 'rueda' and 'dohyo' will only be created for the 10 deepest contact points instead of all the 12 contact points.
[arbitro] asalto 15/30  banco    rival fuera     +1   0.74 s
[planta] asalto=15 mu=1.1 slip=0.0005 aleatorio=0
[gelatina] fin de asalto motor={"battery_v":7.4,"resistance_ohm":[4,4],"bridge_ohm":[0.5,0.5],"omega_rad_s":[54.9334257,56.7042114],"current_a":[0.675997231,0.644779215],"torque_nm":[0.025447469,0.0239371578],"applied_pwm":[1,1],"over_1_2a_samples":54,"over_3_2a_samples":0}
[gelatina] t=    0 ms  WAIT         rival=no d=9999 mm rumbo=   +0 cdeg  linea=0x0
[rival] fin de asalto motor={"battery_v":7.4,"resistance_ohm":[4,4],"bridge_ohm":[0.5,0.5],"omega_rad_s":[-38.6865985,36.5476428],"current_a":[-0.140197971,0.177906627],"torque_nm":[0.00047421701,0.00135010792],"applied_pwm":[-0.5,0.5],"over_1_2a_samples":54,"over_3_2a_samples":0}
[arranque] pulsador=91752 permiso=96752 ms
[planta] gelatina ciclo=17 rueda=0 V=7.4 R=4 Rpuente=0.5 I0=0.15 Ke=0.0793326178 Kt=0.0483794733
[planta] gelatina ciclo=17 rueda=1 V=7.4 R=4 Rpuente=0.5 I0=0.15 Ke=0.0793326178 Kt=0.0483794733
[sensores] gelatina ToF alcance=1200 minimo=30 sigma_rel=0.07
[gelatina] pulsador recibido: permiso previsto 96752 ms
[planta] rival ciclo=17 rueda=0 V=7.4 R=4 Rpuente=0.5 I0=0.15 Ke=0.0793326178 Kt=0.0483794733
[planta] rival ciclo=17 rueda=1 V=7.4 R=4 Rpuente=0.5 I0=0.15 Ke=0.0793326178 Kt=0.0483794733
[sensores] rival ToF alcance=1200 minimo=30 sigma_rel=0.07
[gelatina] permiso de arranque a los 96752 ms
[gelatina] t=    0 ms  TRACK        rival=si d= 310 mm rumbo=   +0 cdeg  linea=0x0
[gelatina] t=   32 ms  ATTACK       rival=si d= 240 mm rumbo=   +0 cdeg  linea=0x0
WARNING: Contact joints between materials 'rueda' and 'dohyo' will only be created for the 10 deepest contact points instead of all the 12 contact points.
[gelatina] t=  648 ms  SEARCH       rival=no d=9999 mm rumbo=-2775 cdeg  linea=0x0
[arbitro] asalto 16/30  banco    rival fuera     +1   0.67 s
[planta] asalto=16 mu=1.1 slip=0.0005 aleatorio=0
[gelatina] fin de asalto motor={"battery_v":7.4,"resistance_ohm":[4,4],"bridge_ohm":[0.5,0.5],"omega_rad_s":[43.4058959,35.0894892],"current_a":[0.274888133,-0.26746523],"torque_nm":[0.0060420221,-0.020196748],"applied_pwm":[0.632499993,0.213533446],"over_1_2a_samples":56,"over_3_2a_samples":0}
[gelatina] t=    0 ms  WAIT         rival=si d= 304 mm rumbo=   +0 cdeg  linea=0x3
[rival] fin de asalto motor={"battery_v":7.4,"resistance_ohm":[4,4],"bridge_ohm":[0.5,0.5],"omega_rad_s":[0.163540448,-8.87413929],"current_a":[-0.989549798,-0.830220289],"torque_nm":[-0.0490502297,-0.0329086996],"applied_pwm":[-0.6,-0.6],"over_1_2a_samples":56,"over_3_2a_samples":0}
[planta] gelatina ciclo=18 rueda=0 V=7.4 R=4 Rpuente=0.5 I0=0.15 Ke=0.0793326178 Kt=0.0483794733
[planta] gelatina ciclo=18 rueda=1 V=7.4 R=4 Rpuente=0.5 I0=0.15 Ke=0.0793326178 Kt=0.0483794733
[sensores] gelatina ToF alcance=1200 minimo=30 sigma_rel=0.07
[gelatina] pulsador recibido: permiso previsto 102736 ms
[planta] rival ciclo=18 rueda=0 V=7.4 R=4 Rpuente=0.5 I0=0.15 Ke=0.0793326178 Kt=0.0483794733
[planta] rival ciclo=18 rueda=1 V=7.4 R=4 Rpuente=0.5 I0=0.15 Ke=0.0793326178 Kt=0.0483794733
[sensores] rival ToF alcance=1200 minimo=30 sigma_rel=0.07
[arranque] pulsador=97736 permiso=102736 ms
[gelatina] permiso de arranque a los 102736 ms
[gelatina] t=    0 ms  TRACK        rival=si d= 345 mm rumbo=   +0 cdeg  linea=0x0
[gelatina] t=  128 ms  ATTACK       rival=si d= 256 mm rumbo=   +0 cdeg  linea=0x0
WARNING: Contact joints between materials 'rueda' and 'dohyo' will only be created for the 10 deepest contact points instead of all the 24 contact points.
[arbitro] asalto 17/30  banco    rival fuera     +1   0.69 s
[planta] asalto=17 mu=1.1 slip=0.0005 aleatorio=0
[gelatina] fin de asalto motor={"battery_v":7.4,"resistance_ohm":[4,4],"bridge_ohm":[0.5,0.5],"omega_rad_s":[62.467271,58.0409704],"current_a":[0.543179526,0.292323993],"torque_nm":[0.0190218184,0.00688555984],"applied_pwm":[1,0.800000012],"over_1_2a_samples":56,"over_3_2a_samples":0}
[gelatina] t=    0 ms  WAIT         rival=si d=  44 mm rumbo=-3000 cdeg  linea=0x1
[rival] fin de asalto motor={"battery_v":7.4,"resistance_ohm":[4,4],"bridge_ohm":[0.5,0.5],"omega_rad_s":[-40.9863677,-19.0054527],"current_a":[-0.264098701,-0.651610596],"torque_nm":[-0.00552003507,-0.0242676564],"applied_pwm":[-0.6,-0.6],"over_1_2a_samples":58,"over_3_2a_samples":0}
[planta] gelatina ciclo=19 rueda=0 V=7.4 R=4 Rpuente=0.5 I0=0.15 Ke=0.0793326178 Kt=0.0483794733
[planta] gelatina ciclo=19 rueda=1 V=7.4 R=4 Rpuente=0.5 I0=0.15 Ke=0.0793326178 Kt=0.0483794733
[sensores] gelatina ToF alcance=1200 minimo=30 sigma_rel=0.07
[gelatina] pulsador recibido: permiso previsto 108736 ms
[planta] rival ciclo=19 rueda=0 V=7.4 R=4 Rpuente=0.5 I0=0.15 Ke=0.0793326178 Kt=0.0483794733
[planta] rival ciclo=19 rueda=1 V=7.4 R=4 Rpuente=0.5 I0=0.15 Ke=0.0793326178 Kt=0.0483794733
[sensores] rival ToF alcance=1200 minimo=30 sigma_rel=0.07
[arranque] pulsador=103736 permiso=108736 ms
[gelatina] permiso de arranque a los 108736 ms
[gelatina] t=    0 ms  TRACK        rival=si d= 309 mm rumbo=   +0 cdeg  linea=0x0
[gelatina] t=   96 ms  ATTACK       rival=si d= 255 mm rumbo=   +0 cdeg  linea=0x0
[gelatina] t=  288 ms  TRACK        rival=si d= 779 mm rumbo=+6000 cdeg  linea=0x4
[gelatina] t=  328 ms  ATTACK       rival=si d= 121 mm rumbo=+4526 cdeg  linea=0x0
WARNING: Contact joints between materials 'patin' and 'dohyo' will only be created for the 10 deepest contact points instead of all the 28 contact points.
[gelatina] t=  680 ms  SEARCH       rival=no d=9999 mm rumbo=+6000 cdeg  linea=0x2
[gelatina] t=  720 ms  TRACK        rival=si d= 730 mm rumbo=-3000 cdeg  linea=0x8
[gelatina] t=  752 ms  ATTACK       rival=si d= 107 mm rumbo=-3322 cdeg  linea=0x0
[arbitro] asalto 18/30  banco    auto-salida     -1   0.78 s
[planta] asalto=18 mu=1.1 slip=0.0005 aleatorio=0
[gelatina] fin de asalto motor={"battery_v":7.4,"resistance_ohm":[4,4],"bridge_ohm":[0.5,0.5],"omega_rad_s":[63.95523,46.4181937],"current_a":[0.516947596,0.33278291],"torque_nm":[0.0177527315,0.00884294092],"applied_pwm":[1,0.699999988],"over_1_2a_samples":58,"over_3_2a_samples":0}
[gelatina] t=    0 ms  WAIT         rival=si d= 101 mm rumbo=-4779 cdeg  linea=0x4
[rival] fin de asalto motor={"battery_v":7.4,"resistance_ohm":[4,4],"bridge_ohm":[0.5,0.5],"omega_rad_s":[-39.5137348,28.2767984],"current_a":[-0.125615996,0.323717236],"torque_nm":[0.00117968529,0.00840434838],"applied_pwm":[-0.5,0.5],"over_1_2a_samples":58,"over_3_2a_samples":0}
[planta] gelatina ciclo=20 rueda=0 V=7.4 R=4 Rpuente=0.5 I0=0.15 Ke=0.0793326178 Kt=0.0483794733
[planta] gelatina ciclo=20 rueda=1 V=7.4 R=4 Rpuente=0.5 I0=0.15 Ke=0.0793326178 Kt=0.0483794733
[sensores] gelatina ToF alcance=1200 minimo=30 sigma_rel=0.07
[gelatina] pulsador recibido: permiso previsto 114832 ms
[planta] rival ciclo=20 rueda=0 V=7.4 R=4 Rpuente=0.5 I0=0.15 Ke=0.0793326178 Kt=0.0483794733
[planta] rival ciclo=20 rueda=1 V=7.4 R=4 Rpuente=0.5 I0=0.15 Ke=0.0793326178 Kt=0.0483794733
[sensores] rival ToF alcance=1200 minimo=30 sigma_rel=0.07
[arranque] pulsador=109832 permiso=114832 ms
[gelatina] permiso de arranque a los 114832 ms
[gelatina] t=    0 ms  TRACK        rival=si d= 276 mm rumbo=   +0 cdeg  linea=0x0
[gelatina] t=   95 ms  ATTACK       rival=si d= 230 mm rumbo=   +0 cdeg  linea=0x0
WARNING: Contact joints between materials 'patin' and 'dohyo' will only be created for the 10 deepest contact points instead of all the 29 contact points.
[gelatina] t=  847 ms  SEARCH       rival=no d=9999 mm rumbo=-6000 cdeg  linea=0x0
[gelatina] t=  887 ms  TRACK        rival=si d= 259 mm rumbo=+5128 cdeg  linea=0x8
[gelatina] t=  896 ms  ATTACK       rival=si d= 259 mm rumbo=+5128 cdeg  linea=0x8
[gelatina] t= 1191 ms  EDGE_ESCAPE  rival=si d= 225 mm rumbo=+6000 cdeg  linea=0x4
WARNING: Contact joints between materials 'patin' and 'dohyo' will only be created for the 10 deepest contact points instead of all the 17 contact points.
[arbitro] asalto 19/30  banco    auto-salida     -1   1.70 s
[planta] asalto=19 mu=1.1 slip=0.0005 aleatorio=0
[gelatina] fin de asalto motor={"battery_v":7.4,"resistance_ohm":[4,4],"bridge_ohm":[0.5,0.5],"omega_rad_s":[70.5449123,-67.0935063],"current_a":[0.154108358,-0.21495482],"torque_nm":[0.000198760184,-0.00314247996],"applied_pwm":[0.850000024,-0.850000024],"over_1_2a_samples":61,"over_3_2a_samples":0}
[gelatina] t=    0 ms  WAIT         rival=si d= 289 mm rumbo=   +0 cdeg  linea=0x0
[rival] fin de asalto motor={"battery_v":7.4,"resistance_ohm":[4,4],"bridge_ohm":[0.5,0.5],"omega_rad_s":[-26.8268634,32.1704528],"current_a":[-0.349278822,0.255074169],"torque_nm":[-0.00964100444,0.00508343296],"applied_pwm":[-0.5,0.5],"over_1_2a_samples":58,"over_3_2a_samples":0}
[planta] gelatina ciclo=21 rueda=0 V=7.4 R=4 Rpuente=0.5 I0=0.15 Ke=0.0793326178 Kt=0.0483794733
[planta] gelatina ciclo=21 rueda=1 V=7.4 R=4 Rpuente=0.5 I0=0.15 Ke=0.0793326178 Kt=0.0483794733
[sensores] gelatina ToF alcance=1200 minimo=30 sigma_rel=0.07
[gelatina] pulsador recibido: permiso previsto 121840 ms
[arranque] pulsador=116840 permiso=121840 ms
[planta] rival ciclo=21 rueda=0 V=7.4 R=4 Rpuente=0.5 I0=0.15 Ke=0.0793326178 Kt=0.0483794733
[planta] rival ciclo=21 rueda=1 V=7.4 R=4 Rpuente=0.5 I0=0.15 Ke=0.0793326178 Kt=0.0483794733
[sensores] rival ToF alcance=1200 minimo=30 sigma_rel=0.07
[gelatina] permiso de arranque a los 121840 ms
[gelatina] t=    0 ms  TRACK        rival=si d= 274 mm rumbo=   +0 cdeg  linea=0x0
[gelatina] t=  160 ms  ATTACK       rival=si d= 230 mm rumbo=   +0 cdeg  linea=0x0
WARNING: Contact joints between materials 'rueda' and 'dohyo' will only be created for the 10 deepest contact points instead of all the 12 contact points.
[arbitro] asalto 20/30  banco    rival fuera     +1   0.78 s
[planta] asalto=20 mu=1.1 slip=0.0005 aleatorio=0
[gelatina] fin de asalto motor={"battery_v":7.4,"resistance_ohm":[4,4],"bridge_ohm":[0.5,0.5],"omega_rad_s":[55.5806308,50.7503507],"current_a":[0.664587347,0.749742628],"torque_nm":[0.0248954648,0.0290152325],"applied_pwm":[1,1],"over_1_2a_samples":74,"over_3_2a_samples":0}
[gelatina] t=    0 ms  WAIT         rival=no d=9999 mm rumbo=   +0 cdeg  linea=0x3
[rival] fin de asalto motor={"battery_v":7.4,"resistance_ohm":[4,4],"bridge_ohm":[0.5,0.5],"omega_rad_s":[-48.1081642,-28.438176],"current_a":[-0.138545199,-0.485316678],"torque_nm":[0.000554177247,-0.0162224443],"applied_pwm":[-0.6,-0.6],"over_1_2a_samples":63,"over_3_2a_samples":0}
[planta] gelatina ciclo=22 rueda=0 V=7.4 R=4 Rpuente=0.5 I0=0.15 Ke=0.0793326178 Kt=0.0483794733
[planta] gelatina ciclo=22 rueda=1 V=7.4 R=4 Rpuente=0.5 I0=0.15 Ke=0.0793326178 Kt=0.0483794733
[sensores] gelatina ToF alcance=1200 minimo=30 sigma_rel=0.07
[gelatina] pulsador recibido: permiso previsto 127928 ms
[arranque] pulsador=122928 permiso=127928 ms
[planta] rival ciclo=22 rueda=0 V=7.4 R=4 Rpuente=0.5 I0=0.15 Ke=0.0793326178 Kt=0.0483794733
[planta] rival ciclo=22 rueda=1 V=7.4 R=4 Rpuente=0.5 I0=0.15 Ke=0.0793326178 Kt=0.0483794733
[sensores] rival ToF alcance=1200 minimo=30 sigma_rel=0.07
[gelatina] permiso de arranque a los 127928 ms
[gelatina] t=    0 ms  TRACK        rival=si d= 287 mm rumbo=   +0 cdeg  linea=0x0
[gelatina] t=   64 ms  ATTACK       rival=si d= 245 mm rumbo=   +0 cdeg  linea=0x0
WARNING: Contact joints between materials 'patin' and 'dohyo' will only be created for the 10 deepest contact points instead of all the 17 contact points.
[arbitro] asalto 21/30  banco    expulsado       -1   0.67 s
[planta] asalto=21 mu=1.1 slip=0.0005 aleatorio=0
[gelatina] fin de asalto motor={"battery_v":7.4,"resistance_ohm":[4,4],"bridge_ohm":[0.5,0.5],"omega_rad_s":[50.5319188,79.6798945],"current_a":[0.260260114,0.239730085],"torque_nm":[0.00533432624,0.00434109424],"applied_pwm":[0.699999988,1],"over_1_2a_samples":78,"over_3_2a_samples":0}
[gelatina] t=    0 ms  WAIT         rival=si d= 256 mm rumbo=   +0 cdeg  linea=0x0
[rival] fin de asalto motor={"battery_v":7.4,"resistance_ohm":[4,4],"bridge_ohm":[0.5,0.5],"omega_rad_s":[-36.4814232,26.5746991],"current_a":[-0.179074044,0.353724345],"torque_nm":[-0.00140658692,0.00985607654],"applied_pwm":[-0.5,0.5],"over_1_2a_samples":63,"over_3_2a_samples":0}
[planta] gelatina ciclo=23 rueda=0 V=7.4 R=4 Rpuente=0.5 I0=0.15 Ke=0.0793326178 Kt=0.0483794733
[planta] gelatina ciclo=23 rueda=1 V=7.4 R=4 Rpuente=0.5 I0=0.15 Ke=0.0793326178 Kt=0.0483794733
[sensores] gelatina ToF alcance=1200 minimo=30 sigma_rel=0.07
[gelatina] pulsador recibido: permiso previsto 133912 ms
[arranque] pulsador=128912 permiso=133912 ms
[planta] rival ciclo=23 rueda=0 V=7.4 R=4 Rpuente=0.5 I0=0.15 Ke=0.0793326178 Kt=0.0483794733
[planta] rival ciclo=23 rueda=1 V=7.4 R=4 Rpuente=0.5 I0=0.15 Ke=0.0793326178 Kt=0.0483794733
[sensores] rival ToF alcance=1200 minimo=30 sigma_rel=0.07
[gelatina] permiso de arranque a los 133912 ms
[gelatina] t=    0 ms  TRACK        rival=si d= 258 mm rumbo=   +0 cdeg  linea=0x0
[gelatina] t=    8 ms  ATTACK       rival=si d= 258 mm rumbo=   +0 cdeg  linea=0x0
WARNING: Contact joints between materials 'patin' and 'dohyo' will only be created for the 10 deepest contact points instead of all the 11 contact points.
[gelatina] t=  616 ms  SEARCH       rival=no d=9999 mm rumbo=+3035 cdeg  linea=0x0
[gelatina] t=  656 ms  TRACK        rival=si d=  40 mm rumbo=   +0 cdeg  linea=0x0
[gelatina] t=  664 ms  ATTACK       rival=si d=  40 mm rumbo=   +0 cdeg  linea=0x2
[arbitro] asalto 22/30  banco    rival fuera     +1   0.77 s
[planta] asalto=22 mu=1.1 slip=0.0005 aleatorio=0
[gelatina] fin de asalto motor={"battery_v":7.4,"resistance_ohm":[4,4],"bridge_ohm":[0.5,0.5],"omega_rad_s":[72.2199603,86.221017],"current_a":[0.371244776,0.124413558],"torque_nm":[0.0107037057,-0.00123785859],"applied_pwm":[1,1],"over_1_2a_samples":81,"over_3_2a_samples":0}
[gelatina] t=    0 ms  WAIT         rival=si d= 321 mm rumbo=   +0 cdeg  linea=0x0
[rival] fin de asalto motor={"battery_v":7.4,"resistance_ohm":[4,4],"bridge_ohm":[0.5,0.5],"omega_rad_s":[-44.3012751,-0.648482012],"current_a":[-0.205658639,-0.975234272],"torque_nm":[-0.00269273564,-0.043040179],"applied_pwm":[-0.6,-0.6],"over_1_2a_samples":66,"over_3_2a_samples":0}
[planta] gelatina ciclo=24 rueda=0 V=7.4 R=4 Rpuente=0.5 I0=0.15 Ke=0.0793326178 Kt=0.0483794733
[planta] gelatina ciclo=24 rueda=1 V=7.4 R=4 Rpuente=0.5 I0=0.15 Ke=0.0793326178 Kt=0.0483794733
[sensores] gelatina ToF alcance=1200 minimo=30 sigma_rel=0.07
[gelatina] pulsador recibido: permiso previsto 139992 ms
[planta] rival ciclo=24 rueda=0 V=7.4 R=4 Rpuente=0.5 I0=0.15 Ke=0.0793326178 Kt=0.0483794733
[planta] rival ciclo=24 rueda=1 V=7.4 R=4 Rpuente=0.5 I0=0.15 Ke=0.0793326178 Kt=0.0483794733
[sensores] rival ToF alcance=1200 minimo=30 sigma_rel=0.07
[arranque] pulsador=134992 permiso=139992 ms
[gelatina] permiso de arranque a los 139992 ms
[gelatina] t=    0 ms  TRACK        rival=si d= 305 mm rumbo=   +0 cdeg  linea=0x0
[gelatina] t=  224 ms  ATTACK       rival=si d= 240 mm rumbo=   +0 cdeg  linea=0x0
WARNING: Contact joints between materials 'patin' and 'dohyo' will only be created for the 10 deepest contact points instead of all the 14 contact points.
[arbitro] asalto 23/30  banco    expulsado       -1   0.80 s
[planta] asalto=23 mu=1.1 slip=0.0005 aleatorio=0
[gelatina] fin de asalto motor={"battery_v":7.4,"resistance_ohm":[4,4],"bridge_ohm":[0.5,0.5],"omega_rad_s":[73.529289,43.3228161],"current_a":[0.145617811,0.880686132],"torque_nm":[-0.000212008008,0.0353502102],"applied_pwm":[0.876831234,1],"over_1_2a_samples":83,"over_3_2a_samples":0}
[gelatina] t=    0 ms  WAIT         rival=si d=  84 mm rumbo= +285 cdeg  linea=0x0
[rival] fin de asalto motor={"battery_v":7.4,"resistance_ohm":[4,4],"bridge_ohm":[0.5,0.5],"omega_rad_s":[-23.6116894,-14.8316339],"current_a":[-0.570405082,-0.725192812],"torque_nm":[-0.0203389764,-0.0278275253],"applied_pwm":[-0.6,-0.6],"over_1_2a_samples":71,"over_3_2a_samples":0}
[planta] gelatina ciclo=25 rueda=0 V=7.4 R=4 Rpuente=0.5 I0=0.15 Ke=0.0793326178 Kt=0.0483794733
[planta] gelatina ciclo=25 rueda=1 V=7.4 R=4 Rpuente=0.5 I0=0.15 Ke=0.0793326178 Kt=0.0483794733
[sensores] gelatina ToF alcance=1200 minimo=30 sigma_rel=0.07
[gelatina] pulsador recibido: permiso previsto 146104 ms
[planta] rival ciclo=25 rueda=0 V=7.4 R=4 Rpuente=0.5 I0=0.15 Ke=0.0793326178 Kt=0.0483794733
[planta] rival ciclo=25 rueda=1 V=7.4 R=4 Rpuente=0.5 I0=0.15 Ke=0.0793326178 Kt=0.0483794733
[sensores] rival ToF alcance=1200 minimo=30 sigma_rel=0.07
[arranque] pulsador=141104 permiso=146104 ms
[gelatina] permiso de arranque a los 146104 ms
[gelatina] t=    0 ms  TRACK        rival=si d= 308 mm rumbo=   +0 cdeg  linea=0x0
[gelatina] t=  192 ms  ATTACK       rival=si d= 259 mm rumbo=   +0 cdeg  linea=0x0
WARNING: Contact joints between materials 'patin' and 'dohyo' will only be created for the 10 deepest contact points instead of all the 28 contact points.
[arbitro] asalto 24/30  banco    rival fuera     +1   0.66 s
[planta] asalto=24 mu=1.1 slip=0.0005 aleatorio=0
[gelatina] fin de asalto motor={"battery_v":7.4,"resistance_ohm":[4,4],"bridge_ohm":[0.5,0.5],"omega_rad_s":[60.8628185,52.6598705],"current_a":[0.571465173,0.716078805],"torque_nm":[0.0203902631,0.0273865944],"applied_pwm":[1,1],"over_1_2a_samples":85,"over_3_2a_samples":0}
[gelatina] t=    0 ms  WAIT         rival=no d=9999 mm rumbo=   +0 cdeg  linea=0x3
[rival] fin de asalto motor={"battery_v":7.4,"resistance_ohm":[4,4],"bridge_ohm":[0.5,0.5],"omega_rad_s":[-25.3793761,7.96905872],"current_a":[-0.374797257,0.681731936],"torque_nm":[-0.0108755729,0.0257249127],"applied_pwm":[-0.5,0.5],"over_1_2a_samples":73,"over_3_2a_samples":0}
[planta] gelatina ciclo=26 rueda=0 V=7.4 R=4 Rpuente=0.5 I0=0.15 Ke=0.0793326178 Kt=0.0483794733
[planta] gelatina ciclo=26 rueda=1 V=7.4 R=4 Rpuente=0.5 I0=0.15 Ke=0.0793326178 Kt=0.0483794733
[sensores] gelatina ToF alcance=1200 minimo=30 sigma_rel=0.07
[gelatina] pulsador recibido: permiso previsto 152080 ms
[arranque] pulsador=147080 permiso=152080 ms
[planta] rival ciclo=26 rueda=0 V=7.4 R=4 Rpuente=0.5 I0=0.15 Ke=0.0793326178 Kt=0.0483794733
[planta] rival ciclo=26 rueda=1 V=7.4 R=4 Rpuente=0.5 I0=0.15 Ke=0.0793326178 Kt=0.0483794733
[sensores] rival ToF alcance=1200 minimo=30 sigma_rel=0.07
[gelatina] permiso de arranque a los 152080 ms
[gelatina] t=    0 ms  TRACK        rival=si d= 262 mm rumbo=   +0 cdeg  linea=0x0
[gelatina] t=   32 ms  ATTACK       rival=si d= 245 mm rumbo=   +0 cdeg  linea=0x0
WARNING: Contact joints between materials 'rueda' and 'dohyo' will only be created for the 10 deepest contact points instead of all the 11 contact points.
[arbitro] asalto 25/30  banco    rival fuera     +1   0.70 s
[planta] asalto=25 mu=1.1 slip=0.0005 aleatorio=0
[gelatina] fin de asalto motor={"battery_v":7.4,"resistance_ohm":[4,4],"bridge_ohm":[0.5,0.5],"omega_rad_s":[70.5447336,72.0164246],"current_a":[0.400778135,0.374833003],"torque_nm":[0.0121325141,0.0108773023],"applied_pwm":[1,1],"over_1_2a_samples":87,"over_3_2a_samples":0}
[gelatina] t=    0 ms  WAIT         rival=si d= 256 mm rumbo=   +0 cdeg  linea=0x8
[rival] fin de asalto motor={"battery_v":7.4,"resistance_ohm":[4,4],"bridge_ohm":[0.5,0.5],"omega_rad_s":[-27.0625085,-25.3364391],"current_a":[-0.509568968,-0.539998658],"torque_nm":[-0.0173957573,-0.0188679297],"applied_pwm":[-0.6,-0.6],"over_1_2a_samples":78,"over_3_2a_samples":0}
[planta] gelatina ciclo=27 rueda=0 V=7.4 R=4 Rpuente=0.5 I0=0.15 Ke=0.0793326178 Kt=0.0483794733
[planta] gelatina ciclo=27 rueda=1 V=7.4 R=4 Rpuente=0.5 I0=0.15 Ke=0.0793326178 Kt=0.0483794733
[sensores] gelatina ToF alcance=1200 minimo=30 sigma_rel=0.07
[gelatina] pulsador recibido: permiso previsto 158096 ms
[planta] rival ciclo=27 rueda=0 V=7.4 R=4 Rpuente=0.5 I0=0.15 Ke=0.0793326178 Kt=0.0483794733
[planta] rival ciclo=27 rueda=1 V=7.4 R=4 Rpuente=0.5 I0=0.15 Ke=0.0793326178 Kt=0.0483794733
[sensores] rival ToF alcance=1200 minimo=30 sigma_rel=0.07
[arranque] pulsador=153096 permiso=158096 ms
[gelatina] permiso de arranque a los 158096 ms
[gelatina] t=    0 ms  TRACK        rival=si d= 292 mm rumbo=   +0 cdeg  linea=0x0
[gelatina] t=   96 ms  ATTACK       rival=si d= 254 mm rumbo=   +0 cdeg  linea=0x0
WARNING: Contact joints between materials 'patin' and 'dohyo' will only be created for the 10 deepest contact points instead of all the 15 contact points.
[arbitro] asalto 26/30  banco    expulsado       -1   0.63 s
[planta] asalto=26 mu=1.1 slip=0.0005 aleatorio=0
[gelatina] fin de asalto motor={"battery_v":7.4,"resistance_ohm":[4,4],"bridge_ohm":[0.5,0.5],"omega_rad_s":[55.8937712,73.6540807],"current_a":[0.659066847,0.0489413347],"torque_nm":[0.0246283859,-0.00488916501],"applied_pwm":[1,0.81937933],"over_1_2a_samples":89,"over_3_2a_samples":0}
[gelatina] t=    0 ms  WAIT         rival=si d= 269 mm rumbo=-2688 cdeg  linea=0x0
[rival] fin de asalto motor={"battery_v":7.4,"resistance_ohm":[4,4],"bridge_ohm":[0.5,0.5],"omega_rad_s":[-35.2572001,27.9127055],"current_a":[-0.200656448,0.330136],"torque_nm":[-0.00245073229,0.00871488481],"applied_pwm":[-0.5,0.5],"over_1_2a_samples":78,"over_3_2a_samples":0}
[planta] gelatina ciclo=28 rueda=0 V=7.4 R=4 Rpuente=0.5 I0=0.15 Ke=0.0793326178 Kt=0.0483794733
[planta] gelatina ciclo=28 rueda=1 V=7.4 R=4 Rpuente=0.5 I0=0.15 Ke=0.0793326178 Kt=0.0483794733
[sensores] gelatina ToF alcance=1200 minimo=30 sigma_rel=0.07
[gelatina] pulsador recibido: permiso previsto 164040 ms
[arranque] pulsador=159040 permiso=164040 ms
[planta] rival ciclo=28 rueda=0 V=7.4 R=4 Rpuente=0.5 I0=0.15 Ke=0.0793326178 Kt=0.0483794733
[planta] rival ciclo=28 rueda=1 V=7.4 R=4 Rpuente=0.5 I0=0.15 Ke=0.0793326178 Kt=0.0483794733
[sensores] rival ToF alcance=1200 minimo=30 sigma_rel=0.07
[gelatina] permiso de arranque a los 164040 ms
[gelatina] t=    0 ms  TRACK        rival=si d= 328 mm rumbo=   +0 cdeg  linea=0x0
[gelatina] t=  128 ms  ATTACK       rival=si d= 248 mm rumbo=   +0 cdeg  linea=0x0
WARNING: Contact joints between materials 'patin' and 'dohyo' will only be created for the 10 deepest contact points instead of all the 13 contact points.
[arbitro] asalto 27/30  banco    rival fuera     +1   0.68 s
[planta] asalto=27 mu=1.1 slip=0.0005 aleatorio=0
[gelatina] fin de asalto motor={"battery_v":7.4,"resistance_ohm":[4,4],"bridge_ohm":[0.5,0.5],"omega_rad_s":[49.1899448,50.5917313],"current_a":[0.777251758,0.421042797],"torque_nm":[0.0303461097,0.0131129078],"applied_pwm":[1,0.798414469],"over_1_2a_samples":91,"over_3_2a_samples":0}
[gelatina] t=    0 ms  WAIT         rival=no d=9999 mm rumbo=-3000 cdeg  linea=0x3
[rival] fin de asalto motor={"battery_v":7.4,"resistance_ohm":[4,4],"bridge_ohm":[0.5,0.5],"omega_rad_s":[-36.0080447,-20.1509458],"current_a":[-0.351863901,-0.631416159],"torque_nm":[-0.00976606921,-0.0232906602],"applied_pwm":[-0.6,-0.6],"over_1_2a_samples":81,"over_3_2a_samples":0}
[planta] gelatina ciclo=29 rueda=0 V=7.4 R=4 Rpuente=0.5 I0=0.15 Ke=0.0793326178 Kt=0.0483794733
[planta] gelatina ciclo=29 rueda=1 V=7.4 R=4 Rpuente=0.5 I0=0.15 Ke=0.0793326178 Kt=0.0483794733
[sensores] gelatina ToF alcance=1200 minimo=30 sigma_rel=0.07
[gelatina] pulsador recibido: permiso previsto 170032 ms
[arranque] pulsador=165032 permiso=170032 ms
[planta] rival ciclo=29 rueda=0 V=7.4 R=4 Rpuente=0.5 I0=0.15 Ke=0.0793326178 Kt=0.0483794733
[planta] rival ciclo=29 rueda=1 V=7.4 R=4 Rpuente=0.5 I0=0.15 Ke=0.0793326178 Kt=0.0483794733
[sensores] rival ToF alcance=1200 minimo=30 sigma_rel=0.07
[gelatina] permiso de arranque a los 170032 ms
[gelatina] t=    0 ms  TRACK        rival=si d= 240 mm rumbo=   +0 cdeg  linea=0x0
[gelatina] t=    8 ms  ATTACK       rival=si d= 240 mm rumbo=   +0 cdeg  linea=0x0
WARNING: Contact joints between materials 'rueda' and 'dohyo' will only be created for the 10 deepest contact points instead of all the 16 contact points.
[arbitro] asalto 28/30  banco    expulsado       -1   0.75 s
[planta] asalto=28 mu=1.1 slip=0.0005 aleatorio=0
[gelatina] fin de asalto motor={"battery_v":7.4,"resistance_ohm":[4,4],"bridge_ohm":[0.5,0.5],"omega_rad_s":[72.9441281,41.9051478],"current_a":[0.162011304,0.905678873],"torque_nm":[0.000581100561,0.0365593459],"applied_pwm":[0.88052696,1],"over_1_2a_samples":95,"over_3_2a_samples":0}
[gelatina] t=    0 ms  WAIT         rival=si d=  94 mm rumbo=+1778 cdeg  linea=0x0
[rival] fin de asalto motor={"battery_v":7.4,"resistance_ohm":[4,4],"bridge_ohm":[0.5,0.5],"omega_rad_s":[-15.0288326,0.00630522545],"current_a":[-0.721716305,-0.986777824],"torque_nm":[-0.0276593337,-0.0477855474],"applied_pwm":[-0.6,-0.6],"over_1_2a_samples":85,"over_3_2a_samples":0}
[arranque] pulsador=171096 permiso=176096 ms
[planta] gelatina ciclo=30 rueda=0 V=7.4 R=4 Rpuente=0.5 I0=0.15 Ke=0.0793326178 Kt=0.0483794733
[planta] gelatina ciclo=30 rueda=1 V=7.4 R=4 Rpuente=0.5 I0=0.15 Ke=0.0793326178 Kt=0.0483794733
[sensores] gelatina ToF alcance=1200 minimo=30 sigma_rel=0.07
[gelatina] pulsador recibido: permiso previsto 176096 ms
[planta] rival ciclo=30 rueda=0 V=7.4 R=4 Rpuente=0.5 I0=0.15 Ke=0.0793326178 Kt=0.0483794733
[planta] rival ciclo=30 rueda=1 V=7.4 R=4 Rpuente=0.5 I0=0.15 Ke=0.0793326178 Kt=0.0483794733
[sensores] rival ToF alcance=1200 minimo=30 sigma_rel=0.07
[gelatina] permiso de arranque a los 176096 ms
[gelatina] t=    0 ms  TRACK        rival=si d= 334 mm rumbo=   +0 cdeg  linea=0x0
[gelatina] t=  224 ms  ATTACK       rival=si d= 193 mm rumbo=   +0 cdeg  linea=0x0
WARNING: Contact joints between materials 'rueda' and 'dohyo' will only be created for the 10 deepest contact points instead of all the 11 contact points.
[arbitro] asalto 29/30  banco    rival fuera     +1   0.67 s
[planta] asalto=29 mu=1.1 slip=0.0005 aleatorio=0
[gelatina] fin de asalto motor={"battery_v":7.4,"resistance_ohm":[4,4],"bridge_ohm":[0.5,0.5],"omega_rad_s":[46.279286,43.9189216],"current_a":[0.828565131,0.376843753],"torque_nm":[0.0328286237,0.0109745813],"applied_pwm":[1,0.699999988],"over_1_2a_samples":97,"over_3_2a_samples":0}
[gelatina] t=    0 ms  WAIT         rival=si d= 306 mm rumbo=   +0 cdeg  linea=0x3
[rival] fin de asalto motor={"battery_v":7.4,"resistance_ohm":[4,4],"bridge_ohm":[0.5,0.5],"omega_rad_s":[-7.96489201,-8.32890333],"current_a":[-0.846249837,-0.83983251],"torque_nm":[-0.0336842022,-0.0333737344],"applied_pwm":[-0.6,-0.6],"over_1_2a_samples":87,"over_3_2a_samples":0}
[planta] gelatina ciclo=31 rueda=0 V=7.4 R=4 Rpuente=0.5 I0=0.15 Ke=0.0793326178 Kt=0.0483794733
[planta] gelatina ciclo=31 rueda=1 V=7.4 R=4 Rpuente=0.5 I0=0.15 Ke=0.0793326178 Kt=0.0483794733
[sensores] gelatina ToF alcance=1200 minimo=30 sigma_rel=0.07
[gelatina] pulsador recibido: permiso previsto 182080 ms
[planta] rival ciclo=31 rueda=0 V=7.4 R=4 Rpuente=0.5 I0=0.15 Ke=0.0793326178 Kt=0.0483794733
[planta] rival ciclo=31 rueda=1 V=7.4 R=4 Rpuente=0.5 I0=0.15 Ke=0.0793326178 Kt=0.0483794733
[sensores] rival ToF alcance=1200 minimo=30 sigma_rel=0.07
[arranque] pulsador=177080 permiso=182080 ms
[gelatina] permiso de arranque a los 182080 ms
[gelatina] t=    0 ms  TRACK        rival=si d= 278 mm rumbo=   +0 cdeg  linea=0x0
WARNING: Contact joints between materials 'patin' and 'dohyo' will only be created for the 10 deepest contact points instead of all the 21 contact points.
[gelatina] t=  192 ms  ATTACK       rival=si d= 227 mm rumbo=   +0 cdeg  linea=0x0
[arbitro] asalto 30/30  banco    rival fuera     +1   0.64 s

[arbitro] RESULTADO  18W 12L 0D  win rate 60.0%  auto-salidas 3  t medio de victoria 0.69 s

[arbitro] resultados -> ../../../../result.json
INFO: 'arbitro' controller exited successfully.
INFO: medido: Terminating.
INFO: oponente: Terminating.
