WARNING: Contact joints between materials 'patin' and 'dohyo' will only be created for the 10 deepest contact points instead of all the 12 contact points.
INFO: medido: Starting controller: $LAB_ROOT/Mini-Sumo-real/runs/real/20260913T170648119837Z_v22_v0.2.0_banco_charger_s0_r0/project/webots/controllers/medido/medido
INFO: oponente: Starting controller: $LAB_ROOT/Mini-Sumo-real/runs/real/20260913T170648119837Z_v22_v0.2.0_banco_charger_s0_r0/project/webots/controllers/oponente/oponente charger
INFO: arbitro: Starting controller: $LAB_ROOT/Mini-Sumo-real/runs/real/20260913T170648119837Z_v22_v0.2.0_banco_charger_s0_r0/project/webots/controllers/arbitro/arbitro --rounds 30 --rival charger --version v0.2.0 --colocacion banco --out ../../../../result.json
[planta] gelatina ciclo=1 rueda=0 V=7.4 R=4 Rpuente=0.5 I0=0.15 Ke=0.0793326178 Kt=0.0483794733
[planta] gelatina ciclo=1 rueda=1 V=7.4 R=4 Rpuente=0.5 I0=0.15 Ke=0.0793326178 Kt=0.0483794733
[sensores] gelatina ToF alcance=1200 minimo=30 sigma_rel=0.07
[gelatina] HAL Webots listo: paso 8 ms, umbral de linea 400
[gelatina] estrategia v0.2.0 en linea
[planta] rival ciclo=1 rueda=0 V=7.4 R=4 Rpuente=0.5 I0=0.15 Ke=0.0793326178 Kt=0.0483794733
[planta] rival ciclo=1 rueda=1 V=7.4 R=4 Rpuente=0.5 I0=0.15 Ke=0.0793326178 Kt=0.0483794733
[sensores] rival ToF alcance=1200 minimo=30 sigma_rel=0.07
[rival] comportamiento: charger

[arbitro] 30 asaltos contra 'charger', colocacion banco, limite 60 s por asalto
[gelatina] t=    0 ms  WAIT         rival=no d=9999 mm rumbo=   +0 cdeg  linea=0x0
[planta] asalto=0 mu=1.1 slip=0.0005 aleatorio=0
[planta] gelatina ciclo=2 rueda=0 V=7.4 R=4 Rpuente=0.5 I0=0.15 Ke=0.0793326178 Kt=0.0483794733
[planta] gelatina ciclo=2 rueda=1 V=7.4 R=4 Rpuente=0.5 I0=0.15 Ke=0.0793326178 Kt=0.0483794733
[sensores] gelatina ToF alcance=1200 minimo=30 sigma_rel=0.07
[gelatina] pulsador recibido: permiso previsto 5312 ms
[planta] rival ciclo=2 rueda=0 V=7.4 R=4 Rpuente=0.5 I0=0.15 Ke=0.0793326178 Kt=0.0483794733
[planta] rival ciclo=2 rueda=1 V=7.4 R=4 Rpuente=0.5 I0=0.15 Ke=0.0793326178 Kt=0.0483794733
[sensores] rival ToF alcance=1200 minimo=30 sigma_rel=0.07
[arranque] pulsador=312 permiso=5312 ms
[gelatina] permiso de arranque a los 5312 ms
[gelatina] t=    0 ms  TRACK        rival=si d= 278 mm rumbo=   +0 cdeg  linea=0x0
[gelatina] t=   32 ms  ATTACK       rival=si d= 247 mm rumbo=   +0 cdeg  linea=0x0
WARNING: Contact joints between materials 'patin' and 'dohyo' will only be created for the 10 deepest contact points instead of all the 53 contact points.
[arbitro] asalto  1/30  banco    rival fuera     +1   0.73 s
[planta] asalto=1 mu=1.1 slip=0.0005 aleatorio=0
[gelatina] fin de asalto motor={"battery_v":7.4,"resistance_ohm":[4,4],"bridge_ohm":[0.5,0.5],"omega_rad_s":[75.0983652,68.9276112],"current_a":[0.320500022,0.429287147],"torque_nm":[0.00824870125,0.0135117651],"applied_pwm":[1,1],"over_1_2a_samples":4,"over_3_2a_samples":0}
[gelatina] t=    0 ms  WAIT         rival=si d=  35 mm rumbo=   +0 cdeg  linea=0x3
[rival] fin de asalto motor={"battery_v":7.4,"resistance_ohm":[4,4],"bridge_ohm":[0.5,0.5],"omega_rad_s":[-52.6887603,5.81618377],"current_a":[-0.0577917146,0.884130426],"torque_nm":[0.00446098829,0.0355169722],"applied_pwm":[-0.6,0.6],"over_1_2a_samples":11,"over_3_2a_samples":0}
[planta] gelatina ciclo=3 rueda=0 V=7.4 R=4 Rpuente=0.5 I0=0.15 Ke=0.0793326178 Kt=0.0483794733
[planta] gelatina ciclo=3 rueda=1 V=7.4 R=4 Rpuente=0.5 I0=0.15 Ke=0.0793326178 Kt=0.0483794733
[sensores] gelatina ToF alcance=1200 minimo=30 sigma_rel=0.07
[gelatina] pulsador recibido: permiso previsto 11352 ms
[planta] rival ciclo=3 rueda=0 V=7.4 R=4 Rpuente=0.5 I0=0.15 Ke=0.0793326178 Kt=0.0483794733
[planta] rival ciclo=3 rueda=1 V=7.4 R=4 Rpuente=0.5 I0=0.15 Ke=0.0793326178 Kt=0.0483794733
[sensores] rival ToF alcance=1200 minimo=30 sigma_rel=0.07
[arranque] pulsador=6352 permiso=11352 ms
[gelatina] permiso de arranque a los 11352 ms
[gelatina] t=    0 ms  TRACK        rival=si d= 311 mm rumbo=   +0 cdeg  linea=0x0
[gelatina] t=   96 ms  ATTACK       rival=si d= 249 mm rumbo=   +0 cdeg  linea=0x0
WARNING: Contact joints between materials 'patin' and 'dohyo' will only be created for the 10 deepest contact points instead of all the 89 contact points.
[gelatina] t=  712 ms  SEARCH       rival=no d=9999 mm rumbo=-3000 cdeg  linea=0x0
[gelatina] t=  856 ms  TRACK        rival=si d=  31 mm rumbo=+4504 cdeg  linea=0x0
[gelatina] t=  864 ms  ATTACK       rival=si d=  31 mm rumbo=+4504 cdeg  linea=0x0
[gelatina] t= 1176 ms  SEARCH       rival=no d=9999 mm rumbo=+6000 cdeg  linea=0x0
[gelatina] t= 1384 ms  TRACK        rival=si d= 483 mm rumbo=+3000 cdeg  linea=0x0
WARNING: Contact joints between materials 'patin' and 'dohyo' will only be created for the 10 deepest contact points instead of all the 22 contact points.
[gelatina] t= 1976 ms  ATTACK       rival=si d= 202 mm rumbo=-3000 cdeg  linea=0x0
[gelatina] t= 2328 ms  EDGE_ESCAPE  rival=si d= 135 mm rumbo=+6000 cdeg  linea=0x2
[arbitro] asalto  2/30  banco    auto-salida     -1   2.42 s
[planta] asalto=2 mu=1.1 slip=0.0005 aleatorio=0
[gelatina] fin de asalto motor={"battery_v":7.4,"resistance_ohm":[4,4],"bridge_ohm":[0.5,0.5],"omega_rad_s":[-19.0378798,-42.3253419],"current_a":[-1.3088167,-0.404937819],"torque_nm":[-0.0560629417,-0.0123337574],"applied_pwm":[-1,-0.700000048],"over_1_2a_samples":37,"over_3_2a_samples":0}
[gelatina] t=    0 ms  WAIT         rival=si d=  80 mm rumbo=-1929 cdeg  linea=0x0
[rival] fin de asalto motor={"battery_v":7.4,"resistance_ohm":[4,4],"bridge_ohm":[0.5,0.5],"omega_rad_s":[-48.5366978,33.682792],"current_a":[-0.13099038,0.392856875],"torque_nm":[0.000919675427,0.0117492877],"applied_pwm":[-0.6,0.6],"over_1_2a_samples":55,"over_3_2a_samples":0}
[planta] gelatina ciclo=4 rueda=0 V=7.4 R=4 Rpuente=0.5 I0=0.15 Ke=0.0793326178 Kt=0.0483794733
[planta] gelatina ciclo=4 rueda=1 V=7.4 R=4 Rpuente=0.5 I0=0.15 Ke=0.0793326178 Kt=0.0483794733
[sensores] gelatina ToF alcance=1200 minimo=30 sigma_rel=0.07
[gelatina] pulsador recibido: permiso previsto 19080 ms
[arranque] pulsador=14080 permiso=19080 ms
[planta] rival ciclo=4 rueda=0 V=7.4 R=4 Rpuente=0.5 I0=0.15 Ke=0.0793326178 Kt=0.0483794733
[planta] rival ciclo=4 rueda=1 V=7.4 R=4 Rpuente=0.5 I0=0.15 Ke=0.0793326178 Kt=0.0483794733
[sensores] rival ToF alcance=1200 minimo=30 sigma_rel=0.07
[gelatina] permiso de arranque a los 19080 ms
[gelatina] t=    0 ms  TRACK        rival=si d= 296 mm rumbo=   +0 cdeg  linea=0x0
[gelatina] t=   64 ms  ATTACK       rival=si d= 235 mm rumbo=   +0 cdeg  linea=0x0
WARNING: Contact joints between materials 'patin' and 'dohyo' will only be created for the 10 deepest contact points instead of all the 287 contact points.
[gelatina] t=  615 ms  SEARCH       rival=no d=9999 mm rumbo=+3000 cdeg  linea=0x0
[gelatina] t=  623 ms  TRACK        rival=si d=  39 mm rumbo=-6000 cdeg  linea=0x0
[gelatina] t=  631 ms  ATTACK       rival=si d=  39 mm rumbo=-6000 cdeg  linea=0x0
[gelatina] t= 1079 ms  SEARCH       rival=no d=9999 mm rumbo=+3000 cdeg  linea=0x0
[gelatina] t= 1087 ms  TRACK        rival=si d=  30 mm rumbo=+3000 cdeg  linea=0x0
[gelatina] t= 1096 ms  ATTACK       rival=si d=  30 mm rumbo=+3000 cdeg  linea=0x0
WARNING: Contact joints between materials 'patin' and 'dohyo' will only be created for the 10 deepest contact points instead of all the 12 contact points.
[gelatina] t= 1352 ms  EDGE_ESCAPE  rival=si d=  48 mm rumbo=-3000 cdeg  linea=0x1
[arbitro] asalto  3/30  banco    rival fuera     +1   1.35 s
[planta] asalto=3 mu=1.1 slip=0.0005 aleatorio=0
[gelatina] fin de asalto motor={"battery_v":7.4,"resistance_ohm":[4,4],"bridge_ohm":[0.5,0.5],"omega_rad_s":[63.1076001,63.8218504],"current_a":[0.203001994,-0.141086068],"torque_nm":[0.00256420854,-0.0140825907],"applied_pwm":[0.800000012,0.598414481],"over_1_2a_samples":45,"over_3_2a_samples":0}
[gelatina] t=    0 ms  WAIT         rival=no d=9999 mm rumbo=-3000 cdeg  linea=0x3
[rival] fin de asalto motor={"battery_v":7.4,"resistance_ohm":[4,4],"bridge_ohm":[0.5,0.5],"omega_rad_s":[-57.6246673,-62.1982378],"current_a":[-0.381885399,-0.301255771],"torque_nm":[-0.0112184935,-0.00731767454],"applied_pwm":[-0.85,-0.85],"over_1_2a_samples":78,"over_3_2a_samples":0}
[planta] gelatina ciclo=5 rueda=0 V=7.4 R=4 Rpuente=0.5 I0=0.15 Ke=0.0793326178 Kt=0.0483794733
[planta] gelatina ciclo=5 rueda=1 V=7.4 R=4 Rpuente=0.5 I0=0.15 Ke=0.0793326178 Kt=0.0483794733
[sensores] gelatina ToF alcance=1200 minimo=30 sigma_rel=0.07
[gelatina] pulsador recibido: permiso previsto 25744 ms
[arranque] pulsador=20744 permiso=25744 ms
[planta] rival ciclo=5 rueda=0 V=7.4 R=4 Rpuente=0.5 I0=0.15 Ke=0.0793326178 Kt=0.0483794733
[planta] rival ciclo=5 rueda=1 V=7.4 R=4 Rpuente=0.5 I0=0.15 Ke=0.0793326178 Kt=0.0483794733
[sensores] rival ToF alcance=1200 minimo=30 sigma_rel=0.07
[gelatina] permiso de arranque a los 25744 ms
[gelatina] t=    0 ms  TRACK        rival=si d= 265 mm rumbo=   +0 cdeg  linea=0x0
[gelatina] t=   96 ms  ATTACK       rival=si d= 237 mm rumbo=   +0 cdeg  linea=0x0
WARNING: Contact joints between materials 'patin' and 'dohyo' will only be created for the 10 deepest contact points instead of all the 286 contact points.
[gelatina] t=  720 ms  EDGE_ESCAPE  rival=si d=  34 mm rumbo=   +0 cdeg  linea=0x4
[arbitro] asalto  4/30  banco    rival fuera     +1   1.11 s
[planta] asalto=4 mu=1.1 slip=0.0005 aleatorio=0
[gelatina] fin de asalto motor={"battery_v":7.4,"resistance_ohm":[4,4],"bridge_ohm":[0.5,0.5],"omega_rad_s":[46.1091113,-16.6281694],"current_a":[0.584898593,-1.10463199],"torque_nm":[0.0210401649,-0.0461845931],"applied_pwm":[0.850000024,-0.850000024],"over_1_2a_samples":54,"over_3_2a_samples":0}
[gelatina] t=    0 ms  WAIT         rival=no d=9999 mm rumbo=   +0 cdeg  linea=0x1
[rival] fin de asalto motor={"battery_v":7.4,"resistance_ohm":[4,4],"bridge_ohm":[0.5,0.5],"omega_rad_s":[-65.4609222,-64.8761458],"current_a":[-0.243736373,-0.254045672],"torque_nm":[-0.00453491637,-0.00503367483],"applied_pwm":[-0.85,-0.85],"over_1_2a_samples":101,"over_3_2a_samples":0}
[planta] gelatina ciclo=6 rueda=0 V=7.4 R=4 Rpuente=0.5 I0=0.15 Ke=0.0793326178 Kt=0.0483794733
[planta] gelatina ciclo=6 rueda=1 V=7.4 R=4 Rpuente=0.5 I0=0.15 Ke=0.0793326178 Kt=0.0483794733
[sensores] gelatina ToF alcance=1200 minimo=30 sigma_rel=0.07
[gelatina] pulsador recibido: permiso previsto 32168 ms
[planta] rival ciclo=6 rueda=0 V=7.4 R=4 Rpuente=0.5 I0=0.15 Ke=0.0793326178 Kt=0.0483794733
[planta] rival ciclo=6 rueda=1 V=7.4 R=4 Rpuente=0.5 I0=0.15 Ke=0.0793326178 Kt=0.0483794733
[sensores] rival ToF alcance=1200 minimo=30 sigma_rel=0.07
[arranque] pulsador=27168 permiso=32168 ms
[gelatina] permiso de arranque a los 32168 ms
[gelatina] t=    0 ms  TRACK        rival=si d= 304 mm rumbo=   +0 cdeg  linea=0x0
[gelatina] t=  128 ms  ATTACK       rival=si d= 240 mm rumbo=   +0 cdeg  linea=0x0
WARNING: Contact joints between materials 'patin' and 'dohyo' will only be created for the 10 deepest contact points instead of all the 25 contact points.
[gelatina] t=  312 ms  EDGE_ESCAPE  rival=si d=  70 mm rumbo=-3000 cdeg  linea=0x4
[gelatina] t=  328 ms  ATTACK       rival=si d=  33 mm rumbo=   +0 cdeg  linea=0x4
[gelatina] t= 1240 ms  EDGE_ESCAPE  rival=si d=  44 mm rumbo=+3000 cdeg  linea=0xC
WARNING: Contact joints between materials 'patin' and 'dohyo' will only be created for the 10 deepest contact points instead of all the 11 contact points.
[arbitro] asalto  5/30  banco    expulsado       -1   1.33 s
[planta] asalto=5 mu=1.1 slip=0.0005 aleatorio=0
[gelatina] fin de asalto motor={"battery_v":7.4,"resistance_ohm":[4,4],"bridge_ohm":[0.5,0.5],"omega_rad_s":[66.0712954,35.6836712],"current_a":[0.479642484,0.522026957],"torque_nm":[0.0159479298,0.0179984683],"applied_pwm":[1,0.700000048],"over_1_2a_samples":58,"over_3_2a_samples":0}
[gelatina] t=    0 ms  WAIT         rival=no d=9999 mm rumbo=+3000 cdeg  linea=0x4
[rival] fin de asalto motor={"battery_v":7.4,"resistance_ohm":[4,4],"bridge_ohm":[0.5,0.5],"omega_rad_s":[29.5501359,51.8114143],"current_a":[-1.26095325,-0.173407806],"torque_nm":[-0.0682611753,-0.0156462993],"applied_pwm":[-0.45,0.45],"over_1_2a_samples":152,"over_3_2a_samples":0}
[planta] gelatina ciclo=7 rueda=0 V=7.4 R=4 Rpuente=0.5 I0=0.15 Ke=0.0793326178 Kt=0.0483794733
[planta] gelatina ciclo=7 rueda=1 V=7.4 R=4 Rpuente=0.5 I0=0.15 Ke=0.0793326178 Kt=0.0483794733
[sensores] gelatina ToF alcance=1200 minimo=30 sigma_rel=0.07
[gelatina] pulsador recibido: permiso previsto 38808 ms
[arranque] pulsador=33808 permiso=38808 ms
[planta] rival ciclo=7 rueda=0 V=7.4 R=4 Rpuente=0.5 I0=0.15 Ke=0.0793326178 Kt=0.0483794733
[planta] rival ciclo=7 rueda=1 V=7.4 R=4 Rpuente=0.5 I0=0.15 Ke=0.0793326178 Kt=0.0483794733
[sensores] rival ToF alcance=1200 minimo=30 sigma_rel=0.07
[gelatina] permiso de arranque a los 38808 ms
[gelatina] t=    0 ms  TRACK        rival=si d= 253 mm rumbo=   +0 cdeg  linea=0x0
[gelatina] t=    8 ms  ATTACK       rival=si d= 253 mm rumbo=   +0 cdeg  linea=0x0
WARNING: Contact joints between materials 'patin' and 'dohyo' will only be created for the 10 deepest contact points instead of all the 84 contact points.
[gelatina] t=  816 ms  EDGE_ESCAPE  rival=si d=  80 mm rumbo=+1528 cdeg  linea=0x2
[gelatina] t=  824 ms  ATTACK       rival=si d=  56 mm rumbo=+1500 cdeg  linea=0x2
[arbitro] asalto  6/30  banco    rival fuera     +1   0.83 s
[planta] asalto=6 mu=1.1 slip=0.0005 aleatorio=0
[gelatina] fin de asalto motor={"battery_v":7.4,"resistance_ohm":[4,4],"bridge_ohm":[0.5,0.5],"omega_rad_s":[58.3961577,67.7614212],"current_a":[0.449202994,0.449846461],"torque_nm":[0.0144752833,0.0145064139],"applied_pwm":[0.899207234,1],"over_1_2a_samples":63,"over_3_2a_samples":0}
[gelatina] t=    0 ms  WAIT         rival=si d=  56 mm rumbo=+1500 cdeg  linea=0x0
[rival] fin de asalto motor={"battery_v":7.4,"resistance_ohm":[4,4],"bridge_ohm":[0.5,0.5],"omega_rad_s":[-46.9154555,43.0309033],"current_a":[-0.159572023,0.228054622],"torque_nm":[-0.00046308942,0.00377624148],"applied_pwm":[-0.6,0.6],"over_1_2a_samples":166,"over_3_2a_samples":0}
[planta] gelatina ciclo=8 rueda=0 V=7.4 R=4 Rpuente=0.5 I0=0.15 Ke=0.0793326178 Kt=0.0483794733
[planta] gelatina ciclo=8 rueda=1 V=7.4 R=4 Rpuente=0.5 I0=0.15 Ke=0.0793326178 Kt=0.0483794733
[sensores] gelatina ToF alcance=1200 minimo=30 sigma_rel=0.07
[gelatina] pulsador recibido: permiso previsto 44952 ms
[planta] rival ciclo=8 rueda=0 V=7.4 R=4 Rpuente=0.5 I0=0.15 Ke=0.0793326178 Kt=0.0483794733
[planta] rival ciclo=8 rueda=1 V=7.4 R=4 Rpuente=0.5 I0=0.15 Ke=0.0793326178 Kt=0.0483794733
[sensores] rival ToF alcance=1200 minimo=30 sigma_rel=0.07
[arranque] pulsador=39952 permiso=44952 ms
[gelatina] permiso de arranque a los 44952 ms
[gelatina] t=    0 ms  TRACK        rival=si d= 254 mm rumbo=   +0 cdeg  linea=0x0
[gelatina] t=    8 ms  ATTACK       rival=si d= 254 mm rumbo=   +0 cdeg  linea=0x0
WARNING: Contact joints between materials 'patin' and 'dohyo' will only be created for the 10 deepest contact points instead of all the 12 contact points.
[gelatina] t=  256 ms  EDGE_ESCAPE  rival=si d=  37 mm rumbo=-3000 cdeg  linea=0x2
[gelatina] t=  920 ms  SEARCH       rival=no d=9999 mm rumbo=+6000 cdeg  linea=0x0
WARNING: Contact joints between materials 'patin' and 'dohyo' will only be created for the 10 deepest contact points instead of all the 100 contact points.
WARNING: Contact joints between materials 'patin' and 'dohyo' will only be created for the 10 deepest contact points instead of all the 100 contact points.
WARNING: Contact joints between materials 'patin' and 'dohyo' will only be created for the 10 deepest contact points instead of all the 100 contact points.
WARNING: Contact joints between materials 'patin' and 'dohyo' will only be created for the 10 deepest contact points instead of all the 100 contact points.
WARNING: Contact joints between materials 'patin' and 'dohyo' will only be created for the 10 deepest contact points instead of all the 100 contact points.
WARNING: Contact joints between materials 'patin' and 'dohyo' will only be created for the 10 deepest contact points instead of all the 100 contact points.
WARNING: Contact joints between materials 'patin' and 'dohyo' will only be created for the 10 deepest contact points instead of all the 100 contact points.
WARNING: Contact joints between materials 'patin' and 'dohyo' will only be created for the 10 deepest contact points instead of all the 100 contact points.
WARNING: Contact joints between materials 'patin' and 'dohyo' will only be created for the 10 deepest contact points instead of all the 100 contact points.
WARNING: Contact joints between materials 'patin' and 'dohyo' will only be created for the 10 deepest contact points instead of all the 100 contact points.
[gelatina] t=10920 ms  TRACK        rival=si d=  27 mm rumbo=+1504 cdeg  linea=0x0
[gelatina] t=10928 ms  ATTACK       rival=si d=  27 mm rumbo=+1504 cdeg  linea=0x0
[gelatina] t=10952 ms  EDGE_ESCAPE  rival=si d= 236 mm rumbo=+6000 cdeg  linea=0x1
WARNING: Contact joints between materials 'patin' and 'dohyo' will only be created for the 10 deepest contact points instead of all the 26 contact points.
[gelatina] t=11616 ms  SEARCH       rival=si d= 115 mm rumbo=+3000 cdeg  linea=0x0
[gelatina] t=11624 ms  TRACK        rival=si d= 115 mm rumbo=+3000 cdeg  linea=0x0
[gelatina] t=11632 ms  ATTACK       rival=si d= 115 mm rumbo=+3000 cdeg  linea=0x0
[gelatina] t=11936 ms  SEARCH       rival=no d=9999 mm rumbo=+6000 cdeg  linea=0x0
[gelatina] t=12032 ms  EDGE_ESCAPE  rival=no d=9999 mm rumbo=+6000 cdeg  linea=0x2
[gelatina] t=12224 ms  ATTACK       rival=si d=  58 mm rumbo=+1538 cdeg  linea=0x2
[gelatina] t=12240 ms  EDGE_ESCAPE  rival=si d=  81 mm rumbo=+1502 cdeg  linea=0x3
[arbitro] asalto  7/30  banco    auto-salida     -1  12.28 s
[planta] asalto=7 mu=1.1 slip=0.0005 aleatorio=0
[gelatina] fin de asalto motor={"battery_v":7.4,"resistance_ohm":[4,4],"bridge_ohm":[0.5,0.5],"omega_rad_s":[-95.8297613,-69.6633328],"current_a":[0.044983517,0.0770164899],"torque_nm":[0.00943319986,0.0109829382],"applied_pwm":[-1,-0.700000048],"over_1_2a_samples":111,"over_3_2a_samples":0}
[gelatina] t=    0 ms  WAIT         rival=no d=9999 mm rumbo=+1502 cdeg  linea=0x8
[rival] fin de asalto motor={"battery_v":7.4,"resistance_ohm":[4,4],"bridge_ohm":[0.5,0.5],"omega_rad_s":[23.3103189,69.6382691],"current_a":[0.699051418,0.416758625],"torque_nm":[0.0265628184,0.0129056418],"applied_pwm":[0.675,1],"over_1_2a_samples":175,"over_3_2a_samples":0}
WARNING: Contact joints between materials 'patin' and 'dohyo' will only be created for the 10 deepest contact points instead of all the 12 contact points.
[planta] gelatina ciclo=9 rueda=0 V=7.4 R=4 Rpuente=0.5 I0=0.15 Ke=0.0793326178 Kt=0.0483794733
[planta] gelatina ciclo=9 rueda=1 V=7.4 R=4 Rpuente=0.5 I0=0.15 Ke=0.0793326178 Kt=0.0483794733
[sensores] gelatina ToF alcance=1200 minimo=30 sigma_rel=0.07
[gelatina] pulsador recibido: permiso previsto 62544 ms
[planta] rival ciclo=9 rueda=0 V=7.4 R=4 Rpuente=0.5 I0=0.15 Ke=0.0793326178 Kt=0.0483794733
[planta] rival ciclo=9 rueda=1 V=7.4 R=4 Rpuente=0.5 I0=0.15 Ke=0.0793326178 Kt=0.0483794733
[sensores] rival ToF alcance=1200 minimo=30 sigma_rel=0.07
[arranque] pulsador=57544 permiso=62544 ms
[gelatina] permiso de arranque a los 62544 ms
[gelatina] t=    0 ms  TRACK        rival=si d= 269 mm rumbo=   +0 cdeg  linea=0x0
[gelatina] t=   64 ms  ATTACK       rival=si d= 258 mm rumbo=   +0 cdeg  linea=0x0
WARNING: Contact joints between materials 'patin' and 'dohyo' will only be created for the 10 deepest contact points instead of all the 287 contact points.
[arbitro] asalto  8/30  banco    rival fuera     +1   0.78 s
[planta] asalto=8 mu=1.1 slip=0.0005 aleatorio=0
[gelatina] fin de asalto motor={"battery_v":7.4,"resistance_ohm":[4,4],"bridge_ohm":[0.5,0.5],"omega_rad_s":[53.8330555,74.6953917],"current_a":[0.52456513,0.327604232],"torque_nm":[0.0181212637,0.0085923992],"applied_pwm":[0.896116257,1],"over_1_2a_samples":114,"over_3_2a_samples":0}
[gelatina] t=    0 ms  WAIT         rival=si d=  35 mm rumbo=+1503 cdeg  linea=0x8
[rival] fin de asalto motor={"battery_v":7.4,"resistance_ohm":[4,4],"bridge_ohm":[0.5,0.5],"omega_rad_s":[-41.6789797,42.1131123],"current_a":[-0.251888319,0.24423479],"torque_nm":[-0.0049293032,0.00455902951],"applied_pwm":[-0.6,0.6],"over_1_2a_samples":187,"over_3_2a_samples":0}
[planta] gelatina ciclo=10 rueda=0 V=7.4 R=4 Rpuente=0.5 I0=0.15 Ke=0.0793326178 Kt=0.0483794733
[planta] gelatina ciclo=10 rueda=1 V=7.4 R=4 Rpuente=0.5 I0=0.15 Ke=0.0793326178 Kt=0.0483794733
[sensores] gelatina ToF alcance=1200 minimo=30 sigma_rel=0.07
[gelatina] pulsador recibido: permiso previsto 68632 ms
[arranque] pulsador=63632 permiso=68632 ms
[planta] rival ciclo=10 rueda=0 V=7.4 R=4 Rpuente=0.5 I0=0.15 Ke=0.0793326178 Kt=0.0483794733
[planta] rival ciclo=10 rueda=1 V=7.4 R=4 Rpuente=0.5 I0=0.15 Ke=0.0793326178 Kt=0.0483794733
[sensores] rival ToF alcance=1200 minimo=30 sigma_rel=0.07
[gelatina] permiso de arranque a los 68632 ms
[gelatina] t=    0 ms  TRACK        rival=si d= 299 mm rumbo=   +0 cdeg  linea=0x0
[gelatina] t=   96 ms  ATTACK       rival=si d= 258 mm rumbo=   +0 cdeg  linea=0x0
WARNING: Contact joints between materials 'rueda' and 'dohyo' will only be created for the 10 deepest contact points instead of all the 16 contact points.
WARNING: DEF GELATINA GelatinaNuclear > HingeJoint "rueda_izq" > RotationalMotor "motor_izq": The requested motor torque -1.0328 exceeds 'maxTorque' = 0.25
WARNING: Contact joints between materials 'patin' and 'dohyo' will only be created for the 10 deepest contact points instead of all the 46 contact points.
[arbitro] asalto  9/30  banco    rival fuera     +1   2.33 s
[planta] asalto=9 mu=1.1 slip=0.0005 aleatorio=0
[gelatina] fin de asalto motor={"battery_v":7.4,"resistance_ohm":[4,4],"bridge_ohm":[0.5,0.5],"omega_rad_s":[44.7141483,57.7876024],"current_a":[0.856157682,0.625679605],"torque_nm":[0.0341635367,0.0230131288],"applied_pwm":[1,1],"over_1_2a_samples":200,"over_3_2a_samples":3}
[gelatina] t=    0 ms  WAIT         rival=no d=9999 mm rumbo=   +0 cdeg  linea=0x2
[rival] fin de asalto motor={"battery_v":7.4,"resistance_ohm":[4,4],"bridge_ohm":[0.5,0.5],"omega_rad_s":[-66.7644549,-58.1602577],"current_a":[-0.220755781,-0.372443224],"torque_nm":[-0.00342312744,-0.010761686],"applied_pwm":[-0.85,-0.85],"over_1_2a_samples":240,"over_3_2a_samples":0}
WARNING: Contact joints between materials 'patin' and 'dohyo' will only be created for the 10 deepest contact points instead of all the 28 contact points.
[planta] gelatina ciclo=11 rueda=0 V=7.4 R=4 Rpuente=0.5 I0=0.15 Ke=0.0793326178 Kt=0.0483794733
[planta] gelatina ciclo=11 rueda=1 V=7.4 R=4 Rpuente=0.5 I0=0.15 Ke=0.0793326178 Kt=0.0483794733
[sensores] gelatina ToF alcance=1200 minimo=30 sigma_rel=0.07
[gelatina] pulsador recibido: permiso previsto 76272 ms
[planta] rival ciclo=11 rueda=0 V=7.4 R=4 Rpuente=0.5 I0=0.15 Ke=0.0793326178 Kt=0.0483794733
[planta] rival ciclo=11 rueda=1 V=7.4 R=4 Rpuente=0.5 I0=0.15 Ke=0.0793326178 Kt=0.0483794733
[sensores] rival ToF alcance=1200 minimo=30 sigma_rel=0.07
[arranque] pulsador=71272 permiso=76272 ms
[gelatina] permiso de arranque a los 76272 ms
[gelatina] t=    0 ms  TRACK        rival=si d= 282 mm rumbo=   +0 cdeg  linea=0x0
[gelatina] t=   96 ms  ATTACK       rival=si d= 248 mm rumbo=   +0 cdeg  linea=0x0
WARNING: Contact joints between materials 'patin' and 'dohyo' will only be created for the 10 deepest contact points instead of all the 15 contact points.
[gelatina] t=  520 ms  SEARCH       rival=no d=9999 mm rumbo=-3000 cdeg  linea=0x0
[gelatina] t=  592 ms  TRACK        rival=si d=  39 mm rumbo=-3000 cdeg  linea=0x0
[gelatina] t=  600 ms  ATTACK       rival=si d=  39 mm rumbo=-3000 cdeg  linea=0x0
[arbitro] asalto 10/30  banco    expulsado       -1   0.96 s
[planta] asalto=10 mu=1.1 slip=0.0005 aleatorio=0
[gelatina] fin de asalto motor={"battery_v":7.4,"resistance_ohm":[4,4],"bridge_ohm":[0.5,0.5],"omega_rad_s":[49.2867439,76.6856547],"current_a":[0.282211888,0.292516949],"torque_nm":[0.00639634149,0.00689489492],"applied_pwm":[0.699999988,1],"over_1_2a_samples":211,"over_3_2a_samples":3}
[gelatina] t=    0 ms  WAIT         rival=no d=9999 mm rumbo=+6000 cdeg  linea=0x4
[rival] fin de asalto motor={"battery_v":7.4,"resistance_ohm":[4,4],"bridge_ohm":[0.5,0.5],"omega_rad_s":[18.3655134,55.2789494],"current_a":[0.334003499,0.669905831],"torque_nm":[0.00890199236,0.0251527703],"applied_pwm":[0.4,1],"over_1_2a_samples":250,"over_3_2a_samples":0}
[planta] gelatina ciclo=12 rueda=0 V=7.4 R=4 Rpuente=0.5 I0=0.15 Ke=0.0793326178 Kt=0.0483794733
[planta] gelatina ciclo=12 rueda=1 V=7.4 R=4 Rpuente=0.5 I0=0.15 Ke=0.0793326178 Kt=0.0483794733
[sensores] gelatina ToF alcance=1200 minimo=30 sigma_rel=0.07
[gelatina] pulsador recibido: permiso previsto 82544 ms
[arranque] pulsador=77544 permiso=82544 ms
[planta] rival ciclo=12 rueda=0 V=7.4 R=4 Rpuente=0.5 I0=0.15 Ke=0.0793326178 Kt=0.0483794733
[planta] rival ciclo=12 rueda=1 V=7.4 R=4 Rpuente=0.5 I0=0.15 Ke=0.0793326178 Kt=0.0483794733
[sensores] rival ToF alcance=1200 minimo=30 sigma_rel=0.07
[gelatina] permiso de arranque a los 82544 ms
[gelatina] t=    0 ms  TRACK        rival=si d= 314 mm rumbo=   +0 cdeg  linea=0x0
[gelatina] t=   64 ms  ATTACK       rival=si d= 258 mm rumbo=   +0 cdeg  linea=0x0
WARNING: Contact joints between materials 'patin' and 'dohyo' will only be created for the 10 deepest contact points instead of all the 74 contact points.
WARNING: Contact joints between materials 'patin' and 'dohyo' will only be created for the 10 deepest contact points instead of all the 17 contact points.
[gelatina] t= 2032 ms  SEARCH       rival=no d=9999 mm rumbo=   +0 cdeg  linea=0x0
[gelatina] t= 2104 ms  TRACK        rival=si d=  32 mm rumbo=   +0 cdeg  linea=0x0
[gelatina] t= 2112 ms  ATTACK       rival=si d=  32 mm rumbo=   +0 cdeg  linea=0x0
WARNING: Contact joints between materials 'patin' and 'dohyo' will only be created for the 10 deepest contact points instead of all the 14 contact points.
WARNING: Contact joints between materials 'patin' and 'dohyo' will only be created for the 10 deepest contact points instead of all the 14 contact points.
WARNING: Contact joints between materials 'patin' and 'dohyo' will only be created for the 10 deepest contact points instead of all the 14 contact points.
WARNING: Contact joints between materials 'patin' and 'dohyo' will only be created for the 10 deepest contact points instead of all the 14 contact points.
WARNING: Contact joints between materials 'patin' and 'dohyo' will only be created for the 10 deepest contact points instead of all the 14 contact points.
WARNING: Contact joints between materials 'patin' and 'dohyo' will only be created for the 10 deepest contact points instead of all the 18 contact points.
WARNING: Contact joints between materials 'patin' and 'dohyo' will only be created for the 10 deepest contact points instead of all the 14 contact points.
WARNING: Contact joints between materials 'patin' and 'dohyo' will only be created for the 10 deepest contact points instead of all the 14 contact points.
WARNING: Contact joints between materials 'patin' and 'dohyo' will only be created for the 10 deepest contact points instead of all the 14 contact points.
WARNING: Contact joints between materials 'patin' and 'dohyo' will only be created for the 10 deepest contact points instead of all the 14 contact points.
WARNING: Contact joints between materials 'patin' and 'dohyo' will only be created for the 10 deepest contact points instead of all the 14 contact points.
WARNING: Contact joints between materials 'patin' and 'dohyo' will only be created for the 10 deepest contact points instead of all the 14 contact points.
WARNING: Contact joints between materials 'patin' and 'dohyo' will only be created for the 10 deepest contact points instead of all the 14 contact points.
WARNING: Contact joints between materials 'rueda' and 'dohyo' will only be created for the 10 deepest contact points instead of all the 12 contact points.
[gelatina] t=16160 ms  EDGE_ESCAPE  rival=si d=  29 mm rumbo=+3000 cdeg  linea=0x2
[arbitro] asalto 11/30  banco    rival fuera     +1  16.17 s
[planta] asalto=11 mu=1.1 slip=0.0005 aleatorio=0
[gelatina] fin de asalto motor={"battery_v":7.4,"resistance_ohm":[4,4],"bridge_ohm":[0.5,0.5],"omega_rad_s":[55.3033162,55.0956958],"current_a":[-0.31979769,0.0153587559],"torque_nm":[-0.0227285648,-0.00651387248],"applied_pwm":[0.398414493,0.600000024],"over_1_2a_samples":232,"over_3_2a_samples":3}
[gelatina] t=    0 ms  WAIT         rival=si d=  36 mm rumbo=+3000 cdeg  linea=0x0
[rival] fin de asalto motor={"battery_v":7.4,"resistance_ohm":[4,4],"bridge_ohm":[0.5,0.5],"omega_rad_s":[-26.8289256,27.2099906],"current_a":[-0.267020244,0.26030227],"torque_nm":[-0.00566137778,0.00533636573],"applied_pwm":[-0.45,0.45],"over_1_2a_samples":415,"over_3_2a_samples":0}
[planta] gelatina ciclo=13 rueda=0 V=7.4 R=4 Rpuente=0.5 I0=0.15 Ke=0.0793326178 Kt=0.0483794733
[planta] gelatina ciclo=13 rueda=1 V=7.4 R=4 Rpuente=0.5 I0=0.15 Ke=0.0793326178 Kt=0.0483794733
[sensores] gelatina ToF alcance=1200 minimo=30 sigma_rel=0.07
[gelatina] pulsador recibido: permiso previsto 104024 ms
[arranque] pulsador=99024 permiso=104024 ms
[planta] rival ciclo=13 rueda=0 V=7.4 R=4 Rpuente=0.5 I0=0.15 Ke=0.0793326178 Kt=0.0483794733
[planta] rival ciclo=13 rueda=1 V=7.4 R=4 Rpuente=0.5 I0=0.15 Ke=0.0793326178 Kt=0.0483794733
[sensores] rival ToF alcance=1200 minimo=30 sigma_rel=0.07
[gelatina] permiso de arranque a los 104024 ms
[gelatina] t=    0 ms  TRACK        rival=si d= 239 mm rumbo=   +0 cdeg  linea=0x0
[gelatina] t=    8 ms  ATTACK       rival=si d= 239 mm rumbo=   +0 cdeg  linea=0x0
WARNING: Contact joints between materials 'rueda' and 'dohyo' will only be created for the 10 deepest contact points instead of all the 17 contact points.
[gelatina] t=  552 ms  SEARCH       rival=no d=9999 mm rumbo=+3000 cdeg  linea=0x0
[gelatina] t=  624 ms  TRACK        rival=si d=  38 mm rumbo=   +0 cdeg  linea=0x0
[gelatina] t=  632 ms  ATTACK       rival=si d=  38 mm rumbo=   +0 cdeg  linea=0x0
[arbitro] asalto 12/30  banco    expulsado       -1   0.98 s
[planta] asalto=12 mu=1.1 slip=0.0005 aleatorio=0
[gelatina] fin de asalto motor={"battery_v":7.4,"resistance_ohm":[4,4],"bridge_ohm":[0.5,0.5],"omega_rad_s":[77.0380789,49.5270714],"current_a":[-0.0425849734,0.606863911],"torque_nm":[-0.00931715959,0.0221028354],"applied_pwm":[0.800000012,0.899999976],"over_1_2a_samples":255,"over_3_2a_samples":3}
[gelatina] t=    0 ms  WAIT         rival=si d= 522 mm rumbo=+3436 cdeg  linea=0x8
[rival] fin de asalto motor={"battery_v":7.4,"resistance_ohm":[4,4],"bridge_ohm":[0.5,0.5],"omega_rad_s":[70.6611392,29.6298234],"current_a":[0.398725967,0.587641898],"torque_nm":[0.0120332313,0.0211728845],"applied_pwm":[1,0.675],"over_1_2a_samples":434,"over_3_2a_samples":0}
[planta] gelatina ciclo=14 rueda=0 V=7.4 R=4 Rpuente=0.5 I0=0.15 Ke=0.0793326178 Kt=0.0483794733
[planta] gelatina ciclo=14 rueda=1 V=7.4 R=4 Rpuente=0.5 I0=0.15 Ke=0.0793326178 Kt=0.0483794733
[sensores] gelatina ToF alcance=1200 minimo=30 sigma_rel=0.07
[gelatina] pulsador recibido: permiso previsto 110320 ms
[planta] rival ciclo=14 rueda=0 V=7.4 R=4 Rpuente=0.5 I0=0.15 Ke=0.0793326178 Kt=0.0483794733
[planta] rival ciclo=14 rueda=1 V=7.4 R=4 Rpuente=0.5 I0=0.15 Ke=0.0793326178 Kt=0.0483794733
[sensores] rival ToF alcance=1200 minimo=30 sigma_rel=0.07
[arranque] pulsador=105320 permiso=110320 ms
[gelatina] permiso de arranque a los 110320 ms
[gelatina] t=    0 ms  TRACK        rival=si d= 212 mm rumbo=   +0 cdeg  linea=0x0
[gelatina] t=    7 ms  ATTACK       rival=si d= 212 mm rumbo=   +0 cdeg  linea=0x0
WARNING: Contact joints between materials 'patin' and 'dohyo' will only be created for the 10 deepest contact points instead of all the 41 contact points.
WARNING: DEF GELATINA GelatinaNuclear > HingeJoint "rueda_der" > RotationalMotor "motor_der": The requested motor torque -0.281111 exceeds 'maxTorque' = 0.25
WARNING: Contact joints between materials 'patin' and 'dohyo' will only be created for the 10 deepest contact points instead of all the 11 contact points.
[gelatina] t= 1935 ms  SEARCH       rival=no d=9999 mm rumbo=+3038 cdeg  linea=0x0
[gelatina] t= 2071 ms  TRACK        rival=si d=  83 mm rumbo=+6000 cdeg  linea=0x0
[gelatina] t= 2079 ms  ATTACK       rival=si d=  83 mm rumbo=+6000 cdeg  linea=0x0
WARNING: Contact joints between materials 'patin' and 'dohyo' will only be created for the 10 deepest contact points instead of all the 15 contact points.
[arbitro] asalto 13/30  banco    rival fuera     +1   2.56 s
[planta] asalto=13 mu=1.1 slip=0.0005 aleatorio=0
[gelatina] fin de asalto motor={"battery_v":7.4,"resistance_ohm":[4,4],"bridge_ohm":[0.5,0.5],"omega_rad_s":[77.3276253,43.7899856],"current_a":[0.281199347,0.379116827],"torque_nm":[0.00634735529,0.0110845514],"applied_pwm":[1,0.699999988],"over_1_2a_samples":278,"over_3_2a_samples":4}
[gelatina] t=    0 ms  WAIT         rival=si d= 185 mm rumbo=-6000 cdeg  linea=0x0
[rival] fin de asalto motor={"battery_v":7.4,"resistance_ohm":[4,4],"bridge_ohm":[0.5,0.5],"omega_rad_s":[-68.0415312,-66.1546726],"current_a":[-0.198241603,-0.231505922],"torque_nm":[-0.00233390336,-0.00394321357],"applied_pwm":[-0.85,-0.85],"over_1_2a_samples":473,"over_3_2a_samples":0}
[planta] gelatina ciclo=15 rueda=0 V=7.4 R=4 Rpuente=0.5 I0=0.15 Ke=0.0793326178 Kt=0.0483794733
[planta] gelatina ciclo=15 rueda=1 V=7.4 R=4 Rpuente=0.5 I0=0.15 Ke=0.0793326178 Kt=0.0483794733
[sensores] gelatina ToF alcance=1200 minimo=30 sigma_rel=0.07
[gelatina] pulsador recibido: permiso previsto 118192 ms
[planta] rival ciclo=15 rueda=0 V=7.4 R=4 Rpuente=0.5 I0=0.15 Ke=0.0793326178 Kt=0.0483794733
[planta] rival ciclo=15 rueda=1 V=7.4 R=4 Rpuente=0.5 I0=0.15 Ke=0.0793326178 Kt=0.0483794733
[sensores] rival ToF alcance=1200 minimo=30 sigma_rel=0.07
[arranque] pulsador=113192 permiso=118192 ms
[gelatina] permiso de arranque a los 118192 ms
[gelatina] t=    0 ms  TRACK        rival=si d= 309 mm rumbo=   +0 cdeg  linea=0x0
[gelatina] t=  128 ms  ATTACK       rival=si d= 212 mm rumbo=   +0 cdeg  linea=0x0
WARNING: Contact joints between materials 'patin' and 'dohyo' will only be created for the 10 deepest contact points instead of all the 94 contact points.
[gelatina] t=  512 ms  SEARCH       rival=no d=9999 mm rumbo=+1440 cdeg  linea=0x0
[gelatina] t=  688 ms  TRACK        rival=si d=  44 mm rumbo=-6000 cdeg  linea=0x0
[gelatina] t=  696 ms  ATTACK       rival=si d=  44 mm rumbo=-6000 cdeg  linea=0x0
[arbitro] asalto 14/30  banco    rival fuera     +1   0.96 s
[planta] asalto=14 mu=1.1 slip=0.0005 aleatorio=0
[gelatina] fin de asalto motor={"battery_v":7.4,"resistance_ohm":[4,4],"bridge_ohm":[0.5,0.5],"omega_rad_s":[74.1062144,44.7191049],"current_a":[0.337991116,0.362736946],"torque_nm":[0.00909491116,0.0102921014],"applied_pwm":[1,0.699999988],"over_1_2a_samples":293,"over_3_2a_samples":4}
[gelatina] t=    0 ms  WAIT         rival=no d=9999 mm rumbo=-6000 cdeg  linea=0x0
[rival] fin de asalto motor={"battery_v":7.4,"resistance_ohm":[4,4],"bridge_ohm":[0.5,0.5],"omega_rad_s":[-70.4764407,-68.0150675],"current_a":[-0.155315436,-0.198708144],"torque_nm":[-0.000257158006,-0.00235647436],"applied_pwm":[-0.85,-0.85],"over_1_2a_samples":495,"over_3_2a_samples":0}
[planta] gelatina ciclo=16 rueda=0 V=7.4 R=4 Rpuente=0.5 I0=0.15 Ke=0.0793326178 Kt=0.0483794733
[planta] gelatina ciclo=16 rueda=1 V=7.4 R=4 Rpuente=0.5 I0=0.15 Ke=0.0793326178 Kt=0.0483794733
[sensores] gelatina ToF alcance=1200 minimo=30 sigma_rel=0.07
[gelatina] pulsador recibido: permiso previsto 124464 ms
[arranque] pulsador=119464 permiso=124464 ms
[planta] rival ciclo=16 rueda=0 V=7.4 R=4 Rpuente=0.5 I0=0.15 Ke=0.0793326178 Kt=0.0483794733
[planta] rival ciclo=16 rueda=1 V=7.4 R=4 Rpuente=0.5 I0=0.15 Ke=0.0793326178 Kt=0.0483794733
[sensores] rival ToF alcance=1200 minimo=30 sigma_rel=0.07
[gelatina] permiso de arranque a los 124464 ms
[gelatina] t=    0 ms  TRACK        rival=si d= 261 mm rumbo=   +0 cdeg  linea=0x0
WARNING: Contact joints between materials 'patin' and 'dohyo' will only be created for the 10 deepest contact points instead of all the 15 contact points.
[gelatina] t=   96 ms  ATTACK       rival=si d= 239 mm rumbo=   +0 cdeg  linea=0x0
[gelatina] t=  784 ms  SEARCH       rival=no d=9999 mm rumbo=-6000 cdeg  linea=0x0
[gelatina] t=  856 ms  TRACK        rival=si d=  32 mm rumbo=+6000 cdeg  linea=0x0
[gelatina] t=  864 ms  ATTACK       rival=si d=  32 mm rumbo=+6000 cdeg  linea=0x0
[arbitro] asalto 15/30  banco    rival fuera     +1   0.97 s
[planta] asalto=15 mu=1.1 slip=0.0005 aleatorio=0
[gelatina] fin de asalto motor={"battery_v":7.4,"resistance_ohm":[4,4],"bridge_ohm":[0.5,0.5],"omega_rad_s":[48.3146873,47.6257443],"current_a":[0.29934873,0.804827785],"torque_nm":[0.00722541292,0.0316802234],"applied_pwm":[0.699999988,1],"over_1_2a_samples":310,"over_3_2a_samples":4}
[gelatina] t=    0 ms  WAIT         rival=si d= 310 mm rumbo=   +0 cdeg  linea=0x1
[rival] fin de asalto motor={"battery_v":7.4,"resistance_ohm":[4,4],"bridge_ohm":[0.5,0.5],"omega_rad_s":[-38.1102535,1.20773988],"current_a":[-0.725914184,-1.41906959],"torque_nm":[-0.0278624249,-0.0747206272],"applied_pwm":[-0.85,-0.85],"over_1_2a_samples":511,"over_3_2a_samples":0}
[planta] gelatina ciclo=17 rueda=0 V=7.4 R=4 Rpuente=0.5 I0=0.15 Ke=0.0793326178 Kt=0.0483794733
[planta] gelatina ciclo=17 rueda=1 V=7.4 R=4 Rpuente=0.5 I0=0.15 Ke=0.0793326178 Kt=0.0483794733
[sensores] gelatina ToF alcance=1200 minimo=30 sigma_rel=0.07
[gelatina] pulsador recibido: permiso previsto 130744 ms
[arranque] pulsador=125744 permiso=130744 ms
[planta] rival ciclo=17 rueda=0 V=7.4 R=4 Rpuente=0.5 I0=0.15 Ke=0.0793326178 Kt=0.0483794733
[planta] rival ciclo=17 rueda=1 V=7.4 R=4 Rpuente=0.5 I0=0.15 Ke=0.0793326178 Kt=0.0483794733
[sensores] rival ToF alcance=1200 minimo=30 sigma_rel=0.07
[gelatina] permiso de arranque a los 130744 ms
[gelatina] t=    0 ms  TRACK        rival=si d= 311 mm rumbo=   +0 cdeg  linea=0x0
[gelatina] t=   32 ms  ATTACK       rival=si d= 242 mm rumbo=   +0 cdeg  linea=0x0
WARNING: Contact joints between materials 'patin' and 'dohyo' will only be created for the 10 deepest contact points instead of all the 54 contact points.
[gelatina] t=  360 ms  TRACK        rival=si d= 748 mm rumbo=+6000 cdeg  linea=0x0
[gelatina] t=  488 ms  ATTACK       rival=si d=  58 mm rumbo=   +0 cdeg  linea=0x0
[gelatina] t=  816 ms  SEARCH       rival=no d=9999 mm rumbo=-6000 cdeg  linea=0x0
[gelatina] t=  920 ms  TRACK        rival=si d= 229 mm rumbo=+3314 cdeg  linea=0x2
[gelatina] t=  928 ms  ATTACK       rival=si d= 229 mm rumbo=+3314 cdeg  linea=0x2
[arbitro] asalto 16/30  banco    auto-salida     -1   0.95 s
[planta] asalto=16 mu=1.1 slip=0.0005 aleatorio=0
[gelatina] fin de asalto motor={"battery_v":7.4,"resistance_ohm":[4,4],"bridge_ohm":[0.5,0.5],"omega_rad_s":[62.1988133,-13.8598415],"current_a":[0.186360397,0.462230497],"torque_nm":[0.00175909685,0.029619389],"applied_pwm":[0.78013736,0.132499963],"over_1_2a_samples":321,"over_3_2a_samples":4}
[gelatina] t=    0 ms  WAIT         rival=si d= 102 mm rumbo=+3272 cdeg  linea=0x8
[rival] fin de asalto motor={"battery_v":7.4,"resistance_ohm":[4,4],"bridge_ohm":[0.5,0.5],"omega_rad_s":[-50.5431412,38.5790258],"current_a":[-0.0956178443,0.306538866],"torque_nm":[0.00263098005,0.00757326788],"applied_pwm":[-0.6,0.6],"over_1_2a_samples":523,"over_3_2a_samples":0}
[arranque] pulsador=132008 permiso=137008 ms
[planta] gelatina ciclo=18 rueda=0 V=7.4 R=4 Rpuente=0.5 I0=0.15 Ke=0.0793326178 Kt=0.0483794733
[planta] gelatina ciclo=18 rueda=1 V=7.4 R=4 Rpuente=0.5 I0=0.15 Ke=0.0793326178 Kt=0.0483794733
[sensores] gelatina ToF alcance=1200 minimo=30 sigma_rel=0.07
[gelatina] pulsador recibido: permiso previsto 137008 ms
[planta] rival ciclo=18 rueda=0 V=7.4 R=4 Rpuente=0.5 I0=0.15 Ke=0.0793326178 Kt=0.0483794733
[planta] rival ciclo=18 rueda=1 V=7.4 R=4 Rpuente=0.5 I0=0.15 Ke=0.0793326178 Kt=0.0483794733
[sensores] rival ToF alcance=1200 minimo=30 sigma_rel=0.07
[gelatina] permiso de arranque a los 137008 ms
[gelatina] t=    0 ms  TRACK        rival=si d= 344 mm rumbo=   +0 cdeg  linea=0x0
[gelatina] t=   96 ms  ATTACK       rival=si d= 241 mm rumbo=   +0 cdeg  linea=0x0
WARNING: Contact joints between materials 'patin' and 'dohyo' will only be created for the 10 deepest contact points instead of all the 25 contact points.
[arbitro] asalto 17/30  banco    rival fuera     +1   0.72 s
[planta] asalto=17 mu=1.1 slip=0.0005 aleatorio=0
[gelatina] fin de asalto motor={"battery_v":7.4,"resistance_ohm":[4,4],"bridge_ohm":[0.5,0.5],"omega_rad_s":[66.9726214,64.1341946],"current_a":[0.463752583,0.513792544],"torque_nm":[0.0151791847,0.0176000917],"applied_pwm":[1,1],"over_1_2a_samples":332,"over_3_2a_samples":4}
[gelatina] t=    0 ms  WAIT         rival=no d=9999 mm rumbo=   +0 cdeg  linea=0x2
[rival] fin de asalto motor={"battery_v":7.4,"resistance_ohm":[4,4],"bridge_ohm":[0.5,0.5],"omega_rad_s":[-28.9005159,39.5422216],"current_a":[-0.230499204,0.042891566],"torque_nm":[-0.0038945091,-0.00518184963],"applied_pwm":[-0.45,0.45],"over_1_2a_samples":536,"over_3_2a_samples":0}
[planta] gelatina ciclo=19 rueda=0 V=7.4 R=4 Rpuente=0.5 I0=0.15 Ke=0.0793326178 Kt=0.0483794733
[planta] gelatina ciclo=19 rueda=1 V=7.4 R=4 Rpuente=0.5 I0=0.15 Ke=0.0793326178 Kt=0.0483794733
[sensores] gelatina ToF alcance=1200 minimo=30 sigma_rel=0.07
[gelatina] pulsador recibido: permiso previsto 143040 ms
[arranque] pulsador=138040 permiso=143040 ms
[planta] rival ciclo=19 rueda=0 V=7.4 R=4 Rpuente=0.5 I0=0.15 Ke=0.0793326178 Kt=0.0483794733
[planta] rival ciclo=19 rueda=1 V=7.4 R=4 Rpuente=0.5 I0=0.15 Ke=0.0793326178 Kt=0.0483794733
[sensores] rival ToF alcance=1200 minimo=30 sigma_rel=0.07
[gelatina] permiso de arranque a los 143040 ms
[gelatina] t=    0 ms  TRACK        rival=si d= 310 mm rumbo=   +0 cdeg  linea=0x0
[gelatina] t=   96 ms  ATTACK       rival=si d= 239 mm rumbo=   +0 cdeg  linea=0x0
WARNING: Contact joints between materials 'patin' and 'dohyo' will only be created for the 10 deepest contact points instead of all the 89 contact points.
WARNING: DEF RIVAL GelatinaNuclear > HingeJoint "rueda_der" > RotationalMotor "motor_der": The requested motor torque 0.321154 exceeds 'maxTorque' = 0.25
WARNING: DEF RIVAL GelatinaNuclear > HingeJoint "rueda_der" > RotationalMotor "motor_der": The requested motor torque -0.412241 exceeds 'maxTorque' = 0.25
WARNING: DEF RIVAL GelatinaNuclear > HingeJoint "rueda_der" > RotationalMotor "motor_der": The requested motor torque 0.27232 exceeds 'maxTorque' = 0.25
[arbitro] asalto 18/30  banco    rival fuera     +1   0.90 s
[planta] asalto=18 mu=1.1 slip=0.0005 aleatorio=0
[gelatina] fin de asalto motor={"battery_v":7.4,"resistance_ohm":[4,4],"bridge_ohm":[0.5,0.5],"omega_rad_s":[58.4418661,64.1483443],"current_a":[0.614145282,0.513543094],"torque_nm":[0.0224551043,0.0175880234],"applied_pwm":[1,1],"over_1_2a_samples":352,"over_3_2a_samples":4}
[gelatina] t=    0 ms  WAIT         rival=si d= 280 mm rumbo=   +0 cdeg  linea=0x3
[rival] fin de asalto motor={"battery_v":7.4,"resistance_ohm":[4,4],"bridge_ohm":[0.5,0.5],"omega_rad_s":[-35.611853,32.9017148],"current_a":[-0.358848551,0.406626851],"torque_nm":[-0.0101039829,0.0124154719],"applied_pwm":[-0.6,0.6],"over_1_2a_samples":550,"over_3_2a_samples":3}
[planta] gelatina ciclo=20 rueda=0 V=7.4 R=4 Rpuente=0.5 I0=0.15 Ke=0.0793326178 Kt=0.0483794733
[planta] gelatina ciclo=20 rueda=1 V=7.4 R=4 Rpuente=0.5 I0=0.15 Ke=0.0793326178 Kt=0.0483794733
[sensores] gelatina ToF alcance=1200 minimo=30 sigma_rel=0.07
[gelatina] pulsador recibido: permiso previsto 149256 ms
[arranque] pulsador=144256 permiso=149256 ms
[planta] rival ciclo=20 rueda=0 V=7.4 R=4 Rpuente=0.5 I0=0.15 Ke=0.0793326178 Kt=0.0483794733
[planta] rival ciclo=20 rueda=1 V=7.4 R=4 Rpuente=0.5 I0=0.15 Ke=0.0793326178 Kt=0.0483794733
[sensores] rival ToF alcance=1200 minimo=30 sigma_rel=0.07
[gelatina] permiso de arranque a los 149256 ms
[gelatina] t=    0 ms  TRACK        rival=si d= 275 mm rumbo=   +0 cdeg  linea=0x0
[gelatina] t=   96 ms  ATTACK       rival=si d= 220 mm rumbo=   +0 cdeg  linea=0x0
WARNING: Contact joints between materials 'patin' and 'dohyo' will only be created for the 10 deepest contact points instead of all the 20 contact points.
[arbitro] asalto 19/30  banco    rival fuera     +1   0.69 s
[planta] asalto=19 mu=1.1 slip=0.0005 aleatorio=0
[gelatina] fin de asalto motor={"battery_v":7.4,"resistance_ohm":[4,4],"bridge_ohm":[0.5,0.5],"omega_rad_s":[69.5713898,66.1001087],"current_a":[0.417937673,0.47913452],"torque_nm":[0.0129626835,0.0159233547],"applied_pwm":[1,1],"over_1_2a_samples":356,"over_3_2a_samples":4}
[gelatina] t=    0 ms  WAIT         rival=si d=  42 mm rumbo=   +0 cdeg  linea=0x0
[rival] fin de asalto motor={"battery_v":7.4,"resistance_ohm":[4,4],"bridge_ohm":[0.5,0.5],"omega_rad_s":[-58.1665134,17.96439],"current_a":[0.0387781718,0.66996398],"torque_nm":[0.00913298853,0.0251555835],"applied_pwm":[-0.6,0.6],"over_1_2a_samples":560,"over_3_2a_samples":3}
[planta] gelatina ciclo=21 rueda=0 V=7.4 R=4 Rpuente=0.5 I0=0.15 Ke=0.0793326178 Kt=0.0483794733
[planta] gelatina ciclo=21 rueda=1 V=7.4 R=4 Rpuente=0.5 I0=0.15 Ke=0.0793326178 Kt=0.0483794733
[sensores] gelatina ToF alcance=1200 minimo=30 sigma_rel=0.07
[gelatina] pulsador recibido: permiso previsto 155256 ms
[planta] rival ciclo=21 rueda=0 V=7.4 R=4 Rpuente=0.5 I0=0.15 Ke=0.0793326178 Kt=0.0483794733
[planta] rival ciclo=21 rueda=1 V=7.4 R=4 Rpuente=0.5 I0=0.15 Ke=0.0793326178 Kt=0.0483794733
[sensores] rival ToF alcance=1200 minimo=30 sigma_rel=0.07
[arranque] pulsador=150256 permiso=155256 ms
[gelatina] permiso de arranque a los 155256 ms
[gelatina] t=    0 ms  TRACK        rival=si d= 273 mm rumbo=   +0 cdeg  linea=0x0
[gelatina] t=  128 ms  ATTACK       rival=si d= 229 mm rumbo=   +0 cdeg  linea=0x0
WARNING: Contact joints between materials 'rueda' and 'dohyo' will only be created for the 10 deepest contact points instead of all the 14 contact points.
[arbitro] asalto 20/30  banco    expulsado       -1   1.00 s
[planta] asalto=20 mu=1.1 slip=0.0005 aleatorio=0
[gelatina] fin de asalto motor={"battery_v":7.4,"resistance_ohm":[4,4],"bridge_ohm":[0.5,0.5],"omega_rad_s":[72.9733323,73.3675469],"current_a":[0.357963226,0.343167993],"torque_nm":[0.0100611514,0.00934536578],"applied_pwm":[1,0.995229125],"over_1_2a_samples":372,"over_3_2a_samples":5}
[gelatina] t=    0 ms  WAIT         rival=si d= 283 mm rumbo=   +0 cdeg  linea=0x0
[rival] fin de asalto motor={"battery_v":7.4,"resistance_ohm":[4,4],"bridge_ohm":[0.5,0.5],"omega_rad_s":[-50.9591896,-52.3694844],"current_a":[-0.499394243,-0.474531491],"torque_nm":[-0.0169035094,-0.0157006626],"applied_pwm":[-0.85,-0.85],"over_1_2a_samples":573,"over_3_2a_samples":3}
[planta] gelatina ciclo=22 rueda=0 V=7.4 R=4 Rpuente=0.5 I0=0.15 Ke=0.0793326178 Kt=0.0483794733
[planta] gelatina ciclo=22 rueda=1 V=7.4 R=4 Rpuente=0.5 I0=0.15 Ke=0.0793326178 Kt=0.0483794733
[sensores] gelatina ToF alcance=1200 minimo=30 sigma_rel=0.07
[gelatina] pulsador recibido: permiso previsto 161568 ms
[arranque] pulsador=156568 permiso=161568 ms
[planta] rival ciclo=22 rueda=0 V=7.4 R=4 Rpuente=0.5 I0=0.15 Ke=0.0793326178 Kt=0.0483794733
[planta] rival ciclo=22 rueda=1 V=7.4 R=4 Rpuente=0.5 I0=0.15 Ke=0.0793326178 Kt=0.0483794733
[sensores] rival ToF alcance=1200 minimo=30 sigma_rel=0.07
[gelatina] permiso de arranque a los 161568 ms
[gelatina] t=    0 ms  TRACK        rival=si d= 287 mm rumbo=   +0 cdeg  linea=0x0
[gelatina] t=   64 ms  ATTACK       rival=si d= 241 mm rumbo=   +0 cdeg  linea=0x0
WARNING: Contact joints between materials 'patin' and 'dohyo' will only be created for the 10 deepest contact points instead of all the 13 contact points.
[gelatina] t=  360 ms  TRACK        rival=si d= 800 mm rumbo=-6000 cdeg  linea=0x3
[gelatina] t=  424 ms  ATTACK       rival=si d=  39 mm rumbo=+1632 cdeg  linea=0x1
WARNING: DEF GELATINA GelatinaNuclear > HingeJoint "rueda_der" > RotationalMotor "motor_der": The requested motor torque -0.396525 exceeds 'maxTorque' = 0.25
WARNING: DEF GELATINA GelatinaNuclear > HingeJoint "rueda_der" > RotationalMotor "motor_der": The requested motor torque 0.521818 exceeds 'maxTorque' = 0.25
WARNING: DEF GELATINA GelatinaNuclear > HingeJoint "rueda_der" > RotationalMotor "motor_der": The requested motor torque -0.356939 exceeds 'maxTorque' = 0.25
WARNING: DEF GELATINA GelatinaNuclear > HingeJoint "rueda_der" > RotationalMotor "motor_der": The requested motor torque 0.49212 exceeds 'maxTorque' = 0.25
WARNING: DEF GELATINA GelatinaNuclear > HingeJoint "rueda_der" > RotationalMotor "motor_der": The requested motor torque -0.343176 exceeds 'maxTorque' = 0.25
[gelatina] t=  848 ms  SEARCH       rival=no d=9999 mm rumbo=+6000 cdeg  linea=0x0
[gelatina] t= 1016 ms  TRACK        rival=si d= 557 mm rumbo=+6000 cdeg  linea=0x0
[arbitro] asalto 21/30  banco    rival fuera     +1   1.06 s
[planta] asalto=21 mu=1.1 slip=0.0005 aleatorio=0
[gelatina] fin de asalto motor={"battery_v":7.4,"resistance_ohm":[4,4],"bridge_ohm":[0.5,0.5],"omega_rad_s":[-18.8610652,57.2600028],"current_a":[0.569378609,0.634980908],"torque_nm":[0.0348031582,0.0234631209],"applied_pwm":[0.144041359,1],"over_1_2a_samples":392,"over_3_2a_samples":11}
[gelatina] t=    0 ms  WAIT         rival=si d= 628 mm rumbo=+3000 cdeg  linea=0x0
[rival] fin de asalto motor={"battery_v":7.4,"resistance_ohm":[4,4],"bridge_ohm":[0.5,0.5],"omega_rad_s":[-49.8728569,19.9995372],"current_a":[-0.107434601,0.634085414],"torque_nm":[0.00205929158,0.0234197974],"applied_pwm":[-0.6,0.6],"over_1_2a_samples":583,"over_3_2a_samples":3}
WARNING: Contact joints between materials 'patin' and 'dohyo' will only be created for the 10 deepest contact points instead of all the 13 contact points.
[planta] gelatina ciclo=23 rueda=0 V=7.4 R=4 Rpuente=0.5 I0=0.15 Ke=0.0793326178 Kt=0.0483794733
[planta] gelatina ciclo=23 rueda=1 V=7.4 R=4 Rpuente=0.5 I0=0.15 Ke=0.0793326178 Kt=0.0483794733
[sensores] gelatina ToF alcance=1200 minimo=30 sigma_rel=0.07
[gelatina] pulsador recibido: permiso previsto 167936 ms
[arranque] pulsador=162936 permiso=167936 ms
[planta] rival ciclo=23 rueda=0 V=7.4 R=4 Rpuente=0.5 I0=0.15 Ke=0.0793326178 Kt=0.0483794733
[planta] rival ciclo=23 rueda=1 V=7.4 R=4 Rpuente=0.5 I0=0.15 Ke=0.0793326178 Kt=0.0483794733
[sensores] rival ToF alcance=1200 minimo=30 sigma_rel=0.07
[gelatina] permiso de arranque a los 167936 ms
[gelatina] t=    0 ms  TRACK        rival=si d= 257 mm rumbo=   +0 cdeg  linea=0x0
[gelatina] t=    8 ms  ATTACK       rival=si d= 257 mm rumbo=   +0 cdeg  linea=0x0
WARNING: Contact joints between materials 'patin' and 'dohyo' will only be created for the 10 deepest contact points instead of all the 25 contact points.
WARNING: Contact joints between materials 'patin' and 'dohyo' will only be created for the 10 deepest contact points instead of all the 11 contact points.
[arbitro] asalto 22/30  banco    rival fuera     +1   1.30 s
[planta] asalto=22 mu=1.1 slip=0.0005 aleatorio=0
[gelatina] fin de asalto motor={"battery_v":7.4,"resistance_ohm":[4,4],"bridge_ohm":[0.5,0.5],"omega_rad_s":[52.4193341,63.0515125],"current_a":[0.388823127,0.532879657],"torque_nm":[0.0115541371,0.0185235161],"applied_pwm":[0.798414469,1],"over_1_2a_samples":412,"over_3_2a_samples":11}
[gelatina] t=    0 ms  WAIT         rival=si d=  31 mm rumbo=+3000 cdeg  linea=0x0
[rival] fin de asalto motor={"battery_v":7.4,"resistance_ohm":[4,4],"bridge_ohm":[0.5,0.5],"omega_rad_s":[-61.1724924,-61.6488198],"current_a":[-0.31933912,-0.310941721],"torque_nm":[-0.00819253745,-0.00778627571],"applied_pwm":[-0.85,-0.85],"over_1_2a_samples":629,"over_3_2a_samples":3}
[planta] gelatina ciclo=24 rueda=0 V=7.4 R=4 Rpuente=0.5 I0=0.15 Ke=0.0793326178 Kt=0.0483794733
[planta] gelatina ciclo=24 rueda=1 V=7.4 R=4 Rpuente=0.5 I0=0.15 Ke=0.0793326178 Kt=0.0483794733
[sensores] gelatina ToF alcance=1200 minimo=30 sigma_rel=0.07
[gelatina] pulsador recibido: permiso previsto 174552 ms
[arranque] pulsador=169552 permiso=174552 ms
[planta] rival ciclo=24 rueda=0 V=7.4 R=4 Rpuente=0.5 I0=0.15 Ke=0.0793326178 Kt=0.0483794733
[planta] rival ciclo=24 rueda=1 V=7.4 R=4 Rpuente=0.5 I0=0.15 Ke=0.0793326178 Kt=0.0483794733
[sensores] rival ToF alcance=1200 minimo=30 sigma_rel=0.07
[gelatina] permiso de arranque a los 174552 ms
[gelatina] t=    0 ms  TRACK        rival=si d= 306 mm rumbo=   +0 cdeg  linea=0x0
[gelatina] t=  128 ms  ATTACK       rival=si d= 245 mm rumbo=   +0 cdeg  linea=0x0
WARNING: Contact joints between materials 'patin' and 'dohyo' will only be created for the 10 deepest contact points instead of all the 45 contact points.
WARNING: Contact joints between materials 'patin' and 'dohyo' will only be created for the 10 deepest contact points instead of all the 16 contact points.
[arbitro] asalto 23/30  banco    rival fuera     +1   1.37 s
[planta] asalto=23 mu=1.1 slip=0.0005 aleatorio=0
[gelatina] fin de asalto motor={"battery_v":7.4,"resistance_ohm":[4,4],"bridge_ohm":[0.5,0.5],"omega_rad_s":[47.2975289,45.1782671],"current_a":[0.810614048,0.516479305],"torque_nm":[0.0319601597,0.0177300757],"applied_pwm":[1,0.798414469],"over_1_2a_samples":428,"over_3_2a_samples":11}
[gelatina] t=    0 ms  WAIT         rival=si d= 327 mm rumbo=   +0 cdeg  linea=0x2
[rival] fin de asalto motor={"battery_v":7.4,"resistance_ohm":[4,4],"bridge_ohm":[0.5,0.5],"omega_rad_s":[-73.2241321,-73.3491685],"current_a":[-0.106875092,-0.104670766],"torque_nm":[0.00208636032,0.00219300446],"applied_pwm":[-0.85,-0.85],"over_1_2a_samples":673,"over_3_2a_samples":3}
[planta] gelatina ciclo=25 rueda=0 V=7.4 R=4 Rpuente=0.5 I0=0.15 Ke=0.0793326178 Kt=0.0483794733
[planta] gelatina ciclo=25 rueda=1 V=7.4 R=4 Rpuente=0.5 I0=0.15 Ke=0.0793326178 Kt=0.0483794733
[sensores] gelatina ToF alcance=1200 minimo=30 sigma_rel=0.07
[gelatina] pulsador recibido: permiso previsto 181232 ms
[arranque] pulsador=176232 permiso=181232 ms
[planta] rival ciclo=25 rueda=0 V=7.4 R=4 Rpuente=0.5 I0=0.15 Ke=0.0793326178 Kt=0.0483794733
[planta] rival ciclo=25 rueda=1 V=7.4 R=4 Rpuente=0.5 I0=0.15 Ke=0.0793326178 Kt=0.0483794733
[sensores] rival ToF alcance=1200 minimo=30 sigma_rel=0.07
[gelatina] permiso de arranque a los 181232 ms
[gelatina] t=    0 ms  TRACK        rival=si d= 308 mm rumbo=   +0 cdeg  linea=0x0
[gelatina] t=  128 ms  ATTACK       rival=si d= 234 mm rumbo=   +0 cdeg  linea=0x0
WARNING: Contact joints between materials 'patin' and 'dohyo' will only be created for the 10 deepest contact points instead of all the 63 contact points.
[arbitro] asalto 24/30  banco    rival fuera     +1   0.83 s
[planta] asalto=24 mu=1.1 slip=0.0005 aleatorio=0
[gelatina] fin de asalto motor={"battery_v":7.4,"resistance_ohm":[4,4],"bridge_ohm":[0.5,0.5],"omega_rad_s":[47.1396237,47.2260288],"current_a":[0.813397833,0.48037835],"torque_nm":[0.0320948378,0.0159835306],"applied_pwm":[1,0.798414469],"over_1_2a_samples":444,"over_3_2a_samples":11}
[gelatina] t=    0 ms  WAIT         rival=si d=  51 mm rumbo=-3000 cdeg  linea=0x3
[rival] fin de asalto motor={"battery_v":7.4,"resistance_ohm":[4,4],"bridge_ohm":[0.5,0.5],"omega_rad_s":[-40.3780803,19.2999632],"current_a":[-0.028155819,0.399751865],"torque_nm":[0.0058947573,0.0120828637],"applied_pwm":[-0.45,0.45],"over_1_2a_samples":697,"over_3_2a_samples":3}
[planta] gelatina ciclo=26 rueda=0 V=7.4 R=4 Rpuente=0.5 I0=0.15 Ke=0.0793326178 Kt=0.0483794733
[planta] gelatina ciclo=26 rueda=1 V=7.4 R=4 Rpuente=0.5 I0=0.15 Ke=0.0793326178 Kt=0.0483794733
[sensores] gelatina ToF alcance=1200 minimo=30 sigma_rel=0.07
[gelatina] pulsador recibido: permiso previsto 187376 ms
[arranque] pulsador=182376 permiso=187376 ms
[planta] rival ciclo=26 rueda=0 V=7.4 R=4 Rpuente=0.5 I0=0.15 Ke=0.0793326178 Kt=0.0483794733
[planta] rival ciclo=26 rueda=1 V=7.4 R=4 Rpuente=0.5 I0=0.15 Ke=0.0793326178 Kt=0.0483794733
[sensores] rival ToF alcance=1200 minimo=30 sigma_rel=0.07
[gelatina] permiso de arranque a los 187376 ms
[gelatina] t=    0 ms  TRACK        rival=si d= 261 mm rumbo=   +0 cdeg  linea=0x0
[gelatina] t=   32 ms  ATTACK       rival=si d= 243 mm rumbo=   +0 cdeg  linea=0x0
WARNING: Contact joints between materials 'patin' and 'dohyo' will only be created for the 10 deepest contact points instead of all the 35 contact points.
[gelatina] t=  744 ms  SEARCH       rival=no d=9999 mm rumbo=+3000 cdeg  linea=0x0
[arbitro] asalto 25/30  banco    rival fuera     +1   0.78 s
[planta] asalto=25 mu=1.1 slip=0.0005 aleatorio=0
[gelatina] fin de asalto motor={"battery_v":7.4,"resistance_ohm":[4,4],"bridge_ohm":[0.5,0.5],"omega_rad_s":[32.589412,43.7503863],"current_a":[-0.906030265,0.26881495],"torque_nm":[-0.051090188,0.0057482047],"applied_pwm":[-0.201585516,0.632499993],"over_1_2a_samples":449,"over_3_2a_samples":11}
[gelatina] t=    0 ms  WAIT         rival=no d=9999 mm rumbo=+3000 cdeg  linea=0x3
[rival] fin de asalto motor={"battery_v":7.4,"resistance_ohm":[4,4],"bridge_ohm":[0.5,0.5],"omega_rad_s":[-43.097087,13.7953771],"current_a":[0.0197788296,0.496794805],"torque_nm":[0.00821381036,0.01677775],"applied_pwm":[-0.45,0.45],"over_1_2a_samples":709,"over_3_2a_samples":3}
[planta] gelatina ciclo=27 rueda=0 V=7.4 R=4 Rpuente=0.5 I0=0.15 Ke=0.0793326178 Kt=0.0483794733
[planta] gelatina ciclo=27 rueda=1 V=7.4 R=4 Rpuente=0.5 I0=0.15 Ke=0.0793326178 Kt=0.0483794733
[sensores] gelatina ToF alcance=1200 minimo=30 sigma_rel=0.07
[gelatina] pulsador recibido: permiso previsto 193472 ms
[planta] rival ciclo=27 rueda=0 V=7.4 R=4 Rpuente=0.5 I0=0.15 Ke=0.0793326178 Kt=0.0483794733
[planta] rival ciclo=27 rueda=1 V=7.4 R=4 Rpuente=0.5 I0=0.15 Ke=0.0793326178 Kt=0.0483794733
[sensores] rival ToF alcance=1200 minimo=30 sigma_rel=0.07
[arranque] pulsador=188472 permiso=193472 ms
[gelatina] permiso de arranque a los 193472 ms
[gelatina] t=    0 ms  TRACK        rival=si d= 292 mm rumbo=   +0 cdeg  linea=0x0
[gelatina] t=   96 ms  ATTACK       rival=si d= 238 mm rumbo=   +0 cdeg  linea=0x0
WARNING: Contact joints between materials 'patin' and 'dohyo' will only be created for the 10 deepest contact points instead of all the 49 contact points.
[gelatina] t=  848 ms  SEARCH       rival=no d=9999 mm rumbo=   +0 cdeg  linea=0x0
[gelatina] t=  952 ms  TRACK        rival=si d=  29 mm rumbo=-6000 cdeg  linea=0x0
[gelatina] t=  960 ms  ATTACK       rival=si d=  29 mm rumbo=-6000 cdeg  linea=0x0
[arbitro] asalto 26/30  banco    rival fuera     +1   1.07 s
[planta] asalto=26 mu=1.1 slip=0.0005 aleatorio=0
[gelatina] fin de asalto motor={"battery_v":7.4,"resistance_ohm":[4,4],"bridge_ohm":[0.5,0.5],"omega_rad_s":[41.7486873,48.1080328],"current_a":[0.908437188,0.302991941],"torque_nm":[0.0366927917,0.00740166955],"applied_pwm":[1,0.699999988],"over_1_2a_samples":470,"over_3_2a_samples":11}
[gelatina] t=    0 ms  WAIT         rival=si d= 303 mm rumbo=   +0 cdeg  linea=0x0
[rival] fin de asalto motor={"battery_v":7.4,"resistance_ohm":[4,4],"bridge_ohm":[0.5,0.5],"omega_rad_s":[-69.4487756,-67.3452284],"current_a":[-0.173432629,-0.210517052],"torque_nm":[-0.00113365827,-0.0029277831],"applied_pwm":[-0.85,-0.85],"over_1_2a_samples":731,"over_3_2a_samples":3}
[planta] gelatina ciclo=28 rueda=0 V=7.4 R=4 Rpuente=0.5 I0=0.15 Ke=0.0793326178 Kt=0.0483794733
[planta] gelatina ciclo=28 rueda=1 V=7.4 R=4 Rpuente=0.5 I0=0.15 Ke=0.0793326178 Kt=0.0483794733
[sensores] gelatina ToF alcance=1200 minimo=30 sigma_rel=0.07
[gelatina] pulsador recibido: permiso previsto 199856 ms
[arranque] pulsador=194856 permiso=199856 ms
[planta] rival ciclo=28 rueda=0 V=7.4 R=4 Rpuente=0.5 I0=0.15 Ke=0.0793326178 Kt=0.0483794733
[planta] rival ciclo=28 rueda=1 V=7.4 R=4 Rpuente=0.5 I0=0.15 Ke=0.0793326178 Kt=0.0483794733
[sensores] rival ToF alcance=1200 minimo=30 sigma_rel=0.07
[gelatina] permiso de arranque a los 199856 ms
[gelatina] t=    0 ms  TRACK        rival=si d= 330 mm rumbo=   +0 cdeg  linea=0x0
WARNING: Contact joints between materials 'patin' and 'dohyo' will only be created for the 10 deepest contact points instead of all the 18 contact points.
[gelatina] t=   96 ms  ATTACK       rival=si d= 254 mm rumbo=   +0 cdeg  linea=0x0
[arbitro] asalto 27/30  banco    rival fuera     +1   0.79 s
[planta] asalto=27 mu=1.1 slip=0.0005 aleatorio=0
[gelatina] fin de asalto motor={"battery_v":7.4,"resistance_ohm":[4,4],"bridge_ohm":[0.5,0.5],"omega_rad_s":[44.3995346,52.8752336],"current_a":[0.861704154,0.38078586],"torque_nm":[0.0344318721,0.0111652984],"applied_pwm":[1,0.798414469],"over_1_2a_samples":475,"over_3_2a_samples":11}
[gelatina] t=    0 ms  WAIT         rival=no d=9999 mm rumbo=-3000 cdeg  linea=0x3
[rival] fin de asalto motor={"battery_v":7.4,"resistance_ohm":[4,4],"bridge_ohm":[0.5,0.5],"omega_rad_s":[-47.3162972,38.7972458],"current_a":[-0.152505396,0.302691762],"torque_nm":[-0.000121209735,0.00738714705],"applied_pwm":[-0.6,0.6],"over_1_2a_samples":744,"over_3_2a_samples":3}
[planta] gelatina ciclo=29 rueda=0 V=7.4 R=4 Rpuente=0.5 I0=0.15 Ke=0.0793326178 Kt=0.0483794733
[planta] gelatina ciclo=29 rueda=1 V=7.4 R=4 Rpuente=0.5 I0=0.15 Ke=0.0793326178 Kt=0.0483794733
[sensores] gelatina ToF alcance=1200 minimo=30 sigma_rel=0.07
[gelatina] pulsador recibido: permiso previsto 205960 ms
[planta] rival ciclo=29 rueda=0 V=7.4 R=4 Rpuente=0.5 I0=0.15 Ke=0.0793326178 Kt=0.0483794733
[planta] rival ciclo=29 rueda=1 V=7.4 R=4 Rpuente=0.5 I0=0.15 Ke=0.0793326178 Kt=0.0483794733
[sensores] rival ToF alcance=1200 minimo=30 sigma_rel=0.07
[arranque] pulsador=200960 permiso=205960 ms
[gelatina] permiso de arranque a los 205960 ms
[gelatina] t=    0 ms  TRACK        rival=si d= 239 mm rumbo=   +0 cdeg  linea=0x0
[gelatina] t=    8 ms  ATTACK       rival=si d= 239 mm rumbo=   +0 cdeg  linea=0x0
WARNING: Contact joints between materials 'patin' and 'dohyo' will only be created for the 10 deepest contact points instead of all the 82 contact points.
[arbitro] asalto 28/30  banco    expulsado       -1   0.98 s
[planta] asalto=28 mu=1.1 slip=0.0005 aleatorio=0
[gelatina] fin de asalto motor={"battery_v":7.4,"resistance_ohm":[4,4],"bridge_ohm":[0.5,0.5],"omega_rad_s":[52.330206,73.1469262],"current_a":[0.228557263,0.354902858],"torque_nm":[0.003800559,0.00991309237],"applied_pwm":[0.699999988,1],"over_1_2a_samples":494,"over_3_2a_samples":11}
[gelatina] t=    0 ms  WAIT         rival=no d=9999 mm rumbo=+6000 cdeg  linea=0x2
[rival] fin de asalto motor={"battery_v":7.4,"resistance_ohm":[4,4],"bridge_ohm":[0.5,0.5],"omega_rad_s":[-36.1174256,32.9543456],"current_a":[-0.349935574,0.405698999],"torque_nm":[-0.00967277777,0.0123705829],"applied_pwm":[-0.6,0.6],"over_1_2a_samples":753,"over_3_2a_samples":3}
[planta] gelatina ciclo=30 rueda=0 V=7.4 R=4 Rpuente=0.5 I0=0.15 Ke=0.0793326178 Kt=0.0483794733
[planta] gelatina ciclo=30 rueda=1 V=7.4 R=4 Rpuente=0.5 I0=0.15 Ke=0.0793326178 Kt=0.0483794733
[sensores] gelatina ToF alcance=1200 minimo=30 sigma_rel=0.07
[gelatina] pulsador recibido: permiso previsto 212248 ms
[planta] rival ciclo=30 rueda=0 V=7.4 R=4 Rpuente=0.5 I0=0.15 Ke=0.0793326178 Kt=0.0483794733
[planta] rival ciclo=30 rueda=1 V=7.4 R=4 Rpuente=0.5 I0=0.15 Ke=0.0793326178 Kt=0.0483794733
[sensores] rival ToF alcance=1200 minimo=30 sigma_rel=0.07
[arranque] pulsador=207248 permiso=212248 ms
[gelatina] permiso de arranque a los 212248 ms
[gelatina] t=    0 ms  TRACK        rival=si d= 333 mm rumbo=   +0 cdeg  linea=0x0
[gelatina] t=  128 ms  ATTACK       rival=si d= 257 mm rumbo=   +0 cdeg  linea=0x0
WARNING: Contact joints between materials 'patin' and 'dohyo' will only be created for the 10 deepest contact points instead of all the 91 contact points.
WARNING: Contact joints between materials 'patin' and 'dohyo' will only be created for the 10 deepest contact points instead of all the 21 contact points.
[arbitro] asalto 29/30  banco    rival fuera     +1   1.73 s
[planta] asalto=29 mu=1.1 slip=0.0005 aleatorio=0
[gelatina] fin de asalto motor={"battery_v":7.4,"resistance_ohm":[4,4],"bridge_ohm":[0.5,0.5],"omega_rad_s":[84.6545535,84.6279058],"current_a":[0.15202948,0.152499265],"torque_nm":[9.81851877e-05,0.000120913128],"applied_pwm":[1,1],"over_1_2a_samples":509,"over_3_2a_samples":15}
[gelatina] t=    0 ms  WAIT         rival=si d= 341 mm rumbo=   +0 cdeg  linea=0x0
[rival] fin de asalto motor={"battery_v":7.4,"resistance_ohm":[4,4],"bridge_ohm":[0.5,0.5],"omega_rad_s":[39.0248378,67.254998],"current_a":[-0.030209453,0.458774433],"torque_nm":[-0.00871843843,0.0149383444],"applied_pwm":[0.4,1],"over_1_2a_samples":782,"over_3_2a_samples":5}
[planta] gelatina ciclo=31 rueda=0 V=7.4 R=4 Rpuente=0.5 I0=0.15 Ke=0.0793326178 Kt=0.0483794733
[planta] gelatina ciclo=31 rueda=1 V=7.4 R=4 Rpuente=0.5 I0=0.15 Ke=0.0793326178 Kt=0.0483794733
[sensores] gelatina ToF alcance=1200 minimo=30 sigma_rel=0.07
[gelatina] pulsador recibido: permiso previsto 219288 ms
[planta] rival ciclo=31 rueda=0 V=7.4 R=4 Rpuente=0.5 I0=0.15 Ke=0.0793326178 Kt=0.0483794733
[planta] rival ciclo=31 rueda=1 V=7.4 R=4 Rpuente=0.5 I0=0.15 Ke=0.0793326178 Kt=0.0483794733
[sensores] rival ToF alcance=1200 minimo=30 sigma_rel=0.07
[arranque] pulsador=214288 permiso=219288 ms
[gelatina] permiso de arranque a los 219288 ms
[gelatina] t=    0 ms  TRACK        rival=si d= 277 mm rumbo=   +0 cdeg  linea=0x0
[gelatina] t=  128 ms  ATTACK       rival=si d= 236 mm rumbo=   +0 cdeg  linea=0x0
WARNING: Contact joints between materials 'patin' and 'dohyo' will only be created for the 10 deepest contact points instead of all the 89 contact points.
[gelatina] t=  808 ms  SEARCH       rival=no d=9999 mm rumbo=+6000 cdeg  linea=0x1
[arbitro] asalto 30/30  banco    expulsado       -1   0.82 s

[arbitro] RESULTADO  21W 9L 0D  win rate 70.0%  auto-salidas 3  t medio de victoria 1.86 s

[arbitro] resultados -> ../../../../result.json
INFO: 'arbitro' controller exited successfully.
INFO: medido: Terminating.
INFO: oponente: Terminating.
