WARNING: Contact joints between materials 'patin' and 'dohyo' will only be created for the 10 deepest contact points instead of all the 12 contact points.
INFO: medido: Starting controller: $LAB_ROOT/Mini-Sumo-real/runs/real/20260913T165649922540Z_v21_v0.1.1_reglamento_flanco_s0_r0/project/webots/controllers/medido/medido
INFO: oponente: Starting controller: $LAB_ROOT/Mini-Sumo-real/runs/real/20260913T165649922540Z_v21_v0.1.1_reglamento_flanco_s0_r0/project/webots/controllers/oponente/oponente flanco
INFO: arbitro: Starting controller: $LAB_ROOT/Mini-Sumo-real/runs/real/20260913T165649922540Z_v21_v0.1.1_reglamento_flanco_s0_r0/project/webots/controllers/arbitro/arbitro --rounds 30 --rival flanco --version v0.1.1 --colocacion reglamento --out ../../../../result.json
[planta] gelatina ciclo=1 rueda=0 V=7.4 R=4 Rpuente=0.5 I0=0.15 Ke=0.0793326178 Kt=0.0483794733
[planta] gelatina ciclo=1 rueda=1 V=7.4 R=4 Rpuente=0.5 I0=0.15 Ke=0.0793326178 Kt=0.0483794733
[sensores] gelatina ToF alcance=1200 minimo=30 sigma_rel=0.07
[gelatina] HAL Webots listo: paso 8 ms, umbral de linea 400
[gelatina] estrategia v0.1.0 en linea
[planta] rival ciclo=1 rueda=0 V=7.4 R=4 Rpuente=0.5 I0=0.15 Ke=0.0793326178 Kt=0.0483794733
[planta] rival ciclo=1 rueda=1 V=7.4 R=4 Rpuente=0.5 I0=0.15 Ke=0.0793326178 Kt=0.0483794733
[sensores] rival ToF alcance=1200 minimo=30 sigma_rel=0.07
[rival] comportamiento: flanco

[arbitro] 30 asaltos contra 'flanco', colocacion reglamento, limite 60 s por asalto
[gelatina] t=    0 ms  WAIT         rival=no d=9999 mm rumbo=   +0 cdeg  linea=0x0
[planta] asalto=0 mu=1.1 slip=0.0005 aleatorio=0
[planta] gelatina ciclo=2 rueda=0 V=7.4 R=4 Rpuente=0.5 I0=0.15 Ke=0.0793326178 Kt=0.0483794733
[planta] gelatina ciclo=2 rueda=1 V=7.4 R=4 Rpuente=0.5 I0=0.15 Ke=0.0793326178 Kt=0.0483794733
[sensores] gelatina ToF alcance=1200 minimo=30 sigma_rel=0.07
[gelatina] pulsador recibido: permiso previsto 5312 ms
[planta] rival ciclo=2 rueda=0 V=7.4 R=4 Rpuente=0.5 I0=0.15 Ke=0.0793326178 Kt=0.0483794733
[planta] rival ciclo=2 rueda=1 V=7.4 R=4 Rpuente=0.5 I0=0.15 Ke=0.0793326178 Kt=0.0483794733
[sensores] rival ToF alcance=1200 minimo=30 sigma_rel=0.07
[arranque] pulsador=312 permiso=5312 ms
[gelatina] permiso de arranque a los 5312 ms
[gelatina] t=    0 ms  TRACK        rival=si d=  76 mm rumbo=+1507 cdeg  linea=0x0
[gelatina] t=    8 ms  ATTACK       rival=si d=  76 mm rumbo=+1507 cdeg  linea=0x0
WARNING: Contact joints between materials 'patin' and 'dohyo' will only be created for the 10 deepest contact points instead of all the 287 contact points.
[gelatina] t=  312 ms  EDGE_ESCAPE  rival=si d=  33 mm rumbo=+6000 cdeg  linea=0x4
[gelatina] t=  976 ms  SEARCH       rival=si d= 194 mm rumbo=+6000 cdeg  linea=0x0
[gelatina] t=  984 ms  TRACK        rival=si d= 194 mm rumbo=+6000 cdeg  linea=0x0
[gelatina] t=  992 ms  ATTACK       rival=si d= 194 mm rumbo=+6000 cdeg  linea=0x0
WARNING: Contact joints between materials 'patin' and 'dohyo' will only be created for the 10 deepest contact points instead of all the 15 contact points.
[gelatina] t= 1536 ms  EDGE_ESCAPE  rival=si d=  43 mm rumbo=+6000 cdeg  linea=0x2
[arbitro] asalto  1/30  frente   expulsado       -1   1.70 s
[planta] asalto=1 mu=1.1 slip=0.0005 aleatorio=0
[gelatina] fin de asalto motor={"battery_v":7.4,"resistance_ohm":[4,4],"bridge_ohm":[0.5,0.5],"omega_rad_s":[-84.1031671,-57.1878675],"current_a":[-0.161750132,-0.142919359],"torque_nm":[-0.000568465187,0.000342557679],"applied_pwm":[-1,-0.700000048],"over_1_2a_samples":7,"over_3_2a_samples":0}
[gelatina] t=    0 ms  WAIT         rival=no d=9999 mm rumbo=-6000 cdeg  linea=0x0
[rival] fin de asalto motor={"battery_v":7.4,"resistance_ohm":[4,4],"bridge_ohm":[0.5,0.5],"omega_rad_s":[4.84108104,38.8079209],"current_a":[1.0246543,0.960281343],"torque_nm":[0.04231622,0.0392009846],"applied_pwm":[0.675,1],"over_1_2a_samples":46,"over_3_2a_samples":0}
[planta] gelatina ciclo=3 rueda=0 V=7.4 R=4 Rpuente=0.5 I0=0.15 Ke=0.0793326178 Kt=0.0483794733
[planta] gelatina ciclo=3 rueda=1 V=7.4 R=4 Rpuente=0.5 I0=0.15 Ke=0.0793326178 Kt=0.0483794733
[sensores] gelatina ToF alcance=1200 minimo=30 sigma_rel=0.07
[gelatina] pulsador recibido: permiso previsto 12320 ms
[arranque] pulsador=7320 permiso=12320 ms
[planta] rival ciclo=3 rueda=0 V=7.4 R=4 Rpuente=0.5 I0=0.15 Ke=0.0793326178 Kt=0.0483794733
[planta] rival ciclo=3 rueda=1 V=7.4 R=4 Rpuente=0.5 I0=0.15 Ke=0.0793326178 Kt=0.0483794733
[sensores] rival ToF alcance=1200 minimo=30 sigma_rel=0.07
[gelatina] permiso de arranque a los 12320 ms
[gelatina] t=    0 ms  OPENING      rival=no d=9999 mm rumbo=-6000 cdeg  linea=0x0
WARNING: Contact joints between materials 'rueda' and 'dohyo' will only be created for the 10 deepest contact points instead of all the 14 contact points.
[gelatina] t=  424 ms  SEARCH       rival=no d=9999 mm rumbo=-6000 cdeg  linea=0x0
[gelatina] t=  488 ms  TRACK        rival=si d= 547 mm rumbo=+3297 cdeg  linea=0x4
[arbitro] asalto  2/30  lado     auto-salida     -1   0.50 s
[planta] asalto=2 mu=1.1 slip=0.0005 aleatorio=0
[gelatina] fin de asalto motor={"battery_v":7.4,"resistance_ohm":[4,4],"bridge_ohm":[0.5,0.5],"omega_rad_s":[42.2749802,-14.9245999],"current_a":[-0.362952184,0.15211273],"torque_nm":[-0.0248163565,0.0146160548],"applied_pwm":[0.232500002,-0.0675000399],"over_1_2a_samples":10,"over_3_2a_samples":0}
[gelatina] t=    0 ms  WAIT         rival=no d=9999 mm rumbo=+3297 cdeg  linea=0x0
[rival] fin de asalto motor={"battery_v":7.4,"resistance_ohm":[4,4],"bridge_ohm":[0.5,0.5],"omega_rad_s":[-3.90936237,37.7540766],"current_a":[-0.671080011,0.0744156152],"torque_nm":[-0.0252154107,-0.00365673273],"applied_pwm":[-0.45,0.45],"over_1_2a_samples":53,"over_3_2a_samples":0}
[planta] gelatina ciclo=4 rueda=0 V=7.4 R=4 Rpuente=0.5 I0=0.15 Ke=0.0793326178 Kt=0.0483794733
[planta] gelatina ciclo=4 rueda=1 V=7.4 R=4 Rpuente=0.5 I0=0.15 Ke=0.0793326178 Kt=0.0483794733
[sensores] gelatina ToF alcance=1200 minimo=30 sigma_rel=0.07
[gelatina] pulsador recibido: permiso previsto 18136 ms
[arranque] pulsador=13136 permiso=18136 ms
[planta] rival ciclo=4 rueda=0 V=7.4 R=4 Rpuente=0.5 I0=0.15 Ke=0.0793326178 Kt=0.0483794733
[planta] rival ciclo=4 rueda=1 V=7.4 R=4 Rpuente=0.5 I0=0.15 Ke=0.0793326178 Kt=0.0483794733
[sensores] rival ToF alcance=1200 minimo=30 sigma_rel=0.07
[gelatina] permiso de arranque a los 18136 ms
[gelatina] t=    0 ms  OPENING      rival=no d=9999 mm rumbo=+3297 cdeg  linea=0x0
[gelatina] t=  424 ms  SEARCH       rival=no d=9999 mm rumbo=+3297 cdeg  linea=0xC
[arbitro] asalto  3/30  espalda  auto-salida     -1   0.43 s
[planta] asalto=3 mu=1.1 slip=0.0005 aleatorio=0
[gelatina] fin de asalto motor={"battery_v":7.4,"resistance_ohm":[4,4],"bridge_ohm":[0.5,0.5],"omega_rad_s":[60.0946832,60.0031582],"current_a":[-0.0727707461,-0.0177128148],"torque_nm":[-0.0107775314,-0.00811385765],"applied_pwm":[0.600000024,0.632499993],"over_1_2a_samples":10,"over_3_2a_samples":0}
[gelatina] t=    0 ms  WAIT         rival=no d=9999 mm rumbo=+3297 cdeg  linea=0x0
[rival] fin de asalto motor={"battery_v":7.4,"resistance_ohm":[4,4],"bridge_ohm":[0.5,0.5],"omega_rad_s":[57.5962552,36.637715],"current_a":[0.0946085104,0.998540925],"torque_nm":[-0.0026798111,0.041051963],"applied_pwm":[0.675,1],"over_1_2a_samples":56,"over_3_2a_samples":0}
WARNING: Contact joints between materials 'patin' and 'dohyo' will only be created for the 10 deepest contact points instead of all the 68 contact points.
[planta] gelatina ciclo=5 rueda=0 V=7.4 R=4 Rpuente=0.5 I0=0.15 Ke=0.0793326178 Kt=0.0483794733
[planta] gelatina ciclo=5 rueda=1 V=7.4 R=4 Rpuente=0.5 I0=0.15 Ke=0.0793326178 Kt=0.0483794733
[sensores] gelatina ToF alcance=1200 minimo=30 sigma_rel=0.07
[gelatina] pulsador recibido: permiso previsto 23880 ms
[arranque] pulsador=18880 permiso=23880 ms
[planta] rival ciclo=5 rueda=0 V=7.4 R=4 Rpuente=0.5 I0=0.15 Ke=0.0793326178 Kt=0.0483794733
[planta] rival ciclo=5 rueda=1 V=7.4 R=4 Rpuente=0.5 I0=0.15 Ke=0.0793326178 Kt=0.0483794733
[sensores] rival ToF alcance=1200 minimo=30 sigma_rel=0.07
[gelatina] permiso de arranque a los 23880 ms
[gelatina] t=    0 ms  TRACK        rival=si d=  69 mm rumbo=   +0 cdeg  linea=0x0
[gelatina] t=    8 ms  ATTACK       rival=si d=  69 mm rumbo=   +0 cdeg  linea=0x0
WARNING: Contact joints between materials 'patin' and 'dohyo' will only be created for the 10 deepest contact points instead of all the 51 contact points.
[gelatina] t=  480 ms  SEARCH       rival=no d=9999 mm rumbo=+6000 cdeg  linea=0x0
[arbitro] asalto  4/30  frente   rival fuera     +1   0.65 s
[planta] asalto=4 mu=1.1 slip=0.0005 aleatorio=0
[gelatina] fin de asalto motor={"battery_v":7.4,"resistance_ohm":[4,4],"bridge_ohm":[0.5,0.5],"omega_rad_s":[-21.5308074,38.6966428],"current_a":[-0.389201092,0.357909772],"torque_nm":[-0.0115724229,0.0100585653],"applied_pwm":[-0.467500031,0.632499993],"over_1_2a_samples":18,"over_3_2a_samples":0}
[gelatina] t=    0 ms  WAIT         rival=no d=9999 mm rumbo=+6000 cdeg  linea=0x0
[rival] fin de asalto motor={"battery_v":7.4,"resistance_ohm":[4,4],"bridge_ohm":[0.5,0.5],"omega_rad_s":[-63.4215664,-69.7113454],"current_a":[-0.279689135,-0.168803662],"torque_nm":[-0.00627429207,-0.000909711248],"applied_pwm":[-0.85,-0.85],"over_1_2a_samples":67,"over_3_2a_samples":0}
[arranque] pulsador=24840 permiso=29840 ms
[planta] gelatina ciclo=6 rueda=0 V=7.4 R=4 Rpuente=0.5 I0=0.15 Ke=0.0793326178 Kt=0.0483794733
[planta] gelatina ciclo=6 rueda=1 V=7.4 R=4 Rpuente=0.5 I0=0.15 Ke=0.0793326178 Kt=0.0483794733
[sensores] gelatina ToF alcance=1200 minimo=30 sigma_rel=0.07
[gelatina] pulsador recibido: permiso previsto 29840 ms
[planta] rival ciclo=6 rueda=0 V=7.4 R=4 Rpuente=0.5 I0=0.15 Ke=0.0793326178 Kt=0.0483794733
[planta] rival ciclo=6 rueda=1 V=7.4 R=4 Rpuente=0.5 I0=0.15 Ke=0.0793326178 Kt=0.0483794733
[sensores] rival ToF alcance=1200 minimo=30 sigma_rel=0.07
[gelatina] permiso de arranque a los 29840 ms
[gelatina] t=    0 ms  OPENING      rival=no d=9999 mm rumbo=+6000 cdeg  linea=0x0
WARNING: Contact joints between materials 'rueda' and 'dohyo' will only be created for the 10 deepest contact points instead of all the 13 contact points.
[gelatina] t=  424 ms  SEARCH       rival=si d=9999 mm rumbo=+6000 cdeg  linea=0x3
[gelatina] t=  432 ms  TRACK        rival=si d=9999 mm rumbo=+6000 cdeg  linea=0x2
[gelatina] t=  480 ms  SEARCH       rival=no d=9999 mm rumbo=+6000 cdeg  linea=0xC
[gelatina] t=  488 ms  TRACK        rival=si d= 284 mm rumbo= +801 cdeg  linea=0x8
[arbitro] asalto  5/30  lado     auto-salida     -1   0.48 s
[planta] asalto=5 mu=1.1 slip=0.0005 aleatorio=0
[gelatina] fin de asalto motor={"battery_v":7.4,"resistance_ohm":[4,4],"bridge_ohm":[0.5,0.5],"omega_rad_s":[5.7624039,72.3361283],"current_a":[-0.3153659,0.369196797],"torque_nm":[-0.0225140137,0.0106046256],"applied_pwm":[-0.129999995,1],"over_1_2a_samples":20,"over_3_2a_samples":0}
[gelatina] t=    0 ms  WAIT         rival=si d= 284 mm rumbo= +801 cdeg  linea=0x0
[rival] fin de asalto motor={"battery_v":7.4,"resistance_ohm":[4,4],"bridge_ohm":[0.5,0.5],"omega_rad_s":[19.797805,43.396543],"current_a":[0.308752957,0.879386364],"torque_nm":[0.00768038444,0.0352873282],"applied_pwm":[0.4,1],"over_1_2a_samples":73,"over_3_2a_samples":0}
[arranque] pulsador=30632 permiso=35632 ms
[planta] gelatina ciclo=7 rueda=0 V=7.4 R=4 Rpuente=0.5 I0=0.15 Ke=0.0793326178 Kt=0.0483794733
[planta] gelatina ciclo=7 rueda=1 V=7.4 R=4 Rpuente=0.5 I0=0.15 Ke=0.0793326178 Kt=0.0483794733
[sensores] gelatina ToF alcance=1200 minimo=30 sigma_rel=0.07
[gelatina] pulsador recibido: permiso previsto 35632 ms
[planta] rival ciclo=7 rueda=0 V=7.4 R=4 Rpuente=0.5 I0=0.15 Ke=0.0793326178 Kt=0.0483794733
[planta] rival ciclo=7 rueda=1 V=7.4 R=4 Rpuente=0.5 I0=0.15 Ke=0.0793326178 Kt=0.0483794733
[sensores] rival ToF alcance=1200 minimo=30 sigma_rel=0.07
[gelatina] permiso de arranque a los 35632 ms
[gelatina] t=    0 ms  OPENING      rival=no d=9999 mm rumbo=-3854 cdeg  linea=0x0
[gelatina] t=  424 ms  SEARCH       rival=no d=9999 mm rumbo=-3854 cdeg  linea=0xC
[arbitro] asalto  6/30  espalda  auto-salida     -1   0.42 s
[planta] asalto=6 mu=1.1 slip=0.0005 aleatorio=0
[gelatina] fin de asalto motor={"battery_v":7.4,"resistance_ohm":[4,4],"bridge_ohm":[0.5,0.5],"omega_rad_s":[60.0687288,59.9795715],"current_a":[0.256575685,0.258147482],"torque_nm":[0.00515607551,0.00523211823],"applied_pwm":[0.800000012,0.800000012],"over_1_2a_samples":23,"over_3_2a_samples":0}
[gelatina] t=    0 ms  WAIT         rival=no d=9999 mm rumbo=-3854 cdeg  linea=0x0
[rival] fin de asalto motor={"battery_v":7.4,"resistance_ohm":[4,4],"bridge_ohm":[0.5,0.5],"omega_rad_s":[43.0001074,34.4518117],"current_a":[-0.100291353,1.03707724],"torque_nm":[-0.0121089638,0.0429163298],"applied_pwm":[0.4,1],"over_1_2a_samples":77,"over_3_2a_samples":0}
WARNING: Contact joints between materials 'patin' and 'dohyo' will only be created for the 10 deepest contact points instead of all the 68 contact points.
[planta] gelatina ciclo=8 rueda=0 V=7.4 R=4 Rpuente=0.5 I0=0.15 Ke=0.0793326178 Kt=0.0483794733
[planta] gelatina ciclo=8 rueda=1 V=7.4 R=4 Rpuente=0.5 I0=0.15 Ke=0.0793326178 Kt=0.0483794733
[sensores] gelatina ToF alcance=1200 minimo=30 sigma_rel=0.07
[gelatina] pulsador recibido: permiso previsto 41368 ms
[planta] rival ciclo=8 rueda=0 V=7.4 R=4 Rpuente=0.5 I0=0.15 Ke=0.0793326178 Kt=0.0483794733
[planta] rival ciclo=8 rueda=1 V=7.4 R=4 Rpuente=0.5 I0=0.15 Ke=0.0793326178 Kt=0.0483794733
[sensores] rival ToF alcance=1200 minimo=30 sigma_rel=0.07
[arranque] pulsador=36368 permiso=41368 ms
[gelatina] permiso de arranque a los 41368 ms
[gelatina] t=    0 ms  TRACK        rival=si d=  81 mm rumbo=+1486 cdeg  linea=0x0
[gelatina] t=    8 ms  ATTACK       rival=si d=  81 mm rumbo=+1486 cdeg  linea=0x0
WARNING: Contact joints between materials 'patin' and 'dohyo' will only be created for the 10 deepest contact points instead of all the 100 contact points.
[arbitro] asalto  7/30  frente   rival fuera     +1   0.67 s
[planta] asalto=7 mu=1.1 slip=0.0005 aleatorio=0
[gelatina] fin de asalto motor={"battery_v":7.4,"resistance_ohm":[4,4],"bridge_ohm":[0.5,0.5],"omega_rad_s":[48.4640664,48.8625829],"current_a":[0.458552403,0.783022975],"torque_nm":[0.0149276027,0.0306253182],"applied_pwm":[0.798414469,1],"over_1_2a_samples":33,"over_3_2a_samples":0}
[gelatina] t=    0 ms  WAIT         rival=no d=9999 mm rumbo=+3000 cdeg  linea=0x2
[rival] fin de asalto motor={"battery_v":7.4,"resistance_ohm":[4,4],"bridge_ohm":[0.5,0.5],"omega_rad_s":[-39.0824849,29.7391103],"current_a":[-0.0509964805,0.215715229],"torque_nm":[0.00478973813,0.00317926816],"applied_pwm":[-0.45,0.45],"over_1_2a_samples":86,"over_3_2a_samples":0}
[planta] gelatina ciclo=9 rueda=0 V=7.4 R=4 Rpuente=0.5 I0=0.15 Ke=0.0793326178 Kt=0.0483794733
[planta] gelatina ciclo=9 rueda=1 V=7.4 R=4 Rpuente=0.5 I0=0.15 Ke=0.0793326178 Kt=0.0483794733
[sensores] gelatina ToF alcance=1200 minimo=30 sigma_rel=0.07
[gelatina] pulsador recibido: permiso previsto 47352 ms
[planta] rival ciclo=9 rueda=0 V=7.4 R=4 Rpuente=0.5 I0=0.15 Ke=0.0793326178 Kt=0.0483794733
[planta] rival ciclo=9 rueda=1 V=7.4 R=4 Rpuente=0.5 I0=0.15 Ke=0.0793326178 Kt=0.0483794733
[sensores] rival ToF alcance=1200 minimo=30 sigma_rel=0.07
[arranque] pulsador=42352 permiso=47352 ms
[gelatina] permiso de arranque a los 47352 ms
[gelatina] t=    0 ms  OPENING      rival=no d=9999 mm rumbo=+3000 cdeg  linea=0x0
WARNING: Contact joints between materials 'rueda' and 'dohyo' will only be created for the 10 deepest contact points instead of all the 14 contact points.
[gelatina] t=  423 ms  SEARCH       rival=no d=9999 mm rumbo=+3000 cdeg  linea=0x1
[gelatina] t=  487 ms  TRACK        rival=si d= 344 mm rumbo= -273 cdeg  linea=0xC
[arbitro] asalto  8/30  lado     auto-salida     -1   0.49 s
[planta] asalto=8 mu=1.1 slip=0.0005 aleatorio=0
[gelatina] fin de asalto motor={"battery_v":7.4,"resistance_ohm":[4,4],"bridge_ohm":[0.5,0.5],"omega_rad_s":[-18.4362567,47.0497374],"current_a":[-0.443756382,0.210649137],"torque_nm":[-0.0142117791,0.00293417331],"applied_pwm":[-0.467500031,0.632499993],"over_1_2a_samples":37,"over_3_2a_samples":0}
[gelatina] t=    0 ms  WAIT         rival=si d= 344 mm rumbo= -273 cdeg  linea=0x0
[rival] fin de asalto motor={"battery_v":7.4,"resistance_ohm":[4,4],"bridge_ohm":[0.5,0.5],"omega_rad_s":[4.22955775,34.1105759],"current_a":[-0.814564864,0.138648604],"torque_nm":[-0.0466620644,-0.000549174584],"applied_pwm":[-0.45,0.45],"over_1_2a_samples":94,"over_3_2a_samples":0}
[planta] gelatina ciclo=10 rueda=0 V=7.4 R=4 Rpuente=0.5 I0=0.15 Ke=0.0793326178 Kt=0.0483794733
[planta] gelatina ciclo=10 rueda=1 V=7.4 R=4 Rpuente=0.5 I0=0.15 Ke=0.0793326178 Kt=0.0483794733
[sensores] gelatina ToF alcance=1200 minimo=30 sigma_rel=0.07
[gelatina] pulsador recibido: permiso previsto 53152 ms
[planta] rival ciclo=10 rueda=0 V=7.4 R=4 Rpuente=0.5 I0=0.15 Ke=0.0793326178 Kt=0.0483794733
[planta] rival ciclo=10 rueda=1 V=7.4 R=4 Rpuente=0.5 I0=0.15 Ke=0.0793326178 Kt=0.0483794733
[sensores] rival ToF alcance=1200 minimo=30 sigma_rel=0.07
[arranque] pulsador=48152 permiso=53152 ms
[gelatina] permiso de arranque a los 53152 ms
[gelatina] t=    0 ms  OPENING      rival=no d=9999 mm rumbo=-4102 cdeg  linea=0x0
[gelatina] t=  424 ms  SEARCH       rival=no d=9999 mm rumbo=-4102 cdeg  linea=0xC
WARNING: Contact joints between materials 'patin' and 'dohyo' will only be created for the 10 deepest contact points instead of all the 11 contact points.
[arbitro] asalto  9/30  espalda  auto-salida     -1   0.42 s
[planta] asalto=9 mu=1.1 slip=0.0005 aleatorio=0
[gelatina] fin de asalto motor={"battery_v":7.4,"resistance_ohm":[4,4],"bridge_ohm":[0.5,0.5],"omega_rad_s":[59.973511,59.982696],"current_a":[0.258254325,0.258092399],"torque_nm":[0.00523728721,0.00522945332],"applied_pwm":[0.800000012,0.800000012],"over_1_2a_samples":39,"over_3_2a_samples":0}
[gelatina] t=    0 ms  WAIT         rival=no d=9999 mm rumbo=-4102 cdeg  linea=0x0
[rival] fin de asalto motor={"battery_v":7.4,"resistance_ohm":[4,4],"bridge_ohm":[0.5,0.5],"omega_rad_s":[52.5414204,64.071926],"current_a":[-0.268499649,0.514890307],"torque_nm":[-0.0202467926,0.0176532009],"applied_pwm":[0.4,1],"over_1_2a_samples":98,"over_3_2a_samples":0}
[planta] gelatina ciclo=11 rueda=0 V=7.4 R=4 Rpuente=0.5 I0=0.15 Ke=0.0793326178 Kt=0.0483794733
[planta] gelatina ciclo=11 rueda=1 V=7.4 R=4 Rpuente=0.5 I0=0.15 Ke=0.0793326178 Kt=0.0483794733
[sensores] gelatina ToF alcance=1200 minimo=30 sigma_rel=0.07
[gelatina] pulsador recibido: permiso previsto 58888 ms
[planta] rival ciclo=11 rueda=0 V=7.4 R=4 Rpuente=0.5 I0=0.15 Ke=0.0793326178 Kt=0.0483794733
[planta] rival ciclo=11 rueda=1 V=7.4 R=4 Rpuente=0.5 I0=0.15 Ke=0.0793326178 Kt=0.0483794733
[sensores] rival ToF alcance=1200 minimo=30 sigma_rel=0.07
[arranque] pulsador=53888 permiso=58888 ms
[gelatina] permiso de arranque a los 58888 ms
[gelatina] t=    0 ms  TRACK        rival=si d=  74 mm rumbo=-1485 cdeg  linea=0x0
[gelatina] t=    8 ms  ATTACK       rival=si d=  74 mm rumbo=-1485 cdeg  linea=0x0
WARNING: Contact joints between materials 'patin' and 'dohyo' will only be created for the 10 deepest contact points instead of all the 100 contact points.
[gelatina] t=  480 ms  SEARCH       rival=no d=9999 mm rumbo=+6000 cdeg  linea=0x0
[gelatina] t=  560 ms  TRACK        rival=si d=  34 mm rumbo=-6000 cdeg  linea=0x0
[gelatina] t=  568 ms  ATTACK       rival=si d=  34 mm rumbo=-6000 cdeg  linea=0x0
[arbitro] asalto 10/30  frente   rival fuera     +1   0.84 s
[planta] asalto=10 mu=1.1 slip=0.0005 aleatorio=0
[gelatina] fin de asalto motor={"battery_v":7.4,"resistance_ohm":[4,4],"bridge_ohm":[0.5,0.5],"omega_rad_s":[66.797552,43.3145153],"current_a":[0.466838964,0.387499116],"torque_nm":[0.0153285022,0.0114900822],"applied_pwm":[1,0.699999988],"over_1_2a_samples":54,"over_3_2a_samples":0}
[gelatina] t=    0 ms  WAIT         rival=si d=  93 mm rumbo=-6000 cdeg  linea=0x3
[rival] fin de asalto motor={"battery_v":7.4,"resistance_ohm":[4,4],"bridge_ohm":[0.5,0.5],"omega_rad_s":[-86.9973061,-82.6875334],"current_a":[0.135938675,0.0599596623],"torque_nm":[0.0138335625,0.0101577379],"applied_pwm":[-0.85,-0.85],"over_1_2a_samples":112,"over_3_2a_samples":0}
[planta] gelatina ciclo=12 rueda=0 V=7.4 R=4 Rpuente=0.5 I0=0.15 Ke=0.0793326178 Kt=0.0483794733
[planta] gelatina ciclo=12 rueda=1 V=7.4 R=4 Rpuente=0.5 I0=0.15 Ke=0.0793326178 Kt=0.0483794733
[sensores] gelatina ToF alcance=1200 minimo=30 sigma_rel=0.07
[gelatina] pulsador recibido: permiso previsto 65040 ms
[planta] rival ciclo=12 rueda=0 V=7.4 R=4 Rpuente=0.5 I0=0.15 Ke=0.0793326178 Kt=0.0483794733
[planta] rival ciclo=12 rueda=1 V=7.4 R=4 Rpuente=0.5 I0=0.15 Ke=0.0793326178 Kt=0.0483794733
[sensores] rival ToF alcance=1200 minimo=30 sigma_rel=0.07
[arranque] pulsador=60040 permiso=65040 ms
[gelatina] permiso de arranque a los 65040 ms
[gelatina] t=    0 ms  TRACK        rival=si d=  82 mm rumbo=-6000 cdeg  linea=0x0
[gelatina] t=    7 ms  ATTACK       rival=si d=  82 mm rumbo=-6000 cdeg  linea=0x0
WARNING: Contact joints between materials 'rueda' and 'dohyo' will only be created for the 10 deepest contact points instead of all the 14 contact points.
[gelatina] t=  319 ms  SEARCH       rival=no d=9999 mm rumbo=-6000 cdeg  linea=0x0
[gelatina] t=  455 ms  TRACK        rival=si d=  53 mm rumbo=-6000 cdeg  linea=0x0
[gelatina] t=  464 ms  ATTACK       rival=si d=  53 mm rumbo=-6000 cdeg  linea=0x0
[gelatina] t= 1048 ms  SEARCH       rival=no d=9999 mm rumbo=-6000 cdeg  linea=0x0
[gelatina] t= 1119 ms  TRACK        rival=si d=  50 mm rumbo=-3000 cdeg  linea=0x0
[gelatina] t= 1127 ms  ATTACK       rival=si d=  50 mm rumbo=-3000 cdeg  linea=0x0
WARNING: Contact joints between materials 'patin' and 'dohyo' will only be created for the 10 deepest contact points instead of all the 12 contact points.
[gelatina] t= 1439 ms  EDGE_ESCAPE  rival=si d= 144 mm rumbo=+6000 cdeg  linea=0x2
[arbitro] asalto 11/30  lado     rival fuera     +1   1.47 s
[planta] asalto=11 mu=1.1 slip=0.0005 aleatorio=0
[gelatina] fin de asalto motor={"battery_v":7.4,"resistance_ohm":[4,4],"bridge_ohm":[0.5,0.5],"omega_rad_s":[33.082741,61.7104069],"current_a":[-1.07656456,-1.08792181],"torque_nm":[-0.0593405476,-0.059890005],"applied_pwm":[-0.300000012,0],"over_1_2a_samples":59,"over_3_2a_samples":0}
[gelatina] t=    0 ms  WAIT         rival=si d= 144 mm rumbo=+4458 cdeg  linea=0x8
[rival] fin de asalto motor={"battery_v":7.4,"resistance_ohm":[4,4],"bridge_ohm":[0.5,0.5],"omega_rad_s":[-50.4424982,8.35260125],"current_a":[-0.0973921265,0.839414728],"torque_nm":[0.00254514121,0.0333535223],"applied_pwm":[-0.6,0.6],"over_1_2a_samples":138,"over_3_2a_samples":0}
[planta] gelatina ciclo=13 rueda=0 V=7.4 R=4 Rpuente=0.5 I0=0.15 Ke=0.0793326178 Kt=0.0483794733
[planta] gelatina ciclo=13 rueda=1 V=7.4 R=4 Rpuente=0.5 I0=0.15 Ke=0.0793326178 Kt=0.0483794733
[sensores] gelatina ToF alcance=1200 minimo=30 sigma_rel=0.07
[gelatina] pulsador recibido: permiso previsto 71824 ms
[planta] rival ciclo=13 rueda=0 V=7.4 R=4 Rpuente=0.5 I0=0.15 Ke=0.0793326178 Kt=0.0483794733
[planta] rival ciclo=13 rueda=1 V=7.4 R=4 Rpuente=0.5 I0=0.15 Ke=0.0793326178 Kt=0.0483794733
[sensores] rival ToF alcance=1200 minimo=30 sigma_rel=0.07
[arranque] pulsador=66824 permiso=71824 ms
[gelatina] permiso de arranque a los 71824 ms
[gelatina] t=    0 ms  OPENING      rival=no d=9999 mm rumbo=+4458 cdeg  linea=0x0
[gelatina] t=  424 ms  SEARCH       rival=no d=9999 mm rumbo=+4458 cdeg  linea=0xC
[arbitro] asalto 12/30  espalda  auto-salida     -1   0.42 s
[planta] asalto=12 mu=1.1 slip=0.0005 aleatorio=0
[gelatina] fin de asalto motor={"battery_v":7.4,"resistance_ohm":[4,4],"bridge_ohm":[0.5,0.5],"omega_rad_s":[59.9869476,59.9603408],"current_a":[0.258017444,0.258486509],"torque_nm":[0.00522582707,0.00524852015],"applied_pwm":[0.800000012,0.800000012],"over_1_2a_samples":61,"over_3_2a_samples":0}
[gelatina] t=    0 ms  WAIT         rival=no d=9999 mm rumbo=+4458 cdeg  linea=0x0
[rival] fin de asalto motor={"battery_v":7.4,"resistance_ohm":[4,4],"bridge_ohm":[0.5,0.5],"omega_rad_s":[34.6998792,55.3319084],"current_a":[0.0460372776,0.668972191],"torque_nm":[-0.00502966176,0.0251076013],"applied_pwm":[0.4,1],"over_1_2a_samples":140,"over_3_2a_samples":0}
WARNING: Contact joints between materials 'patin' and 'dohyo' will only be created for the 10 deepest contact points instead of all the 28 contact points.
[planta] gelatina ciclo=14 rueda=0 V=7.4 R=4 Rpuente=0.5 I0=0.15 Ke=0.0793326178 Kt=0.0483794733
[planta] gelatina ciclo=14 rueda=1 V=7.4 R=4 Rpuente=0.5 I0=0.15 Ke=0.0793326178 Kt=0.0483794733
[sensores] gelatina ToF alcance=1200 minimo=30 sigma_rel=0.07
[gelatina] pulsador recibido: permiso previsto 77560 ms
[planta] rival ciclo=14 rueda=0 V=7.4 R=4 Rpuente=0.5 I0=0.15 Ke=0.0793326178 Kt=0.0483794733
[planta] rival ciclo=14 rueda=1 V=7.4 R=4 Rpuente=0.5 I0=0.15 Ke=0.0793326178 Kt=0.0483794733
[sensores] rival ToF alcance=1200 minimo=30 sigma_rel=0.07
[arranque] pulsador=72560 permiso=77560 ms
[gelatina] permiso de arranque a los 77560 ms
[gelatina] t=    0 ms  TRACK        rival=si d=  71 mm rumbo=-1455 cdeg  linea=0x0
[gelatina] t=    8 ms  ATTACK       rival=si d=  71 mm rumbo=-1455 cdeg  linea=0x0
WARNING: Contact joints between materials 'patin' and 'dohyo' will only be created for the 10 deepest contact points instead of all the 95 contact points.
[gelatina] t=  512 ms  SEARCH       rival=no d=9999 mm rumbo=+6000 cdeg  linea=0x0
[gelatina] t=  624 ms  TRACK        rival=si d=  56 mm rumbo=   +0 cdeg  linea=0x0
[gelatina] t=  632 ms  ATTACK       rival=si d=  56 mm rumbo=   +0 cdeg  linea=0x0
[arbitro] asalto 13/30  frente   rival fuera     +1   0.69 s
[planta] asalto=13 mu=1.1 slip=0.0005 aleatorio=0
[gelatina] fin de asalto motor={"battery_v":7.4,"resistance_ohm":[4,4],"bridge_ohm":[0.5,0.5],"omega_rad_s":[15.4379753,28.6049355],"current_a":[1.26128102,0.808658367],"torque_nm":[0.0537631906,0.0318655449],"applied_pwm":[0.932499945,0.798414469],"over_1_2a_samples":77,"over_3_2a_samples":0}
[gelatina] t=    0 ms  WAIT         rival=si d=  44 mm rumbo=-3000 cdeg  linea=0x0
[rival] fin de asalto motor={"battery_v":7.4,"resistance_ohm":[4,4],"bridge_ohm":[0.5,0.5],"omega_rad_s":[-52.9691079,-43.2662226],"current_a":[-0.463960446,-0.635017178],"torque_nm":[-0.015189241,-0.0234648756],"applied_pwm":[-0.85,-0.85],"over_1_2a_samples":150,"over_3_2a_samples":0}
[planta] gelatina ciclo=15 rueda=0 V=7.4 R=4 Rpuente=0.5 I0=0.15 Ke=0.0793326178 Kt=0.0483794733
[planta] gelatina ciclo=15 rueda=1 V=7.4 R=4 Rpuente=0.5 I0=0.15 Ke=0.0793326178 Kt=0.0483794733
[sensores] gelatina ToF alcance=1200 minimo=30 sigma_rel=0.07
[gelatina] pulsador recibido: permiso previsto 83560 ms
[planta] rival ciclo=15 rueda=0 V=7.4 R=4 Rpuente=0.5 I0=0.15 Ke=0.0793326178 Kt=0.0483794733
[planta] rival ciclo=15 rueda=1 V=7.4 R=4 Rpuente=0.5 I0=0.15 Ke=0.0793326178 Kt=0.0483794733
[sensores] rival ToF alcance=1200 minimo=30 sigma_rel=0.07
[arranque] pulsador=78560 permiso=83560 ms
[gelatina] permiso de arranque a los 83560 ms
[gelatina] t=    0 ms  OPENING      rival=no d=9999 mm rumbo=-3000 cdeg  linea=0x0
WARNING: Contact joints between materials 'rueda' and 'dohyo' will only be created for the 10 deepest contact points instead of all the 12 contact points.
[gelatina] t=  424 ms  SEARCH       rival=no d=9999 mm rumbo=-3000 cdeg  linea=0x0
[gelatina] t=  488 ms  TRACK        rival=si d= 376 mm rumbo=+2843 cdeg  linea=0x4
[arbitro] asalto 14/30  lado     auto-salida     -1   0.50 s
[planta] asalto=14 mu=1.1 slip=0.0005 aleatorio=0
[gelatina] fin de asalto motor={"battery_v":7.4,"resistance_ohm":[4,4],"bridge_ohm":[0.5,0.5],"omega_rad_s":[46.0468535,-19.8857479],"current_a":[-0.10055942,-0.0893137504],"torque_nm":[-0.0121219328,0.00293596879],"applied_pwm":[0.432500005,-0.267500043],"over_1_2a_samples":82,"over_3_2a_samples":0}
[gelatina] t=    0 ms  WAIT         rival=si d= 376 mm rumbo=+2843 cdeg  linea=0x0
[rival] fin de asalto motor={"battery_v":7.4,"resistance_ohm":[4,4],"bridge_ohm":[0.5,0.5],"omega_rad_s":[-24.75601,-13.8090293],"current_a":[-0.961342426,-1.1543319],"torque_nm":[-0.0392523193,-0.0485890484],"applied_pwm":[-0.85,-0.85],"over_1_2a_samples":164,"over_3_2a_samples":0}
[planta] gelatina ciclo=16 rueda=0 V=7.4 R=4 Rpuente=0.5 I0=0.15 Ke=0.0793326178 Kt=0.0483794733
[planta] gelatina ciclo=16 rueda=1 V=7.4 R=4 Rpuente=0.5 I0=0.15 Ke=0.0793326178 Kt=0.0483794733
[sensores] gelatina ToF alcance=1200 minimo=30 sigma_rel=0.07
[gelatina] pulsador recibido: permiso previsto 89368 ms
[arranque] pulsador=84368 permiso=89368 ms
[planta] rival ciclo=16 rueda=0 V=7.4 R=4 Rpuente=0.5 I0=0.15 Ke=0.0793326178 Kt=0.0483794733
[planta] rival ciclo=16 rueda=1 V=7.4 R=4 Rpuente=0.5 I0=0.15 Ke=0.0793326178 Kt=0.0483794733
[sensores] rival ToF alcance=1200 minimo=30 sigma_rel=0.07
[gelatina] permiso de arranque a los 89368 ms
[gelatina] t=    0 ms  OPENING      rival=no d=9999 mm rumbo=-3000 cdeg  linea=0x0
WARNING: Contact joints between materials 'patin' and 'dohyo' will only be created for the 10 deepest contact points instead of all the 30 contact points.
[gelatina] t=  424 ms  SEARCH       rival=si d= 705 mm rumbo=+2550 cdeg  linea=0xC
[arbitro] asalto 15/30  espalda  auto-salida     -1   0.42 s
[gelatina] t=  432 ms  TRACK        rival=si d= 705 mm rumbo=+2550 cdeg  linea=0xC
[planta] asalto=15 mu=1.1 slip=0.0005 aleatorio=0
[gelatina] fin de asalto motor={"battery_v":7.4,"resistance_ohm":[4,4],"bridge_ohm":[0.5,0.5],"omega_rad_s":[60.4080783,59.7728548],"current_a":[0.250593134,0.261791788],"torque_nm":[0.00486664285,0.00540842781],"applied_pwm":[0.800000012,0.800000012],"over_1_2a_samples":84,"over_3_2a_samples":0}
[gelatina] t=    0 ms  WAIT         rival=si d= 705 mm rumbo=+2550 cdeg  linea=0x0
[rival] fin de asalto motor={"battery_v":7.4,"resistance_ohm":[4,4],"bridge_ohm":[0.5,0.5],"omega_rad_s":[10.7997086,16.6855971],"current_a":[0.467384633,1.3502862],"torque_nm":[0.0153549014,0.0580692142],"applied_pwm":[0.4,1],"over_1_2a_samples":174,"over_3_2a_samples":0}
[planta] gelatina ciclo=17 rueda=0 V=7.4 R=4 Rpuente=0.5 I0=0.15 Ke=0.0793326178 Kt=0.0483794733
[planta] gelatina ciclo=17 rueda=1 V=7.4 R=4 Rpuente=0.5 I0=0.15 Ke=0.0793326178 Kt=0.0483794733
[sensores] gelatina ToF alcance=1200 minimo=30 sigma_rel=0.07
[gelatina] pulsador recibido: permiso previsto 95104 ms
[arranque] pulsador=90104 permiso=95104 ms
[planta] rival ciclo=17 rueda=0 V=7.4 R=4 Rpuente=0.5 I0=0.15 Ke=0.0793326178 Kt=0.0483794733
[planta] rival ciclo=17 rueda=1 V=7.4 R=4 Rpuente=0.5 I0=0.15 Ke=0.0793326178 Kt=0.0483794733
[sensores] rival ToF alcance=1200 minimo=30 sigma_rel=0.07
[gelatina] permiso de arranque a los 95104 ms
[gelatina] t=    0 ms  TRACK        rival=si d=  73 mm rumbo=-1463 cdeg  linea=0x0
[gelatina] t=    8 ms  ATTACK       rival=si d=  73 mm rumbo=-1463 cdeg  linea=0x0
WARNING: Contact joints between materials 'patin' and 'dohyo' will only be created for the 10 deepest contact points instead of all the 95 contact points.
[gelatina] t=  416 ms  SEARCH       rival=no d=9999 mm rumbo=-3000 cdeg  linea=0x0
[gelatina] t=  520 ms  TRACK        rival=si d=  32 mm rumbo=+3029 cdeg  linea=0x0
[gelatina] t=  528 ms  ATTACK       rival=si d=  32 mm rumbo=+3029 cdeg  linea=0x0
[gelatina] t=  880 ms  SEARCH       rival=no d=9999 mm rumbo=+6000 cdeg  linea=0x8
[gelatina] t=  888 ms  TRACK        rival=si d= 536 mm rumbo=-3201 cdeg  linea=0x0
[arbitro] asalto 16/30  frente   expulsado       -1   0.90 s
[planta] asalto=16 mu=1.1 slip=0.0005 aleatorio=0
[gelatina] fin de asalto motor={"battery_v":7.4,"resistance_ohm":[4,4],"bridge_ohm":[0.5,0.5],"omega_rad_s":[45.9209246,76.7616633],"current_a":[0.670438369,-0.037711913],"torque_nm":[0.0251785342,-0.00908140349],"applied_pwm":[0.899999976,0.800000012],"over_1_2a_samples":104,"over_3_2a_samples":0}
[gelatina] t=    0 ms  WAIT         rival=si d= 536 mm rumbo=-3201 cdeg  linea=0x0
[rival] fin de asalto motor={"battery_v":7.4,"resistance_ohm":[4,4],"bridge_ohm":[0.5,0.5],"omega_rad_s":[29.0017744,56.2138005],"current_a":[0.59871407,0.6534249],"torque_nm":[0.0217085504,0.0243554315],"applied_pwm":[0.675,1],"over_1_2a_samples":183,"over_3_2a_samples":0}
[planta] gelatina ciclo=18 rueda=0 V=7.4 R=4 Rpuente=0.5 I0=0.15 Ke=0.0793326178 Kt=0.0483794733
[planta] gelatina ciclo=18 rueda=1 V=7.4 R=4 Rpuente=0.5 I0=0.15 Ke=0.0793326178 Kt=0.0483794733
[sensores] gelatina ToF alcance=1200 minimo=30 sigma_rel=0.07
[gelatina] pulsador recibido: permiso previsto 101312 ms
[planta] rival ciclo=18 rueda=0 V=7.4 R=4 Rpuente=0.5 I0=0.15 Ke=0.0793326178 Kt=0.0483794733
[planta] rival ciclo=18 rueda=1 V=7.4 R=4 Rpuente=0.5 I0=0.15 Ke=0.0793326178 Kt=0.0483794733
[sensores] rival ToF alcance=1200 minimo=30 sigma_rel=0.07
[arranque] pulsador=96312 permiso=101312 ms
[gelatina] permiso de arranque a los 101312 ms
[gelatina] t=    0 ms  OPENING      rival=no d=9999 mm rumbo=-3201 cdeg  linea=0x0
WARNING: Contact joints between materials 'rueda' and 'dohyo' will only be created for the 10 deepest contact points instead of all the 12 contact points.
[gelatina] t=  424 ms  SEARCH       rival=no d=9999 mm rumbo=-3201 cdeg  linea=0x0
[gelatina] t=  520 ms  TRACK        rival=si d= 140 mm rumbo=+3035 cdeg  linea=0x2
[gelatina] t=  528 ms  ATTACK       rival=si d= 140 mm rumbo=+1119 cdeg  linea=0x0
[arbitro] asalto 17/30  lado     auto-salida     -1   0.56 s
[planta] asalto=17 mu=1.1 slip=0.0005 aleatorio=0
[gelatina] fin de asalto motor={"battery_v":7.4,"resistance_ohm":[4,4],"bridge_ohm":[0.5,0.5],"omega_rad_s":[71.5291196,6.41259744],"current_a":[0.0282810424,0.433727048],"torque_nm":[-0.00588869906,0.0137266042],"applied_pwm":[0.784034729,0.332499981],"over_1_2a_samples":109,"over_3_2a_samples":0}
[gelatina] t=    0 ms  WAIT         rival=si d=  85 mm rumbo=+3214 cdeg  linea=0x8
[rival] fin de asalto motor={"battery_v":7.4,"resistance_ohm":[4,4],"bridge_ohm":[0.5,0.5],"omega_rad_s":[47.0677557,66.1791033],"current_a":[-1.56977962,-0.426702557],"torque_nm":[-0.0832020321,-0.027900566],"applied_pwm":[-0.45,0.45],"over_1_2a_samples":189,"over_3_2a_samples":0}
[arranque] pulsador=102184 permiso=107184 ms
[planta] gelatina ciclo=19 rueda=0 V=7.4 R=4 Rpuente=0.5 I0=0.15 Ke=0.0793326178 Kt=0.0483794733
[planta] gelatina ciclo=19 rueda=1 V=7.4 R=4 Rpuente=0.5 I0=0.15 Ke=0.0793326178 Kt=0.0483794733
[sensores] gelatina ToF alcance=1200 minimo=30 sigma_rel=0.07
[gelatina] pulsador recibido: permiso previsto 107184 ms
[planta] rival ciclo=19 rueda=0 V=7.4 R=4 Rpuente=0.5 I0=0.15 Ke=0.0793326178 Kt=0.0483794733
[planta] rival ciclo=19 rueda=1 V=7.4 R=4 Rpuente=0.5 I0=0.15 Ke=0.0793326178 Kt=0.0483794733
[sensores] rival ToF alcance=1200 minimo=30 sigma_rel=0.07
[gelatina] permiso de arranque a los 107184 ms
[gelatina] t=    0 ms  OPENING      rival=no d=9999 mm rumbo=+3214 cdeg  linea=0x0
WARNING: Contact joints between materials 'patin' and 'dohyo' will only be created for the 10 deepest contact points instead of all the 17 contact points.
[gelatina] t=  424 ms  SEARCH       rival=no d=9999 mm rumbo=+3214 cdeg  linea=0x4
[arbitro] asalto 18/30  espalda  auto-salida     -1   0.43 s
[planta] asalto=18 mu=1.1 slip=0.0005 aleatorio=0
[gelatina] fin de asalto motor={"battery_v":7.4,"resistance_ohm":[4,4],"bridge_ohm":[0.5,0.5],"omega_rad_s":[60.4913612,59.6720759],"current_a":[-0.0797639699,-0.0118760103],"torque_nm":[-0.0111158599,-0.00783147612],"applied_pwm":[0.600000024,0.632499993],"over_1_2a_samples":110,"over_3_2a_samples":0}
[gelatina] t=    0 ms  WAIT         rival=no d=9999 mm rumbo=+3214 cdeg  linea=0x0
[rival] fin de asalto motor={"battery_v":7.4,"resistance_ohm":[4,4],"bridge_ohm":[0.5,0.5],"omega_rad_s":[62.1320771,57.3924245],"current_a":[0.0146443717,0.632646383],"torque_nm":[-0.00654843401,0.0233501778],"applied_pwm":[0.675,1],"over_1_2a_samples":193,"over_3_2a_samples":0}
[planta] gelatina ciclo=20 rueda=0 V=7.4 R=4 Rpuente=0.5 I0=0.15 Ke=0.0793326178 Kt=0.0483794733
[planta] gelatina ciclo=20 rueda=1 V=7.4 R=4 Rpuente=0.5 I0=0.15 Ke=0.0793326178 Kt=0.0483794733
[sensores] gelatina ToF alcance=1200 minimo=30 sigma_rel=0.07
[gelatina] pulsador recibido: permiso previsto 112928 ms
[arranque] pulsador=107928 permiso=112928 ms
[planta] rival ciclo=20 rueda=0 V=7.4 R=4 Rpuente=0.5 I0=0.15 Ke=0.0793326178 Kt=0.0483794733
[planta] rival ciclo=20 rueda=1 V=7.4 R=4 Rpuente=0.5 I0=0.15 Ke=0.0793326178 Kt=0.0483794733
[sensores] rival ToF alcance=1200 minimo=30 sigma_rel=0.07
[gelatina] permiso de arranque a los 112928 ms
[gelatina] t=    0 ms  TRACK        rival=si d=  63 mm rumbo=-1468 cdeg  linea=0x0
[gelatina] t=    8 ms  ATTACK       rival=si d=  63 mm rumbo=-1468 cdeg  linea=0x0
WARNING: Contact joints between materials 'patin' and 'dohyo' will only be created for the 10 deepest contact points instead of all the 98 contact points.
[gelatina] t=  416 ms  SEARCH       rival=no d=9999 mm rumbo=-3000 cdeg  linea=0x0
[gelatina] t=  424 ms  TRACK        rival=si d=  27 mm rumbo=   +0 cdeg  linea=0x0
[gelatina] t=  432 ms  ATTACK       rival=si d=  27 mm rumbo=   +0 cdeg  linea=0x0
[arbitro] asalto 19/30  frente   rival fuera     +1   0.65 s
[planta] asalto=19 mu=1.1 slip=0.0005 aleatorio=0
[gelatina] fin de asalto motor={"battery_v":7.4,"resistance_ohm":[4,4],"bridge_ohm":[0.5,0.5],"omega_rad_s":[53.6605584,56.2187948],"current_a":[0.698437206,0.653336853],"torque_nm":[0.0265331032,0.0243511719],"applied_pwm":[1,1],"over_1_2a_samples":128,"over_3_2a_samples":0}
[gelatina] t=    0 ms  WAIT         rival=si d=  29 mm rumbo=+6000 cdeg  linea=0x1
[rival] fin de asalto motor={"battery_v":7.4,"resistance_ohm":[4,4],"bridge_ohm":[0.5,0.5],"omega_rad_s":[-50.2398532,-11.5023455],"current_a":[-0.512075762,-1.19499752],"torque_nm":[-0.0175170347,-0.0505564295],"applied_pwm":[-0.85,-0.85],"over_1_2a_samples":201,"over_3_2a_samples":0}
[planta] gelatina ciclo=21 rueda=0 V=7.4 R=4 Rpuente=0.5 I0=0.15 Ke=0.0793326178 Kt=0.0483794733
[planta] gelatina ciclo=21 rueda=1 V=7.4 R=4 Rpuente=0.5 I0=0.15 Ke=0.0793326178 Kt=0.0483794733
[sensores] gelatina ToF alcance=1200 minimo=30 sigma_rel=0.07
[gelatina] pulsador recibido: permiso previsto 118888 ms
[planta] rival ciclo=21 rueda=0 V=7.4 R=4 Rpuente=0.5 I0=0.15 Ke=0.0793326178 Kt=0.0483794733
[planta] rival ciclo=21 rueda=1 V=7.4 R=4 Rpuente=0.5 I0=0.15 Ke=0.0793326178 Kt=0.0483794733
[sensores] rival ToF alcance=1200 minimo=30 sigma_rel=0.07
[arranque] pulsador=113888 permiso=118888 ms
[gelatina] permiso de arranque a los 118888 ms
[gelatina] t=    0 ms  OPENING      rival=no d=9999 mm rumbo=+6000 cdeg  linea=0x0
WARNING: Contact joints between materials 'rueda' and 'dohyo' will only be created for the 10 deepest contact points instead of all the 11 contact points.
[gelatina] t=  424 ms  SEARCH       rival=no d=9999 mm rumbo=+6000 cdeg  linea=0x1
[gelatina] t=  488 ms  TRACK        rival=si d= 501 mm rumbo=+1300 cdeg  linea=0xC
[arbitro] asalto 20/30  lado     auto-salida     -1   0.50 s
[planta] asalto=20 mu=1.1 slip=0.0005 aleatorio=0
[gelatina] fin de asalto motor={"battery_v":7.4,"resistance_ohm":[4,4],"bridge_ohm":[0.5,0.5],"omega_rad_s":[-22.4451083,49.3923888],"current_a":[-0.0441935828,0.498238302],"torque_nm":[0.00511885874,0.0168475856],"applied_pwm":[-0.267500043,0.832499981],"over_1_2a_samples":133,"over_3_2a_samples":0}
[gelatina] t=    0 ms  WAIT         rival=si d= 501 mm rumbo=+1300 cdeg  linea=0x0
[rival] fin de asalto motor={"battery_v":7.4,"resistance_ohm":[4,4],"bridge_ohm":[0.5,0.5],"omega_rad_s":[32.6504351,51.7075787],"current_a":[0.0821678912,0.732867206],"torque_nm":[-0.0032816817,0.0281988084],"applied_pwm":[0.4,1],"over_1_2a_samples":207,"over_3_2a_samples":0}
[planta] gelatina ciclo=22 rueda=0 V=7.4 R=4 Rpuente=0.5 I0=0.15 Ke=0.0793326178 Kt=0.0483794733
[planta] gelatina ciclo=22 rueda=1 V=7.4 R=4 Rpuente=0.5 I0=0.15 Ke=0.0793326178 Kt=0.0483794733
[sensores] gelatina ToF alcance=1200 minimo=30 sigma_rel=0.07
[gelatina] pulsador recibido: permiso previsto 124696 ms
[arranque] pulsador=119696 permiso=124696 ms
[planta] rival ciclo=22 rueda=0 V=7.4 R=4 Rpuente=0.5 I0=0.15 Ke=0.0793326178 Kt=0.0483794733
[planta] rival ciclo=22 rueda=1 V=7.4 R=4 Rpuente=0.5 I0=0.15 Ke=0.0793326178 Kt=0.0483794733
[sensores] rival ToF alcance=1200 minimo=30 sigma_rel=0.07
[gelatina] permiso de arranque a los 124696 ms
[gelatina] t=    0 ms  OPENING      rival=no d=9999 mm rumbo=-3000 cdeg  linea=0x0
WARNING: Contact joints between materials 'patin' and 'dohyo' will only be created for the 10 deepest contact points instead of all the 25 contact points.
[gelatina] t=  424 ms  TRACK        rival=si d= 552 mm rumbo= -348 cdeg  linea=0xC
[arbitro] asalto 21/30  espalda  auto-salida     -1   0.42 s
[planta] asalto=21 mu=1.1 slip=0.0005 aleatorio=0
[gelatina] fin de asalto motor={"battery_v":7.4,"resistance_ohm":[4,4],"bridge_ohm":[0.5,0.5],"omega_rad_s":[60.1571235,60.2083408],"current_a":[0.255017335,0.2541144],"torque_nm":[0.00508068334,0.00503699986],"applied_pwm":[0.800000012,0.800000012],"over_1_2a_samples":136,"over_3_2a_samples":0}
[gelatina] t=    0 ms  WAIT         rival=si d= 552 mm rumbo= -348 cdeg  linea=0x0
[rival] fin de asalto motor={"battery_v":7.4,"resistance_ohm":[4,4],"bridge_ohm":[0.5,0.5],"omega_rad_s":[33.6055106,42.5863033],"current_a":[0.517552639,0.893670462],"torque_nm":[0.0177820031,0.0359783853],"applied_pwm":[0.675,1],"over_1_2a_samples":216,"over_3_2a_samples":0}
[planta] gelatina ciclo=23 rueda=0 V=7.4 R=4 Rpuente=0.5 I0=0.15 Ke=0.0793326178 Kt=0.0483794733
[planta] gelatina ciclo=23 rueda=1 V=7.4 R=4 Rpuente=0.5 I0=0.15 Ke=0.0793326178 Kt=0.0483794733
[sensores] gelatina ToF alcance=1200 minimo=30 sigma_rel=0.07
[gelatina] pulsador recibido: permiso previsto 130432 ms
[arranque] pulsador=125432 permiso=130432 ms
[planta] rival ciclo=23 rueda=0 V=7.4 R=4 Rpuente=0.5 I0=0.15 Ke=0.0793326178 Kt=0.0483794733
[planta] rival ciclo=23 rueda=1 V=7.4 R=4 Rpuente=0.5 I0=0.15 Ke=0.0793326178 Kt=0.0483794733
[sensores] rival ToF alcance=1200 minimo=30 sigma_rel=0.07
[gelatina] permiso de arranque a los 130432 ms
[gelatina] t=    0 ms  TRACK        rival=si d=  69 mm rumbo=+1503 cdeg  linea=0x0
[gelatina] t=    7 ms  ATTACK       rival=si d=  69 mm rumbo=+1503 cdeg  linea=0x0
WARNING: Contact joints between materials 'patin' and 'dohyo' will only be created for the 10 deepest contact points instead of all the 102 contact points.
[gelatina] t=  543 ms  SEARCH       rival=no d=9999 mm rumbo=+6000 cdeg  linea=0x0
[gelatina] t=  559 ms  TRACK        rival=si d=  47 mm rumbo=+3000 cdeg  linea=0x0
[gelatina] t=  567 ms  ATTACK       rival=si d=  47 mm rumbo=+3000 cdeg  linea=0x0
[arbitro] asalto 22/30  frente   rival fuera     +1   0.66 s
[planta] asalto=22 mu=1.1 slip=0.0005 aleatorio=0
[gelatina] fin de asalto motor={"battery_v":7.4,"resistance_ohm":[4,4],"bridge_ohm":[0.5,0.5],"omega_rad_s":[74.5513256,35.0072342],"current_a":[0.33014404,0.533952085],"torque_nm":[0.00871527377,0.0185753997],"applied_pwm":[1,0.699999988],"over_1_2a_samples":147,"over_3_2a_samples":0}
[gelatina] t=    0 ms  WAIT         rival=no d=9999 mm rumbo=-6000 cdeg  linea=0x3
[rival] fin de asalto motor={"battery_v":7.4,"resistance_ohm":[4,4],"bridge_ohm":[0.5,0.5],"omega_rad_s":[-58.6337891,-40.7704427],"current_a":[-0.364095116,-0.679016456],"torque_nm":[-0.010357809,-0.0255935375],"applied_pwm":[-0.85,-0.85],"over_1_2a_samples":227,"over_3_2a_samples":0}
[planta] gelatina ciclo=24 rueda=0 V=7.4 R=4 Rpuente=0.5 I0=0.15 Ke=0.0793326178 Kt=0.0483794733
[planta] gelatina ciclo=24 rueda=1 V=7.4 R=4 Rpuente=0.5 I0=0.15 Ke=0.0793326178 Kt=0.0483794733
[sensores] gelatina ToF alcance=1200 minimo=30 sigma_rel=0.07
[gelatina] pulsador recibido: permiso previsto 136400 ms
[arranque] pulsador=131400 permiso=136400 ms
[planta] rival ciclo=24 rueda=0 V=7.4 R=4 Rpuente=0.5 I0=0.15 Ke=0.0793326178 Kt=0.0483794733
[planta] rival ciclo=24 rueda=1 V=7.4 R=4 Rpuente=0.5 I0=0.15 Ke=0.0793326178 Kt=0.0483794733
[sensores] rival ToF alcance=1200 minimo=30 sigma_rel=0.07
[gelatina] permiso de arranque a los 136400 ms
[gelatina] t=    0 ms  OPENING      rival=no d=9999 mm rumbo=-6000 cdeg  linea=0x0
WARNING: Contact joints between materials 'rueda' and 'dohyo' will only be created for the 10 deepest contact points instead of all the 14 contact points.
[gelatina] t=  424 ms  SEARCH       rival=no d=9999 mm rumbo=-6000 cdeg  linea=0x1
[gelatina] t=  488 ms  TRACK        rival=si d= 359 mm rumbo=+1909 cdeg  linea=0x4
[arbitro] asalto 23/30  lado     auto-salida     -1   0.50 s
[planta] asalto=23 mu=1.1 slip=0.0005 aleatorio=0
[gelatina] fin de asalto motor={"battery_v":7.4,"resistance_ohm":[4,4],"bridge_ohm":[0.5,0.5],"omega_rad_s":[47.5417912,-18.8115497],"current_a":[-0.126914381,-0.108251296],"torque_nm":[-0.0133969719,0.00201978031],"applied_pwm":[0.432500005,-0.267500043],"over_1_2a_samples":150,"over_3_2a_samples":0}
[gelatina] t=    0 ms  WAIT         rival=si d= 359 mm rumbo=+1909 cdeg  linea=0x0
[rival] fin de asalto motor={"battery_v":7.4,"resistance_ohm":[4,4],"bridge_ohm":[0.5,0.5],"omega_rad_s":[32.6863769,52.3482588],"current_a":[0.081534256,0.721572355],"torque_nm":[-0.00331233664,0.0276523695],"applied_pwm":[0.4,1],"over_1_2a_samples":233,"over_3_2a_samples":0}
[planta] gelatina ciclo=25 rueda=0 V=7.4 R=4 Rpuente=0.5 I0=0.15 Ke=0.0793326178 Kt=0.0483794733
[planta] gelatina ciclo=25 rueda=1 V=7.4 R=4 Rpuente=0.5 I0=0.15 Ke=0.0793326178 Kt=0.0483794733
[sensores] gelatina ToF alcance=1200 minimo=30 sigma_rel=0.07
[gelatina] pulsador recibido: permiso previsto 142208 ms
[planta] rival ciclo=25 rueda=0 V=7.4 R=4 Rpuente=0.5 I0=0.15 Ke=0.0793326178 Kt=0.0483794733
[planta] rival ciclo=25 rueda=1 V=7.4 R=4 Rpuente=0.5 I0=0.15 Ke=0.0793326178 Kt=0.0483794733
[sensores] rival ToF alcance=1200 minimo=30 sigma_rel=0.07
[arranque] pulsador=137208 permiso=142208 ms
[gelatina] permiso de arranque a los 142208 ms
[gelatina] t=    0 ms  OPENING      rival=no d=9999 mm rumbo=-3000 cdeg  linea=0x0
WARNING: Contact joints between materials 'patin' and 'dohyo' will only be created for the 10 deepest contact points instead of all the 20 contact points.
[gelatina] t=  424 ms  SEARCH       rival=no d=9999 mm rumbo=-3000 cdeg  linea=0x0
[arbitro] asalto 24/30  espalda  auto-salida     -1   0.44 s
[planta] asalto=24 mu=1.1 slip=0.0005 aleatorio=0
[gelatina] fin de asalto motor={"battery_v":7.4,"resistance_ohm":[4,4],"bridge_ohm":[0.5,0.5],"omega_rad_s":[55.3218056,54.435383],"current_a":[0.0648169534,-0.301889149],"torque_nm":[-0.00412111093,-0.021862159],"applied_pwm":[0.632499993,0.400000036],"over_1_2a_samples":151,"over_3_2a_samples":0}
[gelatina] t=    0 ms  WAIT         rival=si d=  73 mm rumbo=   +0 cdeg  linea=0x0
[rival] fin de asalto motor={"battery_v":7.4,"resistance_ohm":[4,4],"bridge_ohm":[0.5,0.5],"omega_rad_s":[38.0319652,33.5533311],"current_a":[-0.0127056358,1.05291698],"torque_nm":[-0.00787161297,0.043682648],"applied_pwm":[0.4,1],"over_1_2a_samples":237,"over_3_2a_samples":0}
[planta] gelatina ciclo=26 rueda=0 V=7.4 R=4 Rpuente=0.5 I0=0.15 Ke=0.0793326178 Kt=0.0483794733
[planta] gelatina ciclo=26 rueda=1 V=7.4 R=4 Rpuente=0.5 I0=0.15 Ke=0.0793326178 Kt=0.0483794733
[sensores] gelatina ToF alcance=1200 minimo=30 sigma_rel=0.07
[gelatina] pulsador recibido: permiso previsto 147960 ms
[arranque] pulsador=142960 permiso=147960 ms
[planta] rival ciclo=26 rueda=0 V=7.4 R=4 Rpuente=0.5 I0=0.15 Ke=0.0793326178 Kt=0.0483794733
[planta] rival ciclo=26 rueda=1 V=7.4 R=4 Rpuente=0.5 I0=0.15 Ke=0.0793326178 Kt=0.0483794733
[sensores] rival ToF alcance=1200 minimo=30 sigma_rel=0.07
[gelatina] permiso de arranque a los 147960 ms
[gelatina] t=    0 ms  TRACK        rival=si d=  72 mm rumbo=   +0 cdeg  linea=0x0
[gelatina] t=    8 ms  ATTACK       rival=si d=  72 mm rumbo=   +0 cdeg  linea=0x0
WARNING: Contact joints between materials 'patin' and 'dohyo' will only be created for the 10 deepest contact points instead of all the 97 contact points.
[arbitro] asalto 25/30  frente   rival fuera     +1   0.66 s
[planta] asalto=25 mu=1.1 slip=0.0005 aleatorio=0
[gelatina] fin de asalto motor={"battery_v":7.4,"resistance_ohm":[4,4],"bridge_ohm":[0.5,0.5],"omega_rad_s":[48.5765215,55.2823845],"current_a":[0.788066085,0.338349065],"torque_nm":[0.0308693011,0.00911222855],"applied_pwm":[1,0.798414469],"over_1_2a_samples":165,"over_3_2a_samples":0}
[gelatina] t=    0 ms  WAIT         rival=no d=9999 mm rumbo=-3000 cdeg  linea=0x3
[rival] fin de asalto motor={"battery_v":7.4,"resistance_ohm":[4,4],"bridge_ohm":[0.5,0.5],"omega_rad_s":[-45.982794,-36.1210487],"current_a":[-0.587125461,-0.76098281],"torque_nm":[-0.0211478996,-0.0295590266],"applied_pwm":[-0.85,-0.85],"over_1_2a_samples":249,"over_3_2a_samples":0}
[planta] gelatina ciclo=27 rueda=0 V=7.4 R=4 Rpuente=0.5 I0=0.15 Ke=0.0793326178 Kt=0.0483794733
[planta] gelatina ciclo=27 rueda=1 V=7.4 R=4 Rpuente=0.5 I0=0.15 Ke=0.0793326178 Kt=0.0483794733
[sensores] gelatina ToF alcance=1200 minimo=30 sigma_rel=0.07
[gelatina] pulsador recibido: permiso previsto 153928 ms
[planta] rival ciclo=27 rueda=0 V=7.4 R=4 Rpuente=0.5 I0=0.15 Ke=0.0793326178 Kt=0.0483794733
[planta] rival ciclo=27 rueda=1 V=7.4 R=4 Rpuente=0.5 I0=0.15 Ke=0.0793326178 Kt=0.0483794733
[sensores] rival ToF alcance=1200 minimo=30 sigma_rel=0.07
[arranque] pulsador=148928 permiso=153928 ms
[gelatina] permiso de arranque a los 153928 ms
[gelatina] t=    0 ms  OPENING      rival=no d=9999 mm rumbo=-3000 cdeg  linea=0x0
WARNING: Contact joints between materials 'rueda' and 'dohyo' will only be created for the 10 deepest contact points instead of all the 13 contact points.
[gelatina] t=  424 ms  SEARCH       rival=no d=9999 mm rumbo=-3000 cdeg  linea=0x0
[gelatina] t=  488 ms  TRACK        rival=si d= 375 mm rumbo=+3231 cdeg  linea=0x4
[arbitro] asalto 26/30  lado     auto-salida     -1   0.50 s
[planta] asalto=26 mu=1.1 slip=0.0005 aleatorio=0
[gelatina] fin de asalto motor={"battery_v":7.4,"resistance_ohm":[4,4],"bridge_ohm":[0.5,0.5],"omega_rad_s":[47.3641869,-14.1852025],"current_a":[-0.123783312,-0.189811349],"torque_nm":[-0.0132454924,-0.00192605211],"applied_pwm":[0.432500005,-0.267500043],"over_1_2a_samples":171,"over_3_2a_samples":0}
[gelatina] t=    0 ms  WAIT         rival=si d= 375 mm rumbo=+3231 cdeg  linea=0x0
[rival] fin de asalto motor={"battery_v":7.4,"resistance_ohm":[4,4],"bridge_ohm":[0.5,0.5],"omega_rad_s":[-5.49154621,31.4013158],"current_a":[-0.643186947,0.186411426],"torque_nm":[-0.0238603713,0.00176156563],"applied_pwm":[-0.45,0.45],"over_1_2a_samples":256,"over_3_2a_samples":0}
[planta] gelatina ciclo=28 rueda=0 V=7.4 R=4 Rpuente=0.5 I0=0.15 Ke=0.0793326178 Kt=0.0483794733
[planta] gelatina ciclo=28 rueda=1 V=7.4 R=4 Rpuente=0.5 I0=0.15 Ke=0.0793326178 Kt=0.0483794733
[sensores] gelatina ToF alcance=1200 minimo=30 sigma_rel=0.07
[gelatina] pulsador recibido: permiso previsto 159736 ms
[planta] rival ciclo=28 rueda=0 V=7.4 R=4 Rpuente=0.5 I0=0.15 Ke=0.0793326178 Kt=0.0483794733
[planta] rival ciclo=28 rueda=1 V=7.4 R=4 Rpuente=0.5 I0=0.15 Ke=0.0793326178 Kt=0.0483794733
[sensores] rival ToF alcance=1200 minimo=30 sigma_rel=0.07
[arranque] pulsador=154736 permiso=159736 ms
[gelatina] permiso de arranque a los 159736 ms
[gelatina] t=    0 ms  OPENING      rival=no d=9999 mm rumbo=+3231 cdeg  linea=0x0
WARNING: Contact joints between materials 'patin' and 'dohyo' will only be created for the 10 deepest contact points instead of all the 16 contact points.
[gelatina] t=  424 ms  SEARCH       rival=no d=9999 mm rumbo=+3231 cdeg  linea=0xC
[arbitro] asalto 27/30  espalda  auto-salida     -1   0.42 s
[planta] asalto=27 mu=1.1 slip=0.0005 aleatorio=0
[gelatina] fin de asalto motor={"battery_v":7.4,"resistance_ohm":[4,4],"bridge_ohm":[0.5,0.5],"omega_rad_s":[59.9726088,60.0187721],"current_a":[0.25827023,0.257456397],"torque_nm":[0.00523805672,0.00519868388],"applied_pwm":[0.800000012,0.800000012],"over_1_2a_samples":173,"over_3_2a_samples":0}
[gelatina] t=    0 ms  WAIT         rival=no d=9999 mm rumbo=+3231 cdeg  linea=0x0
[rival] fin de asalto motor={"battery_v":7.4,"resistance_ohm":[4,4],"bridge_ohm":[0.5,0.5],"omega_rad_s":[38.8913304,34.5874586],"current_a":[-0.027855789,1.03468586],"torque_nm":[-0.0086045694,0.0428006359],"applied_pwm":[0.4,1],"over_1_2a_samples":262,"over_3_2a_samples":0}
[planta] gelatina ciclo=29 rueda=0 V=7.4 R=4 Rpuente=0.5 I0=0.15 Ke=0.0793326178 Kt=0.0483794733
[planta] gelatina ciclo=29 rueda=1 V=7.4 R=4 Rpuente=0.5 I0=0.15 Ke=0.0793326178 Kt=0.0483794733
[sensores] gelatina ToF alcance=1200 minimo=30 sigma_rel=0.07
[gelatina] pulsador recibido: permiso previsto 165472 ms
[planta] rival ciclo=29 rueda=0 V=7.4 R=4 Rpuente=0.5 I0=0.15 Ke=0.0793326178 Kt=0.0483794733
[planta] rival ciclo=29 rueda=1 V=7.4 R=4 Rpuente=0.5 I0=0.15 Ke=0.0793326178 Kt=0.0483794733
[sensores] rival ToF alcance=1200 minimo=30 sigma_rel=0.07
[arranque] pulsador=160472 permiso=165472 ms
[gelatina] permiso de arranque a los 165472 ms
[gelatina] t=    0 ms  TRACK        rival=si d=  65 mm rumbo=   +0 cdeg  linea=0x0
[gelatina] t=    8 ms  ATTACK       rival=si d=  65 mm rumbo=   +0 cdeg  linea=0x0
WARNING: Contact joints between materials 'patin' and 'dohyo' will only be created for the 10 deepest contact points instead of all the 93 contact points.
[gelatina] t=  384 ms  SEARCH       rival=no d=9999 mm rumbo=   +5 cdeg  linea=0x0
[gelatina] t=  520 ms  TRACK        rival=si d=  34 mm rumbo=   +0 cdeg  linea=0x0
[gelatina] t=  528 ms  ATTACK       rival=si d=  34 mm rumbo=   +0 cdeg  linea=0x0
[gelatina] t=  912 ms  SEARCH       rival=no d=9999 mm rumbo=-6000 cdeg  linea=0x4
[gelatina] t=  920 ms  TRACK        rival=si d= 595 mm rumbo=+3870 cdeg  linea=0x4
[arbitro] asalto 28/30  frente   expulsado       -1   0.94 s
[planta] asalto=28 mu=1.1 slip=0.0005 aleatorio=0
[gelatina] fin de asalto motor={"battery_v":7.4,"resistance_ohm":[4,4],"bridge_ohm":[0.5,0.5],"omega_rad_s":[72.2853596,54.754589],"current_a":[-0.287685918,0.679150026],"torque_nm":[-0.0211750142,0.0255999996],"applied_pwm":[0.600000024,1],"over_1_2a_samples":208,"over_3_2a_samples":0}
[gelatina] t=    0 ms  WAIT         rival=no d=9999 mm rumbo=+3870 cdeg  linea=0x0
[rival] fin de asalto motor={"battery_v":7.4,"resistance_ohm":[4,4],"bridge_ohm":[0.5,0.5],"omega_rad_s":[51.3350258,38.3059758],"current_a":[0.739435116,0.434685924],"torque_nm":[0.0285165605,0.0137729551],"applied_pwm":[1,0.675],"over_1_2a_samples":279,"over_3_2a_samples":0}
[planta] gelatina ciclo=30 rueda=0 V=7.4 R=4 Rpuente=0.5 I0=0.15 Ke=0.0793326178 Kt=0.0483794733
[planta] gelatina ciclo=30 rueda=1 V=7.4 R=4 Rpuente=0.5 I0=0.15 Ke=0.0793326178 Kt=0.0483794733
[sensores] gelatina ToF alcance=1200 minimo=30 sigma_rel=0.07
[gelatina] pulsador recibido: permiso previsto 171720 ms
[planta] rival ciclo=30 rueda=0 V=7.4 R=4 Rpuente=0.5 I0=0.15 Ke=0.0793326178 Kt=0.0483794733
[planta] rival ciclo=30 rueda=1 V=7.4 R=4 Rpuente=0.5 I0=0.15 Ke=0.0793326178 Kt=0.0483794733
[sensores] rival ToF alcance=1200 minimo=30 sigma_rel=0.07
[arranque] pulsador=166720 permiso=171720 ms
[gelatina] permiso de arranque a los 171720 ms
[gelatina] t=    0 ms  OPENING      rival=no d=9999 mm rumbo=+3870 cdeg  linea=0x0
WARNING: Contact joints between materials 'rueda' and 'dohyo' will only be created for the 10 deepest contact points instead of all the 15 contact points.
[gelatina] t=  424 ms  SEARCH       rival=no d=9999 mm rumbo=+3870 cdeg  linea=0x1
[gelatina] t=  488 ms  TRACK        rival=si d= 408 mm rumbo=+2134 cdeg  linea=0xC
[arbitro] asalto 29/30  lado     auto-salida     -1   0.49 s
[planta] asalto=29 mu=1.1 slip=0.0005 aleatorio=0
[gelatina] fin de asalto motor={"battery_v":7.4,"resistance_ohm":[4,4],"bridge_ohm":[0.5,0.5],"omega_rad_s":[-15.9756129,50.2817838],"current_a":[-0.48713623,0.15366987],"torque_nm":[-0.0163104733,0.000177546375],"applied_pwm":[-0.467500031,0.632499993],"over_1_2a_samples":211,"over_3_2a_samples":0}
[gelatina] t=    0 ms  WAIT         rival=si d= 408 mm rumbo=+2134 cdeg  linea=0x0
[rival] fin de asalto motor={"battery_v":7.4,"resistance_ohm":[4,4],"bridge_ohm":[0.5,0.5],"omega_rad_s":[25.737036,54.3497662],"current_a":[0.204047457,0.686286839],"torque_nm":[0.00261478752,0.0259452748],"applied_pwm":[0.4,1],"over_1_2a_samples":284,"over_3_2a_samples":0}
[planta] gelatina ciclo=31 rueda=0 V=7.4 R=4 Rpuente=0.5 I0=0.15 Ke=0.0793326178 Kt=0.0483794733
[planta] gelatina ciclo=31 rueda=1 V=7.4 R=4 Rpuente=0.5 I0=0.15 Ke=0.0793326178 Kt=0.0483794733
[sensores] gelatina ToF alcance=1200 minimo=30 sigma_rel=0.07
[gelatina] pulsador recibido: permiso previsto 177520 ms
[planta] rival ciclo=31 rueda=0 V=7.4 R=4 Rpuente=0.5 I0=0.15 Ke=0.0793326178 Kt=0.0483794733
[planta] rival ciclo=31 rueda=1 V=7.4 R=4 Rpuente=0.5 I0=0.15 Ke=0.0793326178 Kt=0.0483794733
[sensores] rival ToF alcance=1200 minimo=30 sigma_rel=0.07
[arranque] pulsador=172520 permiso=177520 ms
[gelatina] permiso de arranque a los 177520 ms
[gelatina] t=    0 ms  OPENING      rival=no d=9999 mm rumbo=-3000 cdeg  linea=0x0
[arbitro] asalto 30/30  espalda  auto-salida     -1   0.42 s

[arbitro] RESULTADO  8W 22L 0D  win rate 26.7%  auto-salidas 19  t medio de victoria 0.78 s

[arbitro]   frente   7W 3L 0D
[arbitro]   lado     1W 9L 0D
[arbitro]   espalda  0W 10L 0D
[arbitro]   combate: gana 7.0%  jueces 0.0%  pierde 93.0%
[arbitro] resultados -> ../../../../result.json
INFO: 'arbitro' controller exited successfully.
INFO: medido: Terminating.
INFO: oponente: Terminating.
