WARNING: Contact joints between materials 'patin' and 'dohyo' will only be created for the 10 deepest contact points instead of all the 12 contact points.
INFO: medido: Starting controller: $LAB_ROOT/Mini-Sumo-real/runs/real/20260913T162927606304Z_v11_v0.3.1_reglamento_static_s0_r0/project/webots/controllers/medido/medido
INFO: oponente: Starting controller: $LAB_ROOT/Mini-Sumo-real/runs/real/20260913T162927606304Z_v11_v0.3.1_reglamento_static_s0_r0/project/webots/controllers/oponente/oponente static
INFO: arbitro: Starting controller: $LAB_ROOT/Mini-Sumo-real/runs/real/20260913T162927606304Z_v11_v0.3.1_reglamento_static_s0_r0/project/webots/controllers/arbitro/arbitro --rounds 30 --rival static --version v0.3.1 --colocacion reglamento --out ../../../../result.json
[planta] gelatina V=7.4 R=4 Rpuente=0.5 I0=0.15 Ke=0.0793326178 Kt=0.0483794733
[gelatina] HAL Webots listo: paso 8 ms, umbral de linea 400
[gelatina] estrategia v0.3.0 en linea
[planta] rival V=7.4 R=4 Rpuente=0.5 I0=0.15 Ke=0.0793326178 Kt=0.0483794733
[rival] comportamiento: static

[arbitro] 30 asaltos contra 'static', colocacion reglamento, limite 60 s por asalto
[gelatina] t=    0 ms  WAIT         rival=si d=  26 mm rumbo=+1494 cdeg  linea=0x3
[planta] asalto=0 mu=1.1 slip=0.0005 aleatorio=0
[planta] gelatina V=7.4 R=4 Rpuente=0.5 I0=0.15 Ke=0.0793326178 Kt=0.0483794733
[gelatina] t=    0 ms  TRACK        rival=si d=  73 mm rumbo=   +0 cdeg  linea=0x0
[planta] rival V=7.4 R=4 Rpuente=0.5 I0=0.15 Ke=0.0793326178 Kt=0.0483794733
[gelatina] t=    8 ms  ATTACK       rival=si d=  74 mm rumbo=   +0 cdeg  linea=0x0
WARNING: Contact joints between materials 'patin' and 'dohyo' will only be created for the 10 deepest contact points instead of all the 34 contact points.
[arbitro] asalto  1/30  frente   rival fuera     +1   1.69 s
[planta] asalto=1 mu=1.1 slip=0.0005 aleatorio=0
[gelatina] t=    0 ms  WAIT         rival=no d=9999 mm rumbo=-1497 cdeg  linea=0x0
WARNING: Contact joints between materials 'rueda' and 'dohyo' will only be created for the 10 deepest contact points instead of all the 17 contact points.
[planta] gelatina V=7.4 R=4 Rpuente=0.5 I0=0.15 Ke=0.0793326178 Kt=0.0483794733
[gelatina] t=    0 ms  OPENING      rival=no d=9999 mm rumbo=-1497 cdeg  linea=0x0
[planta] rival V=7.4 R=4 Rpuente=0.5 I0=0.15 Ke=0.0793326178 Kt=0.0483794733
[gelatina] t=   64 ms  TRACK        rival=si d=  76 mm rumbo=-6000 cdeg  linea=0x0
[gelatina] t=   72 ms  ATTACK       rival=si d=  72 mm rumbo=-6000 cdeg  linea=0x0
[arbitro] asalto  2/30  lado     rival fuera     +1   0.74 s
WARNING: Contact joints between materials 'patin' and 'dohyo' will only be created for the 10 deepest contact points instead of all the 15 contact points.
[planta] asalto=2 mu=1.1 slip=0.0005 aleatorio=0
[gelatina] t=    0 ms  WAIT         rival=no d=9999 mm rumbo=   +9 cdeg  linea=0x0
[planta] gelatina V=7.4 R=4 Rpuente=0.5 I0=0.15 Ke=0.0793326178 Kt=0.0483794733
[gelatina] t=    0 ms  OPENING      rival=no d=9999 mm rumbo=   +9 cdeg  linea=0x0
[planta] rival V=7.4 R=4 Rpuente=0.5 I0=0.15 Ke=0.0793326178 Kt=0.0483794733
[gelatina] t=  112 ms  SEARCH       rival=no d=9999 mm rumbo=   +9 cdeg  linea=0x0
[gelatina] t=  328 ms  TRACK        rival=si d=  89 mm rumbo=+6000 cdeg  linea=0x0
[gelatina] t=  336 ms  ATTACK       rival=si d=  83 mm rumbo=+6000 cdeg  linea=0x0
WARNING: Contact joints between materials 'patin' and 'dohyo' will only be created for the 10 deepest contact points instead of all the 26 contact points.
[arbitro] asalto  3/30  espalda  rival fuera     +1   1.18 s
[planta] asalto=3 mu=1.1 slip=0.0005 aleatorio=0
[gelatina] t=    0 ms  WAIT         rival=si d=  76 mm rumbo=   +0 cdeg  linea=0x0
[planta] gelatina V=7.4 R=4 Rpuente=0.5 I0=0.15 Ke=0.0793326178 Kt=0.0483794733
[gelatina] t=    0 ms  TRACK        rival=si d=  76 mm rumbo=   +0 cdeg  linea=0x0
[planta] rival V=7.4 R=4 Rpuente=0.5 I0=0.15 Ke=0.0793326178 Kt=0.0483794733
[gelatina] t=    8 ms  ATTACK       rival=si d=  77 mm rumbo=   +0 cdeg  linea=0x0
WARNING: Contact joints between materials 'patin' and 'dohyo' will only be created for the 10 deepest contact points instead of all the 14 contact points.
WARNING: Contact joints between materials 'patin' and 'dohyo' will only be created for the 10 deepest contact points instead of all the 16 contact points.
[arbitro] asalto  4/30  frente   rival fuera     +1   1.72 s
[planta] asalto=4 mu=1.1 slip=0.0005 aleatorio=0
[gelatina] t=    0 ms  WAIT         rival=no d=9999 mm rumbo=   +9 cdeg  linea=0x0
[planta] gelatina V=7.4 R=4 Rpuente=0.5 I0=0.15 Ke=0.0793326178 Kt=0.0483794733
[gelatina] t=    0 ms  OPENING      rival=no d=9999 mm rumbo=   +9 cdeg  linea=0x0
[planta] rival V=7.4 R=4 Rpuente=0.5 I0=0.15 Ke=0.0793326178 Kt=0.0483794733
[gelatina] t=   72 ms  TRACK        rival=si d=  76 mm rumbo=-6000 cdeg  linea=0x0
[gelatina] t=   80 ms  ATTACK       rival=si d=  72 mm rumbo=-6000 cdeg  linea=0x0
WARNING: Contact joints between materials 'rueda' and 'dohyo' will only be created for the 10 deepest contact points instead of all the 12 contact points.
[arbitro] asalto  5/30  lado     rival fuera     +1   0.71 s
[planta] asalto=5 mu=1.1 slip=0.0005 aleatorio=0
[gelatina] t=    0 ms  WAIT         rival=no d=9999 mm rumbo=  -20 cdeg  linea=0x0
[planta] gelatina V=7.4 R=4 Rpuente=0.5 I0=0.15 Ke=0.0793326178 Kt=0.0483794733
[gelatina] t=    0 ms  OPENING      rival=no d=9999 mm rumbo=  -20 cdeg  linea=0x0
[planta] rival V=7.4 R=4 Rpuente=0.5 I0=0.15 Ke=0.0793326178 Kt=0.0483794733
[gelatina] t=  112 ms  SEARCH       rival=no d=9999 mm rumbo=  -20 cdeg  linea=0x0
[gelatina] t=  200 ms  TRACK        rival=si d= 111 mm rumbo=-6000 cdeg  linea=0x0
[gelatina] t=  208 ms  ATTACK       rival=si d=  63 mm rumbo=-6000 cdeg  linea=0x0
WARNING: Contact joints between materials 'rueda' and 'dohyo' will only be created for the 10 deepest contact points instead of all the 11 contact points.
[arbitro] asalto  6/30  espalda  rival fuera     +1   0.95 s
[planta] asalto=6 mu=1.1 slip=0.0005 aleatorio=0
[gelatina] t=    0 ms  WAIT         rival=si d=  74 mm rumbo=   +0 cdeg  linea=0x0
[planta] gelatina V=7.4 R=4 Rpuente=0.5 I0=0.15 Ke=0.0793326178 Kt=0.0483794733
[gelatina] t=    0 ms  TRACK        rival=si d=  75 mm rumbo=   +0 cdeg  linea=0x0
[planta] rival V=7.4 R=4 Rpuente=0.5 I0=0.15 Ke=0.0793326178 Kt=0.0483794733
[gelatina] t=    7 ms  ATTACK       rival=si d=  74 mm rumbo=   +0 cdeg  linea=0x0
WARNING: Contact joints between materials 'patin' and 'dohyo' will only be created for the 10 deepest contact points instead of all the 67 contact points.
WARNING: Contact joints between materials 'patin' and 'dohyo' will only be created for the 10 deepest contact points instead of all the 12 contact points.
[arbitro] asalto  7/30  frente   rival fuera     +1   1.62 s
[planta] asalto=7 mu=1.1 slip=0.0005 aleatorio=0
[gelatina] t=    0 ms  WAIT         rival=no d=9999 mm rumbo=   -4 cdeg  linea=0x0
[planta] gelatina V=7.4 R=4 Rpuente=0.5 I0=0.15 Ke=0.0793326178 Kt=0.0483794733
[gelatina] t=    0 ms  OPENING      rival=no d=9999 mm rumbo=   -4 cdeg  linea=0x0
[planta] rival V=7.4 R=4 Rpuente=0.5 I0=0.15 Ke=0.0793326178 Kt=0.0483794733
[gelatina] t=   80 ms  TRACK        rival=si d=  76 mm rumbo=-6000 cdeg  linea=0x0
[gelatina] t=   87 ms  ATTACK       rival=si d=  73 mm rumbo=-6000 cdeg  linea=0x0
WARNING: Contact joints between materials 'rueda' and 'dohyo' will only be created for the 10 deepest contact points instead of all the 13 contact points.
WARNING: Contact joints between materials 'rueda' and 'dohyo' will only be created for the 10 deepest contact points instead of all the 14 contact points.
WARNING: Contact joints between materials 'rueda' and 'dohyo' will only be created for the 10 deepest contact points instead of all the 11 contact points.
WARNING: Contact joints between materials 'rueda' and 'dohyo' will only be created for the 10 deepest contact points instead of all the 13 contact points.
WARNING: Contact joints between materials 'rueda' and 'dohyo' will only be created for the 10 deepest contact points instead of all the 16 contact points.
WARNING: Contact joints between materials 'rueda' and 'dohyo' will only be created for the 10 deepest contact points instead of all the 23 contact points.
WARNING: Contact joints between materials 'rueda' and 'dohyo' will only be created for the 10 deepest contact points instead of all the 24 contact points.
WARNING: Contact joints between materials 'rueda' and 'dohyo' will only be created for the 10 deepest contact points instead of all the 17 contact points.
WARNING: Contact joints between materials 'rueda' and 'dohyo' will only be created for the 10 deepest contact points instead of all the 12 contact points.
WARNING: Contact joints between materials 'rueda' and 'dohyo' will only be created for the 10 deepest contact points instead of all the 11 contact points.
[arbitro] asalto  8/30  lado     tiempo agotado  +0  60.01 s
[planta] asalto=8 mu=1.1 slip=0.0005 aleatorio=0
[gelatina] t=    0 ms  WAIT         rival=no d=9999 mm rumbo=   +0 cdeg  linea=0x0
WARNING: Contact joints between materials 'patin' and 'dohyo' will only be created for the 10 deepest contact points instead of all the 24 contact points.
[planta] gelatina V=7.4 R=4 Rpuente=0.5 I0=0.15 Ke=0.0793326178 Kt=0.0483794733
[gelatina] t=    0 ms  OPENING      rival=no d=9999 mm rumbo=   +0 cdeg  linea=0x0
[planta] rival V=7.4 R=4 Rpuente=0.5 I0=0.15 Ke=0.0793326178 Kt=0.0483794733
[gelatina] t=  112 ms  SEARCH       rival=no d=9999 mm rumbo=   +0 cdeg  linea=0x0
[gelatina] t=  320 ms  TRACK        rival=si d=  91 mm rumbo=+6000 cdeg  linea=0x0
[gelatina] t=  328 ms  ATTACK       rival=si d=  84 mm rumbo=+6000 cdeg  linea=0x0
[gelatina] t=  528 ms  SEARCH       rival=no d=9999 mm rumbo=-6000 cdeg  linea=0x0
[gelatina] t=  560 ms  TRACK        rival=si d=  87 mm rumbo=-6000 cdeg  linea=0x0
[gelatina] t=  568 ms  ATTACK       rival=si d=  87 mm rumbo=-6000 cdeg  linea=0x0
WARNING: Contact joints between materials 'patin' and 'dohyo' will only be created for the 10 deepest contact points instead of all the 91 contact points.
[arbitro] asalto  9/30  espalda  rival fuera     +1   1.25 s
[planta] asalto=9 mu=1.1 slip=0.0005 aleatorio=0
[gelatina] t=    0 ms  WAIT         rival=si d=  75 mm rumbo=   +0 cdeg  linea=0x0
[planta] gelatina V=7.4 R=4 Rpuente=0.5 I0=0.15 Ke=0.0793326178 Kt=0.0483794733
[gelatina] t=    0 ms  TRACK        rival=si d=  75 mm rumbo=   +0 cdeg  linea=0x0
[planta] rival V=7.4 R=4 Rpuente=0.5 I0=0.15 Ke=0.0793326178 Kt=0.0483794733
[gelatina] t=    8 ms  ATTACK       rival=si d=  76 mm rumbo=   +0 cdeg  linea=0x0
WARNING: Contact joints between materials 'rueda' and 'dohyo' will only be created for the 10 deepest contact points instead of all the 11 contact points.
[arbitro] asalto 10/30  frente   rival fuera     +1   0.59 s
[planta] asalto=10 mu=1.1 slip=0.0005 aleatorio=0
[gelatina] t=    0 ms  WAIT         rival=no d=9999 mm rumbo=+1497 cdeg  linea=0x0
[planta] gelatina V=7.4 R=4 Rpuente=0.5 I0=0.15 Ke=0.0793326178 Kt=0.0483794733
[gelatina] t=    0 ms  OPENING      rival=no d=9999 mm rumbo=+1497 cdeg  linea=0x0
[planta] rival V=7.4 R=4 Rpuente=0.5 I0=0.15 Ke=0.0793326178 Kt=0.0483794733
[gelatina] t=   64 ms  TRACK        rival=si d=  77 mm rumbo=-6000 cdeg  linea=0x0
[gelatina] t=   72 ms  ATTACK       rival=si d=  73 mm rumbo=-6000 cdeg  linea=0x0
WARNING: Contact joints between materials 'patin' and 'dohyo' will only be created for the 10 deepest contact points instead of all the 47 contact points.
[arbitro] asalto 11/30  lado     rival fuera     +1   0.75 s
[planta] asalto=11 mu=1.1 slip=0.0005 aleatorio=0
[gelatina] t=    0 ms  WAIT         rival=no d=9999 mm rumbo=  +13 cdeg  linea=0x0
[planta] gelatina V=7.4 R=4 Rpuente=0.5 I0=0.15 Ke=0.0793326178 Kt=0.0483794733
[gelatina] t=    0 ms  OPENING      rival=no d=9999 mm rumbo=  +13 cdeg  linea=0x0
[planta] rival V=7.4 R=4 Rpuente=0.5 I0=0.15 Ke=0.0793326178 Kt=0.0483794733
[gelatina] t=  112 ms  SEARCH       rival=no d=9999 mm rumbo=  +13 cdeg  linea=0x0
[gelatina] t=  320 ms  TRACK        rival=si d= 116 mm rumbo=+6000 cdeg  linea=0x0
[gelatina] t=  328 ms  ATTACK       rival=si d=  85 mm rumbo=+6000 cdeg  linea=0x0
WARNING: Contact joints between materials 'rueda' and 'dohyo' will only be created for the 10 deepest contact points instead of all the 11 contact points.
[arbitro] asalto 12/30  espalda  rival fuera     +1   1.16 s
[planta] asalto=12 mu=1.1 slip=0.0005 aleatorio=0
[gelatina] t=    0 ms  WAIT         rival=si d=  76 mm rumbo=   +0 cdeg  linea=0x0
[planta] gelatina V=7.4 R=4 Rpuente=0.5 I0=0.15 Ke=0.0793326178 Kt=0.0483794733
[gelatina] t=    0 ms  TRACK        rival=si d=  77 mm rumbo=   +0 cdeg  linea=0x0
[planta] rival V=7.4 R=4 Rpuente=0.5 I0=0.15 Ke=0.0793326178 Kt=0.0483794733
[gelatina] t=    8 ms  ATTACK       rival=si d=  76 mm rumbo=   +0 cdeg  linea=0x0
WARNING: Contact joints between materials 'patin' and 'dohyo' will only be created for the 10 deepest contact points instead of all the 21 contact points.
WARNING: Contact joints between materials 'patin' and 'dohyo' will only be created for the 10 deepest contact points instead of all the 18 contact points.
[arbitro] asalto 13/30  frente   rival fuera     +1   1.95 s
[planta] asalto=13 mu=1.1 slip=0.0005 aleatorio=0
[gelatina] t=    0 ms  WAIT         rival=no d=9999 mm rumbo=   -5 cdeg  linea=0x0
[planta] gelatina V=7.4 R=4 Rpuente=0.5 I0=0.15 Ke=0.0793326178 Kt=0.0483794733
[gelatina] t=    0 ms  OPENING      rival=no d=9999 mm rumbo=   -5 cdeg  linea=0x0
[planta] rival V=7.4 R=4 Rpuente=0.5 I0=0.15 Ke=0.0793326178 Kt=0.0483794733
[gelatina] t=   71 ms  TRACK        rival=si d=  75 mm rumbo=-6000 cdeg  linea=0x0
[gelatina] t=   79 ms  ATTACK       rival=si d=  71 mm rumbo=-6000 cdeg  linea=0x0
WARNING: Contact joints between materials 'rueda' and 'dohyo' will only be created for the 10 deepest contact points instead of all the 12 contact points.
[arbitro] asalto 14/30  lado     rival fuera     +1   0.78 s
[planta] asalto=14 mu=1.1 slip=0.0005 aleatorio=0
[gelatina] t=    0 ms  WAIT         rival=no d=9999 mm rumbo=   +0 cdeg  linea=0x0
[planta] gelatina V=7.4 R=4 Rpuente=0.5 I0=0.15 Ke=0.0793326178 Kt=0.0483794733
[gelatina] t=    0 ms  OPENING      rival=no d=9999 mm rumbo=   +0 cdeg  linea=0x0
[planta] rival V=7.4 R=4 Rpuente=0.5 I0=0.15 Ke=0.0793326178 Kt=0.0483794733
[gelatina] t=  112 ms  SEARCH       rival=no d=9999 mm rumbo=   +0 cdeg  linea=0x0
[gelatina] t=  320 ms  TRACK        rival=si d=  89 mm rumbo=+6000 cdeg  linea=0x0
[gelatina] t=  328 ms  ATTACK       rival=si d=  83 mm rumbo=+6000 cdeg  linea=0x0
WARNING: Contact joints between materials 'patin' and 'dohyo' will only be created for the 10 deepest contact points instead of all the 53 contact points.
WARNING: Contact joints between materials 'patin' and 'dohyo' will only be created for the 10 deepest contact points instead of all the 83 contact points.
WARNING: Contact joints between materials 'patin' and 'dohyo' will only be created for the 10 deepest contact points instead of all the 84 contact points.
WARNING: Contact joints between materials 'patin' and 'dohyo' will only be created for the 10 deepest contact points instead of all the 85 contact points.
WARNING: Contact joints between materials 'patin' and 'dohyo' will only be created for the 10 deepest contact points instead of all the 86 contact points.
WARNING: Contact joints between materials 'patin' and 'dohyo' will only be created for the 10 deepest contact points instead of all the 87 contact points.
WARNING: Contact joints between materials 'patin' and 'dohyo' will only be created for the 10 deepest contact points instead of all the 88 contact points.
WARNING: Contact joints between materials 'patin' and 'dohyo' will only be created for the 10 deepest contact points instead of all the 88 contact points.
WARNING: Contact joints between materials 'patin' and 'dohyo' will only be created for the 10 deepest contact points instead of all the 89 contact points.
WARNING: Contact joints between materials 'patin' and 'dohyo' will only be created for the 10 deepest contact points instead of all the 90 contact points.
WARNING: Contact joints between materials 'patin' and 'dohyo' will only be created for the 10 deepest contact points instead of all the 90 contact points.
WARNING: Contact joints between materials 'patin' and 'dohyo' will only be created for the 10 deepest contact points instead of all the 91 contact points.
WARNING: Contact joints between materials 'patin' and 'dohyo' will only be created for the 10 deepest contact points instead of all the 91 contact points.
WARNING: Contact joints between materials 'patin' and 'dohyo' will only be created for the 10 deepest contact points instead of all the 92 contact points.
WARNING: Contact joints between materials 'patin' and 'dohyo' will only be created for the 10 deepest contact points instead of all the 92 contact points.
WARNING: Contact joints between materials 'patin' and 'dohyo' will only be created for the 10 deepest contact points instead of all the 93 contact points.
WARNING: Contact joints between materials 'patin' and 'dohyo' will only be created for the 10 deepest contact points instead of all the 93 contact points.
WARNING: Contact joints between materials 'patin' and 'dohyo' will only be created for the 10 deepest contact points instead of all the 94 contact points.
WARNING: Contact joints between materials 'patin' and 'dohyo' will only be created for the 10 deepest contact points instead of all the 94 contact points.
WARNING: Contact joints between materials 'patin' and 'dohyo' will only be created for the 10 deepest contact points instead of all the 94 contact points.
WARNING: Contact joints between materials 'patin' and 'dohyo' will only be created for the 10 deepest contact points instead of all the 95 contact points.
WARNING: Contact joints between materials 'patin' and 'dohyo' will only be created for the 10 deepest contact points instead of all the 95 contact points.
WARNING: Contact joints between materials 'patin' and 'dohyo' will only be created for the 10 deepest contact points instead of all the 95 contact points.
WARNING: Contact joints between materials 'patin' and 'dohyo' will only be created for the 10 deepest contact points instead of all the 95 contact points.
WARNING: Contact joints between materials 'patin' and 'dohyo' will only be created for the 10 deepest contact points instead of all the 96 contact points.
WARNING: Contact joints between materials 'patin' and 'dohyo' will only be created for the 10 deepest contact points instead of all the 96 contact points.
WARNING: Contact joints between materials 'patin' and 'dohyo' will only be created for the 10 deepest contact points instead of all the 96 contact points.
WARNING: Contact joints between materials 'patin' and 'dohyo' will only be created for the 10 deepest contact points instead of all the 96 contact points.
WARNING: Contact joints between materials 'patin' and 'dohyo' will only be created for the 10 deepest contact points instead of all the 96 contact points.
WARNING: Contact joints between materials 'patin' and 'dohyo' will only be created for the 10 deepest contact points instead of all the 97 contact points.
WARNING: Contact joints between materials 'patin' and 'dohyo' will only be created for the 10 deepest contact points instead of all the 97 contact points.
WARNING: Contact joints between materials 'patin' and 'dohyo' will only be created for the 10 deepest contact points instead of all the 97 contact points.
WARNING: Contact joints between materials 'patin' and 'dohyo' will only be created for the 10 deepest contact points instead of all the 97 contact points.
WARNING: Contact joints between materials 'patin' and 'dohyo' will only be created for the 10 deepest contact points instead of all the 55 contact points.
WARNING: Contact joints between materials 'patin' and 'dohyo' will only be created for the 10 deepest contact points instead of all the 23 contact points.
WARNING: Contact joints between materials 'patin' and 'dohyo' will only be created for the 10 deepest contact points instead of all the 11 contact points.
[arbitro] asalto 15/30  espalda  rival fuera     +1  44.02 s
[planta] asalto=15 mu=1.1 slip=0.0005 aleatorio=0
[gelatina] t=    0 ms  WAIT         rival=si d=  76 mm rumbo=   +0 cdeg  linea=0x0
[planta] gelatina V=7.4 R=4 Rpuente=0.5 I0=0.15 Ke=0.0793326178 Kt=0.0483794733
[gelatina] t=    0 ms  TRACK        rival=si d=  75 mm rumbo=   +0 cdeg  linea=0x0
[planta] rival V=7.4 R=4 Rpuente=0.5 I0=0.15 Ke=0.0793326178 Kt=0.0483794733
[gelatina] t=    8 ms  ATTACK       rival=si d=  76 mm rumbo=   +0 cdeg  linea=0x0
WARNING: Contact joints between materials 'patin' and 'dohyo' will only be created for the 10 deepest contact points instead of all the 69 contact points.
WARNING: Contact joints between materials 'patin' and 'dohyo' will only be created for the 10 deepest contact points instead of all the 20 contact points.
[arbitro] asalto 16/30  frente   rival fuera     +1   1.74 s
[planta] asalto=16 mu=1.1 slip=0.0005 aleatorio=0
[gelatina] t=    0 ms  WAIT         rival=no d=9999 mm rumbo=   +6 cdeg  linea=0x0
[planta] gelatina V=7.4 R=4 Rpuente=0.5 I0=0.15 Ke=0.0793326178 Kt=0.0483794733
[gelatina] t=    0 ms  OPENING      rival=no d=9999 mm rumbo=   +6 cdeg  linea=0x0
[planta] rival V=7.4 R=4 Rpuente=0.5 I0=0.15 Ke=0.0793326178 Kt=0.0483794733
[gelatina] t=   64 ms  TRACK        rival=si d=  76 mm rumbo=-6000 cdeg  linea=0x0
[gelatina] t=   72 ms  ATTACK       rival=si d=  73 mm rumbo=-6000 cdeg  linea=0x0
WARNING: Contact joints between materials 'rueda' and 'dohyo' will only be created for the 10 deepest contact points instead of all the 12 contact points.
[arbitro] asalto 17/30  lado     rival fuera     +1   0.74 s
[planta] asalto=17 mu=1.1 slip=0.0005 aleatorio=0
[gelatina] t=    0 ms  WAIT         rival=no d=9999 mm rumbo=  -28 cdeg  linea=0x0
[planta] gelatina V=7.4 R=4 Rpuente=0.5 I0=0.15 Ke=0.0793326178 Kt=0.0483794733
[gelatina] t=    0 ms  OPENING      rival=no d=9999 mm rumbo=  -28 cdeg  linea=0x0
[planta] rival V=7.4 R=4 Rpuente=0.5 I0=0.15 Ke=0.0793326178 Kt=0.0483794733
[gelatina] t=  112 ms  SEARCH       rival=no d=9999 mm rumbo=  -28 cdeg  linea=0x0
[gelatina] t=  192 ms  TRACK        rival=si d=  85 mm rumbo=-6000 cdeg  linea=0x0
[gelatina] t=  200 ms  ATTACK       rival=si d=  61 mm rumbo=-6000 cdeg  linea=0x0
WARNING: Contact joints between materials 'rueda' and 'dohyo' will only be created for the 10 deepest contact points instead of all the 18 contact points.
[arbitro] asalto 18/30  espalda  rival fuera     +1   0.98 s
[planta] asalto=18 mu=1.1 slip=0.0005 aleatorio=0
[gelatina] t=    0 ms  WAIT         rival=si d=  74 mm rumbo=   +0 cdeg  linea=0x0
[planta] gelatina V=7.4 R=4 Rpuente=0.5 I0=0.15 Ke=0.0793326178 Kt=0.0483794733
[gelatina] t=    0 ms  TRACK        rival=si d=  74 mm rumbo=   +0 cdeg  linea=0x0
[planta] rival V=7.4 R=4 Rpuente=0.5 I0=0.15 Ke=0.0793326178 Kt=0.0483794733
[gelatina] t=    7 ms  ATTACK       rival=si d=  74 mm rumbo=   +0 cdeg  linea=0x0
WARNING: Contact joints between materials 'patin' and 'dohyo' will only be created for the 10 deepest contact points instead of all the 52 contact points.
[arbitro] asalto 19/30  frente   rival fuera     +1   0.60 s
[planta] asalto=19 mu=1.1 slip=0.0005 aleatorio=0
[gelatina] t=    0 ms  WAIT         rival=no d=9999 mm rumbo=   +0 cdeg  linea=0x0
[planta] gelatina V=7.4 R=4 Rpuente=0.5 I0=0.15 Ke=0.0793326178 Kt=0.0483794733
[gelatina] t=    0 ms  OPENING      rival=no d=9999 mm rumbo=   +0 cdeg  linea=0x0
[planta] rival V=7.4 R=4 Rpuente=0.5 I0=0.15 Ke=0.0793326178 Kt=0.0483794733
[gelatina] t=   64 ms  TRACK        rival=si d=  74 mm rumbo=-6000 cdeg  linea=0x0
[gelatina] t=   71 ms  ATTACK       rival=si d=  72 mm rumbo=-6000 cdeg  linea=0x0
WARNING: Contact joints between materials 'rueda' and 'dohyo' will only be created for the 10 deepest contact points instead of all the 15 contact points.
[arbitro] asalto 20/30  lado     rival fuera     +1   0.74 s
[planta] asalto=20 mu=1.1 slip=0.0005 aleatorio=0
[gelatina] t=    0 ms  WAIT         rival=no d=9999 mm rumbo=  +55 cdeg  linea=0x0
[planta] gelatina V=7.4 R=4 Rpuente=0.5 I0=0.15 Ke=0.0793326178 Kt=0.0483794733
[gelatina] t=    0 ms  OPENING      rival=no d=9999 mm rumbo=  +55 cdeg  linea=0x0
[planta] rival V=7.4 R=4 Rpuente=0.5 I0=0.15 Ke=0.0793326178 Kt=0.0483794733
[gelatina] t=  112 ms  SEARCH       rival=no d=9999 mm rumbo=  +55 cdeg  linea=0x0
[gelatina] t=  320 ms  TRACK        rival=si d=  89 mm rumbo=+6000 cdeg  linea=0x0
[gelatina] t=  328 ms  ATTACK       rival=si d=  83 mm rumbo=+6000 cdeg  linea=0x0
WARNING: Contact joints between materials 'patin' and 'dohyo' will only be created for the 10 deepest contact points instead of all the 11 contact points.
[arbitro] asalto 21/30  espalda  rival fuera     +1   1.19 s
[planta] asalto=21 mu=1.1 slip=0.0005 aleatorio=0
[gelatina] t=    0 ms  WAIT         rival=si d=  74 mm rumbo=   +0 cdeg  linea=0x0
[planta] gelatina V=7.4 R=4 Rpuente=0.5 I0=0.15 Ke=0.0793326178 Kt=0.0483794733
[gelatina] t=    0 ms  TRACK        rival=si d=  74 mm rumbo=   +0 cdeg  linea=0x0
[planta] rival V=7.4 R=4 Rpuente=0.5 I0=0.15 Ke=0.0793326178 Kt=0.0483794733
[gelatina] t=    8 ms  ATTACK       rival=si d=  74 mm rumbo=   +0 cdeg  linea=0x0
WARNING: Contact joints between materials 'patin' and 'dohyo' will only be created for the 10 deepest contact points instead of all the 43 contact points.
[arbitro] asalto 22/30  frente   rival fuera     +1   0.59 s
[planta] asalto=22 mu=1.1 slip=0.0005 aleatorio=0
[gelatina] t=    0 ms  WAIT         rival=no d=9999 mm rumbo=   -5 cdeg  linea=0x0
[planta] gelatina V=7.4 R=4 Rpuente=0.5 I0=0.15 Ke=0.0793326178 Kt=0.0483794733
[gelatina] t=    0 ms  OPENING      rival=no d=9999 mm rumbo=   -5 cdeg  linea=0x0
[planta] rival V=7.4 R=4 Rpuente=0.5 I0=0.15 Ke=0.0793326178 Kt=0.0483794733
[gelatina] t=   63 ms  TRACK        rival=si d=  76 mm rumbo=-6000 cdeg  linea=0x0
[gelatina] t=   71 ms  ATTACK       rival=si d=  73 mm rumbo=-6000 cdeg  linea=0x0
WARNING: Contact joints between materials 'rueda' and 'dohyo' will only be created for the 10 deepest contact points instead of all the 17 contact points.
[arbitro] asalto 23/30  lado     rival fuera     +1   0.84 s
[planta] asalto=23 mu=1.1 slip=0.0005 aleatorio=0
[gelatina] t=    0 ms  WAIT         rival=no d=9999 mm rumbo=  -52 cdeg  linea=0x0
[planta] gelatina V=7.4 R=4 Rpuente=0.5 I0=0.15 Ke=0.0793326178 Kt=0.0483794733
[gelatina] t=    0 ms  OPENING      rival=no d=9999 mm rumbo=  -52 cdeg  linea=0x0
[planta] rival V=7.4 R=4 Rpuente=0.5 I0=0.15 Ke=0.0793326178 Kt=0.0483794733
[gelatina] t=  112 ms  SEARCH       rival=no d=9999 mm rumbo=  -52 cdeg  linea=0x0
[gelatina] t=  192 ms  TRACK        rival=si d=  82 mm rumbo=-6000 cdeg  linea=0x0
[gelatina] t=  200 ms  ATTACK       rival=si d=  59 mm rumbo=-6000 cdeg  linea=0x0
WARNING: Contact joints between materials 'rueda' and 'dohyo' will only be created for the 10 deepest contact points instead of all the 12 contact points.
[arbitro] asalto 24/30  espalda  rival fuera     +1   0.95 s
[planta] asalto=24 mu=1.1 slip=0.0005 aleatorio=0
[gelatina] t=    0 ms  WAIT         rival=si d=  75 mm rumbo=   +0 cdeg  linea=0x0
[planta] gelatina V=7.4 R=4 Rpuente=0.5 I0=0.15 Ke=0.0793326178 Kt=0.0483794733
[gelatina] t=    0 ms  TRACK        rival=si d=  75 mm rumbo=   +0 cdeg  linea=0x0
[planta] rival V=7.4 R=4 Rpuente=0.5 I0=0.15 Ke=0.0793326178 Kt=0.0483794733
[gelatina] t=    8 ms  ATTACK       rival=si d=  75 mm rumbo=   +0 cdeg  linea=0x0
WARNING: Contact joints between materials 'rueda' and 'dohyo' will only be created for the 10 deepest contact points instead of all the 13 contact points.
[arbitro] asalto 25/30  frente   rival fuera     +1   0.59 s
[planta] asalto=25 mu=1.1 slip=0.0005 aleatorio=0
[gelatina] t=    0 ms  WAIT         rival=no d=9999 mm rumbo=   -1 cdeg  linea=0x0
[planta] gelatina V=7.4 R=4 Rpuente=0.5 I0=0.15 Ke=0.0793326178 Kt=0.0483794733
[gelatina] t=    0 ms  OPENING      rival=no d=9999 mm rumbo=   -1 cdeg  linea=0x0
[planta] rival V=7.4 R=4 Rpuente=0.5 I0=0.15 Ke=0.0793326178 Kt=0.0483794733
[gelatina] t=   72 ms  TRACK        rival=si d=  75 mm rumbo=-6000 cdeg  linea=0x0
[gelatina] t=   80 ms  ATTACK       rival=si d=  71 mm rumbo=-6000 cdeg  linea=0x0
WARNING: Contact joints between materials 'patin' and 'dohyo' will only be created for the 10 deepest contact points instead of all the 70 contact points.
[arbitro] asalto 26/30  lado     rival fuera     +1   0.73 s
[planta] asalto=26 mu=1.1 slip=0.0005 aleatorio=0
[gelatina] t=    0 ms  WAIT         rival=no d=9999 mm rumbo=+1502 cdeg  linea=0x0
[planta] gelatina V=7.4 R=4 Rpuente=0.5 I0=0.15 Ke=0.0793326178 Kt=0.0483794733
[gelatina] t=    0 ms  OPENING      rival=no d=9999 mm rumbo=+1502 cdeg  linea=0x0
[planta] rival V=7.4 R=4 Rpuente=0.5 I0=0.15 Ke=0.0793326178 Kt=0.0483794733
[gelatina] t=  112 ms  SEARCH       rival=no d=9999 mm rumbo=+1502 cdeg  linea=0x0
WARNING: Contact joints between materials 'patin' and 'dohyo' will only be created for the 10 deepest contact points instead of all the 12 contact points.
[gelatina] t=  320 ms  TRACK        rival=si d=  87 mm rumbo=+6000 cdeg  linea=0x0
[gelatina] t=  328 ms  ATTACK       rival=si d=  80 mm rumbo=+6000 cdeg  linea=0x0
[arbitro] asalto 27/30  espalda  rival fuera     +1   1.22 s
[planta] asalto=27 mu=1.1 slip=0.0005 aleatorio=0
[gelatina] t=    0 ms  WAIT         rival=si d=  73 mm rumbo=   +0 cdeg  linea=0x0
[planta] gelatina V=7.4 R=4 Rpuente=0.5 I0=0.15 Ke=0.0793326178 Kt=0.0483794733
[gelatina] t=    0 ms  TRACK        rival=si d=  73 mm rumbo=   +0 cdeg  linea=0x0
[planta] rival V=7.4 R=4 Rpuente=0.5 I0=0.15 Ke=0.0793326178 Kt=0.0483794733
[gelatina] t=    8 ms  ATTACK       rival=si d=  74 mm rumbo=   +0 cdeg  linea=0x0
WARNING: Contact joints between materials 'rueda' and 'dohyo' will only be created for the 10 deepest contact points instead of all the 11 contact points.
[arbitro] asalto 28/30  frente   rival fuera     +1   0.58 s
[planta] asalto=28 mu=1.1 slip=0.0005 aleatorio=0
[gelatina] t=    0 ms  WAIT         rival=no d=9999 mm rumbo=   -1 cdeg  linea=0x0
[planta] gelatina V=7.4 R=4 Rpuente=0.5 I0=0.15 Ke=0.0793326178 Kt=0.0483794733
[gelatina] t=    0 ms  OPENING      rival=no d=9999 mm rumbo=   -1 cdeg  linea=0x0
[planta] rival V=7.4 R=4 Rpuente=0.5 I0=0.15 Ke=0.0793326178 Kt=0.0483794733
[gelatina] t=   72 ms  TRACK        rival=si d=  74 mm rumbo=-6000 cdeg  linea=0x0
[gelatina] t=   80 ms  ATTACK       rival=si d=  70 mm rumbo=-6000 cdeg  linea=0x0
WARNING: Contact joints between materials 'patin' and 'dohyo' will only be created for the 10 deepest contact points instead of all the 29 contact points.
[arbitro] asalto 29/30  lado     rival fuera     +1   0.76 s
[planta] asalto=29 mu=1.1 slip=0.0005 aleatorio=0
[gelatina] t=    0 ms  WAIT         rival=no d=9999 mm rumbo=  +25 cdeg  linea=0x0
[planta] gelatina V=7.4 R=4 Rpuente=0.5 I0=0.15 Ke=0.0793326178 Kt=0.0483794733
[gelatina] t=    0 ms  OPENING      rival=no d=9999 mm rumbo=  +25 cdeg  linea=0x0
[planta] rival V=7.4 R=4 Rpuente=0.5 I0=0.15 Ke=0.0793326178 Kt=0.0483794733
[gelatina] t=  112 ms  SEARCH       rival=no d=9999 mm rumbo=  +25 cdeg  linea=0x0
[gelatina] t=  312 ms  TRACK        rival=si d= 120 mm rumbo=+6000 cdeg  linea=0x0
[gelatina] t=  320 ms  ATTACK       rival=si d=  88 mm rumbo=+6000 cdeg  linea=0x0
WARNING: Contact joints between materials 'patin' and 'dohyo' will only be created for the 10 deepest contact points instead of all the 40 contact points.
[arbitro] asalto 30/30  espalda  rival fuera     +1   1.22 s

[arbitro] RESULTADO  29W 0L 1D  win rate 96.7%  auto-salidas 0  t medio de victoria 2.50 s

[arbitro]   frente   10W 0L 0D
[arbitro]   lado     9W 0L 1D
[arbitro]   espalda  10W 0L 0D
[arbitro]   combate: gana 100.0%  jueces 0.0%  pierde 0.0%
[arbitro] resultados -> ../../../../result.json
INFO: 'arbitro' controller exited successfully.
INFO: medido: Terminating.
INFO: oponente: Terminating.
