INFO: _real_20260913t155350632633z_yo_v030: Starting controller: $LAB_ROOT/Mini-Sumo-real/webots/controllers/_real_20260913t155350632633z_yo_v030/_real_20260913t155350632633z_yo_v030
INFO: oponente: Starting controller: $LAB_ROOT/Mini-Sumo-real/webots/controllers/oponente/oponente charger
INFO: arbitro: Starting controller: $LAB_ROOT/Mini-Sumo-real/webots/controllers/arbitro/arbitro --rounds 30 --rival charger --colocacion reglamento --version v0.3.0 --out ../../../runs/real_baseline/20260913T155350632633Z_v0.3.0_reglamento/charger.json
[gelatina] HAL Webots listo: paso 8 ms, umbral de linea 400
[gelatina] estrategia v0.3.0 en linea
[rival] comportamiento: charger

[arbitro] 30 asaltos contra 'charger', colocacion reglamento, limite 60 s por asalto
[gelatina] t=    0 ms  WAIT         rival=si d=  26 mm rumbo=+1495 cdeg  linea=0x3
[gelatina] t=    0 ms  TRACK        rival=si d=  73 mm rumbo=   +0 cdeg  linea=0x0
[gelatina] t=    8 ms  ATTACK       rival=si d=  73 mm rumbo=   +0 cdeg  linea=0x0
[arbitro] asalto  1/30  frente   rival fuera     +1   0.46 s
[gelatina] t=    0 ms  WAIT         rival=no d=9999 mm rumbo=+1496 cdeg  linea=0x0
[gelatina] t=    0 ms  OPENING      rival=no d=9999 mm rumbo=+1496 cdeg  linea=0x0
[gelatina] t=  304 ms  EDGE_ESCAPE  rival=no d=9999 mm rumbo=+1496 cdeg  linea=0x1
[arbitro] asalto  2/30  lado     auto-salida     -1   0.43 s
[gelatina] t=    0 ms  WAIT         rival=no d=9999 mm rumbo= +919 cdeg  linea=0x0
[gelatina] t=    0 ms  OPENING      rival=no d=9999 mm rumbo= +919 cdeg  linea=0x0
[gelatina] t=  256 ms  EDGE_ESCAPE  rival=no d=9999 mm rumbo= +919 cdeg  linea=0x3
[gelatina] t=  328 ms  ATTACK       rival=si d=  60 mm rumbo= -320 cdeg  linea=0x8
[gelatina] t=  336 ms  EDGE_ESCAPE  rival=si d=  64 mm rumbo= -152 cdeg  linea=0x8
[arbitro] asalto  3/30  espalda  auto-salida     -1   0.35 s
[gelatina] t=    0 ms  WAIT         rival=si d=  76 mm rumbo=   +0 cdeg  linea=0x0
[gelatina] t=    0 ms  TRACK        rival=si d=  78 mm rumbo=   +0 cdeg  linea=0x0
[gelatina] t=    8 ms  ATTACK       rival=si d=  75 mm rumbo=   +0 cdeg  linea=0x0
[arbitro] asalto  4/30  frente   rival fuera     +1   0.50 s
[gelatina] t=    0 ms  WAIT         rival=no d=9999 mm rumbo=-1498 cdeg  linea=0x0
[gelatina] t=    0 ms  OPENING      rival=no d=9999 mm rumbo=-1498 cdeg  linea=0x0
[gelatina] t=  287 ms  EDGE_ESCAPE  rival=no d=9999 mm rumbo=-1498 cdeg  linea=0x1
[arbitro] asalto  5/30  lado     auto-salida     -1   0.46 s
[gelatina] t=    0 ms  WAIT         rival=no d=9999 mm rumbo= -547 cdeg  linea=0x0
[gelatina] t=    0 ms  OPENING      rival=no d=9999 mm rumbo= -547 cdeg  linea=0x0
[gelatina] t=  248 ms  EDGE_ESCAPE  rival=no d=9999 mm rumbo= -547 cdeg  linea=0x3
[arbitro] asalto  6/30  espalda  auto-salida     -1   0.39 s
[gelatina] t=    0 ms  WAIT         rival=si d=  74 mm rumbo=   +0 cdeg  linea=0x0
[gelatina] t=    0 ms  TRACK        rival=si d=  78 mm rumbo=   +0 cdeg  linea=0x0
[gelatina] t=    8 ms  ATTACK       rival=si d=  77 mm rumbo=   +0 cdeg  linea=0x0
[arbitro] asalto  7/30  frente   rival fuera     +1   0.44 s
[gelatina] t=    0 ms  WAIT         rival=no d=9999 mm rumbo=   -6 cdeg  linea=0x0
[gelatina] t=    0 ms  OPENING      rival=no d=9999 mm rumbo=   -6 cdeg  linea=0x0
[gelatina] t=  287 ms  EDGE_ESCAPE  rival=no d=9999 mm rumbo=   -6 cdeg  linea=0x1
[arbitro] asalto  8/30  lado     auto-salida     -1   0.49 s
[gelatina] t=    0 ms  WAIT         rival=no d=9999 mm rumbo=+4633 cdeg  linea=0x0
[gelatina] t=    0 ms  OPENING      rival=no d=9999 mm rumbo=+4633 cdeg  linea=0x0
[gelatina] t=  248 ms  EDGE_ESCAPE  rival=no d=9999 mm rumbo=+4633 cdeg  linea=0x3
[arbitro] asalto  9/30  espalda  auto-salida     -1   0.36 s
[gelatina] t=    0 ms  WAIT         rival=si d=  75 mm rumbo=   +0 cdeg  linea=0x0
[gelatina] t=    0 ms  TRACK        rival=si d=  77 mm rumbo=   +0 cdeg  linea=0x0
[gelatina] t=    8 ms  ATTACK       rival=si d=  75 mm rumbo=   +0 cdeg  linea=0x0
[arbitro] asalto 10/30  frente   rival fuera     +1   0.46 s
[gelatina] t=    0 ms  WAIT         rival=no d=9999 mm rumbo=  -24 cdeg  linea=0x0
[gelatina] t=    0 ms  OPENING      rival=no d=9999 mm rumbo=  -24 cdeg  linea=0x0
[gelatina] t=  304 ms  EDGE_ESCAPE  rival=no d=9999 mm rumbo=  -24 cdeg  linea=0x1
[arbitro] asalto 11/30  lado     auto-salida     -1   0.44 s
[gelatina] t=    0 ms  WAIT         rival=no d=9999 mm rumbo= -177 cdeg  linea=0x0
[gelatina] t=    0 ms  OPENING      rival=no d=9999 mm rumbo= -177 cdeg  linea=0x0
[gelatina] t=  248 ms  EDGE_ESCAPE  rival=no d=9999 mm rumbo= -177 cdeg  linea=0x3
[arbitro] asalto 12/30  espalda  auto-salida     -1   0.35 s
[gelatina] t=    0 ms  WAIT         rival=si d=  76 mm rumbo=   +0 cdeg  linea=0x0
[gelatina] t=    0 ms  TRACK        rival=si d=  77 mm rumbo=   +0 cdeg  linea=0x0
[gelatina] t=    7 ms  ATTACK       rival=si d=  76 mm rumbo=   +0 cdeg  linea=0x0
[arbitro] asalto 13/30  frente   rival fuera     +1   1.16 s
[gelatina] t=    0 ms  WAIT         rival=no d=9999 mm rumbo=-1476 cdeg  linea=0x0
[gelatina] t=    0 ms  OPENING      rival=no d=9999 mm rumbo=-1476 cdeg  linea=0x0
[gelatina] t=  288 ms  EDGE_ESCAPE  rival=no d=9999 mm rumbo=-1476 cdeg  linea=0x1
[arbitro] asalto 14/30  lado     auto-salida     -1   0.47 s
[gelatina] t=    0 ms  WAIT         rival=no d=9999 mm rumbo=+4042 cdeg  linea=0x0
[gelatina] t=    0 ms  OPENING      rival=no d=9999 mm rumbo=+4042 cdeg  linea=0x0
[gelatina] t=  248 ms  EDGE_ESCAPE  rival=no d=9999 mm rumbo=+4042 cdeg  linea=0x3
[arbitro] asalto 15/30  espalda  auto-salida     -1   0.39 s
[gelatina] t=    0 ms  WAIT         rival=si d=  76 mm rumbo=   +0 cdeg  linea=0x0
[gelatina] t=    0 ms  TRACK        rival=si d=  76 mm rumbo=   +0 cdeg  linea=0x0
[gelatina] t=    8 ms  ATTACK       rival=si d=  74 mm rumbo=   +0 cdeg  linea=0x0
[arbitro] asalto 16/30  frente   rival fuera     +1   0.42 s
[gelatina] t=    0 ms  WAIT         rival=no d=9999 mm rumbo=   +0 cdeg  linea=0x0
[gelatina] t=    0 ms  OPENING      rival=no d=9999 mm rumbo=   +0 cdeg  linea=0x0
[gelatina] t=  304 ms  EDGE_ESCAPE  rival=no d=9999 mm rumbo=   +0 cdeg  linea=0x1
[arbitro] asalto 17/30  lado     auto-salida     -1   0.43 s
[gelatina] t=    0 ms  WAIT         rival=no d=9999 mm rumbo= +240 cdeg  linea=0x0
[gelatina] t=    0 ms  OPENING      rival=no d=9999 mm rumbo= +240 cdeg  linea=0x0
[gelatina] t=  256 ms  EDGE_ESCAPE  rival=no d=9999 mm rumbo= +240 cdeg  linea=0x3
[arbitro] asalto 18/30  espalda  auto-salida     -1   0.37 s
[gelatina] t=    0 ms  WAIT         rival=si d=  74 mm rumbo=   +0 cdeg  linea=0x0
[gelatina] t=    0 ms  TRACK        rival=si d=  77 mm rumbo=   +0 cdeg  linea=0x0
[gelatina] t=    8 ms  ATTACK       rival=si d=  75 mm rumbo=   +0 cdeg  linea=0x0
[arbitro] asalto 19/30  frente   rival fuera     +1   0.51 s
[gelatina] t=    0 ms  WAIT         rival=no d=9999 mm rumbo=+1484 cdeg  linea=0x0
[gelatina] t=    0 ms  OPENING      rival=no d=9999 mm rumbo=+1484 cdeg  linea=0x0
[gelatina] t=  288 ms  EDGE_ESCAPE  rival=no d=9999 mm rumbo=+1484 cdeg  linea=0x1
[arbitro] asalto 20/30  lado     rival fuera     +1   0.46 s
[gelatina] t=    0 ms  WAIT         rival=no d=9999 mm rumbo=-3910 cdeg  linea=0x0
[gelatina] t=    0 ms  OPENING      rival=no d=9999 mm rumbo=-3910 cdeg  linea=0x0
[gelatina] t=  248 ms  EDGE_ESCAPE  rival=no d=9999 mm rumbo=-3910 cdeg  linea=0x3
[arbitro] asalto 21/30  espalda  auto-salida     -1   0.36 s
[gelatina] t=    0 ms  WAIT         rival=si d=  74 mm rumbo=   +0 cdeg  linea=0x0
[gelatina] t=    0 ms  TRACK        rival=si d=  75 mm rumbo=   +0 cdeg  linea=0x0
[gelatina] t=    8 ms  ATTACK       rival=si d=  74 mm rumbo=   +0 cdeg  linea=0x0
[arbitro] asalto 22/30  frente   rival fuera     +1   0.48 s
[gelatina] t=    0 ms  WAIT         rival=no d=9999 mm rumbo=+1471 cdeg  linea=0x0
[gelatina] t=    0 ms  OPENING      rival=no d=9999 mm rumbo=+1471 cdeg  linea=0x0
[gelatina] t=  296 ms  EDGE_ESCAPE  rival=no d=9999 mm rumbo=+1471 cdeg  linea=0x1
[arbitro] asalto 23/30  lado     rival fuera     +1   0.50 s
[gelatina] t=    0 ms  WAIT         rival=no d=9999 mm rumbo=+3331 cdeg  linea=0x0
[gelatina] t=    0 ms  OPENING      rival=no d=9999 mm rumbo=+3331 cdeg  linea=0x0
[gelatina] t=  256 ms  EDGE_ESCAPE  rival=no d=9999 mm rumbo=+3331 cdeg  linea=0x3
[arbitro] asalto 24/30  espalda  auto-salida     -1   0.37 s
[gelatina] t=    0 ms  WAIT         rival=si d=  75 mm rumbo=   +0 cdeg  linea=0x0
[gelatina] t=    0 ms  TRACK        rival=si d=  75 mm rumbo=   +0 cdeg  linea=0x0
[gelatina] t=    8 ms  ATTACK       rival=si d=  74 mm rumbo=   +0 cdeg  linea=0x0
[arbitro] asalto 25/30  frente   expulsado       -1  18.98 s
[gelatina] t=    0 ms  WAIT         rival=no d=9999 mm rumbo=   +3 cdeg  linea=0x0
[gelatina] t=    0 ms  OPENING      rival=no d=9999 mm rumbo=   +3 cdeg  linea=0x0
[gelatina] t=  304 ms  EDGE_ESCAPE  rival=no d=9999 mm rumbo=   +3 cdeg  linea=0x1
[arbitro] asalto 26/30  lado     rival fuera     +1   0.46 s
[gelatina] t=    0 ms  WAIT         rival=no d=9999 mm rumbo= -286 cdeg  linea=0x0
[gelatina] t=    0 ms  OPENING      rival=no d=9999 mm rumbo= -286 cdeg  linea=0x0
[gelatina] t=  248 ms  EDGE_ESCAPE  rival=no d=9999 mm rumbo= -286 cdeg  linea=0x3
[arbitro] asalto 27/30  espalda  auto-salida     -1   0.35 s
[gelatina] t=    0 ms  WAIT         rival=si d=  74 mm rumbo=   +0 cdeg  linea=0x0
[gelatina] t=    0 ms  TRACK        rival=si d=  74 mm rumbo=   +0 cdeg  linea=0x0
[gelatina] t=    8 ms  ATTACK       rival=si d=  72 mm rumbo=   +0 cdeg  linea=0x0
[arbitro] asalto 28/30  frente   expulsado       -1  19.64 s
[gelatina] t=    0 ms  WAIT         rival=no d=9999 mm rumbo=  +64 cdeg  linea=0x0
[gelatina] t=    0 ms  OPENING      rival=no d=9999 mm rumbo=  +64 cdeg  linea=0x0
[gelatina] t=  280 ms  EDGE_ESCAPE  rival=no d=9999 mm rumbo=  +64 cdeg  linea=0x1
[arbitro] asalto 29/30  lado     rival fuera     +1   0.46 s
[gelatina] t=    0 ms  WAIT         rival=no d=9999 mm rumbo=-1614 cdeg  linea=0x0
[gelatina] t=    0 ms  OPENING      rival=no d=9999 mm rumbo=-1614 cdeg  linea=0x0
[gelatina] t=  248 ms  EDGE_ESCAPE  rival=no d=9999 mm rumbo=-1614 cdeg  linea=0x3
[arbitro] asalto 30/30  espalda  auto-salida     -1   0.34 s

[arbitro] RESULTADO  12W 18L 0D  win rate 40.0%  auto-salidas 16  t medio de victoria 0.53 s

[arbitro]   frente   8W 2L 0D
[arbitro]   lado     4W 6L 0D
[arbitro]   espalda  0W 10L 0D
[arbitro]   combate: gana 32.0%  jueces 0.0%  pierde 68.0%
[arbitro] resultados -> ../../../runs/real_baseline/20260913T155350632633Z_v0.3.0_reglamento/charger.json
INFO: 'arbitro' controller exited successfully.
INFO: _real_20260913t155350632633z_yo_v030: Terminating.
INFO: oponente: Terminating.
