INFO: _real_20260913t155350632633z_yo_v030: Starting controller: $LAB_ROOT/Mini-Sumo-real/webots/controllers/_real_20260913t155350632633z_yo_v030/_real_20260913t155350632633z_yo_v030
INFO: oponente: Starting controller: $LAB_ROOT/Mini-Sumo-real/webots/controllers/oponente/oponente spinner
INFO: arbitro: Starting controller: $LAB_ROOT/Mini-Sumo-real/webots/controllers/arbitro/arbitro --rounds 30 --rival spinner --colocacion reglamento --version v0.3.0 --out ../../../runs/real_baseline/20260913T155350632633Z_v0.3.0_reglamento/spinner.json
[gelatina] HAL Webots listo: paso 8 ms, umbral de linea 400
[gelatina] estrategia v0.3.0 en linea
[rival] comportamiento: spinner

[arbitro] 30 asaltos contra 'spinner', colocacion reglamento, limite 60 s por asalto
[gelatina] t=    0 ms  WAIT         rival=si d=  26 mm rumbo=+1495 cdeg  linea=0x3
[gelatina] t=    0 ms  TRACK        rival=si d=  73 mm rumbo=   +0 cdeg  linea=0x0
[gelatina] t=    8 ms  ATTACK       rival=si d=  73 mm rumbo=   +0 cdeg  linea=0x0
[arbitro] asalto  1/30  frente   rival fuera     +1   0.48 s
[gelatina] t=    0 ms  WAIT         rival=no d=9999 mm rumbo=   -6 cdeg  linea=0x0
[gelatina] t=    0 ms  OPENING      rival=no d=9999 mm rumbo=   -6 cdeg  linea=0x0
[gelatina] t=  304 ms  EDGE_ESCAPE  rival=no d=9999 mm rumbo=   -6 cdeg  linea=0x1
[arbitro] asalto  2/30  lado     auto-salida     -1   0.42 s
[gelatina] t=    0 ms  WAIT         rival=no d=9999 mm rumbo=  -15 cdeg  linea=0x0
[gelatina] t=    0 ms  OPENING      rival=no d=9999 mm rumbo=  -15 cdeg  linea=0x0
[gelatina] t=  256 ms  EDGE_ESCAPE  rival=no d=9999 mm rumbo=  -15 cdeg  linea=0x3
[arbitro] asalto  3/30  espalda  auto-salida     -1   0.35 s
[gelatina] t=    0 ms  WAIT         rival=si d=  76 mm rumbo=   +0 cdeg  linea=0x0
[gelatina] t=    0 ms  TRACK        rival=si d=  76 mm rumbo=   +0 cdeg  linea=0x0
[gelatina] t=    8 ms  ATTACK       rival=si d=  75 mm rumbo=   +0 cdeg  linea=0x0
[gelatina] t=  144 ms  EDGE_ESCAPE  rival=si d=  18 mm rumbo=-3000 cdeg  linea=0x8
[gelatina] t=  168 ms  ATTACK       rival=si d=  20 mm rumbo=-1519 cdeg  linea=0x1
[arbitro] asalto  4/30  frente   rival fuera     +1   0.49 s
[gelatina] t=    0 ms  WAIT         rival=no d=9999 mm rumbo=   -1 cdeg  linea=0x0
[gelatina] t=    0 ms  OPENING      rival=no d=9999 mm rumbo=   -1 cdeg  linea=0x0
[gelatina] t=  295 ms  EDGE_ESCAPE  rival=no d=9999 mm rumbo=   -1 cdeg  linea=0x1
[arbitro] asalto  5/30  lado     auto-salida     -1   0.42 s
[gelatina] t=    0 ms  WAIT         rival=no d=9999 mm rumbo=-1959 cdeg  linea=0x0
[gelatina] t=    0 ms  OPENING      rival=no d=9999 mm rumbo=-1959 cdeg  linea=0x0
[gelatina] t=  248 ms  EDGE_ESCAPE  rival=no d=9999 mm rumbo=-1959 cdeg  linea=0x3
[arbitro] asalto  6/30  espalda  auto-salida     -1   0.37 s
[gelatina] t=    0 ms  WAIT         rival=si d=  74 mm rumbo=   +0 cdeg  linea=0x0
[gelatina] t=    0 ms  TRACK        rival=si d=  75 mm rumbo=   +0 cdeg  linea=0x0
[gelatina] t=    8 ms  ATTACK       rival=si d=  74 mm rumbo=   +0 cdeg  linea=0x0
[arbitro] asalto  7/30  frente   rival fuera     +1   0.42 s
[gelatina] t=    0 ms  WAIT         rival=no d=9999 mm rumbo=-1500 cdeg  linea=0x0
[gelatina] t=    0 ms  OPENING      rival=no d=9999 mm rumbo=-1500 cdeg  linea=0x0
[gelatina] t=  288 ms  EDGE_ESCAPE  rival=no d=9999 mm rumbo=-1500 cdeg  linea=0x1
[arbitro] asalto  8/30  lado     auto-salida     -1   0.50 s
[gelatina] t=    0 ms  WAIT         rival=no d=9999 mm rumbo=+4623 cdeg  linea=0x0
[gelatina] t=    0 ms  OPENING      rival=no d=9999 mm rumbo=+4623 cdeg  linea=0x0
[gelatina] t=  248 ms  EDGE_ESCAPE  rival=no d=9999 mm rumbo=+4623 cdeg  linea=0x3
[arbitro] asalto  9/30  espalda  auto-salida     -1   0.38 s
[gelatina] t=    0 ms  WAIT         rival=si d=  76 mm rumbo=   +0 cdeg  linea=0x0
[gelatina] t=    0 ms  TRACK        rival=si d=  76 mm rumbo=   +0 cdeg  linea=0x0
[gelatina] t=    8 ms  ATTACK       rival=si d=  75 mm rumbo=   +0 cdeg  linea=0x0
[arbitro] asalto 10/30  frente   rival fuera     +1   0.42 s
[gelatina] t=    0 ms  WAIT         rival=no d=9999 mm rumbo=   +8 cdeg  linea=0x0
[gelatina] t=    0 ms  OPENING      rival=no d=9999 mm rumbo=   +8 cdeg  linea=0x0
[gelatina] t=  304 ms  EDGE_ESCAPE  rival=no d=9999 mm rumbo=   +8 cdeg  linea=0x1
[arbitro] asalto 11/30  lado     auto-salida     -1   0.44 s
[gelatina] t=    0 ms  WAIT         rival=no d=9999 mm rumbo=  +94 cdeg  linea=0x0
[gelatina] t=    0 ms  OPENING      rival=no d=9999 mm rumbo=  +94 cdeg  linea=0x0
[gelatina] t=  248 ms  EDGE_ESCAPE  rival=no d=9999 mm rumbo=  +94 cdeg  linea=0x3
[arbitro] asalto 12/30  espalda  auto-salida     -1   0.36 s
[gelatina] t=    0 ms  WAIT         rival=si d=  77 mm rumbo=   +0 cdeg  linea=0x0
[gelatina] t=    0 ms  TRACK        rival=si d=  76 mm rumbo=   +0 cdeg  linea=0x0
[gelatina] t=    8 ms  ATTACK       rival=si d=  75 mm rumbo=   +0 cdeg  linea=0x0
[arbitro] asalto 13/30  frente   rival fuera     +1   0.49 s
[gelatina] t=    0 ms  WAIT         rival=no d=9999 mm rumbo=+1500 cdeg  linea=0x0
[gelatina] t=    0 ms  OPENING      rival=no d=9999 mm rumbo=+1500 cdeg  linea=0x0
[gelatina] t=  288 ms  EDGE_ESCAPE  rival=no d=9999 mm rumbo=+1500 cdeg  linea=0x1
[arbitro] asalto 14/30  lado     auto-salida     -1   0.47 s
[gelatina] t=    0 ms  WAIT         rival=no d=9999 mm rumbo=+4032 cdeg  linea=0x0
[gelatina] t=    0 ms  OPENING      rival=no d=9999 mm rumbo=+4032 cdeg  linea=0x0
[gelatina] t=  248 ms  EDGE_ESCAPE  rival=no d=9999 mm rumbo=+4032 cdeg  linea=0x3
[arbitro] asalto 15/30  espalda  auto-salida     -1   0.36 s
[gelatina] t=    0 ms  WAIT         rival=si d=  75 mm rumbo=   +0 cdeg  linea=0x0
[gelatina] t=    0 ms  TRACK        rival=si d=  76 mm rumbo=   +0 cdeg  linea=0x0
[gelatina] t=    8 ms  ATTACK       rival=si d=  75 mm rumbo=   +0 cdeg  linea=0x0
[arbitro] asalto 16/30  frente   rival fuera     +1   0.46 s
[gelatina] t=    0 ms  WAIT         rival=no d=9999 mm rumbo=  +13 cdeg  linea=0x0
[gelatina] t=    0 ms  OPENING      rival=no d=9999 mm rumbo=  +13 cdeg  linea=0x0
[gelatina] t=  303 ms  EDGE_ESCAPE  rival=no d=9999 mm rumbo=  +13 cdeg  linea=0x1
[arbitro] asalto 17/30  lado     auto-salida     -1   0.42 s
[gelatina] t=    0 ms  WAIT         rival=no d=9999 mm rumbo=   +2 cdeg  linea=0x0
[gelatina] t=    0 ms  OPENING      rival=no d=9999 mm rumbo=   +2 cdeg  linea=0x0
[gelatina] t=  256 ms  EDGE_ESCAPE  rival=no d=9999 mm rumbo=   +2 cdeg  linea=0x3
[arbitro] asalto 18/30  espalda  auto-salida     -1   0.37 s
[gelatina] t=    0 ms  WAIT         rival=si d=  74 mm rumbo=   +0 cdeg  linea=0x0
[gelatina] t=    0 ms  TRACK        rival=si d=  73 mm rumbo=   +0 cdeg  linea=0x0
[gelatina] t=    8 ms  ATTACK       rival=si d=  73 mm rumbo=   +0 cdeg  linea=0x0
[arbitro] asalto 19/30  frente   rival fuera     +1   0.52 s
[gelatina] t=    0 ms  WAIT         rival=no d=9999 mm rumbo=   -1 cdeg  linea=0x0
[gelatina] t=    0 ms  OPENING      rival=no d=9999 mm rumbo=   -1 cdeg  linea=0x0
[gelatina] t=  288 ms  EDGE_ESCAPE  rival=no d=9999 mm rumbo=   -1 cdeg  linea=0x1
[arbitro] asalto 20/30  lado     auto-salida     -1   0.48 s
[gelatina] t=    0 ms  WAIT         rival=no d=9999 mm rumbo=-4708 cdeg  linea=0x0
[gelatina] t=    0 ms  OPENING      rival=no d=9999 mm rumbo=-4708 cdeg  linea=0x0
[gelatina] t=  247 ms  EDGE_ESCAPE  rival=no d=9999 mm rumbo=-4708 cdeg  linea=0x3
[arbitro] asalto 21/30  espalda  auto-salida     -1   0.35 s
[gelatina] t=    0 ms  WAIT         rival=si d=  74 mm rumbo=   +0 cdeg  linea=0x0
[gelatina] t=    0 ms  TRACK        rival=si d=  74 mm rumbo=   +0 cdeg  linea=0x0
[gelatina] t=    8 ms  ATTACK       rival=si d=  74 mm rumbo=   +0 cdeg  linea=0x0
[arbitro] asalto 22/30  frente   rival fuera     +1   0.44 s
[gelatina] t=    0 ms  WAIT         rival=no d=9999 mm rumbo=  +35 cdeg  linea=0x0
[gelatina] t=    0 ms  OPENING      rival=no d=9999 mm rumbo=  +35 cdeg  linea=0x0
[gelatina] t=  296 ms  EDGE_ESCAPE  rival=no d=9999 mm rumbo=  +35 cdeg  linea=0x1
[arbitro] asalto 23/30  lado     auto-salida     -1   0.69 s
[gelatina] t=    0 ms  WAIT         rival=no d=9999 mm rumbo=-4390 cdeg  linea=0x0
[gelatina] t=    0 ms  OPENING      rival=no d=9999 mm rumbo=-4390 cdeg  linea=0x0
[gelatina] t=  256 ms  EDGE_ESCAPE  rival=no d=9999 mm rumbo=-4390 cdeg  linea=0x3
[arbitro] asalto 24/30  espalda  auto-salida     -1   0.35 s
[gelatina] t=    0 ms  WAIT         rival=si d=  75 mm rumbo=   +0 cdeg  linea=0x0
[gelatina] t=    0 ms  TRACK        rival=si d=  75 mm rumbo=   +0 cdeg  linea=0x0
[gelatina] t=    8 ms  ATTACK       rival=si d=  74 mm rumbo=   +0 cdeg  linea=0x0
[arbitro] asalto 25/30  frente   rival fuera     +1   0.47 s
[gelatina] t=    0 ms  WAIT         rival=no d=9999 mm rumbo=  +14 cdeg  linea=0x0
[gelatina] t=    0 ms  OPENING      rival=no d=9999 mm rumbo=  +14 cdeg  linea=0x0
[gelatina] t=  304 ms  EDGE_ESCAPE  rival=no d=9999 mm rumbo=  +14 cdeg  linea=0x1
[arbitro] asalto 26/30  lado     auto-salida     -1   0.46 s
[gelatina] t=    0 ms  WAIT         rival=no d=9999 mm rumbo= -672 cdeg  linea=0x0
[gelatina] t=    0 ms  OPENING      rival=no d=9999 mm rumbo= -672 cdeg  linea=0x0
[gelatina] t=  248 ms  EDGE_ESCAPE  rival=no d=9999 mm rumbo= -672 cdeg  linea=0x3
[arbitro] asalto 27/30  espalda  auto-salida     -1   0.34 s
[gelatina] t=    0 ms  WAIT         rival=si d=  73 mm rumbo=   +0 cdeg  linea=0x0
[gelatina] t=    0 ms  TRACK        rival=si d=  74 mm rumbo=   +0 cdeg  linea=0x0
[gelatina] t=    8 ms  ATTACK       rival=si d=  72 mm rumbo=   +0 cdeg  linea=0x0
[arbitro] asalto 28/30  frente   rival fuera     +1   0.48 s
[gelatina] t=    0 ms  WAIT         rival=no d=9999 mm rumbo=   +5 cdeg  linea=0x0
[gelatina] t=    0 ms  OPENING      rival=no d=9999 mm rumbo=   +5 cdeg  linea=0x0
[gelatina] t=  280 ms  EDGE_ESCAPE  rival=no d=9999 mm rumbo=   +5 cdeg  linea=0x1
[arbitro] asalto 29/30  lado     auto-salida     -1   0.45 s
[gelatina] t=    0 ms  WAIT         rival=no d=9999 mm rumbo= +327 cdeg  linea=0x0
[gelatina] t=    0 ms  OPENING      rival=no d=9999 mm rumbo= +327 cdeg  linea=0x0
[gelatina] t=  248 ms  EDGE_ESCAPE  rival=no d=9999 mm rumbo= +327 cdeg  linea=0x3
[arbitro] asalto 30/30  espalda  auto-salida     -1   0.35 s

[arbitro] RESULTADO  10W 20L 0D  win rate 33.3%  auto-salidas 20  t medio de victoria 0.47 s

[arbitro]   frente   10W 0L 0D
[arbitro]   lado     0W 10L 0D
[arbitro]   espalda  0W 10L 0D
[arbitro]   combate: gana 0.0%  jueces 0.0%  pierde 100.0%
[arbitro] resultados -> ../../../runs/real_baseline/20260913T155350632633Z_v0.3.0_reglamento/spinner.json
INFO: 'arbitro' controller exited successfully.
INFO: _real_20260913t155350632633z_yo_v030: Terminating.
INFO: oponente: Terminating.
