WARNING: Contact joints between materials 'patin' and 'dohyo' will only be created for the 10 deepest contact points instead of all the 12 contact points.
INFO: medido: Starting controller: $LAB_ROOT/Mini-Sumo-real/runs/real/20260913T171414650404Z_v22_nn_reglamento_v0.3.0_s0_r1/project/webots/controllers/medido/medido
INFO: contrario: Starting controller: $LAB_ROOT/Mini-Sumo-real/runs/real/20260913T171414650404Z_v22_nn_reglamento_v0.3.0_s0_r1/project/webots/controllers/contrario/contrario
INFO: arbitro: Starting controller: $LAB_ROOT/Mini-Sumo-real/runs/real/20260913T171414650404Z_v22_nn_reglamento_v0.3.0_s0_r1/project/webots/controllers/arbitro/arbitro --rounds 30 --rival v0.3.0 --version nn --colocacion reglamento --out ../../../../result.json
[planta] gelatina ciclo=1 rueda=0 V=7.36485623 R=4.25602584 Rpuente=0.612744129 I0=0.126091683 Ke=0.092558592 Kt=0.0483794733
[planta] gelatina ciclo=1 rueda=1 V=7.36485623 R=3.87064724 Rpuente=0.5311391 I0=0.129181051 Ke=0.0852744683 Kt=0.0483794733
[sensores] gelatina ToF alcance=1418.63086 minimo=21.0914713 sigma_rel=0.0961221409
[gelatina] HAL Webots listo: paso 8 ms, umbral de linea 400
[planta] rival ciclo=1 rueda=0 V=7.3310377 R=3.8954165 Rpuente=0.600848401 I0=0.180732483 Ke=0.0948581567 Kt=0.0483794733
[planta] rival ciclo=1 rueda=1 V=7.3310377 R=3.89561467 Rpuente=0.654952586 I0=0.158428279 Ke=0.0980418484 Kt=0.0483794733
[sensores] rival ToF alcance=1467.89725 minimo=45.1080084 sigma_rel=0.0588060713
[rival] HAL Webots listo: paso 8 ms, umbral de linea 400
[rival] estrategia v0.3.0 en linea

[arbitro] 30 asaltos contra 'v0.3.0', colocacion reglamento, limite 60 s por asalto
[rival] t=    0 ms  WAIT         rival=no d=9999 mm rumbo=   +0 cdeg  linea=0x0
[inercia] asalto=0 robot=GELATINA rueda=0 rotor=2.26145341e-05
[inercia] asalto=0 robot=GELATINA rueda=1 rotor=2.80318469e-05
[inercia] asalto=0 robot=RIVAL rueda=0 rotor=1.03646774e-05
[inercia] asalto=0 robot=RIVAL rueda=1 rotor=1.89769952e-05
[planta] asalto=0 mu=0.8364555 slip=0.000738541245 aleatorio=1
[planta] gelatina ciclo=2 rueda=0 V=7.40084512 R=4.10688725 Rpuente=0.572406459 I0=0.0936607003 Ke=0.0698853006 Kt=0.0483794733
[planta] gelatina ciclo=2 rueda=1 V=7.40084512 R=3.83835459 Rpuente=0.552155244 I0=0.199625596 Ke=0.0697456861 Kt=0.0483794733
[sensores] gelatina ToF alcance=1249.04298 minimo=21.2930501 sigma_rel=0.0465027428
[gelatina] pulsador recibido: permiso previsto 5312 ms
[planta] rival ciclo=2 rueda=0 V=7.99534413 R=3.71403046 Rpuente=0.594484353 I0=0.0934002846 Ke=0.0948363984 Kt=0.0483794733
[planta] rival ciclo=2 rueda=1 V=7.99534413 R=3.6196208 Rpuente=0.585172546 I0=0.147359303 Ke=0.0827417612 Kt=0.0483794733
[sensores] rival ToF alcance=757.486892 minimo=42.2123063 sigma_rel=0.084336791
[rival] pulsador recibido: permiso previsto 5312 ms
[arranque] pulsador=312 permiso=5312 ms
[gelatina] permiso de arranque a los 5312 ms
[rival] permiso de arranque a los 5312 ms
[rival] t=    0 ms  TRACK        rival=si d=  68 mm rumbo=+1513 cdeg  linea=0x0
[rival] t=    8 ms  ATTACK       rival=si d=  68 mm rumbo=+1513 cdeg  linea=0x0
WARNING: Contact joints between materials 'rueda' and 'dohyo' will only be created for the 10 deepest contact points instead of all the 15 contact points.
[rival] t=  416 ms  SEARCH       rival=no d=9999 mm rumbo=+1491 cdeg  linea=0x0
[rival] t=  592 ms  TRACK        rival=si d=  51 mm rumbo=-6000 cdeg  linea=0x0
[rival] t=  600 ms  ATTACK       rival=si d=  51 mm rumbo=-6000 cdeg  linea=0x0
[arbitro] asalto  1/30  frente   expulsado       -1   0.63 s
[inercia] asalto=1 robot=GELATINA rueda=0 rotor=9.44531643e-06
[inercia] asalto=1 robot=GELATINA rueda=1 rotor=2.62596416e-05
[inercia] asalto=1 robot=RIVAL rueda=0 rotor=1.57621794e-05
[inercia] asalto=1 robot=RIVAL rueda=1 rotor=2.04041997e-05
[planta] asalto=1 mu=1.37476293 slip=0.00111237705 aleatorio=1
[gelatina] fin de asalto motor={"battery_v":7.40084512,"resistance_ohm":[4.10688725,3.83835459],"bridge_ohm":[0.572406459,0.552155244],"omega_rad_s":[-68.2823739,-16.4173245],"current_a":[0.192271139,-0.960670907],"torque_nm":[0.0138332318,-0.0368189713],"applied_pwm":[-0.523216069,-0.72462976],"over_1_2a_samples":0,"over_3_2a_samples":0}
[rival] fin de asalto motor={"battery_v":7.99534413,"resistance_ohm":[3.71403046,3.6196208],"bridge_ohm":[0.594484353,0.585172546],"omega_rad_s":[-18.4432649,42.4874869],"current_a":[1.02298467,-0.075473872],"torque_nm":[0.054010116,-0.0107805516],"applied_pwm":[0.332499981,0.399999976],"over_1_2a_samples":3,"over_3_2a_samples":0}
[rival] t=    0 ms  WAIT         rival=no d=9999 mm rumbo=-6000 cdeg  linea=0x0
[planta] gelatina ciclo=3 rueda=0 V=7.43466365 R=3.66749654 Rpuente=0.584302187 I0=0.189019892 Ke=0.0942266868 Kt=0.0483794733
[planta] gelatina ciclo=3 rueda=1 V=7.43466365 R=3.81338716 Rpuente=0.628341758 I0=0.170378369 Ke=0.0931979847 Kt=0.0483794733
[sensores] gelatina ToF alcance=1199.77666 minimo=27.276513 sigma_rel=0.0838188124
[gelatina] pulsador recibido: permiso previsto 11256 ms
[planta] rival ciclo=3 rueda=0 V=7.74568462 R=3.91137171 Rpuente=0.649971557 I0=0.121402636 Ke=0.0779893475 Kt=0.0483794733
[planta] rival ciclo=3 rueda=1 V=7.74568462 R=4.37315912 Rpuente=0.634254229 I0=0.20344854 Ke=0.0803429839 Kt=0.0483794733
[sensores] rival ToF alcance=1696.55499 minimo=23.2455051 sigma_rel=0.0747795963
[rival] pulsador recibido: permiso previsto 11256 ms
[arranque] pulsador=6256 permiso=11256 ms
[gelatina] permiso de arranque a los 11256 ms
[rival] permiso de arranque a los 11256 ms
[rival] t=    0 ms  OPENING      rival=no d=9999 mm rumbo=-6000 cdeg  linea=0x0
WARNING: Contact joints between materials 'patin' and 'dohyo' will only be created for the 10 deepest contact points instead of all the 26 contact points.
[rival] t=   96 ms  TRACK        rival=si d=  63 mm rumbo=-6000 cdeg  linea=0x0
[rival] t=  104 ms  ATTACK       rival=si d=  63 mm rumbo=-6000 cdeg  linea=0x0
[arbitro] asalto  2/30  lado     expulsado       -1   0.79 s
[inercia] asalto=2 robot=GELATINA rueda=0 rotor=1.53470491e-05
[inercia] asalto=2 robot=GELATINA rueda=1 rotor=3.54828401e-05
[inercia] asalto=2 robot=RIVAL rueda=0 rotor=3.22439504e-05
[inercia] asalto=2 robot=RIVAL rueda=1 rotor=1.78256371e-05
[planta] asalto=2 mu=1.1906902 slip=0.00167386723 aleatorio=1
[gelatina] fin de asalto motor={"battery_v":7.43466365,"resistance_ohm":[3.66749654,3.81338716],"bridge_ohm":[0.584302187,0.628341758],"omega_rad_s":[2.01259258,-4.62643843],"current_a":[0.667528068,-1.53707871],"torque_nm":[0.0234708921,-0.0661218225],"applied_pwm":[0.407259166,-0.976299942],"over_1_2a_samples":9,"over_3_2a_samples":0}
[rival] fin de asalto motor={"battery_v":7.74568462,"resistance_ohm":[3.91137171,4.37315912],"bridge_ohm":[0.649971557,0.634254229],"omega_rad_s":[38.9468942,57.2488429],"current_a":[0.341869019,0.628296796],"torque_nm":[0.0106660475,0.0205539349],"applied_pwm":[0.593469143,1],"over_1_2a_samples":9,"over_3_2a_samples":0}
[rival] t=    0 ms  WAIT         rival=si d=  34 mm rumbo=+3025 cdeg  linea=0x1
[planta] gelatina ciclo=4 rueda=0 V=7.47065254 R=4.31835794 Rpuente=0.543964529 I0=0.156588909 Ke=0.0685665134 Kt=0.0483794733
[planta] gelatina ciclo=4 rueda=1 V=7.47065254 R=3.78109455 Rpuente=0.649357903 I0=0.0908229142 Ke=0.0832451824 Kt=0.0483794733
[sensores] gelatina ToF alcance=1030.18878 minimo=27.4780917 sigma_rel=0.114199414
[gelatina] pulsador recibido: permiso previsto 17360 ms
[planta] rival ciclo=4 rueda=0 V=7.00999113 R=3.72998562 Rpuente=0.643607509 I0=0.184070438 Ke=0.0712029904 Kt=0.0483794733
[planta] rival ciclo=4 rueda=1 V=7.00999113 R=4.0971653 Rpuente=0.564474189 I0=0.192379564 Ke=0.069703396 Kt=0.0483794733
[sensores] rival ToF alcance=986.144626 minimo=20.3498012 sigma_rel=0.100310316
[rival] pulsador recibido: permiso previsto 17360 ms
[arranque] pulsador=12360 permiso=17360 ms
[gelatina] permiso de arranque a los 17360 ms
[rival] permiso de arranque a los 17360 ms
[rival] t=    0 ms  OPENING      rival=no d=9999 mm rumbo=   +0 cdeg  linea=0x0
WARNING: Contact joints between materials 'rueda' and 'dohyo' will only be created for the 10 deepest contact points instead of all the 11 contact points.
[rival] t=  376 ms  EDGE_ESCAPE  rival=no d=9999 mm rumbo=   +0 cdeg  linea=0x2
[arbitro] asalto  3/30  espalda  rival fuera     +1   0.45 s
[inercia] asalto=3 robot=GELATINA rueda=0 rotor=1.48304331e-05
[inercia] asalto=3 robot=GELATINA rueda=1 rotor=1.18224236e-05
[inercia] asalto=3 robot=RIVAL rueda=0 rotor=1.09047171e-05
[inercia] asalto=3 robot=RIVAL rueda=1 rotor=1.76097783e-05
[planta] asalto=3 mu=1.2826027 slip=0.00106291819 aleatorio=1
WARNING: DEF GELATINA GelatinaNuclear > HingeJoint "rueda_der" > Solid "rueda_der": Webots has detected that this solid is light and oblong according to its inertia matrix. This belongs in the physics edge cases, and can imply weird physical results. Increasing the weight of the object or reducing its eccentricity are recommended.
WARNING: DEF RIVAL GelatinaNuclear > HingeJoint "rueda_izq" > Solid "rueda_izq": Webots has detected that this solid is light and oblong according to its inertia matrix. This belongs in the physics edge cases, and can imply weird physical results. Increasing the weight of the object or reducing its eccentricity are recommended.
[gelatina] fin de asalto motor={"battery_v":7.47065254,"resistance_ohm":[4.31835794,3.78109455],"bridge_ohm":[0.543964529,0.649357903],"omega_rad_s":[7.48437694,-11.074685],"current_a":[0.266084153,0.0268924794],"torque_nm":[0.00529732701,0.00569500874],"applied_pwm":[0.241875067,-0.107456252],"over_1_2a_samples":10,"over_3_2a_samples":0}
[rival] fin de asalto motor={"battery_v":7.00999113,"resistance_ohm":[3.72998562,4.0971653],"bridge_ohm":[0.643607509,0.564474189],"omega_rad_s":[-31.7644484,-38.7249399],"current_a":[-1.08566739,-0.473596105],"torque_nm":[-0.0436187856,-0.0136051082],"applied_pwm":[-1,-0.700000048],"over_1_2a_samples":16,"over_3_2a_samples":0}
[rival] t=    0 ms  WAIT         rival=si d=  32 mm rumbo=   +2 cdeg  linea=0x0
[planta] gelatina ciclo=5 rueda=0 V=7.50447108 R=3.87896729 Rpuente=0.555860245 I0=0.101948109 Ke=0.0693291847 Kt=0.0483794733
[planta] gelatina ciclo=5 rueda=1 V=7.50447108 R=3.75612712 Rpuente=0.525544417 I0=0.211575678 Ke=0.0671260551 Kt=0.0483794733
[sensores] gelatina ToF alcance=980.922455 minimo=33.4615546 sigma_rel=0.0715154839
[gelatina] pulsador recibido: permiso previsto 23120 ms
[planta] rival ciclo=5 rueda=0 V=7.33795099 R=4.30922918 Rpuente=0.586078012 I0=0.119217575 Ke=0.0873178988 Kt=0.0483794733
[planta] rival ciclo=5 rueda=1 V=7.33795099 R=4.35173435 Rpuente=0.508019018 I0=0.164089081 Ke=0.0656203404 Kt=0.0483794733
[sensores] rival ToF alcance=1634.49379 minimo=42.0335317 sigma_rel=0.0726668024
[rival] pulsador recibido: permiso previsto 23120 ms
[arranque] pulsador=18120 permiso=23120 ms
[gelatina] permiso de arranque a los 23120 ms
[rival] permiso de arranque a los 23120 ms
[rival] t=    0 ms  TRACK        rival=si d=  73 mm rumbo=-1475 cdeg  linea=0x0
[rival] t=    8 ms  ATTACK       rival=si d=  73 mm rumbo=-1475 cdeg  linea=0x0
WARNING: Contact joints between materials 'patin' and 'dohyo' will only be created for the 10 deepest contact points instead of all the 68 contact points.
[rival] t=  416 ms  SEARCH       rival=no d=9999 mm rumbo=  -10 cdeg  linea=0x0
[rival] t=  424 ms  TRACK        rival=si d=  40 mm rumbo=   +0 cdeg  linea=0x0
[rival] t=  432 ms  ATTACK       rival=si d=  40 mm rumbo=   +0 cdeg  linea=0x0
[rival] t=  816 ms  SEARCH       rival=no d=9999 mm rumbo=+3000 cdeg  linea=0x0
[rival] t=  856 ms  TRACK        rival=si d=  76 mm rumbo=   +0 cdeg  linea=0x0
[rival] t=  864 ms  ATTACK       rival=si d=  76 mm rumbo=   +0 cdeg  linea=0x0
WARNING: Contact joints between materials 'patin' and 'dohyo' will only be created for the 10 deepest contact points instead of all the 20 contact points.
[rival] t= 1144 ms  SEARCH       rival=no d=9999 mm rumbo=   +0 cdeg  linea=0x0
[rival] t= 1576 ms  TRACK        rival=si d= 105 mm rumbo=+6000 cdeg  linea=0x0
[rival] t= 1584 ms  ATTACK       rival=si d= 105 mm rumbo=+6000 cdeg  linea=0x0
[rival] t= 2064 ms  SEARCH       rival=no d=9999 mm rumbo=-3000 cdeg  linea=0x0
[rival] t= 2104 ms  TRACK        rival=si d=  62 mm rumbo=+6000 cdeg  linea=0x0
[rival] t= 2112 ms  ATTACK       rival=si d=  62 mm rumbo=+6000 cdeg  linea=0x0
WARNING: Contact joints between materials 'patin' and 'dohyo' will only be created for the 10 deepest contact points instead of all the 11 contact points.
[rival] t= 2664 ms  SEARCH       rival=no d=9999 mm rumbo=-3000 cdeg  linea=0x0
[rival] t= 2688 ms  EDGE_ESCAPE  rival=no d=9999 mm rumbo=-3000 cdeg  linea=0x1
[arbitro] asalto  4/30  frente   expulsado       -1   2.68 s
[inercia] asalto=4 robot=GELATINA rueda=0 rotor=2.47379504e-05
[inercia] asalto=4 robot=GELATINA rueda=1 rotor=1.92414347e-05
[inercia] asalto=4 robot=RIVAL rueda=0 rotor=1.60995954e-05
[inercia] asalto=4 robot=RIVAL rueda=1 rotor=2.92744263e-05
[planta] asalto=4 mu=0.729815042 slip=0.00141449273 aleatorio=1
[gelatina] fin de asalto motor={"battery_v":7.50447108,"resistance_ohm":[3.87896729,3.75612712],"bridge_ohm":[0.555860245,0.525544417],"omega_rad_s":[51.7230008,32.4029828],"current_a":[-0.18560767,0.258430295],"torque_nm":[-0.0139117972,0.00226680168],"applied_pwm":[0.368150592,0.437285721],"over_1_2a_samples":30,"over_3_2a_samples":0}
[rival] fin de asalto motor={"battery_v":7.33795099,"resistance_ohm":[4.30922918,4.35173435],"bridge_ohm":[0.586078012,0.508019018],"omega_rad_s":[35.0402153,31.938339],"current_a":[0.323088198,-0.134056908],"torque_nm":[0.00986315338,-0.0144241459],"applied_pwm":[0.632499993,0.196828946],"over_1_2a_samples":87,"over_3_2a_samples":0}
[rival] t=    0 ms  WAIT         rival=no d=9999 mm rumbo=-3000 cdeg  linea=0x1
[planta] gelatina ciclo=6 rueda=0 V=7.54045988 R=3.72982864 Rpuente=0.515522587 I0=0.219517127 Ke=0.0691407664 Kt=0.0483794733
[planta] gelatina ciclo=6 rueda=1 V=7.54045988 R=3.72383447 Rpuente=0.546560562 I0=0.132020223 Ke=0.0905072248 Kt=0.0483794733
[sensores] gelatina ToF alcance=811.334574 minimo=33.6631316 sigma_rel=0.101896091
[gelatina] pulsador recibido: permiso previsto 31112 ms
[planta] rival ciclo=6 rueda=0 V=8.00225742 R=4.12784314 Rpuente=0.579713964 I0=0.181885377 Ke=0.0788056002 Kt=0.0483794733
[planta] rival ciclo=6 rueda=1 V=8.00225742 R=4.07574048 Rpuente=0.63823899 I0=0.153020105 Ke=0.0833654349 Kt=0.0483794733
[sensores] rival ToF alcance=924.083501 minimo=39.1378278 sigma_rel=0.0981975222
[rival] pulsador recibido: permiso previsto 31112 ms
[arranque] pulsador=26112 permiso=31112 ms
[gelatina] permiso de arranque a los 31112 ms
[rival] permiso de arranque a los 31112 ms
[rival] t=    0 ms  OPENING      rival=no d=9999 mm rumbo=-3000 cdeg  linea=0x0
WARNING: Contact joints between materials 'patin' and 'dohyo' will only be created for the 10 deepest contact points instead of all the 26 contact points.
[rival] t=  128 ms  TRACK        rival=si d=  67 mm rumbo=-6000 cdeg  linea=0x0
[rival] t=  135 ms  ATTACK       rival=si d=  67 mm rumbo=-6000 cdeg  linea=0x0
WARNING: Contact joints between materials 'patin' and 'dohyo' will only be created for the 10 deepest contact points instead of all the 16 contact points.
[rival] t= 1935 ms  SEARCH       rival=no d=9999 mm rumbo=   +0 cdeg  linea=0x0
[rival] t= 1943 ms  TRACK        rival=si d=  37 mm rumbo=+6000 cdeg  linea=0x0
[rival] t= 1951 ms  ATTACK       rival=si d=  37 mm rumbo=+6000 cdeg  linea=0x0
[arbitro] asalto  5/30  lado     expulsado       -1   2.02 s
[inercia] asalto=5 robot=GELATINA rueda=0 rotor=1.80220778e-05
[inercia] asalto=5 robot=GELATINA rueda=1 rotor=3.55475205e-05
[inercia] asalto=5 robot=RIVAL rueda=0 rotor=1.94917926e-05
[inercia] asalto=5 robot=RIVAL rueda=1 rotor=2.37972724e-05
[planta] asalto=5 mu=1.5307009 slip=0.000354548097 aleatorio=1
[gelatina] fin de asalto motor={"battery_v":7.54045988,"resistance_ohm":[3.72982864,3.72383447],"bridge_ohm":[0.515522587,0.546560562],"omega_rad_s":[-56.2390401,49.3701997],"current_a":[-0.324399946,0.646394118],"torque_nm":[-0.00507417556,0.0248851381],"applied_pwm":[-0.698313117,0.958657444],"over_1_2a_samples":48,"over_3_2a_samples":0}
[rival] fin de asalto motor={"battery_v":8.00225742,"resistance_ohm":[4.12784314,4.07574048],"bridge_ohm":[0.579713964,0.63823899],"omega_rad_s":[46.5894082,70.2112244],"current_a":[-0.0999676656,0.455892559],"torque_nm":[-0.0136359017,0.0146528098],"applied_pwm":[0.399999976,1],"over_1_2a_samples":105,"over_3_2a_samples":0}
[rival] t=    0 ms  WAIT         rival=no d=9999 mm rumbo=+6000 cdeg  linea=0x2
WARNING: Contact joints between materials 'patin' and 'dohyo' will only be created for the 10 deepest contact points instead of all the 19 contact points.
[planta] gelatina ciclo=7 rueda=0 V=7.5742785 R=4.09043798 Rpuente=0.527418315 I0=0.164876327 Ke=0.0681605179 Kt=0.0483794733
[planta] gelatina ciclo=7 rueda=1 V=7.5742785 R=3.69886703 Rpuente=0.622747076 I0=0.102772996 Ke=0.0797648297 Kt=0.0483794733
[sensores] gelatina ToF alcance=762.068176 minimo=39.6465945 sigma_rel=0.0592121553
[gelatina] pulsador recibido: permiso previsto 38440 ms
[planta] rival ciclo=7 rueda=0 V=7.75259792 R=4.32518439 Rpuente=0.635201168 I0=0.209887719 Ke=0.0654142189 Kt=0.0483794733
[planta] rival ciclo=7 rueda=1 V=7.75259792 R=4.0292788 Rpuente=0.687320662 I0=0.209109342 Ke=0.0831461469 Kt=0.0483794733
[sensores] rival ToF alcance=1863.15152 minimo=20.1710284 sigma_rel=0.0886403275
[rival] pulsador recibido: permiso previsto 38440 ms
[arranque] pulsador=33440 permiso=38440 ms
[gelatina] permiso de arranque a los 38440 ms
[rival] permiso de arranque a los 38440 ms
[rival] t=    0 ms  OPENING      rival=no d=9999 mm rumbo=+6000 cdeg  linea=0x0
WARNING: Contact joints between materials 'patin' and 'dohyo' will only be created for the 10 deepest contact points instead of all the 28 contact points.
[rival] t=  368 ms  EDGE_ESCAPE  rival=no d=9999 mm rumbo=+6000 cdeg  linea=0x1
[arbitro] asalto  6/30  espalda  rival fuera     +1   0.44 s
[inercia] asalto=6 robot=GELATINA rueda=0 rotor=3.26262665e-05
[inercia] asalto=6 robot=GELATINA rueda=1 rotor=2.82080197e-05
[inercia] asalto=6 robot=RIVAL rueda=0 rotor=3.48587131e-05
[inercia] asalto=6 robot=RIVAL rueda=1 rotor=3.53247898e-05
[planta] asalto=6 mu=1.06612322 slip=0.00198867857 aleatorio=1
WARNING: DEF GELATINA GelatinaNuclear > HingeJoint "rueda_der" > Solid "rueda_der": Webots has detected that this solid is light and oblong according to its inertia matrix. This belongs in the physics edge cases, and can imply weird physical results. Increasing the weight of the object or reducing its eccentricity are recommended.
[gelatina] fin de asalto motor={"battery_v":7.5742785,"resistance_ohm":[4.09043798,3.69886703],"bridge_ohm":[0.527418315,0.622747076],"omega_rad_s":[27.6587272,-13.6208576],"current_a":[1.08492988,-0.3843567],"torque_nm":[0.0445117062,-0.0136228713],"applied_pwm":[0.910355151,-0.362741709],"over_1_2a_samples":64,"over_3_2a_samples":0}
[rival] fin de asalto motor={"battery_v":7.75259792,"resistance_ohm":[4.32518439,4.0292788],"bridge_ohm":[0.635201168,0.687320662],"omega_rad_s":[-27.9044941,-26.1455887],"current_a":[-0.726046026,-1.18277861],"torque_nm":[-0.024971467,-0.0471056063],"applied_pwm":[-0.700000048,-1],"over_1_2a_samples":111,"over_3_2a_samples":0}
[rival] t=    0 ms  WAIT         rival=si d=  62 mm rumbo=-1462 cdeg  linea=0x8
[planta] gelatina ciclo=8 rueda=0 V=7.61026731 R=3.94129934 Rpuente=0.687080646 I0=0.132445344 Ke=0.0758400655 Kt=0.0483794733
[planta] gelatina ciclo=8 rueda=1 V=7.61026731 R=3.66657438 Rpuente=0.64376322 I0=0.173217541 Ke=0.0662343072 Kt=0.0483794733
[sensores] gelatina ToF alcance=1892.4803 minimo=39.8481733 sigma_rel=0.089592762
[gelatina] pulsador recibido: permiso previsto 44192 ms
[planta] rival ciclo=8 rueda=0 V=7.8170812 R=3.61420321 Rpuente=0.551313353 I0=0.080521971 Ke=0.0779089017 Kt=0.0483794733
[planta] rival ciclo=8 rueda=1 V=7.8170812 R=3.76878104 Rpuente=0.622384787 I0=0.21851036 Ke=0.0682264983 Kt=0.0483794733
[sensores] rival ToF alcance=1243.96493 minimo=22.8506535 sigma_rel=0.0766100645
[rival] pulsador recibido: permiso previsto 44192 ms
[arranque] pulsador=39192 permiso=44192 ms
[gelatina] permiso de arranque a los 44192 ms
[rival] permiso de arranque a los 44192 ms
[rival] t=    0 ms  TRACK        rival=si d=  75 mm rumbo=-1464 cdeg  linea=0x0
[rival] t=    8 ms  ATTACK       rival=si d=  75 mm rumbo=-1464 cdeg  linea=0x0
WARNING: Contact joints between materials 'patin' and 'dohyo' will only be created for the 10 deepest contact points instead of all the 68 contact points.
[arbitro] asalto  7/30  frente   expulsado       -1   0.69 s
[inercia] asalto=7 robot=GELATINA rueda=0 rotor=2.75264398e-05
[inercia] asalto=7 robot=GELATINA rueda=1 rotor=1.34157057e-05
[inercia] asalto=7 robot=RIVAL rueda=0 rotor=2.22894117e-05
[inercia] asalto=7 robot=RIVAL rueda=1 rotor=1.36951441e-05
[planta] asalto=7 mu=0.754957771 slip=0.000744550467 aleatorio=1
WARNING: DEF GELATINA GelatinaNuclear > HingeJoint "rueda_izq" > Solid "rueda_izq": Webots has detected that this solid is light and oblong according to its inertia matrix. This belongs in the physics edge cases, and can imply weird physical results. Increasing the weight of the object or reducing its eccentricity are recommended.
WARNING: DEF RIVAL GelatinaNuclear > HingeJoint "rueda_izq" > Solid "rueda_izq": Webots has detected that this solid is light and oblong according to its inertia matrix. This belongs in the physics edge cases, and can imply weird physical results. Increasing the weight of the object or reducing its eccentricity are recommended.
WARNING: DEF RIVAL GelatinaNuclear > HingeJoint "rueda_der" > Solid "rueda_der": Webots has detected that this solid is light and oblong according to its inertia matrix. This belongs in the physics edge cases, and can imply weird physical results. Increasing the weight of the object or reducing its eccentricity are recommended.
[gelatina] fin de asalto motor={"battery_v":7.61026731,"resistance_ohm":[3.94129934,3.66657438],"bridge_ohm":[0.687080646,0.64376322],"omega_rad_s":[24.8789105,-7.54482565],"current_a":[1.23651186,-0.635445847],"torque_nm":[0.0534141566,-0.0223623667],"applied_pwm":[0.999947131,-0.425571442],"over_1_2a_samples":72,"over_3_2a_samples":0}
[rival] fin de asalto motor={"battery_v":7.8170812,"resistance_ohm":[3.61420321,3.76878104],"bridge_ohm":[0.551313353,0.622384787],"omega_rad_s":[38.5944552,69.2747081],"current_a":[0.398175982,0.703847353],"torque_nm":[0.0153679338,0.0234803481],"applied_pwm":[0.596828938,1],"over_1_2a_samples":138,"over_3_2a_samples":0}
[rival] t=    0 ms  WAIT         rival=si d=  27 mm rumbo=+3000 cdeg  linea=0x2
[planta] gelatina ciclo=9 rueda=0 V=7.64408584 R=4.30190868 Rpuente=0.698976374 I0=0.0778045356 Ke=0.0751103081 Kt=0.0483794733
[planta] gelatina ciclo=9 rueda=1 V=7.64408584 R=3.641607 Rpuente=0.519949734 I0=0.143970314 Ke=0.0864147125 Kt=0.0483794733
[sensores] gelatina ToF alcance=1843.21398 minimo=45.8316362 sigma_rel=0.0469088268
[gelatina] pulsador recibido: permiso previsto 50192 ms
[planta] rival ciclo=9 rueda=0 V=7.5674217 R=3.81154442 Rpuente=0.606800556 I0=0.108524323 Ke=0.097516376 Kt=0.0483794733
[planta] rival ciclo=9 rueda=1 V=7.5674217 R=3.72231936 Rpuente=0.671466458 I0=0.124599597 Ke=0.075415294 Kt=0.0483794733
[sensores] rival ToF alcance=883.033025 minimo=33.8838542 sigma_rel=0.0670528698
[rival] pulsador recibido: permiso previsto 50192 ms
[arranque] pulsador=45192 permiso=50192 ms
[gelatina] permiso de arranque a los 50192 ms
[rival] permiso de arranque a los 50192 ms
[rival] t=    0 ms  OPENING      rival=no d=9999 mm rumbo=+3000 cdeg  linea=0x0
WARNING: Contact joints between materials 'rueda' and 'dohyo' will only be created for the 10 deepest contact points instead of all the 12 contact points.
[rival] t=  424 ms  EDGE_ESCAPE  rival=no d=9999 mm rumbo=+3000 cdeg  linea=0x2
[arbitro] asalto  8/30  lado     rival fuera     +1   0.50 s
[inercia] asalto=8 robot=GELATINA rueda=0 rotor=1.79272499e-05
[inercia] asalto=8 robot=GELATINA rueda=1 rotor=9.51810461e-06
[inercia] asalto=8 robot=RIVAL rueda=0 rotor=3.46787792e-05
[inercia] asalto=8 robot=RIVAL rueda=1 rotor=1.52327709e-05
[planta] asalto=8 mu=1.19211463 slip=0.00174366271 aleatorio=1
[gelatina] fin de asalto motor={"battery_v":7.64408584,"resistance_ohm":[4.30190868,3.641607],"bridge_ohm":[0.698976374,0.519949734],"omega_rad_s":[1.72760957,38.4311568],"current_a":[-0.126008449,0.182254862],"torque_nm":[-0.00962989699,0.00185218629],"applied_pwm":[-0.0654613897,0.533678114],"over_1_2a_samples":73,"over_3_2a_samples":0}
[rival] fin de asalto motor={"battery_v":7.5674217,"resistance_ohm":[3.81154442,3.72231936],"bridge_ohm":[0.606800556,0.671466458],"omega_rad_s":[-15.1900237,-48.3728136],"current_a":[-1.37747181,-0.375335909],"torque_nm":[-0.0613910109,-0.0121304907],"applied_pwm":[-1,-0.700000048],"over_1_2a_samples":143,"over_3_2a_samples":0}
[rival] t=    0 ms  WAIT         rival=si d=  82 mm rumbo=-4503 cdeg  linea=0x0
[planta] gelatina ciclo=10 rueda=0 V=7.68007473 R=4.15277009 Rpuente=0.658638716 I0=0.195373553 Ke=0.074630988 Kt=0.0483794733
[planta] gelatina ciclo=10 rueda=1 V=7.68007473 R=3.60931435 Rpuente=0.540965879 I0=0.214414859 Ke=0.0707102202 Kt=0.0483794733
[sensores] gelatina ToF alcance=1673.6261 minimo=46.0332131 sigma_rel=0.0772894335
[gelatina] pulsador recibido: permiso previsto 56008 ms
[planta] rival ciclo=10 rueda=0 V=7.05552305 R=3.81149516 Rpuente=0.69326303 I0=0.0777789295 Ke=0.0794629481 Kt=0.0483794733
[planta] rival ciclo=10 rueda=1 V=7.05552305 R=4.06926346 Rpuente=0.545976555 I0=0.21167028 Ke=0.0728582793 Kt=0.0483794733
[sensores] rival ToF alcance=1193.1313 minimo=34.9402601 sigma_rel=0.0501820707
[rival] pulsador recibido: permiso previsto 56008 ms
[arranque] pulsador=51008 permiso=56008 ms
[gelatina] permiso de arranque a los 56008 ms
[rival] permiso de arranque a los 56008 ms
[rival] t=    0 ms  OPENING      rival=no d=9999 mm rumbo=-4503 cdeg  linea=0x0
WARNING: Contact joints between materials 'patin' and 'dohyo' will only be created for the 10 deepest contact points instead of all the 30 contact points.
[rival] t=  376 ms  EDGE_ESCAPE  rival=no d=9999 mm rumbo=-4503 cdeg  linea=0x3
[arbitro] asalto  9/30  espalda  rival fuera     +1   0.45 s
[inercia] asalto=9 robot=GELATINA rueda=0 rotor=1.93642069e-05
[inercia] asalto=9 robot=GELATINA rueda=1 rotor=1.02621617e-05
[inercia] asalto=9 robot=RIVAL rueda=0 rotor=1.83291403e-05
[inercia] asalto=9 robot=RIVAL rueda=1 rotor=1.2540775e-05
[planta] asalto=9 mu=1.43153319 slip=5.18010855e-05 aleatorio=1
WARNING: DEF RIVAL GelatinaNuclear > HingeJoint "rueda_izq" > Solid "rueda_izq": Webots has detected that this solid is light and oblong according to its inertia matrix. This belongs in the physics edge cases, and can imply weird physical results. Increasing the weight of the object or reducing its eccentricity are recommended.
[gelatina] fin de asalto motor={"battery_v":7.68007473,"resistance_ohm":[4.15277009,3.60931435],"bridge_ohm":[0.658638716,0.540965879],"omega_rad_s":[3.27523729,-77.2353872],"current_a":[0.174141121,-0.352472654],"torque_nm":[-0.00100023016,-0.00667916342],"applied_pwm":[0.140922889,-0.901578665],"over_1_2a_samples":82,"over_3_2a_samples":0}
[rival] fin de asalto motor={"battery_v":7.05552305,"resistance_ohm":[3.81149516,4.06926346],"bridge_ohm":[0.69326303,0.545976555],"omega_rad_s":[-20.948416,-54.6058687],"current_a":[-0.726841139,-0.666711461],"torque_nm":[-0.0314012879,-0.0220146527],"applied_pwm":[-0.700000048,-1],"over_1_2a_samples":148,"over_3_2a_samples":0}
[rival] t=    0 ms  WAIT         rival=si d=  30 mm rumbo=   +8 cdeg  linea=0x0
[planta] gelatina ciclo=11 rueda=0 V=7.71389326 R=3.71337938 Rpuente=0.670534432 I0=0.140732753 Ke=0.0753222627 Kt=0.0483794733
[planta] gelatina ciclo=11 rueda=1 V=7.71389326 R=4.38434691 Rpuente=0.617152393 I0=0.185167623 Ke=0.0921916795 Kt=0.0483794733
[sensores] gelatina ToF alcance=1624.35977 minimo=22.0166779 sigma_rel=0.114605503
[gelatina] pulsador recibido: permiso previsto 61768 ms
[planta] rival ciclo=11 rueda=0 V=8.34476242 R=4.18496747 Rpuente=0.605813777 I0=0.177209732 Ke=0.0724899875 Kt=0.0483794733
[planta] rival ciclo=11 rueda=1 V=8.34476242 R=4.35398736 Rpuente=0.664154279 I0=0.198033249 Ke=0.0690945462 Kt=0.0483794733
[sensores] rival ToF alcance=931.619328 minimo=35.9328008 sigma_rel=0.076755271
[rival] pulsador recibido: permiso previsto 61768 ms
[arranque] pulsador=56768 permiso=61768 ms
[gelatina] permiso de arranque a los 61768 ms
[rival] permiso de arranque a los 61768 ms
[rival] t=    0 ms  TRACK        rival=si d=  64 mm rumbo=-1472 cdeg  linea=0x0
[rival] t=    8 ms  ATTACK       rival=si d=  64 mm rumbo=-1472 cdeg  linea=0x0
WARNING: Contact joints between materials 'patin' and 'dohyo' will only be created for the 10 deepest contact points instead of all the 53 contact points.
[rival] t=  448 ms  SEARCH       rival=no d=9999 mm rumbo=-3000 cdeg  linea=0x0
[rival] t=  520 ms  TRACK        rival=si d=  35 mm rumbo=   +0 cdeg  linea=0x0
[rival] t=  528 ms  ATTACK       rival=si d=  35 mm rumbo=   +0 cdeg  linea=0x0
[rival] t=  832 ms  EDGE_ESCAPE  rival=si d= 101 mm rumbo=+6000 cdeg  linea=0x2
[rival] t=  920 ms  ATTACK       rival=si d=  58 mm rumbo=+1502 cdeg  linea=0x2
[rival] t= 1016 ms  EDGE_ESCAPE  rival=si d=  79 mm rumbo=-3000 cdeg  linea=0x8
WARNING: DEF RIVAL GelatinaNuclear > HingeJoint "rueda_izq" > RotationalMotor "motor_izq": The requested motor torque -0.338125 exceeds 'maxTorque' = 0.25
WARNING: Contact joints between materials 'patin' and 'dohyo' will only be created for the 10 deepest contact points instead of all the 14 contact points.
[arbitro] asalto 10/30  frente   rival fuera     +1   1.22 s
[inercia] asalto=10 robot=GELATINA rueda=0 rotor=1.29774204e-05
[inercia] asalto=10 robot=GELATINA rueda=1 rotor=2.5496477e-05
[inercia] asalto=10 robot=RIVAL rueda=0 rotor=3.04455067e-05
[inercia] asalto=10 robot=RIVAL rueda=1 rotor=3.42000178e-05
[planta] asalto=10 mu=1.40963463 slip=0.000815753222 aleatorio=1
[gelatina] fin de asalto motor={"battery_v":7.71389326,"resistance_ohm":[3.71337938,4.38434691],"bridge_ohm":[0.670534432,0.617152393],"omega_rad_s":[55.7737297,-31.8790812],"current_a":[0.800083251,-0.0194337037],"torque_nm":[0.0318990298,0.00801811971],"applied_pwm":[0.999300778,-0.393599391],"over_1_2a_samples":93,"over_3_2a_samples":0}
[rival] fin de asalto motor={"battery_v":8.34476242,"resistance_ohm":[4.18496747,4.35398736],"bridge_ohm":[0.605813777,0.664154279],"omega_rad_s":[14.7138855,105.127441],"current_a":[0.996648453,0.215424291],"torque_nm":[0.0396440138,0.000841369437],"applied_pwm":[0.700000048,1],"over_1_2a_samples":208,"over_3_2a_samples":1}
[rival] t=    0 ms  WAIT         rival=si d= 148 mm rumbo=+3000 cdeg  linea=0x4
[planta] gelatina ciclo=12 rueda=0 V=7.74988215 R=4.36424079 Rpuente=0.630196774 I0=0.108301771 Ke=0.0827230054 Kt=0.0483794733
[planta] gelatina ciclo=12 rueda=1 V=7.74988215 R=4.35205426 Rpuente=0.638168538 I0=0.105612168 Ke=0.0829160018 Kt=0.0483794733
[sensores] gelatina ToF alcance=1454.77189 minimo=22.2182548 sigma_rel=0.064986105
[gelatina] pulsador recibido: permiso previsto 68304 ms
[planta] rival ciclo=12 rueda=0 V=7.47017006 R=3.82745032 Rpuente=0.542386186 I0=0.168449083 Ke=0.0899085413 Kt=0.0483794733
[planta] rival ciclo=12 rueda=1 V=7.47017006 R=3.74680791 Rpuente=0.525278199 I0=0.106690541 Ke=0.0706816333 Kt=0.0483794733
[sensores] rival ToF alcance=1421.78903 minimo=43.077755 sigma_rel=0.0661555958
[rival] pulsador recibido: permiso previsto 68304 ms
[arranque] pulsador=63304 permiso=68304 ms
[gelatina] permiso de arranque a los 68304 ms
[rival] permiso de arranque a los 68304 ms
[rival] t=    0 ms  OPENING      rival=no d=9999 mm rumbo=+3000 cdeg  linea=0x0
WARNING: Contact joints between materials 'patin' and 'dohyo' will only be created for the 10 deepest contact points instead of all the 14 contact points.
[rival] t=  424 ms  EDGE_ESCAPE  rival=no d=9999 mm rumbo=+3000 cdeg  linea=0x2
[arbitro] asalto 11/30  lado     rival fuera     +1   0.50 s
[inercia] asalto=11 robot=GELATINA rueda=0 rotor=3.59326755e-05
[inercia] asalto=11 robot=GELATINA rueda=1 rotor=3.07028105e-05
[inercia] asalto=11 robot=RIVAL rueda=0 rotor=2.12941518e-05
[inercia] asalto=11 robot=RIVAL rueda=1 rotor=1.95678381e-05
[planta] asalto=11 mu=0.611160374 slip=6.14310503e-05 aleatorio=1
WARNING: DEF RIVAL GelatinaNuclear > HingeJoint "rueda_der" > Solid "rueda_der": Webots has detected that this solid is light and oblong according to its inertia matrix. This belongs in the physics edge cases, and can imply weird physical results. Increasing the weight of the object or reducing its eccentricity are recommended.
[gelatina] fin de asalto motor={"battery_v":7.74988215,"resistance_ohm":[4.36424079,4.35205426],"bridge_ohm":[0.630196774,0.638168538],"omega_rad_s":[2.83742174,-44.3214772],"current_a":[1.37961359,-0.503125914],"torque_nm":[0.0615412293,-0.0192315057],"applied_pwm":[0.919383526,-0.798163116],"over_1_2a_samples":100,"over_3_2a_samples":0}
[rival] fin de asalto motor={"battery_v":7.47017006,"resistance_ohm":[3.82745032,3.74680791],"bridge_ohm":[0.542386186,0.525278199],"omega_rad_s":[6.66771398,-9.45599119],"current_a":[-1.84667195,-1.06757083],"torque_nm":[-0.0974904678,-0.0464868822],"applied_pwm":[-1,-0.700000048],"over_1_2a_samples":220,"over_3_2a_samples":1}
[rival] t=    0 ms  WAIT         rival=si d=  74 mm rumbo= +883 cdeg  linea=0x0
[planta] gelatina ciclo=13 rueda=0 V=7.78370068 R=3.92485013 Rpuente=0.642092502 I0=0.203660962 Ke=0.0742814305 Kt=0.0483794733
[planta] gelatina ciclo=13 rueda=1 V=7.78370068 R=4.32708683 Rpuente=0.514355052 I0=0.0763649404 Ke=0.0741961264 Kt=0.0483794733
[sensores] gelatina ToF alcance=1405.5055 minimo=28.2017177 sigma_rel=0.102302175
[gelatina] pulsador recibido: permiso previsto 74112 ms
[planta] rival ciclo=13 rueda=0 V=7.35940934 R=4.20092268 Rpuente=0.654936934 I0=0.117879885 Ke=0.0912495989 Kt=0.0483794733
[planta] rival ciclo=13 rueda=1 V=7.35940934 R=4.03153186 Rpuente=0.643455923 I0=0.0930535108 Ke=0.100742583 Kt=0.0483794733
[sensores] rival ToF alcance=1160.27706 minimo=44.0702975 sigma_rel=0.092728796
[rival] pulsador recibido: permiso previsto 74112 ms
[arranque] pulsador=69112 permiso=74112 ms
[gelatina] permiso de arranque a los 74112 ms
[rival] permiso de arranque a los 74112 ms
[rival] t=    0 ms  OPENING      rival=no d=9999 mm rumbo=-3000 cdeg  linea=0x0
WARNING: Contact joints between materials 'patin' and 'dohyo' will only be created for the 10 deepest contact points instead of all the 30 contact points.
[rival] t=  400 ms  EDGE_ESCAPE  rival=no d=9999 mm rumbo=-3000 cdeg  linea=0x1
[arbitro] asalto 12/30  espalda  rival fuera     +1   0.46 s
[inercia] asalto=12 robot=GELATINA rueda=0 rotor=2.88082981e-05
[inercia] asalto=12 robot=GELATINA rueda=1 rotor=2.21846125e-05
[inercia] asalto=12 robot=RIVAL rueda=0 rotor=2.02228593e-05
[inercia] asalto=12 robot=RIVAL rueda=1 rotor=1.29426815e-05
[planta] asalto=12 mu=1.27170733 slip=0.00193049967 aleatorio=1
WARNING: DEF GELATINA GelatinaNuclear > HingeJoint "rueda_izq" > Solid "rueda_izq": Webots has detected that this solid is light and oblong according to its inertia matrix. This belongs in the physics edge cases, and can imply weird physical results. Increasing the weight of the object or reducing its eccentricity are recommended.
WARNING: DEF GELATINA GelatinaNuclear > HingeJoint "rueda_der" > Solid "rueda_der": Webots has detected that this solid is light and oblong according to its inertia matrix. This belongs in the physics edge cases, and can imply weird physical results. Increasing the weight of the object or reducing its eccentricity are recommended.
[gelatina] fin de asalto motor={"battery_v":7.78370068,"resistance_ohm":[3.92485013,4.32708683],"bridge_ohm":[0.642092502,0.514355052],"omega_rad_s":[-58.2532815,-60.3684347],"current_a":[-0.245493759,-0.384784283],"torque_nm":[-0.00202384869,-0.0149211653],"applied_pwm":[-0.699961782,-0.814781427],"over_1_2a_samples":106,"over_3_2a_samples":0}
[rival] fin de asalto motor={"battery_v":7.35940934,"resistance_ohm":[4.20092268,4.03153186],"bridge_ohm":[0.654936934,0.643455923],"omega_rad_s":[-25.9374956,-31.2183393],"current_a":[-0.57349286,-0.901476743],"torque_nm":[-0.0220423158,-0.0391110902],"applied_pwm":[-0.700000048,-0.99999994],"over_1_2a_samples":226,"over_3_2a_samples":1}
[rival] t=    0 ms  WAIT         rival=si d= 362 mm rumbo=+1827 cdeg  linea=0x0
[planta] gelatina ciclo=14 rueda=0 V=7.81968949 R=3.77571149 Rpuente=0.601754832 I0=0.171229979 Ke=0.0835035964 Kt=0.0483794733
[planta] gelatina ciclo=14 rueda=1 V=7.81968949 R=4.29479418 Rpuente=0.535371196 I0=0.146809486 Ke=0.0898969561 Kt=0.0483794733
[sensores] gelatina ToF alcance=1235.91762 minimo=28.4032965 sigma_rel=0.0526827812
[gelatina] pulsador recibido: permiso previsto 79888 ms
[planta] rival ciclo=14 rueda=0 V=7.06243634 R=4.2253078 Rpuente=0.678492641 I0=0.166264021 Ke=0.0672468628 Kt=0.0483794733
[planta] rival ciclo=14 rueda=1 V=7.06243634 R=3.72538314 Rpuente=0.599042988 I0=0.217331082 Ke=0.0752747108 Kt=0.0483794733
[sensores] rival ToF alcance=1359.72791 minimo=31.8657815 sigma_rel=0.0640428019
[rival] pulsador recibido: permiso previsto 79888 ms
[arranque] pulsador=74888 permiso=79888 ms
[gelatina] permiso de arranque a los 79888 ms
[rival] permiso de arranque a los 79888 ms
[rival] t=    0 ms  TRACK        rival=si d=  85 mm rumbo=   +0 cdeg  linea=0x0
[rival] t=    8 ms  ATTACK       rival=si d=  85 mm rumbo=   +0 cdeg  linea=0x0
WARNING: Contact joints between materials 'patin' and 'dohyo' will only be created for the 10 deepest contact points instead of all the 105 contact points.
[rival] t=  680 ms  SEARCH       rival=no d=9999 mm rumbo=-3000 cdeg  linea=0x0
[rival] t=  752 ms  TRACK        rival=si d=  43 mm rumbo=   +0 cdeg  linea=0x0
[rival] t=  760 ms  ATTACK       rival=si d=  43 mm rumbo=   +0 cdeg  linea=0x0
[arbitro] asalto 13/30  frente   expulsado       -1   0.87 s
[inercia] asalto=13 robot=GELATINA rueda=0 rotor=2.61794023e-05
[inercia] asalto=13 robot=GELATINA rueda=1 rotor=2.46104581e-05
[inercia] asalto=13 robot=RIVAL rueda=0 rotor=2.3552737e-05
[inercia] asalto=13 robot=RIVAL rueda=1 rotor=1.04106477e-05
[planta] asalto=13 mu=1.50209305 slip=0.0014939425 aleatorio=1
[gelatina] fin de asalto motor={"battery_v":7.81968949,"resistance_ohm":[3.77571149,4.29479418],"bridge_ohm":[0.601754832,0.535371196],"omega_rad_s":[-20.8359246,1.57836703],"current_a":[0.027803054,-0.326562092],"torque_nm":[0.00962911333,-0.0223215182],"applied_pwm":[-0.206935033,-0.183569759],"over_1_2a_samples":109,"over_3_2a_samples":0}
[rival] fin de asalto motor={"battery_v":7.06243634,"resistance_ohm":[4.2253078,3.72538314],"bridge_ohm":[0.678492641,0.599042988],"omega_rad_s":[32.6626414,38.6612],"current_a":[0.128168797,0.960179587],"torque_nm":[-0.0018430269,0.0359386195],"applied_pwm":[0.399999976,1],"over_1_2a_samples":242,"over_3_2a_samples":1}
[rival] t=    0 ms  WAIT         rival=no d=9999 mm rumbo=+6000 cdeg  linea=0x0
[planta] gelatina ciclo=15 rueda=0 V=7.8535081 R=4.13632083 Rpuente=0.61365056 I0=0.11658918 Ke=0.0819797387 Kt=0.0483794733
[planta] gelatina ciclo=15 rueda=1 V=7.8535081 R=4.26982679 Rpuente=0.61155771 I0=0.117562258 Ke=0.0793098335 Kt=0.0483794733
[sensores] gelatina ToF alcance=1186.6513 minimo=34.3867594 sigma_rel=0.0899988461
[gelatina] pulsador recibido: permiso previsto 86072 ms
[planta] rival ciclo=15 rueda=0 V=7.79608055 R=3.89425573 Rpuente=0.562789214 I0=0.12998102 Ke=0.0820266753 Kt=0.0483794733
[planta] rival ciclo=15 rueda=1 V=7.79608055 R=4.28536472 Rpuente=0.640836501 I0=0.182599112 Ke=0.0697131144 Kt=0.0483794733
[sensores] rival ToF alcance=700.536126 minimo=43.0209565 sigma_rel=0.106094422
[rival] pulsador recibido: permiso previsto 86072 ms
[arranque] pulsador=81072 permiso=86072 ms
[gelatina] permiso de arranque a los 86072 ms
[rival] permiso de arranque a los 86072 ms
[rival] t=    0 ms  OPENING      rival=no d=9999 mm rumbo=+6000 cdeg  linea=0x0
WARNING: Contact joints between materials 'patin' and 'dohyo' will only be created for the 10 deepest contact points instead of all the 26 contact points.
[rival] t=   96 ms  TRACK        rival=si d=  91 mm rumbo=-6000 cdeg  linea=0x0
[rival] t=  104 ms  ATTACK       rival=si d=  91 mm rumbo=-6000 cdeg  linea=0x0
[rival] t=  552 ms  SEARCH       rival=no d=9999 mm rumbo=-6000 cdeg  linea=0x0
WARNING: Contact joints between materials 'patin' and 'dohyo' will only be created for the 10 deepest contact points instead of all the 24 contact points.
[rival] t= 1120 ms  TRACK        rival=si d=  45 mm rumbo=+3007 cdeg  linea=0x0
[rival] t= 1128 ms  ATTACK       rival=si d=  45 mm rumbo=+3007 cdeg  linea=0x0
[rival] t= 1464 ms  EDGE_ESCAPE  rival=si d=  39 mm rumbo=   +0 cdeg  linea=0x2
[arbitro] asalto 14/30  lado     expulsado       -1   1.47 s
[inercia] asalto=14 robot=GELATINA rueda=0 rotor=3.45519821e-05
[inercia] asalto=14 robot=GELATINA rueda=1 rotor=1.80819447e-05
[inercia] asalto=14 robot=RIVAL rueda=0 rotor=2.99833326e-05
[inercia] asalto=14 robot=RIVAL rueda=1 rotor=1.6403885e-05
[planta] asalto=14 mu=1.02143929 slip=0.00112669098 aleatorio=1
[gelatina] fin de asalto motor={"battery_v":7.8535081,"resistance_ohm":[4.13632083,4.26982679],"bridge_ohm":[0.61365056,0.61155771],"omega_rad_s":[39.207154,-47.313185],"current_a":[-0.474869208,-0.674384718],"torque_nm":[-0.0286144453,-0.0269387774],"applied_pwm":[0.122057185,-0.896966279],"over_1_2a_samples":138,"over_3_2a_samples":0}
[rival] fin de asalto motor={"battery_v":7.79608055,"resistance_ohm":[3.89425573,4.28536472],"bridge_ohm":[0.562789214,0.640836501],"omega_rad_s":[64.1391171,43.7319564],"current_a":[-0.13090961,0.330672168],"torque_nm":[-0.0126217513,0.00716369647],"applied_pwm":[0.600000024,0.600000024],"over_1_2a_samples":282,"over_3_2a_samples":1}
[rival] t=    0 ms  WAIT         rival=no d=9999 mm rumbo=   +0 cdeg  linea=0x2
[planta] gelatina ciclo=16 rueda=0 V=7.88949691 R=3.98718219 Rpuente=0.573312902 I0=0.084158197 Ke=0.0922485782 Kt=0.0483794733
[planta] gelatina ciclo=16 rueda=1 V=7.88949691 R=4.23753414 Rpuente=0.632573855 I0=0.188006803 Ke=0.0651499959 Kt=0.0483794733
[sensores] gelatina ToF alcance=1017.06342 minimo=34.5883363 sigma_rel=0.0403794527
[gelatina] pulsador recibido: permiso previsto 92856 ms
[planta] rival ciclo=16 rueda=0 V=7.74781677 R=3.87866006 Rpuente=0.517816639 I0=0.143965557 Ke=0.0764131643 Kt=0.0483794733
[planta] rival ciclo=16 rueda=1 V=7.74781677 R=3.68229089 Rpuente=0.565757143 I0=0.131612831 Ke=0.0819868945 Kt=0.0483794733
[sensores] rival ToF alcance=1355.56148 minimo=42.1142519 sigma_rel=0.0523576927
[rival] pulsador recibido: permiso previsto 92856 ms
[arranque] pulsador=87856 permiso=92856 ms
[gelatina] permiso de arranque a los 92856 ms
[rival] permiso de arranque a los 92856 ms
[rival] t=    0 ms  OPENING      rival=no d=9999 mm rumbo=   +0 cdeg  linea=0x0
WARNING: Contact joints between materials 'patin' and 'dohyo' will only be created for the 10 deepest contact points instead of all the 26 contact points.
[rival] t=  360 ms  EDGE_ESCAPE  rival=no d=9999 mm rumbo=   +0 cdeg  linea=0x2
[arbitro] asalto 15/30  espalda  rival fuera     +1   0.43 s
[inercia] asalto=15 robot=GELATINA rueda=0 rotor=2.06654978e-05
[inercia] asalto=15 robot=GELATINA rueda=1 rotor=2.06563488e-05
[inercia] asalto=15 robot=RIVAL rueda=0 rotor=1.85423936e-05
[inercia] asalto=15 robot=RIVAL rueda=1 rotor=9.56614619e-06
[planta] asalto=15 mu=1.51105968 slip=0.00188252878 aleatorio=1
WARNING: DEF GELATINA GelatinaNuclear > HingeJoint "rueda_izq" > Solid "rueda_izq": Webots has detected that this solid is light and oblong according to its inertia matrix. This belongs in the physics edge cases, and can imply weird physical results. Increasing the weight of the object or reducing its eccentricity are recommended.
[gelatina] fin de asalto motor={"battery_v":7.88949691,"resistance_ohm":[3.98718219,4.23753414],"bridge_ohm":[0.573312902,0.632573855],"omega_rad_s":[-5.71873652,-62.7498348],"current_a":[1.74962353,-0.482170219],"torque_nm":[0.0887173063,-0.0142314711],"applied_pwm":[0.944496751,-0.81581533],"over_1_2a_samples":148,"over_3_2a_samples":0}
[rival] fin de asalto motor={"battery_v":7.74781677,"resistance_ohm":[3.87866006,3.68229089],"bridge_ohm":[0.517816639,0.565757143],"omega_rad_s":[-17.9091074,-30.27957],"current_a":[-1.45100853,-0.692304836],"torque_nm":[-0.0632340507,-0.0271259839],"applied_pwm":[-1,-0.700000048],"over_1_2a_samples":291,"over_3_2a_samples":1}
[rival] t=    0 ms  WAIT         rival=si d=  64 mm rumbo= +160 cdeg  linea=0x0
[planta] gelatina ciclo=17 rueda=0 V=7.92331553 R=4.34779153 Rpuente=0.585208619 I0=0.179517388 Ke=0.0807976665 Kt=0.0483794733
[planta] gelatina ciclo=17 rueda=1 V=7.92331553 R=4.21256671 Rpuente=0.508760369 I0=0.158759567 Ke=0.085664474 Kt=0.0483794733
[sensores] gelatina ToF alcance=967.797095 minimo=40.5717993 sigma_rel=0.0776955175
[gelatina] pulsador recibido: permiso previsto 98600 ms
[planta] rival ciclo=17 rueda=0 V=7.29594277 R=3.91814804 Rpuente=0.694918168 I0=0.0852664769 Ke=0.0773898613 Kt=0.0483794733
[planta] rival ciclo=17 rueda=1 V=7.29594277 R=4.23928041 Rpuente=0.518798161 I0=0.120392793 Ke=0.0784267202 Kt=0.0483794733
[sensores] rival ToF alcance=1742.14522 minimo=20.0355053 sigma_rel=0.0591262054
[rival] pulsador recibido: permiso previsto 98600 ms
[arranque] pulsador=93600 permiso=98600 ms
[gelatina] permiso de arranque a los 98600 ms
[rival] permiso de arranque a los 98600 ms
[rival] t=    0 ms  TRACK        rival=si d=  76 mm rumbo=   +0 cdeg  linea=0x0
[rival] t=    7 ms  ATTACK       rival=si d=  76 mm rumbo=   +0 cdeg  linea=0x0
WARNING: Contact joints between materials 'rueda' and 'dohyo' will only be created for the 10 deepest contact points instead of all the 11 contact points.
[rival] t=  711 ms  EDGE_ESCAPE  rival=si d=  28 mm rumbo=+3000 cdeg  linea=0x2
[arbitro] asalto 16/30  frente   expulsado       -1   0.71 s
[inercia] asalto=16 robot=GELATINA rueda=0 rotor=2.09316995e-05
[inercia] asalto=16 robot=GELATINA rueda=1 rotor=2.24916315e-05
[inercia] asalto=16 robot=RIVAL rueda=0 rotor=3.16966429e-05
[inercia] asalto=16 robot=RIVAL rueda=1 rotor=1.66253652e-05
[planta] asalto=16 mu=1.26236883 slip=0.00149793386 aleatorio=1
[gelatina] fin de asalto motor={"battery_v":7.92331553,"resistance_ohm":[4.34779153,4.21256671],"bridge_ohm":[0.585208619,0.508760369],"omega_rad_s":[24.7749293,0.701731422],"current_a":[1.11842264,-0.769896726],"torque_nm":[0.0454237416,-0.0418976005],"applied_pwm":[0.948963284,-0.451177388],"over_1_2a_samples":155,"over_3_2a_samples":0}
[rival] fin de asalto motor={"battery_v":7.29594277,"resistance_ohm":[3.91814804,4.23928041],"bridge_ohm":[0.694918168,0.518798161],"omega_rad_s":[35.3921245,29.4207044],"current_a":[0.0338711164,0.741766848],"torque_nm":[-0.00248648047,0.0300617495],"applied_pwm":[0.396828949,0.800000012],"over_1_2a_samples":303,"over_3_2a_samples":1}
[rival] t=    0 ms  WAIT         rival=si d=  26 mm rumbo=-6000 cdeg  linea=0x2
[planta] gelatina ciclo=18 rueda=0 V=7.95930433 R=4.19865294 Rpuente=0.544870961 I0=0.147086406 Ke=0.0916978946 Kt=0.0483794733
[planta] gelatina ciclo=18 rueda=1 V=7.95930433 R=4.18027406 Rpuente=0.529776514 I0=0.0792041212 Ke=0.0778942518 Kt=0.0483794733
[sensores] gelatina ToF alcance=798.209214 minimo=40.773378 sigma_rel=0.108076124
[gelatina] pulsador recibido: permiso previsto 104624 ms
[planta] rival ciclo=18 rueda=0 V=7.81246369 R=3.69461522 Rpuente=0.516939795 I0=0.197135711 Ke=0.0663764302 Kt=0.0483794733
[planta] rival ciclo=18 rueda=1 V=7.81246369 R=3.95983534 Rpuente=0.695058787 I0=0.139133093 Ke=0.0787810917 Kt=0.0483794733
[sensores] rival ToF alcance=1259.21922 minimo=42.7517486 sigma_rel=0.0483312178
[rival] pulsador recibido: permiso previsto 104624 ms
[arranque] pulsador=99624 permiso=104624 ms
[gelatina] permiso de arranque a los 104624 ms
[rival] permiso de arranque a los 104624 ms
[rival] t=    0 ms  OPENING      rival=no d=9999 mm rumbo=-6000 cdeg  linea=0x0
WARNING: Contact joints between materials 'patin' and 'dohyo' will only be created for the 10 deepest contact points instead of all the 18 contact points.
[rival] t=  416 ms  EDGE_ESCAPE  rival=no d=9999 mm rumbo=-6000 cdeg  linea=0x1
[arbitro] asalto 17/30  lado     rival fuera     +1   0.50 s
[inercia] asalto=17 robot=GELATINA rueda=0 rotor=2.68466882e-05
[inercia] asalto=17 robot=GELATINA rueda=1 rotor=1.11827908e-05
[inercia] asalto=17 robot=RIVAL rueda=0 rotor=1.69576362e-05
[inercia] asalto=17 robot=RIVAL rueda=1 rotor=1.48041093e-05
[planta] asalto=17 mu=0.6016011 slip=0.000702346206 aleatorio=1
WARNING: DEF RIVAL GelatinaNuclear > HingeJoint "rueda_izq" > Solid "rueda_izq": Webots has detected that this solid is light and oblong according to its inertia matrix. This belongs in the physics edge cases, and can imply weird physical results. Increasing the weight of the object or reducing its eccentricity are recommended.
[gelatina] fin de asalto motor={"battery_v":7.95930433,"resistance_ohm":[4.19865294,4.18027406],"bridge_ohm":[0.544870961,0.529776514],"omega_rad_s":[61.0251916,31.9989891],"current_a":[0.332967185,-0.0673542564],"torque_nm":[0.00899281423,-0.00709041712],"applied_pwm":[0.901500821,0.273302197],"over_1_2a_samples":158,"over_3_2a_samples":0}
[rival] fin de asalto motor={"battery_v":7.81246369,"resistance_ohm":[3.69461522,3.95983534],"bridge_ohm":[0.516939795,0.695058787],"omega_rad_s":[-26.5095485,-16.6260389],"current_a":[-0.880699824,-1.39694825],"torque_nm":[-0.0330704718,-0.0608524348],"applied_pwm":[-0.700000048,-1],"over_1_2a_samples":317,"over_3_2a_samples":1}
[rival] t=    0 ms  WAIT         rival=si d=  68 mm rumbo=-4381 cdeg  linea=0x0
[planta] gelatina ciclo=19 rueda=0 V=7.99312286 R=3.75926223 Rpuente=0.556766689 I0=0.092445606 Ke=0.0913266611 Kt=0.0483794733
[planta] gelatina ciclo=19 rueda=1 V=7.99312286 R=4.15530663 Rpuente=0.605963027 I0=0.199956885 Ke=0.0937386803 Kt=0.0483794733
[sensores] gelatina ToF alcance=748.942816 minimo=46.7568409 sigma_rel=0.0653921938
[gelatina] pulsador recibido: permiso previsto 110440 ms
[planta] rival ciclo=19 rueda=0 V=7.5843847 R=3.91543999 Rpuente=0.586867845 I0=0.195023435 Ke=0.0806786317 Kt=0.0483794733
[planta] rival ciclo=19 rueda=1 V=7.5843847 R=4.33976283 Rpuente=0.592389929 I0=0.0760527223 Ke=0.0980154323 Kt=0.0483794733
[sensores] rival ToF alcance=1366.31159 minimo=24.62511 sigma_rel=0.0926982117
[rival] pulsador recibido: permiso previsto 110440 ms
[arranque] pulsador=105440 permiso=110440 ms
[gelatina] permiso de arranque a los 110440 ms
[rival] permiso de arranque a los 110440 ms
[rival] t=    0 ms  OPENING      rival=no d=9999 mm rumbo=-4381 cdeg  linea=0x0
WARNING: Contact joints between materials 'patin' and 'dohyo' will only be created for the 10 deepest contact points instead of all the 30 contact points.
[rival] t=  416 ms  EDGE_ESCAPE  rival=no d=9999 mm rumbo=-4381 cdeg  linea=0x1
[rival] t=  488 ms  ATTACK       rival=si d=  53 mm rumbo= +285 cdeg  linea=0x4
[arbitro] asalto 18/30  espalda  rival fuera     +1   0.50 s
[inercia] asalto=18 robot=GELATINA rueda=0 rotor=2.25404198e-05
[inercia] asalto=18 robot=GELATINA rueda=1 rotor=2.56114295e-05
[inercia] asalto=18 robot=RIVAL rueda=0 rotor=2.46049333e-05
[inercia] asalto=18 robot=RIVAL rueda=1 rotor=3.5543922e-05
[planta] asalto=18 mu=0.844635224 slip=0.00154555714 aleatorio=1
[gelatina] fin de asalto motor={"battery_v":7.99312286,"resistance_ohm":[3.75926223,4.15530663],"bridge_ohm":[0.556766689,0.605963027],"omega_rad_s":[17.9159867,-36.6668815],"current_a":[-0.947290155,-0.787427648],"torque_nm":[-0.0503018685,-0.0284215261],"applied_pwm":[-0.306804299,-0.899055421],"over_1_2a_samples":167,"over_3_2a_samples":0}
[rival] fin de asalto motor={"battery_v":7.5843847,"resistance_ohm":[3.91543999,4.33976283],"bridge_ohm":[0.586867845,0.592389929],"omega_rad_s":[-24.878557,-29.8612665],"current_a":[0.277353081,-0.0216718266],"torque_nm":[0.0228533271,0.0026309191],"applied_pwm":[-0.100000069,-0.399999976],"over_1_2a_samples":319,"over_3_2a_samples":1}
[rival] t=    0 ms  WAIT         rival=si d=  80 mm rumbo=-1284 cdeg  linea=0x0
[planta] gelatina ciclo=20 rueda=0 V=8.02911175 R=3.61012363 Rpuente=0.516429031 I0=0.210014623 Ke=0.0936193282 Kt=0.0483794733
[planta] gelatina ciclo=20 rueda=1 V=8.02911175 R=4.12301402 Rpuente=0.626979172 I0=0.12040143 Ke=0.0837847377 Kt=0.0483794733
[sensores] gelatina ToF alcance=1879.35494 minimo=46.9584197 sigma_rel=0.0957727957
[gelatina] pulsador recibido: permiso previsto 116256 ms
[planta] rival ciclo=20 rueda=0 V=7.18980441 R=4.06803827 Rpuente=0.515953016 I0=0.11582112 Ke=0.0819734825 Kt=0.0483794733
[planta] rival ciclo=20 rueda=1 V=7.18980441 R=3.79150333 Rpuente=0.687746608 I0=0.212566745 Ke=0.0740779743 Kt=0.0483794733
[sensores] rival ToF alcance=1307.80552 minimo=44.8006952 sigma_rel=0.0580336189
[rival] pulsador recibido: permiso previsto 116256 ms
[arranque] pulsador=111256 permiso=116256 ms
[gelatina] permiso de arranque a los 116256 ms
[rival] permiso de arranque a los 116256 ms
[rival] t=    0 ms  TRACK        rival=si d=  72 mm rumbo=+1462 cdeg  linea=0x0
[rival] t=    8 ms  ATTACK       rival=si d=  72 mm rumbo=+1462 cdeg  linea=0x0
WARNING: Contact joints between materials 'patin' and 'dohyo' will only be created for the 10 deepest contact points instead of all the 12 contact points.
WARNING: DEF RIVAL GelatinaNuclear > HingeJoint "rueda_izq" > RotationalMotor "motor_izq": The requested motor torque -1.0945 exceeds 'maxTorque' = 0.25
WARNING: DEF RIVAL GelatinaNuclear > HingeJoint "rueda_izq" > RotationalMotor "motor_izq": The requested motor torque 0.366627 exceeds 'maxTorque' = 0.25
[rival] t=  648 ms  SEARCH       rival=no d=9999 mm rumbo=+2670 cdeg  linea=0x0
[rival] t=  784 ms  EDGE_ESCAPE  rival=no d=9999 mm rumbo=+2670 cdeg  linea=0x2
[arbitro] asalto 19/30  frente   expulsado       -1   0.78 s
[inercia] asalto=19 robot=GELATINA rueda=0 rotor=3.56502855e-05
[inercia] asalto=19 robot=GELATINA rueda=1 rotor=2.84224543e-05
[inercia] asalto=19 robot=RIVAL rueda=0 rotor=2.59446371e-05
[inercia] asalto=19 robot=RIVAL rueda=1 rotor=2.11662378e-05
[planta] asalto=19 mu=1.07916555 slip=0.000595489621 aleatorio=1
WARNING: DEF RIVAL GelatinaNuclear > HingeJoint "rueda_der" > Solid "rueda_der": Webots has detected that this solid is light and oblong according to its inertia matrix. This belongs in the physics edge cases, and can imply weird physical results. Increasing the weight of the object or reducing its eccentricity are recommended.
[gelatina] fin de asalto motor={"battery_v":8.02911175,"resistance_ohm":[3.61012363,4.12301402],"bridge_ohm":[0.516429031,0.626979172],"omega_rad_s":[-10.7574977,-67.0948086],"current_a":[-0.198834617,-0.437447702],"torque_nm":[0.000540882812,-0.0153385316],"applied_pwm":[-0.22762309,-0.958934784],"over_1_2a_samples":175,"over_3_2a_samples":0}
[rival] fin de asalto motor={"battery_v":7.18980441,"resistance_ohm":[4.06803827,3.79150333],"bridge_ohm":[0.515953016,0.687746608],"omega_rad_s":[-11.4526602,46.5164524],"current_a":[-0.842143864,-0.0750692926],"torque_nm":[-0.0351391118,-0.01391568],"applied_pwm":[-0.667500019,0.432500005],"over_1_2a_samples":331,"over_3_2a_samples":5}
[rival] t=    0 ms  WAIT         rival=no d=9999 mm rumbo=+2670 cdeg  linea=0x2
[planta] gelatina ciclo=21 rueda=0 V=8.06293029 R=3.97073298 Rpuente=0.528324747 I0=0.155373824 Ke=0.0909510855 Kt=0.0483794733
[planta] gelatina ciclo=21 rueda=1 V=8.06293029 R=4.09804659 Rpuente=0.503165686 I0=0.0911542028 Ke=0.0747389617 Kt=0.0483794733
[sensores] gelatina ToF alcance=1830.08862 minimo=22.9418826 sigma_rel=0.0530888653
[gelatina] pulsador recibido: permiso previsto 122352 ms
[planta] rival ciclo=21 rueda=0 V=7.15712184 R=4.22095814 Rpuente=0.644258213 I0=0.12137703 Ke=0.0816681165 Kt=0.0483794733
[planta] rival ciclo=21 rueda=1 V=7.15712184 R=4.00081563 Rpuente=0.660281038 I0=0.121148506 Ke=0.0779330288 Kt=0.0483794733
[sensores] rival ToF alcance=1046.47231 minimo=42.354129 sigma_rel=0.0780528402
[rival] pulsador recibido: permiso previsto 122352 ms
[arranque] pulsador=117352 permiso=122352 ms
[gelatina] permiso de arranque a los 122352 ms
[rival] permiso de arranque a los 122352 ms
[rival] t=    0 ms  OPENING      rival=no d=9999 mm rumbo=+2670 cdeg  linea=0x0
WARNING: Contact joints between materials 'patin' and 'dohyo' will only be created for the 10 deepest contact points instead of all the 28 contact points.
[rival] t=  424 ms  SEARCH       rival=si d=9999 mm rumbo=+2670 cdeg  linea=0x0
[rival] t=  432 ms  TRACK        rival=si d=9999 mm rumbo=+2670 cdeg  linea=0x0
[rival] t=  440 ms  EDGE_ESCAPE  rival=si d=9999 mm rumbo=+2670 cdeg  linea=0x3
[arbitro] asalto 20/30  lado     rival fuera     +1   0.50 s
[inercia] asalto=20 robot=GELATINA rueda=0 rotor=3.43606977e-05
[inercia] asalto=20 robot=GELATINA rueda=1 rotor=3.12603291e-05
[inercia] asalto=20 robot=RIVAL rueda=0 rotor=9.26263064e-06
[inercia] asalto=20 robot=RIVAL rueda=1 rotor=1.42282911e-05
[planta] asalto=20 mu=1.20134381 slip=0.000236595631 aleatorio=1
WARNING: DEF GELATINA GelatinaNuclear > HingeJoint "rueda_izq" > Solid "rueda_izq": Webots has detected that this solid is light and oblong according to its inertia matrix. This belongs in the physics edge cases, and can imply weird physical results. Increasing the weight of the object or reducing its eccentricity are recommended.
[gelatina] fin de asalto motor={"battery_v":8.06293029,"resistance_ohm":[3.97073298,4.09804659],"bridge_ohm":[0.528324747,0.503165686],"omega_rad_s":[-12.7891685,33.8516397],"current_a":[-0.997501952,0.82610628],"torque_nm":[-0.0407417153,0.0355565944],"applied_pwm":[-0.700862765,0.785214126],"over_1_2a_samples":188,"over_3_2a_samples":0}
[rival] fin de asalto motor={"battery_v":7.15712184,"resistance_ohm":[4.22095814,4.00081563],"bridge_ohm":[0.644258213,0.660281038],"omega_rad_s":[-23.7464938,-28.7434812],"current_a":[-1.07246823,-0.594263384],"torque_nm":[-0.0460132915,-0.0228890486],"applied_pwm":[-0.99999994,-0.700000048],"over_1_2a_samples":332,"over_3_2a_samples":5}
[rival] t=    0 ms  WAIT         rival=si d= 532 mm rumbo=-3509 cdeg  linea=0x0
[planta] gelatina ciclo=22 rueda=0 V=8.09891918 R=3.82159433 Rpuente=0.687987089 I0=0.122942841 Ke=0.0686880602 Kt=0.0483794733
[planta] gelatina ciclo=22 rueda=1 V=8.09891918 R=4.06575394 Rpuente=0.524181831 I0=0.161598748 Ke=0.0911811254 Kt=0.0483794733
[sensores] gelatina ToF alcance=1660.50074 minimo=23.1434596 sigma_rel=0.0834694672
[gelatina] pulsador recibido: permiso previsto 128168 ms
[planta] rival ciclo=22 rueda=0 V=7.89076605 R=3.88990607 Rpuente=0.528554785 I0=0.0850940287 Ke=0.102339163 Kt=0.0483794733
[planta] rival ciclo=22 rueda=1 V=7.89076605 R=3.76079721 Rpuente=0.502074564 I0=0.0864165455 Ke=0.074028238 Kt=0.0483794733
[sensores] rival ToF alcance=1687.28053 minimo=23.5093021 sigma_rel=0.0401044607
[rival] pulsador recibido: permiso previsto 128168 ms
[arranque] pulsador=123168 permiso=128168 ms
[gelatina] permiso de arranque a los 128168 ms
[rival] permiso de arranque a los 128168 ms
[rival] t=    0 ms  OPENING      rival=no d=9999 mm rumbo=-3509 cdeg  linea=0x0
WARNING: Contact joints between materials 'patin' and 'dohyo' will only be created for the 10 deepest contact points instead of all the 28 contact points.
[rival] t=  344 ms  EDGE_ESCAPE  rival=no d=9999 mm rumbo=-3509 cdeg  linea=0x2
[arbitro] asalto 21/30  espalda  rival fuera     +1   0.44 s
[inercia] asalto=21 robot=GELATINA rueda=0 rotor=2.41761752e-05
[inercia] asalto=21 robot=GELATINA rueda=1 rotor=2.18299767e-05
[inercia] asalto=21 robot=RIVAL rueda=0 rotor=2.12558225e-05
[inercia] asalto=21 robot=RIVAL rueda=1 rotor=2.09447334e-05
[planta] asalto=21 mu=1.16233686 slip=3.54218483e-05 aleatorio=1
WARNING: DEF GELATINA GelatinaNuclear > HingeJoint "rueda_izq" > Solid "rueda_izq": Webots has detected that this solid is light and oblong according to its inertia matrix. This belongs in the physics edge cases, and can imply weird physical results. Increasing the weight of the object or reducing its eccentricity are recommended.
WARNING: DEF GELATINA GelatinaNuclear > HingeJoint "rueda_der" > Solid "rueda_der": Webots has detected that this solid is light and oblong according to its inertia matrix. This belongs in the physics edge cases, and can imply weird physical results. Increasing the weight of the object or reducing its eccentricity are recommended.
[gelatina] fin de asalto motor={"battery_v":8.09891918,"resistance_ohm":[3.82159433,4.06575394],"bridge_ohm":[0.687987089,0.524181831],"omega_rad_s":[23.6712771,-42.240458],"current_a":[1.37989048,-0.436462803],"torque_nm":[0.0608104646,-0.0132977782],"applied_pwm":[0.969099998,-0.722919762],"over_1_2a_samples":209,"over_3_2a_samples":0}
[rival] fin de asalto motor={"battery_v":7.89076605,"resistance_ohm":[3.88990607,3.76079721],"bridge_ohm":[0.528554785,0.502074564],"omega_rad_s":[-29.8626264,-59.3809548],"current_a":[-1.09419321,-0.26453274],"torque_nm":[-0.0488196868,-0.0086171677],"applied_pwm":[-1,-0.700000048],"over_1_2a_samples":338,"over_3_2a_samples":5}
[rival] t=    0 ms  WAIT         rival=si d=  70 mm rumbo=+1493 cdeg  linea=0x0
[planta] gelatina ciclo=23 rueda=0 V=8.13273771 R=4.18220367 Rpuente=0.699882805 I0=0.218302032 Ke=0.090068279 Kt=0.0483794733
[planta] gelatina ciclo=23 rueda=1 V=8.13273771 R=4.0407865 Rpuente=0.600368345 I0=0.132351521 Ke=0.0801447784 Kt=0.0483794733
[sensores] gelatina ToF alcance=1611.23441 minimo=29.1269225 sigma_rel=0.0407855368
[gelatina] pulsador recibido: permiso previsto 133920 ms
[planta] rival ciclo=23 rueda=0 V=8.38062681 R=4.06832638 Rpuente=0.606924069 I0=0.108852911 Ke=0.0858912756 Kt=0.0483794733
[planta] rival ciclo=23 rueda=1 V=8.38062681 R=3.66455526 Rpuente=0.623745346 I0=0.135405868 Ke=0.0937291894 Kt=0.0483794733
[sensores] rival ToF alcance=885.067499 minimo=32.9394126 sigma_rel=0.108723536
[rival] pulsador recibido: permiso previsto 133920 ms
[arranque] pulsador=128920 permiso=133920 ms
[gelatina] permiso de arranque a los 133920 ms
[rival] permiso de arranque a los 133920 ms
[rival] t=    0 ms  TRACK        rival=si d=  73 mm rumbo=+1496 cdeg  linea=0x0
[rival] t=    7 ms  ATTACK       rival=si d=  73 mm rumbo=+1496 cdeg  linea=0x0
WARNING: Contact joints between materials 'patin' and 'dohyo' will only be created for the 10 deepest contact points instead of all the 23 contact points.
[rival] t=  599 ms  EDGE_ESCAPE  rival=si d=  38 mm rumbo=+4510 cdeg  linea=0x1
[arbitro] asalto 22/30  frente   expulsado       -1   0.60 s
[inercia] asalto=22 robot=GELATINA rueda=0 rotor=3.47288454e-05
[inercia] asalto=22 robot=GELATINA rueda=1 rotor=2.88815353e-05
[inercia] asalto=22 robot=RIVAL rueda=0 rotor=2.26690709e-05
[inercia] asalto=22 robot=RIVAL rueda=1 rotor=3.08220808e-05
[planta] asalto=22 mu=0.619500673 slip=0.00136060154 aleatorio=1
[gelatina] fin de asalto motor={"battery_v":8.13273771,"resistance_ohm":[4.18220367,4.0407865],"bridge_ohm":[0.699882805,0.600368345],"omega_rad_s":[44.2322725,-20.7829751],"current_a":[0.763794225,0.239326334],"torque_nm":[0.026390625,0.0179815789],"applied_pwm":[0.948368728,-0.0682299584],"over_1_2a_samples":213,"over_3_2a_samples":0}
[rival] fin de asalto motor={"battery_v":8.38062681,"resistance_ohm":[4.06832638,3.66455526],"bridge_ohm":[0.606924069,0.623745346],"omega_rad_s":[46.2102706,72.4922264],"current_a":[-0.490440881,-0.0210190651],"torque_nm":[-0.028993518,-0.00756775589],"applied_pwm":[0.199999973,0.800000012],"over_1_2a_samples":347,"over_3_2a_samples":5}
[rival] t=    0 ms  WAIT         rival=si d=  38 mm rumbo=+4510 cdeg  linea=0x3
[planta] gelatina ciclo=24 rueda=0 V=8.16872652 R=4.03306503 Rpuente=0.659545147 I0=0.18587105 Ke=0.0674814979 Kt=0.0483794733
[planta] gelatina ciclo=24 rueda=1 V=8.16872652 R=4.00849385 Rpuente=0.62138449 I0=0.202796066 Ke=0.0658805613 Kt=0.0483794733
[sensores] gelatina ToF alcance=1441.64653 minimo=29.3285012 sigma_rel=0.0711661434
[gelatina] pulsador recibido: permiso previsto 139832 ms
[planta] rival ciclo=24 rueda=0 V=7.43880427 R=3.66269288 Rpuente=0.615391648 I0=0.176589221 Ke=0.067912769 Kt=0.0483794733
[planta] rival ciclo=24 rueda=1 V=7.43880427 R=4.27961082 Rpuente=0.657067728 I0=0.0886220098 Ke=0.0838948678 Kt=0.0483794733
[sensores] rival ToF alcance=814.122832 minimo=37.7100253 sigma_rel=0.0649522638
[rival] pulsador recibido: permiso previsto 139832 ms
[arranque] pulsador=134832 permiso=139832 ms
[gelatina] permiso de arranque a los 139832 ms
[rival] permiso de arranque a los 139832 ms
[rival] t=    0 ms  OPENING      rival=no d=9999 mm rumbo=+4510 cdeg  linea=0x0
WARNING: Contact joints between materials 'patin' and 'dohyo' will only be created for the 10 deepest contact points instead of all the 26 contact points.
[rival] t=  128 ms  TRACK        rival=si d=  89 mm rumbo=-6000 cdeg  linea=0x0
[rival] t=  136 ms  ATTACK       rival=si d=  89 mm rumbo=-6000 cdeg  linea=0x0
[rival] t=  800 ms  EDGE_ESCAPE  rival=si d=  56 mm rumbo=+3000 cdeg  linea=0x2
[rival] t=  888 ms  ATTACK       rival=si d=  54 mm rumbo=-1841 cdeg  linea=0x1
[arbitro] asalto 23/30  lado     rival fuera     +1   0.90 s
[inercia] asalto=23 robot=GELATINA rueda=0 rotor=3.50999542e-05
[inercia] asalto=23 robot=GELATINA rueda=1 rotor=1.70414917e-05
[inercia] asalto=23 robot=RIVAL rueda=0 rotor=3.00675711e-05
[inercia] asalto=23 robot=RIVAL rueda=1 rotor=2.47809886e-05
[planta] asalto=23 mu=0.949570215 slip=0.00127460468 aleatorio=1
WARNING: DEF GELATINA GelatinaNuclear > HingeJoint "rueda_izq" > Solid "rueda_izq": Webots has detected that this solid is light and oblong according to its inertia matrix. This belongs in the physics edge cases, and can imply weird physical results. Increasing the weight of the object or reducing its eccentricity are recommended.
WARNING: DEF RIVAL GelatinaNuclear > HingeJoint "rueda_der" > Solid "rueda_der": Webots has detected that this solid is light and oblong according to its inertia matrix. This belongs in the physics edge cases, and can imply weird physical results. Increasing the weight of the object or reducing its eccentricity are recommended.
[gelatina] fin de asalto motor={"battery_v":8.16872652,"resistance_ohm":[4.03306503,4.00849385],"bridge_ohm":[0.659545147,0.62138449],"omega_rad_s":[-71.2224603,-17.3660039],"current_a":[-0.174837283,0.501488621],"torque_nm":[0.000533807816,0.0340729222],"applied_pwm":[-0.688802779,0.144177824],"over_1_2a_samples":226,"over_3_2a_samples":0}
[rival] fin de asalto motor={"battery_v":7.43880427,"resistance_ohm":[3.66269288,4.27961082],"bridge_ohm":[0.615391648,0.657067728],"omega_rad_s":[-34.3804785,-18.3033227],"current_a":[-0.149751244,0.160365697],"torque_nm":[0.00129840717,0.0120458941],"applied_pwm":[-0.400000036,-0.100000069],"over_1_2a_samples":349,"over_3_2a_samples":5}
[rival] t=    0 ms  WAIT         rival=no d=9999 mm rumbo=-1841 cdeg  linea=0x4
[planta] gelatina ciclo=25 rueda=0 V=8.20254513 R=4.39367437 Rpuente=0.671440876 I0=0.13123025 Ke=0.0669557527 Kt=0.0483794733
[planta] gelatina ciclo=25 rueda=1 V=8.20254513 R=3.98352647 Rpuente=0.697571003 I0=0.17354883 Ke=0.0868823042 Kt=0.0483794733
[sensores] gelatina ToF alcance=1392.38014 minimo=35.3119642 sigma_rel=0.108482208
[gelatina] pulsador recibido: permiso previsto 146048 ms
[planta] rival ciclo=25 rueda=0 V=7.96421191 R=4.10517569 Rpuente=0.551964056 I0=0.167828563 Ke=0.0806549315 Kt=0.0483794733
[planta] rival ciclo=25 rueda=1 V=7.96421191 R=3.67243137 Rpuente=0.518191636 I0=0.147279301 Ke=0.0759574003 Kt=0.0483794733
[sensores] rival ToF alcance=1304.29261 minimo=44.8549813 sigma_rel=0.0543525887
[rival] pulsador recibido: permiso previsto 146048 ms
[arranque] pulsador=141048 permiso=146048 ms
[gelatina] permiso de arranque a los 146048 ms
[rival] permiso de arranque a los 146048 ms
[rival] t=    0 ms  OPENING      rival=no d=9999 mm rumbo=-1841 cdeg  linea=0x0
WARNING: Contact joints between materials 'patin' and 'dohyo' will only be created for the 10 deepest contact points instead of all the 30 contact points.
[rival] t=  368 ms  EDGE_ESCAPE  rival=no d=9999 mm rumbo=-1841 cdeg  linea=0x2
[arbitro] asalto 24/30  espalda  rival fuera     +1   0.46 s
[inercia] asalto=24 robot=GELATINA rueda=0 rotor=9.69655949e-06
[inercia] asalto=24 robot=GELATINA rueda=1 rotor=2.4212451e-05
[inercia] asalto=24 robot=RIVAL rueda=0 rotor=3.15720313e-05
[inercia] asalto=24 robot=RIVAL rueda=1 rotor=1.12083823e-05
[planta] asalto=24 mu=1.17989329 slip=0.000279034257 aleatorio=1
WARNING: DEF GELATINA GelatinaNuclear > HingeJoint "rueda_izq" > Solid "rueda_izq": Webots has detected that this solid is light and oblong according to its inertia matrix. This belongs in the physics edge cases, and can imply weird physical results. Increasing the weight of the object or reducing its eccentricity are recommended.
[gelatina] fin de asalto motor={"battery_v":8.20254513,"resistance_ohm":[4.39367437,3.98352647],"bridge_ohm":[0.671440876,0.697571003],"omega_rad_s":[-25.6907458,-45.544293],"current_a":[1.68392369,-0.45132269],"torque_nm":[0.0878161919,-0.0134385531],"applied_pwm":[0.830123365,-0.739975035],"over_1_2a_samples":236,"over_3_2a_samples":0}
[rival] fin de asalto motor={"battery_v":7.96421191,"resistance_ohm":[4.10517569,3.67243137],"bridge_ohm":[0.551964056,0.518191636],"omega_rad_s":[-2.25875633,-41.0193406],"current_a":[-1.6709896,-0.586840246],"torque_nm":[-0.0728974914,-0.021265727],"applied_pwm":[-1,-0.700000048],"over_1_2a_samples":361,"over_3_2a_samples":5}
[rival] t=    0 ms  WAIT         rival=si d=  71 mm rumbo= -115 cdeg  linea=0x0
[planta] gelatina ciclo=26 rueda=0 V=8.23853394 R=4.24453578 Rpuente=0.631103218 I0=0.0987992674 Ke=0.0743115635 Kt=0.0483794733
[planta] gelatina ciclo=26 rueda=1 V=8.23853394 R=3.95123382 Rpuente=0.518587148 I0=0.0939933747 Ke=0.0785624439 Kt=0.0483794733
[sensores] gelatina ToF alcance=1222.79226 minimo=35.5135429 sigma_rel=0.0588628149
[gelatina] pulsador recibido: permiso previsto 151816 ms
[planta] rival ciclo=26 rueda=0 V=7.85345128 R=3.67864804 Rpuente=0.664514804 I0=0.117259365 Ke=0.0835980642 Kt=0.0483794733
[planta] rival ciclo=26 rueda=1 V=7.85345128 R=3.95715528 Rpuente=0.636369371 I0=0.133642271 Ke=0.0722743059 Kt=0.0483794733
[sensores] rival ToF alcance=1042.78057 minimo=45.847522 sigma_rel=0.0809257889
[rival] pulsador recibido: permiso previsto 151816 ms
[arranque] pulsador=146816 permiso=151816 ms
[gelatina] permiso de arranque a los 151816 ms
[rival] permiso de arranque a los 151816 ms
[rival] t=    0 ms  TRACK        rival=si d=  73 mm rumbo=-1504 cdeg  linea=0x0
[rival] t=    8 ms  ATTACK       rival=si d=  73 mm rumbo=-1504 cdeg  linea=0x0
WARNING: Contact joints between materials 'patin' and 'dohyo' will only be created for the 10 deepest contact points instead of all the 13 contact points.
[rival] t=  416 ms  SEARCH       rival=no d=9999 mm rumbo=+3000 cdeg  linea=0x0
[rival] t=  984 ms  TRACK        rival=si d=  73 mm rumbo=   +0 cdeg  linea=0x0
[rival] t=  992 ms  ATTACK       rival=si d=  73 mm rumbo=   +0 cdeg  linea=0x0
WARNING: Contact joints between materials 'patin' and 'dohyo' will only be created for the 10 deepest contact points instead of all the 11 contact points.
[rival] t= 1344 ms  EDGE_ESCAPE  rival=si d=  47 mm rumbo=-3000 cdeg  linea=0x1
[arbitro] asalto 25/30  frente   rival fuera     +1   1.61 s
[inercia] asalto=25 robot=GELATINA rueda=0 rotor=1.51063374e-05
[inercia] asalto=25 robot=GELATINA rueda=1 rotor=1.77277225e-05
[inercia] asalto=25 robot=RIVAL rueda=0 rotor=1.69141039e-05
[inercia] asalto=25 robot=RIVAL rueda=1 rotor=2.07750269e-05
[planta] asalto=25 mu=0.640810823 slip=0.00191908431 aleatorio=1
WARNING: DEF RIVAL GelatinaNuclear > HingeJoint "rueda_izq" > Solid "rueda_izq": Webots has detected that this solid is light and oblong according to its inertia matrix. This belongs in the physics edge cases, and can imply weird physical results. Increasing the weight of the object or reducing its eccentricity are recommended.
[gelatina] fin de asalto motor={"battery_v":8.23853394,"resistance_ohm":[4.24453578,3.95123382],"bridge_ohm":[0.631103218,0.518587148],"omega_rad_s":[-35.6121854,-36.2339822],"current_a":[0.232963146,0.204798493],"torque_nm":[0.0160504908,0.0144553932],"applied_pwm":[-0.183352157,-0.234412774],"over_1_2a_samples":263,"over_3_2a_samples":0}
[rival] fin de asalto motor={"battery_v":7.85345128,"resistance_ohm":[3.67864804,3.95715528],"bridge_ohm":[0.664514804,0.636369371],"omega_rad_s":[-41.695136,-32.8859937],"current_a":[-0.463207042,-1.19225199],"torque_nm":[-0.0167367664,-0.0512149807],"applied_pwm":[-0.700000048,-1],"over_1_2a_samples":404,"over_3_2a_samples":5}
[rival] t=    0 ms  WAIT         rival=si d= 164 mm rumbo=+2272 cdeg  linea=0xA
[planta] gelatina ciclo=27 rueda=0 V=8.27235247 R=3.80514512 Rpuente=0.642998934 I0=0.194158459 Ke=0.0671985495 Kt=0.0483794733
[planta] gelatina ciclo=27 rueda=1 V=8.27235247 R=3.92626638 Rpuente=0.594773662 I0=0.214746147 Ke=0.0634773829 Kt=0.0483794733
[sensores] gelatina ToF alcance=1173.52594 minimo=41.4970058 sigma_rel=0.0961788797
[gelatina] pulsador recibido: permiso previsto 158736 ms
[planta] rival ciclo=27 rueda=0 V=8.37885891 R=4.1211309 Rpuente=0.601087213 I0=0.108498716 Ke=0.0686697177 Kt=0.0483794733
[planta] rival ciclo=27 rueda=1 V=8.37885891 R=4.14997587 Rpuente=0.697493279 I0=0.192299563 Ke=0.0645617259 Kt=0.0483794733
[sensores] rival ToF alcance=1532.95035 minimo=22.9924762 sigma_rel=0.0703261137
[rival] pulsador recibido: permiso previsto 158736 ms
[arranque] pulsador=153736 permiso=158736 ms
[gelatina] permiso de arranque a los 158736 ms
[rival] permiso de arranque a los 158736 ms
[rival] t=    0 ms  OPENING      rival=no d=9999 mm rumbo=+2272 cdeg  linea=0x0
WARNING: Contact joints between materials 'patin' and 'dohyo' will only be created for the 10 deepest contact points instead of all the 24 contact points.
[rival] t=   64 ms  TRACK        rival=si d=  80 mm rumbo=-6000 cdeg  linea=0x0
[rival] t=   72 ms  ATTACK       rival=si d=  80 mm rumbo=-6000 cdeg  linea=0x0
[rival] t=  256 ms  EDGE_ESCAPE  rival=si d=  47 mm rumbo=-6000 cdeg  linea=0x2
[arbitro] asalto 26/30  lado     expulsado       -1   0.68 s
[inercia] asalto=26 robot=GELATINA rueda=0 rotor=1.54931517e-05
[inercia] asalto=26 robot=GELATINA rueda=1 rotor=1.17622864e-05
[inercia] asalto=26 robot=RIVAL rueda=0 rotor=2.777028e-05
[inercia] asalto=26 robot=RIVAL rueda=1 rotor=2.71616879e-05
[planta] asalto=26 mu=1.35029093 slip=0.000660977721 aleatorio=1
[gelatina] fin de asalto motor={"battery_v":8.27235247,"resistance_ohm":[3.80514512,3.92626638],"bridge_ohm":[0.642998934,0.594773662],"omega_rad_s":[-67.0252329,-100.131811],"current_a":[-0.768804264,-0.380142564],"torque_nm":[-0.0278010614,-0.00800179153],"applied_pwm":[-0.957859397,-0.976112306],"over_1_2a_samples":268,"over_3_2a_samples":0}
[rival] fin de asalto motor={"battery_v":8.37885891,"resistance_ohm":[4.1211309,4.14997587],"bridge_ohm":[0.601087213,0.697493279],"omega_rad_s":[-80.815974,41.4854182],"current_a":[-0.332983382,0.916696927],"torque_nm":[-0.0108604499,0.035045963],"applied_pwm":[-0.850000024,0.850000024],"over_1_2a_samples":415,"over_3_2a_samples":5}
[rival] t=    0 ms  WAIT         rival=si d= 228 mm rumbo=-1482 cdeg  linea=0x0
[planta] gelatina ciclo=28 rueda=0 V=8.30834136 R=3.65600648 Rpuente=0.602661276 I0=0.161727476 Ke=0.0747151705 Kt=0.0483794733
[planta] gelatina ciclo=28 rueda=1 V=8.30834136 R=3.89397373 Rpuente=0.615789807 I0=0.135190693 Ke=0.0847888796 Kt=0.0483794733
[sensores] gelatina ToF alcance=1003.93806 minimo=41.6985828 sigma_rel=0.0465594864
[gelatina] pulsador recibido: permiso previsto 164728 ms
[planta] rival ciclo=28 rueda=0 V=7.09189321 R=3.87593999 Rpuente=0.606464481 I0=0.114516324 Ke=0.0853337899 Kt=0.0483794733
[planta] rival ciclo=28 rueda=1 V=7.09189321 R=4.25763769 Rpuente=0.55996114 I0=0.126802191 Ke=0.0776055521 Kt=0.0483794733
[sensores] rival ToF alcance=991.946936 minimo=27.9371268 sigma_rel=0.0544977999
[rival] pulsador recibido: permiso previsto 164728 ms
[arranque] pulsador=159728 permiso=164728 ms
[gelatina] permiso de arranque a los 164728 ms
[rival] permiso de arranque a los 164728 ms
[rival] t=    0 ms  OPENING      rival=no d=9999 mm rumbo=-1482 cdeg  linea=0x0
WARNING: Contact joints between materials 'patin' and 'dohyo' will only be created for the 10 deepest contact points instead of all the 28 contact points.
[rival] t=  384 ms  EDGE_ESCAPE  rival=no d=9999 mm rumbo=-1482 cdeg  linea=0x3
[arbitro] asalto 27/30  espalda  rival fuera     +1   0.45 s
[inercia] asalto=27 robot=GELATINA rueda=0 rotor=1.94309714e-05
[inercia] asalto=27 robot=GELATINA rueda=1 rotor=9.35624832e-06
[inercia] asalto=27 robot=RIVAL rueda=0 rotor=2.79407188e-05
[inercia] asalto=27 robot=RIVAL rueda=1 rotor=1.12463045e-05
[planta] asalto=27 mu=1.12337044 slip=0.00097377944 aleatorio=1
[gelatina] fin de asalto motor={"battery_v":8.30834136,"resistance_ohm":[3.65600648,3.89397373],"bridge_ohm":[0.602661276,0.615789807],"omega_rad_s":[26.9764136,-66.3838362],"current_a":[1.34973108,-0.251468157],"torque_nm":[0.0574749885,-0.00562544249],"applied_pwm":[0.934434831,-0.813961864],"over_1_2a_samples":287,"over_3_2a_samples":0}
[rival] fin de asalto motor={"battery_v":7.09189321,"resistance_ohm":[3.87593999,4.25763769],"bridge_ohm":[0.606464481,0.55996114],"omega_rad_s":[-23.029496,-22.2883756],"current_a":[-0.669089868,-1.11304226],"torque_nm":[-0.026829976,-0.0477137751],"applied_pwm":[-0.700000048,-0.99999994],"over_1_2a_samples":417,"over_3_2a_samples":5}
[rival] t=    0 ms  WAIT         rival=si d=  56 mm rumbo=   +0 cdeg  linea=0x0
[planta] gelatina ciclo=29 rueda=0 V=8.34215989 R=4.01661582 Rpuente=0.614556992 I0=0.107086676 Ke=0.0736885814 Kt=0.0483794733
[planta] gelatina ciclo=29 rueda=1 V=8.34215989 R=3.8690063 Rpuente=0.691976321 I0=0.105943465 Ke=0.0753897349 Kt=0.0483794733
[sensores] gelatina ToF alcance=954.671735 minimo=47.6820457 sigma_rel=0.083875556
[gelatina] pulsador recibido: permiso previsto 170488 ms
[planta] rival ciclo=29 rueda=0 V=7.20060447 R=3.79002953 Rpuente=0.571846259 I0=0.191470322 Ke=0.0936401875 Kt=0.0483794733
[planta] rival ciclo=29 rueda=1 V=7.20060447 R=4.25690155 Rpuente=0.61379689 I0=0.094638285 Ke=0.0993166171 Kt=0.0483794733
[sensores] rival ToF alcance=1183.85692 minimo=35.2040571 sigma_rel=0.0955069351
[rival] pulsador recibido: permiso previsto 170488 ms
[arranque] pulsador=165488 permiso=170488 ms
[gelatina] permiso de arranque a los 170488 ms
[rival] permiso de arranque a los 170488 ms
[rival] t=    0 ms  TRACK        rival=si d=  75 mm rumbo=-1472 cdeg  linea=0x0
[rival] t=    8 ms  ATTACK       rival=si d=  75 mm rumbo=-1472 cdeg  linea=0x0
WARNING: Contact joints between materials 'patin' and 'dohyo' will only be created for the 10 deepest contact points instead of all the 102 contact points.
[rival] t=  128 ms  TRACK        rival=si d= 735 mm rumbo=-6000 cdeg  linea=0x0
[rival] t=  256 ms  ATTACK       rival=si d=  42 mm rumbo=   +0 cdeg  linea=0x0
[rival] t= 1208 ms  EDGE_ESCAPE  rival=si d=  36 mm rumbo=-3000 cdeg  linea=0x1
WARNING: Contact joints between materials 'patin' and 'dohyo' will only be created for the 10 deepest contact points instead of all the 11 contact points.
[rival] t= 1872 ms  SEARCH       rival=si d=  52 mm rumbo=-3000 cdeg  linea=0x0
[rival] t= 1880 ms  TRACK        rival=si d=  52 mm rumbo=-3000 cdeg  linea=0x0
[rival] t= 1888 ms  ATTACK       rival=si d=  52 mm rumbo=-3000 cdeg  linea=0x0
[rival] t= 2496 ms  EDGE_ESCAPE  rival=si d=  38 mm rumbo=   +0 cdeg  linea=0x1
WARNING: Contact joints between materials 'patin' and 'dohyo' will only be created for the 10 deepest contact points instead of all the 11 contact points.
[arbitro] asalto 28/30  frente   expulsado       -1   2.57 s
[inercia] asalto=28 robot=GELATINA rueda=0 rotor=2.55414689e-05
[inercia] asalto=28 robot=GELATINA rueda=1 rotor=2.19878901e-05
[inercia] asalto=28 robot=RIVAL rueda=0 rotor=2.79932778e-05
[inercia] asalto=28 robot=RIVAL rueda=1 rotor=1.5502732e-05
[planta] asalto=28 mu=1.46634105 slip=0.00129893672 aleatorio=1
[gelatina] fin de asalto motor={"battery_v":8.34215989,"resistance_ohm":[4.01661582,3.8690063],"bridge_ohm":[0.614556992,0.691976321],"omega_rad_s":[-70.4057813,39.6509453],"current_a":[-0.657851166,-0.159891035],"torque_nm":[-0.0266456959,-0.0128609331],"applied_pwm":[-0.987121403,0.270914733],"over_1_2a_samples":320,"over_3_2a_samples":0}
[rival] fin de asalto motor={"battery_v":7.20060447,"resistance_ohm":[3.79002953,4.25690155],"bridge_ohm":[0.571846259,0.61379689],"omega_rad_s":[-12.392667,-20.4566413],"current_a":[-0.889519099,-1.0612276],"torque_nm":[-0.0337712322,-0.0467630821],"applied_pwm":[-0.700000048,-0.99999994],"over_1_2a_samples":462,"over_3_2a_samples":5}
[rival] t=    0 ms  WAIT         rival=si d= 312 mm rumbo=+6000 cdeg  linea=0x6
[planta] gelatina ciclo=30 rueda=0 V=8.37814878 R=3.86747718 Rpuente=0.574219334 I0=0.224655694 Ke=0.0736339521 Kt=0.0483794733
[planta] gelatina ciclo=30 rueda=1 V=8.37814878 R=3.83671365 Rpuente=0.512992465 I0=0.17638801 Ke=0.0926337765 Kt=0.0483794733
[sensores] gelatina ToF alcance=785.083777 minimo=47.8836244 sigma_rel=0.114256158
[gelatina] pulsador recibido: permiso previsto 178368 ms
[planta] rival ciclo=30 rueda=0 V=8.35094497 R=3.98737073 Rpuente=0.627333462 I0=0.219472674 Ke=0.0758553078 Kt=0.0483794733
[planta] rival ciclo=30 rueda=1 V=8.35094497 R=4.21043987 Rpuente=0.662878561 I0=0.150727522 Ke=0.0661402564 Kt=0.0483794733
[sensores] rival ToF alcance=822.924936 minimo=46.2372559 sigma_rel=0.0859497404
[rival] pulsador recibido: permiso previsto 178368 ms
[arranque] pulsador=173368 permiso=178368 ms
[gelatina] permiso de arranque a los 178368 ms
[rival] permiso de arranque a los 178368 ms
[rival] t=    0 ms  OPENING      rival=no d=9999 mm rumbo=+6000 cdeg  linea=0x0
WARNING: Contact joints between materials 'patin' and 'dohyo' will only be created for the 10 deepest contact points instead of all the 26 contact points.
[rival] t=  424 ms  SEARCH       rival=no d=9999 mm rumbo=+6000 cdeg  linea=0x4
[rival] t=  456 ms  TRACK        rival=si d= 203 mm rumbo=+3245 cdeg  linea=0x2
[rival] t=  464 ms  ATTACK       rival=si d= 203 mm rumbo=+3245 cdeg  linea=0x2
[arbitro] asalto 29/30  lado     rival fuera     +1   0.46 s
[inercia] asalto=29 robot=GELATINA rueda=0 rotor=1.93387651e-05
[inercia] asalto=29 robot=GELATINA rueda=1 rotor=2.56285785e-05
[inercia] asalto=29 robot=RIVAL rueda=0 rotor=2.94294961e-05
[inercia] asalto=29 robot=RIVAL rueda=1 rotor=3.0536506e-05
[planta] asalto=29 mu=1.28143648 slip=0.000702222109 aleatorio=1
[gelatina] fin de asalto motor={"battery_v":8.37814878,"resistance_ohm":[3.86747718,3.83671365],"bridge_ohm":[0.574219334,0.512992465],"omega_rad_s":[-66.9707275,-44.5683028],"current_a":[-0.754562112,-0.300412937],"torque_nm":[-0.0256365934,-0.00600026062],"applied_pwm":[-0.988625944,-0.648739755],"over_1_2a_samples":333,"over_3_2a_samples":0}
[rival] fin de asalto motor={"battery_v":8.35094497,"resistance_ohm":[3.98737073,4.21043987],"bridge_ohm":[0.627333462,0.662878561],"omega_rad_s":[36.6721154,63.844861],"current_a":[-0.240879001,0.217358495],"torque_nm":[-0.0222715715,0.00322357134],"applied_pwm":[0.200000033,0.632499993],"over_1_2a_samples":466,"over_3_2a_samples":5}
[rival] t=    0 ms  WAIT         rival=si d= 203 mm rumbo=+3245 cdeg  linea=0x0
[planta] gelatina ciclo=31 rueda=0 V=7.01196731 R=4.22808652 Rpuente=0.586115062 I0=0.170014885 Ke=0.072463821 Kt=0.0483794733
[planta] gelatina ciclo=31 rueda=1 V=7.01196731 R=3.81174626 Rpuente=0.589178979 I0=0.147140774 Ke=0.0811089341 Kt=0.0483794733
[sensores] gelatina ToF alcance=735.817456 minimo=23.8670874 sigma_rel=0.0715722275
[gelatina] pulsador recibido: permiso previsto 184144 ms
[planta] rival ciclo=31 rueda=0 V=7.05026116 R=3.70891438 Rpuente=0.630490899 I0=0.0937249482 Ke=0.0711979099 Kt=0.0483794733
[planta] rival ciclo=31 rueda=1 V=7.05026116 R=3.90925069 Rpuente=0.636213768 I0=0.128782082 Ke=0.0974377837 Kt=0.0483794733
[sensores] rival ToF alcance=1096.08399 minimo=42.1623528 sigma_rel=0.0406015539
[rival] pulsador recibido: permiso previsto 184144 ms
[arranque] pulsador=179144 permiso=184144 ms
[gelatina] permiso de arranque a los 184144 ms
[rival] permiso de arranque a los 184144 ms
[rival] t=    0 ms  OPENING      rival=no d=9999 mm rumbo=+3245 cdeg  linea=0x0
WARNING: Contact joints between materials 'patin' and 'dohyo' will only be created for the 10 deepest contact points instead of all the 28 contact points.
[rival] t=  424 ms  SEARCH       rival=no d=9999 mm rumbo=+3245 cdeg  linea=0x6
[rival] t=  456 ms  TRACK        rival=si d= 145 mm rumbo=+2070 cdeg  linea=0x0
[rival] t=  464 ms  ATTACK       rival=si d= 145 mm rumbo=+2070 cdeg  linea=0x0
[arbitro] asalto 30/30  espalda  rival fuera     +1   0.47 s

[arbitro] RESULTADO  18W 12L 0D  win rate 60.0%  auto-salidas 0  t medio de victoria 0.60 s

[arbitro]   frente   2W 8L 0D
[arbitro]   lado     6W 4L 0D
[arbitro]   espalda  10W 0L 0D
[arbitro]   combate: gana 68.0%  jueces 0.0%  pierde 32.0%
[arbitro] resultados -> ../../../../result.json
INFO: 'arbitro' controller exited successfully.
INFO: medido: Terminating.
INFO: contrario: Terminating.
