WARNING: Contact joints between materials 'patin' and 'dohyo' will only be created for the 10 deepest contact points instead of all the 12 contact points.
INFO: medido: Starting controller: $LAB_ROOT/Mini-Sumo-real/runs/real/20260913T165943268840Z_v21_v0.3.0_banco_flanco_s0_r0/project/webots/controllers/medido/medido
INFO: oponente: Starting controller: $LAB_ROOT/Mini-Sumo-real/runs/real/20260913T165943268840Z_v21_v0.3.0_banco_flanco_s0_r0/project/webots/controllers/oponente/oponente flanco
INFO: arbitro: Starting controller: $LAB_ROOT/Mini-Sumo-real/runs/real/20260913T165943268840Z_v21_v0.3.0_banco_flanco_s0_r0/project/webots/controllers/arbitro/arbitro --rounds 30 --rival flanco --version v0.3.0 --colocacion banco --out ../../../../result.json
[planta] gelatina ciclo=1 rueda=0 V=7.4 R=4 Rpuente=0.5 I0=0.15 Ke=0.0793326178 Kt=0.0483794733
[planta] gelatina ciclo=1 rueda=1 V=7.4 R=4 Rpuente=0.5 I0=0.15 Ke=0.0793326178 Kt=0.0483794733
[sensores] gelatina ToF alcance=1200 minimo=30 sigma_rel=0.07
[gelatina] HAL Webots listo: paso 8 ms, umbral de linea 400
[gelatina] estrategia v0.3.0 en linea
[planta] rival ciclo=1 rueda=0 V=7.4 R=4 Rpuente=0.5 I0=0.15 Ke=0.0793326178 Kt=0.0483794733
[planta] rival ciclo=1 rueda=1 V=7.4 R=4 Rpuente=0.5 I0=0.15 Ke=0.0793326178 Kt=0.0483794733
[sensores] rival ToF alcance=1200 minimo=30 sigma_rel=0.07
[rival] comportamiento: flanco

[arbitro] 30 asaltos contra 'flanco', colocacion banco, limite 60 s por asalto
[gelatina] t=    0 ms  WAIT         rival=no d=9999 mm rumbo=   +0 cdeg  linea=0x0
[planta] asalto=0 mu=1.1 slip=0.0005 aleatorio=0
[planta] gelatina ciclo=2 rueda=0 V=7.4 R=4 Rpuente=0.5 I0=0.15 Ke=0.0793326178 Kt=0.0483794733
[planta] gelatina ciclo=2 rueda=1 V=7.4 R=4 Rpuente=0.5 I0=0.15 Ke=0.0793326178 Kt=0.0483794733
[sensores] gelatina ToF alcance=1200 minimo=30 sigma_rel=0.07
[gelatina] pulsador recibido: permiso previsto 5312 ms
[planta] rival ciclo=2 rueda=0 V=7.4 R=4 Rpuente=0.5 I0=0.15 Ke=0.0793326178 Kt=0.0483794733
[planta] rival ciclo=2 rueda=1 V=7.4 R=4 Rpuente=0.5 I0=0.15 Ke=0.0793326178 Kt=0.0483794733
[sensores] rival ToF alcance=1200 minimo=30 sigma_rel=0.07
[arranque] pulsador=312 permiso=5312 ms
[gelatina] permiso de arranque a los 5312 ms
[gelatina] t=    0 ms  TRACK        rival=si d= 278 mm rumbo=   +0 cdeg  linea=0x0
[gelatina] t=   32 ms  ATTACK       rival=si d= 247 mm rumbo=   +0 cdeg  linea=0x0
WARNING: Contact joints between materials 'rueda' and 'dohyo' will only be created for the 10 deepest contact points instead of all the 14 contact points.
[gelatina] t=  680 ms  SEARCH       rival=no d=9999 mm rumbo=+3000 cdeg  linea=0x0
[gelatina] t=  688 ms  ATTACK       rival=si d=  53 mm rumbo=   +0 cdeg  linea=0x2
[arbitro] asalto  1/30  banco    rival fuera     +1   0.69 s
[planta] asalto=1 mu=1.1 slip=0.0005 aleatorio=0
[gelatina] fin de asalto motor={"battery_v":7.4,"resistance_ohm":[4,4],"bridge_ohm":[0.5,0.5],"omega_rad_s":[31.1593004,40.4460946],"current_a":[0.76101893,0.931401207],"torque_nm":[0.029560774,0.0378037789],"applied_pwm":[0.796828926,1],"over_1_2a_samples":0,"over_3_2a_samples":0}
[gelatina] t=    0 ms  WAIT         rival=si d=  53 mm rumbo=   +0 cdeg  linea=0x2
[rival] fin de asalto motor={"battery_v":7.4,"resistance_ohm":[4,4],"bridge_ohm":[0.5,0.5],"omega_rad_s":[-54.9538874,-31.3357985],"current_a":[-0.428969834,-0.845344238],"torque_nm":[-0.0134964137,-0.033640388],"applied_pwm":[-0.85,-0.85],"over_1_2a_samples":7,"over_3_2a_samples":0}
[planta] gelatina ciclo=3 rueda=0 V=7.4 R=4 Rpuente=0.5 I0=0.15 Ke=0.0793326178 Kt=0.0483794733
[planta] gelatina ciclo=3 rueda=1 V=7.4 R=4 Rpuente=0.5 I0=0.15 Ke=0.0793326178 Kt=0.0483794733
[sensores] gelatina ToF alcance=1200 minimo=30 sigma_rel=0.07
[gelatina] pulsador recibido: permiso previsto 11312 ms
[planta] rival ciclo=3 rueda=0 V=7.4 R=4 Rpuente=0.5 I0=0.15 Ke=0.0793326178 Kt=0.0483794733
[planta] rival ciclo=3 rueda=1 V=7.4 R=4 Rpuente=0.5 I0=0.15 Ke=0.0793326178 Kt=0.0483794733
[sensores] rival ToF alcance=1200 minimo=30 sigma_rel=0.07
[arranque] pulsador=6312 permiso=11312 ms
[gelatina] permiso de arranque a los 11312 ms
[gelatina] t=    0 ms  TRACK        rival=si d= 315 mm rumbo=   +0 cdeg  linea=0x0
[gelatina] t=   96 ms  ATTACK       rival=si d= 250 mm rumbo=   +0 cdeg  linea=0x0
WARNING: Contact joints between materials 'patin' and 'dohyo' will only be created for the 10 deepest contact points instead of all the 35 contact points.
[arbitro] asalto  2/30  banco    rival fuera     +1   0.69 s
[gelatina] t=  696 ms  EDGE_ESCAPE  rival=si d=  46 mm rumbo=   +0 cdeg  linea=0x2
[planta] asalto=2 mu=1.1 slip=0.0005 aleatorio=0
[gelatina] fin de asalto motor={"battery_v":7.4,"resistance_ohm":[4,4],"bridge_ohm":[0.5,0.5],"omega_rad_s":[51.9392913,78.7468616],"current_a":[0.728782234,0.256178961],"torque_nm":[0.0280011797,0.00513688222],"applied_pwm":[1,1],"over_1_2a_samples":2,"over_3_2a_samples":0}
[gelatina] t=    0 ms  WAIT         rival=no d=9999 mm rumbo=   +0 cdeg  linea=0x3
[rival] fin de asalto motor={"battery_v":7.4,"resistance_ohm":[4,4],"bridge_ohm":[0.5,0.5],"omega_rad_s":[-51.7909386,-52.7107061],"current_a":[-0.484730948,-0.468515933],"torque_nm":[-0.016194107,-0.0154096331],"applied_pwm":[-0.85,-0.85],"over_1_2a_samples":27,"over_3_2a_samples":0}
[planta] gelatina ciclo=4 rueda=0 V=7.4 R=4 Rpuente=0.5 I0=0.15 Ke=0.0793326178 Kt=0.0483794733
[planta] gelatina ciclo=4 rueda=1 V=7.4 R=4 Rpuente=0.5 I0=0.15 Ke=0.0793326178 Kt=0.0483794733
[sensores] gelatina ToF alcance=1200 minimo=30 sigma_rel=0.07
[gelatina] pulsador recibido: permiso previsto 17312 ms
[planta] rival ciclo=4 rueda=0 V=7.4 R=4 Rpuente=0.5 I0=0.15 Ke=0.0793326178 Kt=0.0483794733
[planta] rival ciclo=4 rueda=1 V=7.4 R=4 Rpuente=0.5 I0=0.15 Ke=0.0793326178 Kt=0.0483794733
[sensores] rival ToF alcance=1200 minimo=30 sigma_rel=0.07
[arranque] pulsador=12312 permiso=17312 ms
[gelatina] permiso de arranque a los 17312 ms
[gelatina] t=    0 ms  TRACK        rival=si d= 296 mm rumbo=   +0 cdeg  linea=0x0
[gelatina] t=   64 ms  ATTACK       rival=si d= 234 mm rumbo=   +0 cdeg  linea=0x0
WARNING: Contact joints between materials 'patin' and 'dohyo' will only be created for the 10 deepest contact points instead of all the 18 contact points.
[gelatina] t=  712 ms  EDGE_ESCAPE  rival=si d=  73 mm rumbo=-6000 cdeg  linea=0x3
[arbitro] asalto  3/30  banco    expulsado       -1   0.82 s
[planta] asalto=3 mu=1.1 slip=0.0005 aleatorio=0
[gelatina] fin de asalto motor={"battery_v":7.4,"resistance_ohm":[4,4],"bridge_ohm":[0.5,0.5],"omega_rad_s":[7.52391353,-7.34100441],"current_a":[-1.77708706,-1.02169317],"torque_nm":[-0.0932314526,-0.0421720625],"applied_pwm":[-1,-0.700000048],"over_1_2a_samples":6,"over_3_2a_samples":0}
[gelatina] t=    0 ms  WAIT         rival=si d=  82 mm rumbo=+4651 cdeg  linea=0x8
[rival] fin de asalto motor={"battery_v":7.4,"resistance_ohm":[4,4],"bridge_ohm":[0.5,0.5],"omega_rad_s":[-45.8942222,-43.4418564],"current_a":[-0.588686937,-0.631920847],"torque_nm":[-0.021223443,-0.0233150768],"applied_pwm":[-0.85,-0.85],"over_1_2a_samples":39,"over_3_2a_samples":0}
[planta] gelatina ciclo=5 rueda=0 V=7.4 R=4 Rpuente=0.5 I0=0.15 Ke=0.0793326178 Kt=0.0483794733
[planta] gelatina ciclo=5 rueda=1 V=7.4 R=4 Rpuente=0.5 I0=0.15 Ke=0.0793326178 Kt=0.0483794733
[sensores] gelatina ToF alcance=1200 minimo=30 sigma_rel=0.07
[gelatina] pulsador recibido: permiso previsto 23440 ms
[planta] rival ciclo=5 rueda=0 V=7.4 R=4 Rpuente=0.5 I0=0.15 Ke=0.0793326178 Kt=0.0483794733
[planta] rival ciclo=5 rueda=1 V=7.4 R=4 Rpuente=0.5 I0=0.15 Ke=0.0793326178 Kt=0.0483794733
[sensores] rival ToF alcance=1200 minimo=30 sigma_rel=0.07
[arranque] pulsador=18440 permiso=23440 ms
[gelatina] permiso de arranque a los 23440 ms
[gelatina] t=    0 ms  TRACK        rival=si d= 266 mm rumbo=   +0 cdeg  linea=0x0
[gelatina] t=   96 ms  ATTACK       rival=si d= 236 mm rumbo=   +0 cdeg  linea=0x0
WARNING: Contact joints between materials 'patin' and 'dohyo' will only be created for the 10 deepest contact points instead of all the 59 contact points.
[arbitro] asalto  4/30  banco    rival fuera     +1   0.82 s
[planta] asalto=4 mu=1.1 slip=0.0005 aleatorio=0
[gelatina] fin de asalto motor={"battery_v":7.4,"resistance_ohm":[4,4],"bridge_ohm":[0.5,0.5],"omega_rad_s":[29.3568067,30.4117286],"current_a":[1.12689948,0.442436393],"torque_nm":[0.0472618825,0.0141479187],"applied_pwm":[1,0.595081866],"over_1_2a_samples":13,"over_3_2a_samples":0}
[gelatina] t=    0 ms  WAIT         rival=no d=9999 mm rumbo=-3013 cdeg  linea=0x2
[rival] fin de asalto motor={"battery_v":7.4,"resistance_ohm":[4,4],"bridge_ohm":[0.5,0.5],"omega_rad_s":[-59.6067168,-73.1607044],"current_a":[-0.346942916,-0.107993289],"torque_nm":[-0.00952799453,0.00203226256],"applied_pwm":[-0.85,-0.85],"over_1_2a_samples":51,"over_3_2a_samples":0}
[planta] gelatina ciclo=6 rueda=0 V=7.4 R=4 Rpuente=0.5 I0=0.15 Ke=0.0793326178 Kt=0.0483794733
[planta] gelatina ciclo=6 rueda=1 V=7.4 R=4 Rpuente=0.5 I0=0.15 Ke=0.0793326178 Kt=0.0483794733
[sensores] gelatina ToF alcance=1200 minimo=30 sigma_rel=0.07
[gelatina] pulsador recibido: permiso previsto 29576 ms
[planta] rival ciclo=6 rueda=0 V=7.4 R=4 Rpuente=0.5 I0=0.15 Ke=0.0793326178 Kt=0.0483794733
[planta] rival ciclo=6 rueda=1 V=7.4 R=4 Rpuente=0.5 I0=0.15 Ke=0.0793326178 Kt=0.0483794733
[sensores] rival ToF alcance=1200 minimo=30 sigma_rel=0.07
[arranque] pulsador=24576 permiso=29576 ms
[gelatina] permiso de arranque a los 29576 ms
[gelatina] t=    0 ms  TRACK        rival=si d= 303 mm rumbo=   +0 cdeg  linea=0x0
[gelatina] t=  128 ms  ATTACK       rival=si d= 234 mm rumbo=   +0 cdeg  linea=0x0
WARNING: Contact joints between materials 'rueda' and 'dohyo' will only be created for the 10 deepest contact points instead of all the 11 contact points.
[gelatina] t=  744 ms  SEARCH       rival=no d=9999 mm rumbo=-6000 cdeg  linea=0x0
[gelatina] t=  952 ms  TRACK        rival=si d=  68 mm rumbo=-6000 cdeg  linea=0x0
[gelatina] t=  960 ms  ATTACK       rival=si d=  68 mm rumbo=-6000 cdeg  linea=0x0
[gelatina] t= 1200 ms  EDGE_ESCAPE  rival=si d= 102 mm rumbo=+6000 cdeg  linea=0x2
WARNING: Contact joints between materials 'patin' and 'dohyo' will only be created for the 10 deepest contact points instead of all the 16 contact points.
[arbitro] asalto  5/30  banco    auto-salida     -1   1.50 s
[planta] asalto=5 mu=1.1 slip=0.0005 aleatorio=0
[gelatina] fin de asalto motor={"battery_v":7.4,"resistance_ohm":[4,4],"bridge_ohm":[0.5,0.5],"omega_rad_s":[-80.6938506,-54.3626495],"current_a":[-0.221854576,-0.192726457],"torque_nm":[-0.00347628655,-0.00206708351],"applied_pwm":[-1,-0.700000048],"over_1_2a_samples":28,"over_3_2a_samples":0}
[gelatina] t=    0 ms  WAIT         rival=si d= 297 mm rumbo=   +0 cdeg  linea=0x6
[rival] fin de asalto motor={"battery_v":7.4,"resistance_ohm":[4,4],"bridge_ohm":[0.5,0.5],"omega_rad_s":[-5.16573945,48.5309578],"current_a":[0.74884703,0.788869349],"torque_nm":[0.0434852729,0.0309081627],"applied_pwm":[0.4,1],"over_1_2a_samples":70,"over_3_2a_samples":0}
[planta] gelatina ciclo=7 rueda=0 V=7.4 R=4 Rpuente=0.5 I0=0.15 Ke=0.0793326178 Kt=0.0483794733
[planta] gelatina ciclo=7 rueda=1 V=7.4 R=4 Rpuente=0.5 I0=0.15 Ke=0.0793326178 Kt=0.0483794733
[sensores] gelatina ToF alcance=1200 minimo=30 sigma_rel=0.07
[gelatina] pulsador recibido: permiso previsto 36384 ms
[planta] rival ciclo=7 rueda=0 V=7.4 R=4 Rpuente=0.5 I0=0.15 Ke=0.0793326178 Kt=0.0483794733
[planta] rival ciclo=7 rueda=1 V=7.4 R=4 Rpuente=0.5 I0=0.15 Ke=0.0793326178 Kt=0.0483794733
[sensores] rival ToF alcance=1200 minimo=30 sigma_rel=0.07
[arranque] pulsador=31384 permiso=36384 ms
[gelatina] permiso de arranque a los 36384 ms
[gelatina] t=    0 ms  TRACK        rival=si d= 254 mm rumbo=   +0 cdeg  linea=0x0
[gelatina] t=    8 ms  ATTACK       rival=si d= 254 mm rumbo=   +0 cdeg  linea=0x0
WARNING: Contact joints between materials 'patin' and 'dohyo' will only be created for the 10 deepest contact points instead of all the 23 contact points.
[gelatina] t=  784 ms  EDGE_ESCAPE  rival=si d=  26 mm rumbo=-3000 cdeg  linea=0x1
[arbitro] asalto  6/30  banco    rival fuera     +1   0.79 s
[planta] asalto=6 mu=1.1 slip=0.0005 aleatorio=0
[gelatina] fin de asalto motor={"battery_v":7.4,"resistance_ohm":[4,4],"bridge_ohm":[0.5,0.5],"omega_rad_s":[19.4042114,17.2744851],"current_a":[0.644580732,0.0191342402],"torque_nm":[0.0239275553,-0.00633121654],"applied_pwm":[0.600000024,0.196828946],"over_1_2a_samples":36,"over_3_2a_samples":0}
[gelatina] t=    0 ms  WAIT         rival=no d=9999 mm rumbo=-3000 cdeg  linea=0x3
[rival] fin de asalto motor={"battery_v":7.4,"resistance_ohm":[4,4],"bridge_ohm":[0.5,0.5],"omega_rad_s":[-70.2781227,-70.4979643],"current_a":[-0.158811678,-0.154935987],"torque_nm":[-0.000426304357,-0.000238800437],"applied_pwm":[-0.85,-0.85],"over_1_2a_samples":94,"over_3_2a_samples":0}
[planta] gelatina ciclo=8 rueda=0 V=7.4 R=4 Rpuente=0.5 I0=0.15 Ke=0.0793326178 Kt=0.0483794733
[planta] gelatina ciclo=8 rueda=1 V=7.4 R=4 Rpuente=0.5 I0=0.15 Ke=0.0793326178 Kt=0.0483794733
[sensores] gelatina ToF alcance=1200 minimo=30 sigma_rel=0.07
[gelatina] pulsador recibido: permiso previsto 42488 ms
[planta] rival ciclo=8 rueda=0 V=7.4 R=4 Rpuente=0.5 I0=0.15 Ke=0.0793326178 Kt=0.0483794733
[planta] rival ciclo=8 rueda=1 V=7.4 R=4 Rpuente=0.5 I0=0.15 Ke=0.0793326178 Kt=0.0483794733
[sensores] rival ToF alcance=1200 minimo=30 sigma_rel=0.07
[arranque] pulsador=37488 permiso=42488 ms
[gelatina] permiso de arranque a los 42488 ms
[gelatina] t=    0 ms  TRACK        rival=si d= 254 mm rumbo=   +0 cdeg  linea=0x0
[gelatina] t=    8 ms  ATTACK       rival=si d= 254 mm rumbo=   +0 cdeg  linea=0x0
WARNING: Contact joints between materials 'rueda' and 'dohyo' will only be created for the 10 deepest contact points instead of all the 11 contact points.
[arbitro] asalto  7/30  banco    rival fuera     +1   0.72 s
[gelatina] t=  728 ms  EDGE_ESCAPE  rival=si d=  42 mm rumbo=+3000 cdeg  linea=0x1
[planta] asalto=7 mu=1.1 slip=0.0005 aleatorio=0
[gelatina] fin de asalto motor={"battery_v":7.4,"resistance_ohm":[4,4],"bridge_ohm":[0.5,0.5],"omega_rad_s":[35.5020652,35.4489782],"current_a":[0.355569415,1.01949772],"torque_nm":[0.00994534001,0.042065842],"applied_pwm":[0.596828938,1],"over_1_2a_samples":40,"over_3_2a_samples":0}
[gelatina] t=    0 ms  WAIT         rival=no d=9999 mm rumbo=+3000 cdeg  linea=0x3
[rival] fin de asalto motor={"battery_v":7.4,"resistance_ohm":[4,4],"bridge_ohm":[0.5,0.5],"omega_rad_s":[-65.2297632,-62.9956016],"current_a":[-0.247811584,-0.287198669],"torque_nm":[-0.00473207292,-0.00663759937],"applied_pwm":[-0.85,-0.85],"over_1_2a_samples":117,"over_3_2a_samples":0}
[planta] gelatina ciclo=9 rueda=0 V=7.4 R=4 Rpuente=0.5 I0=0.15 Ke=0.0793326178 Kt=0.0483794733
[planta] gelatina ciclo=9 rueda=1 V=7.4 R=4 Rpuente=0.5 I0=0.15 Ke=0.0793326178 Kt=0.0483794733
[sensores] gelatina ToF alcance=1200 minimo=30 sigma_rel=0.07
[gelatina] pulsador recibido: permiso previsto 48520 ms
[arranque] pulsador=43520 permiso=48520 ms
[planta] rival ciclo=9 rueda=0 V=7.4 R=4 Rpuente=0.5 I0=0.15 Ke=0.0793326178 Kt=0.0483794733
[planta] rival ciclo=9 rueda=1 V=7.4 R=4 Rpuente=0.5 I0=0.15 Ke=0.0793326178 Kt=0.0483794733
[sensores] rival ToF alcance=1200 minimo=30 sigma_rel=0.07
[gelatina] permiso de arranque a los 48520 ms
[gelatina] t=    0 ms  TRACK        rival=si d= 269 mm rumbo=   +0 cdeg  linea=0x0
[gelatina] t=   64 ms  ATTACK       rival=si d= 256 mm rumbo=   +0 cdeg  linea=0x0
WARNING: Contact joints between materials 'rueda' and 'dohyo' will only be created for the 10 deepest contact points instead of all the 17 contact points.
[gelatina] t=  680 ms  SEARCH       rival=no d=9999 mm rumbo=  +33 cdeg  linea=0x0
[gelatina] t=  856 ms  TRACK        rival=si d=  58 mm rumbo=-3000 cdeg  linea=0x0
[gelatina] t=  864 ms  ATTACK       rival=si d=  58 mm rumbo=-3000 cdeg  linea=0x0
[gelatina] t= 1176 ms  SEARCH       rival=no d=9999 mm rumbo=-6000 cdeg  linea=0x0
[gelatina] t= 1184 ms  TRACK        rival=si d=  80 mm rumbo=-6000 cdeg  linea=0x0
[gelatina] t= 1192 ms  ATTACK       rival=si d=  80 mm rumbo=-6000 cdeg  linea=0x0
WARNING: Contact joints between materials 'patin' and 'dohyo' will only be created for the 10 deepest contact points instead of all the 16 contact points.
[gelatina] t= 1568 ms  EDGE_ESCAPE  rival=si d=  48 mm rumbo=+3000 cdeg  linea=0x3
[arbitro] asalto  8/30  banco    rival fuera     +1   1.59 s
[planta] asalto=8 mu=1.1 slip=0.0005 aleatorio=0
[gelatina] fin de asalto motor={"battery_v":7.4,"resistance_ohm":[4,4],"bridge_ohm":[0.5,0.5],"omega_rad_s":[26.1588694,54.1131871],"current_a":[-0.79527054,-0.625097899],"torque_nm":[-0.0457316909,-0.0374988281],"applied_pwm":[-0.203171059,0.200000033],"over_1_2a_samples":49,"over_3_2a_samples":0}
[gelatina] t=    0 ms  WAIT         rival=si d= 554 mm rumbo=-3000 cdeg  linea=0x0
[rival] fin de asalto motor={"battery_v":7.4,"resistance_ohm":[4,4],"bridge_ohm":[0.5,0.5],"omega_rad_s":[-61.4803454,-28.8725846],"current_a":[-0.313911835,-0.888769397],"torque_nm":[-0.00792996826,-0.0357412743],"applied_pwm":[-0.85,-0.85],"over_1_2a_samples":139,"over_3_2a_samples":0}
[planta] gelatina ciclo=10 rueda=0 V=7.4 R=4 Rpuente=0.5 I0=0.15 Ke=0.0793326178 Kt=0.0483794733
[planta] gelatina ciclo=10 rueda=1 V=7.4 R=4 Rpuente=0.5 I0=0.15 Ke=0.0793326178 Kt=0.0483794733
[sensores] gelatina ToF alcance=1200 minimo=30 sigma_rel=0.07
[gelatina] pulsador recibido: permiso previsto 55424 ms
[arranque] pulsador=50424 permiso=55424 ms
[planta] rival ciclo=10 rueda=0 V=7.4 R=4 Rpuente=0.5 I0=0.15 Ke=0.0793326178 Kt=0.0483794733
[planta] rival ciclo=10 rueda=1 V=7.4 R=4 Rpuente=0.5 I0=0.15 Ke=0.0793326178 Kt=0.0483794733
[sensores] rival ToF alcance=1200 minimo=30 sigma_rel=0.07
[gelatina] permiso de arranque a los 55424 ms
[gelatina] t=    0 ms  TRACK        rival=si d= 299 mm rumbo=   +0 cdeg  linea=0x0
[gelatina] t=   96 ms  ATTACK       rival=si d= 255 mm rumbo=   +0 cdeg  linea=0x0
WARNING: Contact joints between materials 'rueda' and 'dohyo' will only be created for the 10 deepest contact points instead of all the 14 contact points.
[gelatina] t=  648 ms  EDGE_ESCAPE  rival=si d=  38 mm rumbo=-3000 cdeg  linea=0x3
[arbitro] asalto  9/30  banco    rival fuera     +1   0.68 s
[planta] asalto=9 mu=1.1 slip=0.0005 aleatorio=0
[gelatina] fin de asalto motor={"battery_v":7.4,"resistance_ohm":[4,4],"bridge_ohm":[0.5,0.5],"omega_rad_s":[40.9380766,16.6747722],"current_a":[-0.721716619,-0.95695982],"torque_nm":[-0.0421731909,-0.0535541331],"applied_pwm":[0,-0.403171062],"over_1_2a_samples":49,"over_3_2a_samples":0}
[gelatina] t=    0 ms  WAIT         rival=si d= 179 mm rumbo=+2981 cdeg  linea=0x0
[rival] fin de asalto motor={"battery_v":7.4,"resistance_ohm":[4,4],"bridge_ohm":[0.5,0.5],"omega_rad_s":[-77.1948219,-64.6251989],"current_a":[-0.0368739329,-0.258469733],"torque_nm":[0.00547297955,-0.00524770854],"applied_pwm":[-0.85,-0.85],"over_1_2a_samples":155,"over_3_2a_samples":0}
[planta] gelatina ciclo=11 rueda=0 V=7.4 R=4 Rpuente=0.5 I0=0.15 Ke=0.0793326178 Kt=0.0483794733
[planta] gelatina ciclo=11 rueda=1 V=7.4 R=4 Rpuente=0.5 I0=0.15 Ke=0.0793326178 Kt=0.0483794733
[sensores] gelatina ToF alcance=1200 minimo=30 sigma_rel=0.07
[gelatina] pulsador recibido: permiso previsto 61416 ms
[planta] rival ciclo=11 rueda=0 V=7.4 R=4 Rpuente=0.5 I0=0.15 Ke=0.0793326178 Kt=0.0483794733
[planta] rival ciclo=11 rueda=1 V=7.4 R=4 Rpuente=0.5 I0=0.15 Ke=0.0793326178 Kt=0.0483794733
[sensores] rival ToF alcance=1200 minimo=30 sigma_rel=0.07
[arranque] pulsador=56416 permiso=61416 ms
[gelatina] permiso de arranque a los 61416 ms
[gelatina] t=    0 ms  TRACK        rival=si d= 283 mm rumbo=   +0 cdeg  linea=0x0
[gelatina] t=   95 ms  ATTACK       rival=si d= 248 mm rumbo=   +0 cdeg  linea=0x0
WARNING: Contact joints between materials 'rueda' and 'dohyo' will only be created for the 10 deepest contact points instead of all the 13 contact points.
[gelatina] t=  671 ms  EDGE_ESCAPE  rival=si d=  54 mm rumbo=-6000 cdeg  linea=0x1
[arbitro] asalto 10/30  banco    rival fuera     +1   0.76 s
[planta] asalto=10 mu=1.1 slip=0.0005 aleatorio=0
[gelatina] fin de asalto motor={"battery_v":7.4,"resistance_ohm":[4,4],"bridge_ohm":[0.5,0.5],"omega_rad_s":[-41.8216389,-74.1809279],"current_a":[-0.413817835,-0.336673956],"torque_nm":[-0.0127633679,-0.00903118766],"applied_pwm":[-0.700000048,-1],"over_1_2a_samples":49,"over_3_2a_samples":0}
[gelatina] t=    0 ms  WAIT         rival=si d=  49 mm rumbo=+6000 cdeg  linea=0x0
[rival] fin de asalto motor={"battery_v":7.4,"resistance_ohm":[4,4],"bridge_ohm":[0.5,0.5],"omega_rad_s":[-71.9656184,-48.3807815],"current_a":[-0.129062022,-0.544850211],"torque_nm":[0.00101296836,-0.0191026452],"applied_pwm":[-0.85,-0.85],"over_1_2a_samples":167,"over_3_2a_samples":0}
[planta] gelatina ciclo=12 rueda=0 V=7.4 R=4 Rpuente=0.5 I0=0.15 Ke=0.0793326178 Kt=0.0483794733
[planta] gelatina ciclo=12 rueda=1 V=7.4 R=4 Rpuente=0.5 I0=0.15 Ke=0.0793326178 Kt=0.0483794733
[sensores] gelatina ToF alcance=1200 minimo=30 sigma_rel=0.07
[gelatina] pulsador recibido: permiso previsto 67488 ms
[arranque] pulsador=62488 permiso=67488 ms
[planta] rival ciclo=12 rueda=0 V=7.4 R=4 Rpuente=0.5 I0=0.15 Ke=0.0793326178 Kt=0.0483794733
[planta] rival ciclo=12 rueda=1 V=7.4 R=4 Rpuente=0.5 I0=0.15 Ke=0.0793326178 Kt=0.0483794733
[sensores] rival ToF alcance=1200 minimo=30 sigma_rel=0.07
[gelatina] permiso de arranque a los 67488 ms
[gelatina] t=    0 ms  TRACK        rival=si d= 317 mm rumbo=   +0 cdeg  linea=0x0
[gelatina] t=   64 ms  ATTACK       rival=si d= 260 mm rumbo=   +0 cdeg  linea=0x0
WARNING: Contact joints between materials 'patin' and 'dohyo' will only be created for the 10 deepest contact points instead of all the 21 contact points.
[gelatina] t=  368 ms  EDGE_ESCAPE  rival=si d=  43 mm rumbo=-3000 cdeg  linea=0x1
[gelatina] t= 1032 ms  SEARCH       rival=si d=  40 mm rumbo=+2937 cdeg  linea=0x0
[gelatina] t= 1040 ms  TRACK        rival=si d=  40 mm rumbo=+2937 cdeg  linea=0x0
[gelatina] t= 1048 ms  ATTACK       rival=si d=  27 mm rumbo=+6000 cdeg  linea=0x0
WARNING: Contact joints between materials 'patin' and 'dohyo' will only be created for the 10 deepest contact points instead of all the 11 contact points.
[gelatina] t= 1336 ms  SEARCH       rival=no d=9999 mm rumbo=+6000 cdeg  linea=0x0
[gelatina] t= 1416 ms  TRACK        rival=si d= 135 mm rumbo=+6000 cdeg  linea=0x0
[gelatina] t= 1424 ms  ATTACK       rival=si d= 135 mm rumbo=+6000 cdeg  linea=0x0
WARNING: Contact joints between materials 'patin' and 'dohyo' will only be created for the 10 deepest contact points instead of all the 20 contact points.
[gelatina] t= 2648 ms  EDGE_ESCAPE  rival=si d=  31 mm rumbo=+6000 cdeg  linea=0x2
[arbitro] asalto 11/30  banco    rival fuera     +1   2.64 s
[planta] asalto=11 mu=1.1 slip=0.0005 aleatorio=0
[gelatina] fin de asalto motor={"battery_v":7.4,"resistance_ohm":[4,4],"bridge_ohm":[0.5,0.5],"omega_rad_s":[49.3444856,73.6412836],"current_a":[-0.212139421,0.346187599],"torque_nm":[-0.0175201145,0.00949145273],"applied_pwm":[0.399999976,1],"over_1_2a_samples":96,"over_3_2a_samples":0}
[gelatina] t=    0 ms  WAIT         rival=no d=9999 mm rumbo=+6000 cdeg  linea=0x3
[rival] fin de asalto motor={"battery_v":7.4,"resistance_ohm":[4,4],"bridge_ohm":[0.5,0.5],"omega_rad_s":[-51.3724175,42.2689105],"current_a":[-0.0809981409,0.241488152],"torque_nm":[0.0033382736,0.00442614859],"applied_pwm":[-0.6,0.6],"over_1_2a_samples":201,"over_3_2a_samples":0}
[planta] gelatina ciclo=13 rueda=0 V=7.4 R=4 Rpuente=0.5 I0=0.15 Ke=0.0793326178 Kt=0.0483794733
[planta] gelatina ciclo=13 rueda=1 V=7.4 R=4 Rpuente=0.5 I0=0.15 Ke=0.0793326178 Kt=0.0483794733
[sensores] gelatina ToF alcance=1200 minimo=30 sigma_rel=0.07
[gelatina] pulsador recibido: permiso previsto 75440 ms
[arranque] pulsador=70440 permiso=75440 ms
[planta] rival ciclo=13 rueda=0 V=7.4 R=4 Rpuente=0.5 I0=0.15 Ke=0.0793326178 Kt=0.0483794733
[planta] rival ciclo=13 rueda=1 V=7.4 R=4 Rpuente=0.5 I0=0.15 Ke=0.0793326178 Kt=0.0483794733
[sensores] rival ToF alcance=1200 minimo=30 sigma_rel=0.07
[gelatina] permiso de arranque a los 75440 ms
[gelatina] t=    0 ms  TRACK        rival=si d= 239 mm rumbo=   +0 cdeg  linea=0x0
[gelatina] t=    8 ms  ATTACK       rival=si d= 239 mm rumbo=   +0 cdeg  linea=0x0
WARNING: Contact joints between materials 'patin' and 'dohyo' will only be created for the 10 deepest contact points instead of all the 18 contact points.
[arbitro] asalto 12/30  banco    rival fuera     +1   1.01 s
[planta] asalto=12 mu=1.1 slip=0.0005 aleatorio=0
[gelatina] fin de asalto motor={"battery_v":7.4,"resistance_ohm":[4,4],"bridge_ohm":[0.5,0.5],"omega_rad_s":[21.9201457,51.5185371],"current_a":[0.271337175,0.736199909],"torque_nm":[0.0058702286,0.0283600428],"applied_pwm":[0.399999976,1],"over_1_2a_samples":101,"over_3_2a_samples":0}
[gelatina] t=    0 ms  WAIT         rival=si d= 274 mm rumbo=+6000 cdeg  linea=0x0
[rival] fin de asalto motor={"battery_v":7.4,"resistance_ohm":[4,4],"bridge_ohm":[0.5,0.5],"omega_rad_s":[-42.7330831,51.5462014],"current_a":[-0.233305033,0.0779344238],"torque_nm":[-0.00403025364,-0.00348649462],"applied_pwm":[-0.6,0.6],"over_1_2a_samples":215,"over_3_2a_samples":0}
[planta] gelatina ciclo=14 rueda=0 V=7.4 R=4 Rpuente=0.5 I0=0.15 Ke=0.0793326178 Kt=0.0483794733
[planta] gelatina ciclo=14 rueda=1 V=7.4 R=4 Rpuente=0.5 I0=0.15 Ke=0.0793326178 Kt=0.0483794733
[sensores] gelatina ToF alcance=1200 minimo=30 sigma_rel=0.07
[gelatina] pulsador recibido: permiso previsto 81760 ms
[arranque] pulsador=76760 permiso=81760 ms
[planta] rival ciclo=14 rueda=0 V=7.4 R=4 Rpuente=0.5 I0=0.15 Ke=0.0793326178 Kt=0.0483794733
[planta] rival ciclo=14 rueda=1 V=7.4 R=4 Rpuente=0.5 I0=0.15 Ke=0.0793326178 Kt=0.0483794733
[sensores] rival ToF alcance=1200 minimo=30 sigma_rel=0.07
[gelatina] permiso de arranque a los 81760 ms
[gelatina] t=    0 ms  TRACK        rival=si d= 213 mm rumbo=   +0 cdeg  linea=0x0
[gelatina] t=    8 ms  ATTACK       rival=si d= 213 mm rumbo=   +0 cdeg  linea=0x0
WARNING: Contact joints between materials 'patin' and 'dohyo' will only be created for the 10 deepest contact points instead of all the 49 contact points.
[arbitro] asalto 13/30  banco    rival fuera     +1   0.62 s
[planta] asalto=13 mu=1.1 slip=0.0005 aleatorio=0
[gelatina] fin de asalto motor={"battery_v":7.4,"resistance_ohm":[4,4],"bridge_ohm":[0.5,0.5],"omega_rad_s":[34.6597232,16.5152377],"current_a":[1.03341187,0.690297133],"torque_nm":[0.0427390011,0.0261392907],"applied_pwm":[1,0.596828938],"over_1_2a_samples":104,"over_3_2a_samples":0}
[gelatina] t=    0 ms  WAIT         rival=no d=9999 mm rumbo=-3000 cdeg  linea=0x4
[rival] fin de asalto motor={"battery_v":7.4,"resistance_ohm":[4,4],"bridge_ohm":[0.5,0.5],"omega_rad_s":[-50.1675605,-60.28351],"current_a":[-0.513350244,-0.335011409],"torque_nm":[-0.0175786934,-0.00895075453],"applied_pwm":[-0.85,-0.85],"over_1_2a_samples":223,"over_3_2a_samples":0}
[arranque] pulsador=82696 permiso=87696 ms
[planta] gelatina ciclo=15 rueda=0 V=7.4 R=4 Rpuente=0.5 I0=0.15 Ke=0.0793326178 Kt=0.0483794733
[planta] gelatina ciclo=15 rueda=1 V=7.4 R=4 Rpuente=0.5 I0=0.15 Ke=0.0793326178 Kt=0.0483794733
[sensores] gelatina ToF alcance=1200 minimo=30 sigma_rel=0.07
[gelatina] pulsador recibido: permiso previsto 87696 ms
[planta] rival ciclo=15 rueda=0 V=7.4 R=4 Rpuente=0.5 I0=0.15 Ke=0.0793326178 Kt=0.0483794733
[planta] rival ciclo=15 rueda=1 V=7.4 R=4 Rpuente=0.5 I0=0.15 Ke=0.0793326178 Kt=0.0483794733
[sensores] rival ToF alcance=1200 minimo=30 sigma_rel=0.07
[gelatina] permiso de arranque a los 87696 ms
[gelatina] t=    0 ms  TRACK        rival=si d= 310 mm rumbo=   +0 cdeg  linea=0x0
[gelatina] t=  128 ms  ATTACK       rival=si d= 206 mm rumbo=   +0 cdeg  linea=0x0
WARNING: Contact joints between materials 'rueda' and 'dohyo' will only be created for the 10 deepest contact points instead of all the 12 contact points.
[arbitro] asalto 14/30  banco    rival fuera     +1   0.70 s
[planta] asalto=14 mu=1.1 slip=0.0005 aleatorio=0
[gelatina] fin de asalto motor={"battery_v":7.4,"resistance_ohm":[4,4],"bridge_ohm":[0.5,0.5],"omega_rad_s":[69.2355987,33.3268955],"current_a":[0.423857491,0.0702422143],"torque_nm":[0.0132490812,-0.00385863967],"applied_pwm":[1,0.399999976],"over_1_2a_samples":105,"over_3_2a_samples":0}
[gelatina] t=    0 ms  WAIT         rival=no d=9999 mm rumbo=-6000 cdeg  linea=0x1
[rival] fin de asalto motor={"battery_v":7.4,"resistance_ohm":[4,4],"bridge_ohm":[0.5,0.5],"omega_rad_s":[-8.84441307,-10.824894],"current_a":[-1.24185546,-1.20694063],"torque_nm":[-0.0528233923,-0.0511342309],"applied_pwm":[-0.85,-0.85],"over_1_2a_samples":240,"over_3_2a_samples":0}
[planta] gelatina ciclo=16 rueda=0 V=7.4 R=4 Rpuente=0.5 I0=0.15 Ke=0.0793326178 Kt=0.0483794733
[planta] gelatina ciclo=16 rueda=1 V=7.4 R=4 Rpuente=0.5 I0=0.15 Ke=0.0793326178 Kt=0.0483794733
[sensores] gelatina ToF alcance=1200 minimo=30 sigma_rel=0.07
[gelatina] pulsador recibido: permiso previsto 93704 ms
[planta] rival ciclo=16 rueda=0 V=7.4 R=4 Rpuente=0.5 I0=0.15 Ke=0.0793326178 Kt=0.0483794733
[planta] rival ciclo=16 rueda=1 V=7.4 R=4 Rpuente=0.5 I0=0.15 Ke=0.0793326178 Kt=0.0483794733
[arranque] pulsador=88704 permiso=93704 ms
[sensores] rival ToF alcance=1200 minimo=30 sigma_rel=0.07
[gelatina] permiso de arranque a los 93704 ms
[gelatina] t=    0 ms  TRACK        rival=si d= 262 mm rumbo=   +0 cdeg  linea=0x0
[gelatina] t=   95 ms  ATTACK       rival=si d= 237 mm rumbo=   +0 cdeg  linea=0x0
WARNING: Contact joints between materials 'rueda' and 'dohyo' will only be created for the 10 deepest contact points instead of all the 11 contact points.
[arbitro] asalto 15/30  banco    rival fuera     +1   0.62 s
[planta] asalto=15 mu=1.1 slip=0.0005 aleatorio=0
[gelatina] fin de asalto motor={"battery_v":7.4,"resistance_ohm":[4,4],"bridge_ohm":[0.5,0.5],"omega_rad_s":[66.6789191,56.7762388],"current_a":[0.468930399,0.64350941],"torque_nm":[0.0154296848,0.0238757254],"applied_pwm":[1,1],"over_1_2a_samples":106,"over_3_2a_samples":0}
[gelatina] t=    0 ms  WAIT         rival=si d=  46 mm rumbo=   +0 cdeg  linea=0x2
[rival] fin de asalto motor={"battery_v":7.4,"resistance_ohm":[4,4],"bridge_ohm":[0.5,0.5],"omega_rad_s":[-62.3830942,-62.4171042],"current_a":[-0.297996851,-0.297397273],"torque_nm":[-0.00716000971,-0.00713100242],"applied_pwm":[-0.85,-0.85],"over_1_2a_samples":254,"over_3_2a_samples":0}
[planta] gelatina ciclo=17 rueda=0 V=7.4 R=4 Rpuente=0.5 I0=0.15 Ke=0.0793326178 Kt=0.0483794733
[planta] gelatina ciclo=17 rueda=1 V=7.4 R=4 Rpuente=0.5 I0=0.15 Ke=0.0793326178 Kt=0.0483794733
[sensores] gelatina ToF alcance=1200 minimo=30 sigma_rel=0.07
[gelatina] pulsador recibido: permiso previsto 99640 ms
[planta] rival ciclo=17 rueda=0 V=7.4 R=4 Rpuente=0.5 I0=0.15 Ke=0.0793326178 Kt=0.0483794733
[planta] rival ciclo=17 rueda=1 V=7.4 R=4 Rpuente=0.5 I0=0.15 Ke=0.0793326178 Kt=0.0483794733
[sensores] rival ToF alcance=1200 minimo=30 sigma_rel=0.07
[arranque] pulsador=94640 permiso=99640 ms
[gelatina] permiso de arranque a los 99640 ms
[gelatina] t=    0 ms  TRACK        rival=si d= 312 mm rumbo=   +0 cdeg  linea=0x0
[gelatina] t=   32 ms  ATTACK       rival=si d= 242 mm rumbo=   +0 cdeg  linea=0x0
WARNING: Contact joints between materials 'rueda' and 'dohyo' will only be created for the 10 deepest contact points instead of all the 26 contact points.
[arbitro] asalto 16/30  banco    expulsado       -1   0.77 s
[planta] asalto=16 mu=1.1 slip=0.0005 aleatorio=0
[gelatina] fin de asalto motor={"battery_v":7.4,"resistance_ohm":[4,4],"bridge_ohm":[0.5,0.5],"omega_rad_s":[74.8705135,40.7814156],"current_a":[0.324516926,0.262497262],"torque_nm":[0.00844303698,0.00544255831],"applied_pwm":[1,0.596828938],"over_1_2a_samples":110,"over_3_2a_samples":0}
[gelatina] t=    0 ms  WAIT         rival=si d= 309 mm rumbo=   +0 cdeg  linea=0x8
[rival] fin de asalto motor={"battery_v":7.4,"resistance_ohm":[4,4],"bridge_ohm":[0.5,0.5],"omega_rad_s":[-67.8498792,-67.4949736],"current_a":[-0.201620326,-0.207877124],"torque_nm":[-0.0024973642,-0.00280006478],"applied_pwm":[-0.85,-0.85],"over_1_2a_samples":272,"over_3_2a_samples":0}
[planta] gelatina ciclo=18 rueda=0 V=7.4 R=4 Rpuente=0.5 I0=0.15 Ke=0.0793326178 Kt=0.0483794733
[planta] gelatina ciclo=18 rueda=1 V=7.4 R=4 Rpuente=0.5 I0=0.15 Ke=0.0793326178 Kt=0.0483794733
[sensores] gelatina ToF alcance=1200 minimo=30 sigma_rel=0.07
[gelatina] pulsador recibido: permiso previsto 105720 ms
[planta] rival ciclo=18 rueda=0 V=7.4 R=4 Rpuente=0.5 I0=0.15 Ke=0.0793326178 Kt=0.0483794733
[planta] rival ciclo=18 rueda=1 V=7.4 R=4 Rpuente=0.5 I0=0.15 Ke=0.0793326178 Kt=0.0483794733
[sensores] rival ToF alcance=1200 minimo=30 sigma_rel=0.07
[arranque] pulsador=100720 permiso=105720 ms
[gelatina] permiso de arranque a los 105720 ms
[gelatina] t=    0 ms  TRACK        rival=si d= 344 mm rumbo=   +0 cdeg  linea=0x0
[gelatina] t=   96 ms  ATTACK       rival=si d= 243 mm rumbo=   +0 cdeg  linea=0x0
WARNING: Contact joints between materials 'rueda' and 'dohyo' will only be created for the 10 deepest contact points instead of all the 21 contact points.
[arbitro] asalto 17/30  banco    rival fuera     +1   0.66 s
[planta] asalto=17 mu=1.1 slip=0.0005 aleatorio=0
[gelatina] fin de asalto motor={"battery_v":7.4,"resistance_ohm":[4,4],"bridge_ohm":[0.5,0.5],"omega_rad_s":[67.8508992,38.0389769],"current_a":[0.448269011,0.310845006],"torque_nm":[0.0144300977,0.00778159667],"applied_pwm":[1,0.596828938],"over_1_2a_samples":111,"over_3_2a_samples":0}
[gelatina] t=    0 ms  WAIT         rival=no d=9999 mm rumbo=-3000 cdeg  linea=0x6
[rival] fin de asalto motor={"battery_v":7.4,"resistance_ohm":[4,4],"bridge_ohm":[0.5,0.5],"omega_rad_s":[-13.6514952,-60.4116279],"current_a":[-1.15710914,-0.33275276],"torque_nm":[-0.04872341,-0.00884148225],"applied_pwm":[-0.85,-0.85],"over_1_2a_samples":287,"over_3_2a_samples":0}
[planta] gelatina ciclo=19 rueda=0 V=7.4 R=4 Rpuente=0.5 I0=0.15 Ke=0.0793326178 Kt=0.0483794733
[planta] gelatina ciclo=19 rueda=1 V=7.4 R=4 Rpuente=0.5 I0=0.15 Ke=0.0793326178 Kt=0.0483794733
[sensores] gelatina ToF alcance=1200 minimo=30 sigma_rel=0.07
[gelatina] pulsador recibido: permiso previsto 111688 ms
[planta] rival ciclo=19 rueda=0 V=7.4 R=4 Rpuente=0.5 I0=0.15 Ke=0.0793326178 Kt=0.0483794733
[planta] rival ciclo=19 rueda=1 V=7.4 R=4 Rpuente=0.5 I0=0.15 Ke=0.0793326178 Kt=0.0483794733
[arranque] pulsador=106688 permiso=111688 ms
[sensores] rival ToF alcance=1200 minimo=30 sigma_rel=0.07
[gelatina] permiso de arranque a los 111688 ms
[gelatina] t=    0 ms  TRACK        rival=si d= 310 mm rumbo=   +0 cdeg  linea=0x0
[gelatina] t=   96 ms  ATTACK       rival=si d= 236 mm rumbo=   +0 cdeg  linea=0x0
WARNING: Contact joints between materials 'patin' and 'dohyo' will only be created for the 10 deepest contact points instead of all the 11 contact points.
[arbitro] asalto 18/30  banco    rival fuera     +1   0.61 s
[planta] asalto=18 mu=1.1 slip=0.0005 aleatorio=0
[gelatina] fin de asalto motor={"battery_v":7.4,"resistance_ohm":[4,4],"bridge_ohm":[0.5,0.5],"omega_rad_s":[60.8978146,57.8721479],"current_a":[0.570848211,0.624189113],"torque_nm":[0.0203604148,0.0229410195],"applied_pwm":[1,1],"over_1_2a_samples":112,"over_3_2a_samples":0}
[gelatina] t=    0 ms  WAIT         rival=si d= 261 mm rumbo=   +0 cdeg  linea=0x2
[rival] fin de asalto motor={"battery_v":7.4,"resistance_ohm":[4,4],"bridge_ohm":[0.5,0.5],"omega_rad_s":[-43.5575304,-23.5973815],"current_a":[-0.629881575,-0.981768433],"torque_nm":[-0.0232164179,-0.0402405187],"applied_pwm":[-0.85,-0.85],"over_1_2a_samples":301,"over_3_2a_samples":0}
[planta] gelatina ciclo=20 rueda=0 V=7.4 R=4 Rpuente=0.5 I0=0.15 Ke=0.0793326178 Kt=0.0483794733
[planta] gelatina ciclo=20 rueda=1 V=7.4 R=4 Rpuente=0.5 I0=0.15 Ke=0.0793326178 Kt=0.0483794733
[sensores] gelatina ToF alcance=1200 minimo=30 sigma_rel=0.07
[gelatina] pulsador recibido: permiso previsto 117608 ms
[planta] rival ciclo=20 rueda=0 V=7.4 R=4 Rpuente=0.5 I0=0.15 Ke=0.0793326178 Kt=0.0483794733
[planta] rival ciclo=20 rueda=1 V=7.4 R=4 Rpuente=0.5 I0=0.15 Ke=0.0793326178 Kt=0.0483794733
[sensores] rival ToF alcance=1200 minimo=30 sigma_rel=0.07
[arranque] pulsador=112608 permiso=117608 ms
[gelatina] permiso de arranque a los 117608 ms
[gelatina] t=    0 ms  TRACK        rival=si d= 276 mm rumbo=   +0 cdeg  linea=0x0
[gelatina] t=   96 ms  ATTACK       rival=si d= 219 mm rumbo=   +0 cdeg  linea=0x0
WARNING: Contact joints between materials 'patin' and 'dohyo' will only be created for the 10 deepest contact points instead of all the 37 contact points.
[arbitro] asalto 19/30  banco    expulsado       -1   1.12 s
[planta] asalto=19 mu=1.1 slip=0.0005 aleatorio=0
[gelatina] fin de asalto motor={"battery_v":7.4,"resistance_ohm":[4,4],"bridge_ohm":[0.5,0.5],"omega_rad_s":[62.0754204,75.478721],"current_a":[0.550087644,-0.150742234],"torque_nm":[0.0193560295,-0.0145497509],"applied_pwm":[1,0.717511415],"over_1_2a_samples":118,"over_3_2a_samples":0}
[gelatina] t=    0 ms  WAIT         rival=si d=  97 mm rumbo=-2102 cdeg  linea=0x0
[rival] fin de asalto motor={"battery_v":7.4,"resistance_ohm":[4,4],"bridge_ohm":[0.5,0.5],"omega_rad_s":[-31.3288964,45.4745892],"current_a":[-0.434354808,0.184973733],"torque_nm":[-0.0137569359,0.00169201077],"applied_pwm":[-0.6,0.6],"over_1_2a_samples":322,"over_3_2a_samples":0}
[planta] gelatina ciclo=21 rueda=0 V=7.4 R=4 Rpuente=0.5 I0=0.15 Ke=0.0793326178 Kt=0.0483794733
[planta] gelatina ciclo=21 rueda=1 V=7.4 R=4 Rpuente=0.5 I0=0.15 Ke=0.0793326178 Kt=0.0483794733
[sensores] gelatina ToF alcance=1200 minimo=30 sigma_rel=0.07
[gelatina] pulsador recibido: permiso previsto 124040 ms
[planta] rival ciclo=21 rueda=0 V=7.4 R=4 Rpuente=0.5 I0=0.15 Ke=0.0793326178 Kt=0.0483794733
[planta] rival ciclo=21 rueda=1 V=7.4 R=4 Rpuente=0.5 I0=0.15 Ke=0.0793326178 Kt=0.0483794733
[sensores] rival ToF alcance=1200 minimo=30 sigma_rel=0.07
[arranque] pulsador=119040 permiso=124040 ms
[gelatina] permiso de arranque a los 124040 ms
[gelatina] t=    0 ms  TRACK        rival=si d= 273 mm rumbo=   +0 cdeg  linea=0x0
[gelatina] t=  128 ms  ATTACK       rival=si d= 224 mm rumbo=   +0 cdeg  linea=0x0
WARNING: Contact joints between materials 'rueda' and 'dohyo' will only be created for the 10 deepest contact points instead of all the 80 contact points.
[gelatina] t= 1080 ms  SEARCH       rival=no d=9999 mm rumbo=-3000 cdeg  linea=0x0
[gelatina] t= 1176 ms  EDGE_ESCAPE  rival=no d=9999 mm rumbo=-3000 cdeg  linea=0x2
[arbitro] asalto 20/30  banco    expulsado       -1   1.26 s
[planta] asalto=20 mu=1.1 slip=0.0005 aleatorio=0
[gelatina] fin de asalto motor={"battery_v":7.4,"resistance_ohm":[4,4],"bridge_ohm":[0.5,0.5],"omega_rad_s":[-69.6086991,-52.9323772],"current_a":[-0.41727993,-0.217941401],"torque_nm":[-0.0129308622,-0.00328696919],"applied_pwm":[-1,-0.700000048],"over_1_2a_samples":123,"over_3_2a_samples":0}
[gelatina] t=    0 ms  WAIT         rival=si d= 273 mm rumbo=   +0 cdeg  linea=0x8
[rival] fin de asalto motor={"battery_v":7.4,"resistance_ohm":[4,4],"bridge_ohm":[0.5,0.5],"omega_rad_s":[-39.3718927,20.6084911],"current_a":[-0.292561042,0.623349879],"torque_nm":[-0.00689702811,0.0229004179],"applied_pwm":[-0.6,0.6],"over_1_2a_samples":336,"over_3_2a_samples":0}
[planta] gelatina ciclo=22 rueda=0 V=7.4 R=4 Rpuente=0.5 I0=0.15 Ke=0.0793326178 Kt=0.0483794733
[planta] gelatina ciclo=22 rueda=1 V=7.4 R=4 Rpuente=0.5 I0=0.15 Ke=0.0793326178 Kt=0.0483794733
[sensores] gelatina ToF alcance=1200 minimo=30 sigma_rel=0.07
[gelatina] pulsador recibido: permiso previsto 130616 ms
[arranque] pulsador=125616 permiso=130616 ms
[planta] rival ciclo=22 rueda=0 V=7.4 R=4 Rpuente=0.5 I0=0.15 Ke=0.0793326178 Kt=0.0483794733
[planta] rival ciclo=22 rueda=1 V=7.4 R=4 Rpuente=0.5 I0=0.15 Ke=0.0793326178 Kt=0.0483794733
[sensores] rival ToF alcance=1200 minimo=30 sigma_rel=0.07
[gelatina] permiso de arranque a los 130616 ms
[gelatina] t=    0 ms  TRACK        rival=si d= 289 mm rumbo=   +0 cdeg  linea=0x0
[gelatina] t=   63 ms  ATTACK       rival=si d= 242 mm rumbo=   +0 cdeg  linea=0x0
WARNING: Contact joints between materials 'patin' and 'dohyo' will only be created for the 10 deepest contact points instead of all the 40 contact points.
[arbitro] asalto 21/30  banco    rival fuera     +1   0.83 s
[planta] asalto=21 mu=1.1 slip=0.0005 aleatorio=0
[gelatina] fin de asalto motor={"battery_v":7.4,"resistance_ohm":[4,4],"bridge_ohm":[0.5,0.5],"omega_rad_s":[71.5059019,24.596097],"current_a":[0.383833248,1.09568855],"torque_nm":[0.0113127294,0.0457519142],"applied_pwm":[1,0.929982603],"over_1_2a_samples":130,"over_3_2a_samples":0}
[gelatina] t=    0 ms  WAIT         rival=si d=  64 mm rumbo= -521 cdeg  linea=0x0
[rival] fin de asalto motor={"battery_v":7.4,"resistance_ohm":[4,4],"bridge_ohm":[0.5,0.5],"omega_rad_s":[-71.3830766,-11.4734141],"current_a":[-0.139331927,-1.19550756],"torque_nm":[0.000516115767,-0.0505811052],"applied_pwm":[-0.85,-0.85],"over_1_2a_samples":357,"over_3_2a_samples":0}
[planta] gelatina ciclo=23 rueda=0 V=7.4 R=4 Rpuente=0.5 I0=0.15 Ke=0.0793326178 Kt=0.0483794733
[planta] gelatina ciclo=23 rueda=1 V=7.4 R=4 Rpuente=0.5 I0=0.15 Ke=0.0793326178 Kt=0.0483794733
[sensores] gelatina ToF alcance=1200 minimo=30 sigma_rel=0.07
[gelatina] pulsador recibido: permiso previsto 136760 ms
[planta] rival ciclo=23 rueda=0 V=7.4 R=4 Rpuente=0.5 I0=0.15 Ke=0.0793326178 Kt=0.0483794733
[planta] rival ciclo=23 rueda=1 V=7.4 R=4 Rpuente=0.5 I0=0.15 Ke=0.0793326178 Kt=0.0483794733
[sensores] rival ToF alcance=1200 minimo=30 sigma_rel=0.07
[arranque] pulsador=131760 permiso=136760 ms
[gelatina] permiso de arranque a los 136760 ms
[gelatina] t=    0 ms  TRACK        rival=si d= 258 mm rumbo=   +0 cdeg  linea=0x0
[gelatina] t=    8 ms  ATTACK       rival=si d= 258 mm rumbo=   +0 cdeg  linea=0x0
WARNING: Contact joints between materials 'rueda' and 'dohyo' will only be created for the 10 deepest contact points instead of all the 14 contact points.
[arbitro] asalto 22/30  banco    expulsado       -1   0.75 s
[planta] asalto=22 mu=1.1 slip=0.0005 aleatorio=0
[gelatina] fin de asalto motor={"battery_v":7.4,"resistance_ohm":[4,4],"bridge_ohm":[0.5,0.5],"omega_rad_s":[77.6359184,40.9668856],"current_a":[0.275764302,0.588116394],"torque_nm":[0.00608441072,0.0211958404],"applied_pwm":[1,0.796828926],"over_1_2a_samples":134,"over_3_2a_samples":0}
[gelatina] t=    0 ms  WAIT         rival=si d=  40 mm rumbo=   +0 cdeg  linea=0x0
[rival] fin de asalto motor={"battery_v":7.4,"resistance_ohm":[4,4],"bridge_ohm":[0.5,0.5],"omega_rad_s":[-67.0214886,-22.0313583],"current_a":[-0.216224413,-1.00937659],"torque_nm":[-0.00320390222,-0.041576187],"applied_pwm":[-0.85,-0.85],"over_1_2a_samples":379,"over_3_2a_samples":0}
[planta] gelatina ciclo=24 rueda=0 V=7.4 R=4 Rpuente=0.5 I0=0.15 Ke=0.0793326178 Kt=0.0483794733
[planta] gelatina ciclo=24 rueda=1 V=7.4 R=4 Rpuente=0.5 I0=0.15 Ke=0.0793326178 Kt=0.0483794733
[sensores] gelatina ToF alcance=1200 minimo=30 sigma_rel=0.07
[gelatina] pulsador recibido: permiso previsto 142824 ms
[planta] rival ciclo=24 rueda=0 V=7.4 R=4 Rpuente=0.5 I0=0.15 Ke=0.0793326178 Kt=0.0483794733
[planta] rival ciclo=24 rueda=1 V=7.4 R=4 Rpuente=0.5 I0=0.15 Ke=0.0793326178 Kt=0.0483794733
[sensores] rival ToF alcance=1200 minimo=30 sigma_rel=0.07
[arranque] pulsador=137824 permiso=142824 ms
[gelatina] permiso de arranque a los 142824 ms
[gelatina] t=    0 ms  TRACK        rival=si d= 304 mm rumbo=   +0 cdeg  linea=0x0
[gelatina] t=  128 ms  ATTACK       rival=si d= 242 mm rumbo=   +0 cdeg  linea=0x0
WARNING: Contact joints between materials 'rueda' and 'dohyo' will only be created for the 10 deepest contact points instead of all the 12 contact points.
[arbitro] asalto 23/30  banco    rival fuera     +1   0.76 s
[planta] asalto=23 mu=1.1 slip=0.0005 aleatorio=0
[gelatina] fin de asalto motor={"battery_v":7.4,"resistance_ohm":[4,4],"bridge_ohm":[0.5,0.5],"omega_rad_s":[70.6795294,42.7096738],"current_a":[0.398401758,0.891495505],"torque_nm":[0.0120175462,0.035873162],"applied_pwm":[1,1],"over_1_2a_samples":141,"over_3_2a_samples":0}
[gelatina] t=    0 ms  WAIT         rival=no d=9999 mm rumbo=   +0 cdeg  linea=0x4
[rival] fin de asalto motor={"battery_v":7.4,"resistance_ohm":[4,4],"bridge_ohm":[0.5,0.5],"omega_rad_s":[-70.7734944,-33.9439851],"current_a":[-0.150078537,-0.79936329],"torque_nm":[-3.79959763e-06,-0.031415854],"applied_pwm":[-0.85,-0.85],"over_1_2a_samples":402,"over_3_2a_samples":0}
[planta] gelatina ciclo=25 rueda=0 V=7.4 R=4 Rpuente=0.5 I0=0.15 Ke=0.0793326178 Kt=0.0483794733
[planta] gelatina ciclo=25 rueda=1 V=7.4 R=4 Rpuente=0.5 I0=0.15 Ke=0.0793326178 Kt=0.0483794733
[sensores] gelatina ToF alcance=1200 minimo=30 sigma_rel=0.07
[gelatina] pulsador recibido: permiso previsto 148896 ms
[planta] rival ciclo=25 rueda=0 V=7.4 R=4 Rpuente=0.5 I0=0.15 Ke=0.0793326178 Kt=0.0483794733
[planta] rival ciclo=25 rueda=1 V=7.4 R=4 Rpuente=0.5 I0=0.15 Ke=0.0793326178 Kt=0.0483794733
[sensores] rival ToF alcance=1200 minimo=30 sigma_rel=0.07
[arranque] pulsador=143896 permiso=148896 ms
[gelatina] permiso de arranque a los 148896 ms
[gelatina] t=    0 ms  TRACK        rival=si d= 309 mm rumbo=   +0 cdeg  linea=0x0
[gelatina] t=  127 ms  ATTACK       rival=si d= 234 mm rumbo=   +0 cdeg  linea=0x0
WARNING: Contact joints between materials 'rueda' and 'dohyo' will only be created for the 10 deepest contact points instead of all the 11 contact points.
[gelatina] t=  679 ms  SEARCH       rival=no d=9999 mm rumbo=   +5 cdeg  linea=0x1
[arbitro] asalto 24/30  banco    rival fuera     +1   0.67 s
[planta] asalto=24 mu=1.1 slip=0.0005 aleatorio=0
[gelatina] fin de asalto motor={"battery_v":7.4,"resistance_ohm":[4,4],"bridge_ohm":[0.5,0.5],"omega_rad_s":[49.7736494,23.6841214],"current_a":[0.765856415,1.22690592],"torque_nm":[0.029794809,0.0521001414],"applied_pwm":[0.999328077,1],"over_1_2a_samples":144,"over_3_2a_samples":0}
[gelatina] t=    0 ms  WAIT         rival=si d= 296 mm rumbo=   +0 cdeg  linea=0x0
[rival] fin de asalto motor={"battery_v":7.4,"resistance_ohm":[4,4],"bridge_ohm":[0.5,0.5],"omega_rad_s":[-21.1460524,-40.9312186],"current_a":[-1.02498407,-0.676182062],"torque_nm":[-0.0423312684,-0.025456411],"applied_pwm":[-0.85,-0.85],"over_1_2a_samples":414,"over_3_2a_samples":0}
[arranque] pulsador=149880 permiso=154880 ms
[planta] gelatina ciclo=26 rueda=0 V=7.4 R=4 Rpuente=0.5 I0=0.15 Ke=0.0793326178 Kt=0.0483794733
[planta] gelatina ciclo=26 rueda=1 V=7.4 R=4 Rpuente=0.5 I0=0.15 Ke=0.0793326178 Kt=0.0483794733
[sensores] gelatina ToF alcance=1200 minimo=30 sigma_rel=0.07
[gelatina] pulsador recibido: permiso previsto 154880 ms
[planta] rival ciclo=26 rueda=0 V=7.4 R=4 Rpuente=0.5 I0=0.15 Ke=0.0793326178 Kt=0.0483794733
[planta] rival ciclo=26 rueda=1 V=7.4 R=4 Rpuente=0.5 I0=0.15 Ke=0.0793326178 Kt=0.0483794733
[sensores] rival ToF alcance=1200 minimo=30 sigma_rel=0.07
[gelatina] permiso de arranque a los 154880 ms
[gelatina] t=    0 ms  TRACK        rival=si d= 261 mm rumbo=   +0 cdeg  linea=0x0
[gelatina] t=   32 ms  ATTACK       rival=si d= 242 mm rumbo=   +0 cdeg  linea=0x0
WARNING: Contact joints between materials 'patin' and 'dohyo' will only be created for the 10 deepest contact points instead of all the 21 contact points.
[arbitro] asalto 25/30  banco    rival fuera     +1   0.69 s
[planta] asalto=25 mu=1.1 slip=0.0005 aleatorio=0
[gelatina] fin de asalto motor={"battery_v":7.4,"resistance_ohm":[4,4],"bridge_ohm":[0.5,0.5],"omega_rad_s":[49.2121637,26.0163582],"current_a":[0.776860051,0.199123115],"torque_nm":[0.0303271591,0.00237655044],"applied_pwm":[1,0.399999976],"over_1_2a_samples":151,"over_3_2a_samples":0}
[gelatina] t=    0 ms  WAIT         rival=no d=9999 mm rumbo=-6000 cdeg  linea=0x1
[rival] fin de asalto motor={"battery_v":7.4,"resistance_ohm":[4,4],"bridge_ohm":[0.5,0.5],"omega_rad_s":[-66.7275996,-47.5037957],"current_a":[-0.221405521,-0.560311007],"torque_nm":[-0.0034545615,-0.0198506304],"applied_pwm":[-0.85,-0.85],"over_1_2a_samples":430,"over_3_2a_samples":0}
[planta] gelatina ciclo=27 rueda=0 V=7.4 R=4 Rpuente=0.5 I0=0.15 Ke=0.0793326178 Kt=0.0483794733
[planta] gelatina ciclo=27 rueda=1 V=7.4 R=4 Rpuente=0.5 I0=0.15 Ke=0.0793326178 Kt=0.0483794733
[sensores] gelatina ToF alcance=1200 minimo=30 sigma_rel=0.07
[gelatina] pulsador recibido: permiso previsto 160880 ms
[planta] rival ciclo=27 rueda=0 V=7.4 R=4 Rpuente=0.5 I0=0.15 Ke=0.0793326178 Kt=0.0483794733
[planta] rival ciclo=27 rueda=1 V=7.4 R=4 Rpuente=0.5 I0=0.15 Ke=0.0793326178 Kt=0.0483794733
[sensores] rival ToF alcance=1200 minimo=30 sigma_rel=0.07
[arranque] pulsador=155880 permiso=160880 ms
[gelatina] permiso de arranque a los 160880 ms
[gelatina] t=    0 ms  TRACK        rival=si d= 292 mm rumbo=   +0 cdeg  linea=0x0
[gelatina] t=   96 ms  ATTACK       rival=si d= 237 mm rumbo=   +0 cdeg  linea=0x0
WARNING: Contact joints between materials 'patin' and 'dohyo' will only be created for the 10 deepest contact points instead of all the 13 contact points.
[arbitro] asalto 26/30  banco    rival fuera     +1   0.65 s
[planta] asalto=26 mu=1.1 slip=0.0005 aleatorio=0
[gelatina] fin de asalto motor={"battery_v":7.4,"resistance_ohm":[4,4],"bridge_ohm":[0.5,0.5],"omega_rad_s":[45.0553188,31.7717506],"current_a":[0.850143026,0.421332888],"torque_nm":[0.0338725509,0.0131269422],"applied_pwm":[1,0.596828938],"over_1_2a_samples":153,"over_3_2a_samples":0}
[gelatina] t=    0 ms  WAIT         rival=si d=  73 mm rumbo=+6000 cdeg  linea=0x1
[rival] fin de asalto motor={"battery_v":7.4,"resistance_ohm":[4,4],"bridge_ohm":[0.5,0.5],"omega_rad_s":[-63.3245108,-63.1639825],"current_a":[-0.281400175,-0.284230204],"torque_nm":[-0.00635707127,-0.00649398656],"applied_pwm":[-0.85,-0.85],"over_1_2a_samples":443,"over_3_2a_samples":0}
[planta] gelatina ciclo=28 rueda=0 V=7.4 R=4 Rpuente=0.5 I0=0.15 Ke=0.0793326178 Kt=0.0483794733
[planta] gelatina ciclo=28 rueda=1 V=7.4 R=4 Rpuente=0.5 I0=0.15 Ke=0.0793326178 Kt=0.0483794733
[sensores] gelatina ToF alcance=1200 minimo=30 sigma_rel=0.07
[gelatina] pulsador recibido: permiso previsto 166840 ms
[arranque] pulsador=161840 permiso=166840 ms
[planta] rival ciclo=28 rueda=0 V=7.4 R=4 Rpuente=0.5 I0=0.15 Ke=0.0793326178 Kt=0.0483794733
[planta] rival ciclo=28 rueda=1 V=7.4 R=4 Rpuente=0.5 I0=0.15 Ke=0.0793326178 Kt=0.0483794733
[sensores] rival ToF alcance=1200 minimo=30 sigma_rel=0.07
[gelatina] permiso de arranque a los 166840 ms
[gelatina] t=    0 ms  TRACK        rival=si d= 329 mm rumbo=   +0 cdeg  linea=0x0
[gelatina] t=   96 ms  ATTACK       rival=si d= 251 mm rumbo=   +0 cdeg  linea=0x0
WARNING: Contact joints between materials 'patin' and 'dohyo' will only be created for the 10 deepest contact points instead of all the 41 contact points.
[arbitro] asalto 27/30  banco    rival fuera     +1   0.88 s
[planta] asalto=27 mu=1.1 slip=0.0005 aleatorio=0
[gelatina] fin de asalto motor={"battery_v":7.4,"resistance_ohm":[4,4],"bridge_ohm":[0.5,0.5],"omega_rad_s":[16.4840681,57.7908244],"current_a":[0.367172345,0.625622803],"torque_nm":[0.0105066837,0.0230103807],"applied_pwm":[0.399999976,1],"over_1_2a_samples":161,"over_3_2a_samples":0}
[gelatina] t=    0 ms  WAIT         rival=no d=9999 mm rumbo=+6000 cdeg  linea=0x4
[rival] fin de asalto motor={"battery_v":7.4,"resistance_ohm":[4,4],"bridge_ohm":[0.5,0.5],"omega_rad_s":[-55.3634396,-66.0723429],"current_a":[-0.421749647,-0.23295735],"torque_nm":[-0.0131471048,-0.00401343292],"applied_pwm":[-0.85,-0.85],"over_1_2a_samples":473,"over_3_2a_samples":0}
[planta] gelatina ciclo=29 rueda=0 V=7.4 R=4 Rpuente=0.5 I0=0.15 Ke=0.0793326178 Kt=0.0483794733
[planta] gelatina ciclo=29 rueda=1 V=7.4 R=4 Rpuente=0.5 I0=0.15 Ke=0.0793326178 Kt=0.0483794733
[sensores] gelatina ToF alcance=1200 minimo=30 sigma_rel=0.07
[gelatina] pulsador recibido: permiso previsto 173032 ms
[planta] rival ciclo=29 rueda=0 V=7.4 R=4 Rpuente=0.5 I0=0.15 Ke=0.0793326178 Kt=0.0483794733
[planta] rival ciclo=29 rueda=1 V=7.4 R=4 Rpuente=0.5 I0=0.15 Ke=0.0793326178 Kt=0.0483794733
[arranque] pulsador=168032 permiso=173032 ms
[sensores] rival ToF alcance=1200 minimo=30 sigma_rel=0.07
[gelatina] permiso de arranque a los 173032 ms
[gelatina] t=    0 ms  TRACK        rival=si d= 240 mm rumbo=   +0 cdeg  linea=0x0
[gelatina] t=    8 ms  ATTACK       rival=si d= 240 mm rumbo=   +0 cdeg  linea=0x0
WARNING: Contact joints between materials 'patin' and 'dohyo' will only be created for the 10 deepest contact points instead of all the 33 contact points.
[gelatina] t=  680 ms  SEARCH       rival=no d=9999 mm rumbo=-3000 cdeg  linea=0x1
[gelatina] t=  752 ms  TRACK        rival=si d= 111 mm rumbo=+2045 cdeg  linea=0x2
[gelatina] t=  760 ms  ATTACK       rival=si d= 111 mm rumbo=+2045 cdeg  linea=0x2
[arbitro] asalto 28/30  banco    expulsado       -1   0.78 s
[planta] asalto=28 mu=1.1 slip=0.0005 aleatorio=0
[gelatina] fin de asalto motor={"battery_v":7.4,"resistance_ohm":[4,4],"bridge_ohm":[0.5,0.5],"omega_rad_s":[65.1970293,5.18826669],"current_a":[0.0431154363,-0.202466461],"torque_nm":[-0.0051710189,-0.0170516896],"applied_pwm":[0.725171685,-0.0675000399],"over_1_2a_samples":164,"over_3_2a_samples":0}
[gelatina] t=    0 ms  WAIT         rival=si d= 101 mm rumbo=+3652 cdeg  linea=0x8
[rival] fin de asalto motor={"battery_v":7.4,"resistance_ohm":[4,4],"bridge_ohm":[0.5,0.5],"omega_rad_s":[2.90652972,40.8610707],"current_a":[-0.79124058,0.019640954],"torque_nm":[-0.0454934814,-0.00630670199],"applied_pwm":[-0.45,0.45],"over_1_2a_samples":484,"over_3_2a_samples":0}
[planta] gelatina ciclo=30 rueda=0 V=7.4 R=4 Rpuente=0.5 I0=0.15 Ke=0.0793326178 Kt=0.0483794733
[planta] gelatina ciclo=30 rueda=1 V=7.4 R=4 Rpuente=0.5 I0=0.15 Ke=0.0793326178 Kt=0.0483794733
[sensores] gelatina ToF alcance=1200 minimo=30 sigma_rel=0.07
[gelatina] pulsador recibido: permiso previsto 179120 ms
[arranque] pulsador=174120 permiso=179120 ms
[planta] rival ciclo=30 rueda=0 V=7.4 R=4 Rpuente=0.5 I0=0.15 Ke=0.0793326178 Kt=0.0483794733
[planta] rival ciclo=30 rueda=1 V=7.4 R=4 Rpuente=0.5 I0=0.15 Ke=0.0793326178 Kt=0.0483794733
[sensores] rival ToF alcance=1200 minimo=30 sigma_rel=0.07
[gelatina] permiso de arranque a los 179120 ms
[gelatina] t=    0 ms  TRACK        rival=si d= 333 mm rumbo=   +0 cdeg  linea=0x0
[gelatina] t=  160 ms  ATTACK       rival=si d= 204 mm rumbo=   +0 cdeg  linea=0x0
WARNING: Contact joints between materials 'patin' and 'dohyo' will only be created for the 10 deepest contact points instead of all the 14 contact points.
[gelatina] t=  688 ms  TRACK        rival=si d= 709 mm rumbo=+3000 cdeg  linea=0x0
[arbitro] asalto 29/30  banco    rival fuera     +1   0.82 s
[planta] asalto=29 mu=1.1 slip=0.0005 aleatorio=0
[gelatina] fin de asalto motor={"battery_v":7.4,"resistance_ohm":[4,4],"bridge_ohm":[0.5,0.5],"omega_rad_s":[10.8804732,35.5220169],"current_a":[0.0450510303,1.01821009],"torque_nm":[-0.00507737587,0.0420035469],"applied_pwm":[0.144041359,1],"over_1_2a_samples":172,"over_3_2a_samples":0}
[gelatina] t=    0 ms  WAIT         rival=no d=9999 mm rumbo=+3000 cdeg  linea=0x2
[rival] fin de asalto motor={"battery_v":7.4,"resistance_ohm":[4,4],"bridge_ohm":[0.5,0.5],"omega_rad_s":[-70.3476595,-14.5239779],"current_a":[-0.157585781,-1.14172774],"torque_nm":[-0.000366996097,-0.0479792655],"applied_pwm":[-0.85,-0.85],"over_1_2a_samples":501,"over_3_2a_samples":0}
[planta] gelatina ciclo=31 rueda=0 V=7.4 R=4 Rpuente=0.5 I0=0.15 Ke=0.0793326178 Kt=0.0483794733
[planta] gelatina ciclo=31 rueda=1 V=7.4 R=4 Rpuente=0.5 I0=0.15 Ke=0.0793326178 Kt=0.0483794733
[sensores] gelatina ToF alcance=1200 minimo=30 sigma_rel=0.07
[gelatina] pulsador recibido: permiso previsto 185248 ms
[planta] rival ciclo=31 rueda=0 V=7.4 R=4 Rpuente=0.5 I0=0.15 Ke=0.0793326178 Kt=0.0483794733
[planta] rival ciclo=31 rueda=1 V=7.4 R=4 Rpuente=0.5 I0=0.15 Ke=0.0793326178 Kt=0.0483794733
[sensores] rival ToF alcance=1200 minimo=30 sigma_rel=0.07
[arranque] pulsador=180248 permiso=185248 ms
[gelatina] permiso de arranque a los 185248 ms
[gelatina] t=    0 ms  TRACK        rival=si d= 278 mm rumbo=   +0 cdeg  linea=0x0
[gelatina] t=  128 ms  ATTACK       rival=si d= 237 mm rumbo=   +0 cdeg  linea=0x0
WARNING: Contact joints between materials 'rueda' and 'dohyo' will only be created for the 10 deepest contact points instead of all the 13 contact points.
[arbitro] asalto 30/30  banco    rival fuera     +1   0.94 s

[arbitro] RESULTADO  23W 7L 0D  win rate 76.7%  auto-salidas 1  t medio de victoria 0.86 s

[arbitro] resultados -> ../../../../result.json
INFO: 'arbitro' controller exited successfully.
INFO: medido: Terminating.
INFO: oponente: Terminating.
