INFO: _real_20260913t155439545426z_yo_v030: Starting controller: $LAB_ROOT/Mini-Sumo-real/webots/controllers/_real_20260913t155439545426z_yo_v030/_real_20260913t155439545426z_yo_v030
INFO: oponente: Starting controller: $LAB_ROOT/Mini-Sumo-real/webots/controllers/oponente/oponente charger
INFO: arbitro: Starting controller: $LAB_ROOT/Mini-Sumo-real/webots/controllers/arbitro/arbitro --rounds 30 --rival charger --colocacion banco --version v0.3.0 --out ../../../runs/real_baseline/20260913T155439545426Z_v0.3.0_banco/charger.json
[gelatina] HAL Webots listo: paso 8 ms, umbral de linea 400
[gelatina] estrategia v0.3.0 en linea
[rival] comportamiento: charger

[arbitro] 30 asaltos contra 'charger', colocacion banco, limite 30 s por asalto
[gelatina] t=    0 ms  WAIT         rival=si d=  26 mm rumbo=+1495 cdeg  linea=0x3
[gelatina] t=    0 ms  TRACK        rival=si d= 254 mm rumbo=   +0 cdeg  linea=0x0
[gelatina] t=    8 ms  ATTACK       rival=si d= 256 mm rumbo=   +0 cdeg  linea=0x0
[gelatina] t=  736 ms  EDGE_ESCAPE  rival=si d=  12 mm rumbo=+3033 cdeg  linea=0x2
[arbitro] asalto  1/30  banco    rival fuera     +1   0.75 s
[gelatina] t=    0 ms  WAIT         rival=si d= 303 mm rumbo=   +0 cdeg  linea=0x0
[gelatina] t=    0 ms  TRACK        rival=si d= 306 mm rumbo=   +0 cdeg  linea=0x0
[gelatina] t=   63 ms  ATTACK       rival=si d= 250 mm rumbo=   +0 cdeg  linea=0x0
[arbitro] asalto  2/30  banco    rival fuera     +1   0.56 s
[gelatina] t=    0 ms  WAIT         rival=si d= 279 mm rumbo=   +0 cdeg  linea=0x0
[gelatina] t=    0 ms  TRACK        rival=si d= 278 mm rumbo=   +0 cdeg  linea=0x0
[gelatina] t=   40 ms  ATTACK       rival=si d= 256 mm rumbo=   +0 cdeg  linea=0x0
[arbitro] asalto  3/30  banco    expulsado       -1   5.76 s
[gelatina] t=    0 ms  WAIT         rival=si d= 283 mm rumbo=   +0 cdeg  linea=0x0
[gelatina] t=    0 ms  TRACK        rival=si d= 280 mm rumbo=   +0 cdeg  linea=0x0
[gelatina] t=   48 ms  ATTACK       rival=si d= 250 mm rumbo=   +0 cdeg  linea=0x0
[arbitro] asalto  4/30  banco    tiempo agotado  +0  30.00 s
[gelatina] t=    0 ms  WAIT         rival=si d= 305 mm rumbo=   +0 cdeg  linea=0x0
[gelatina] t=    0 ms  TRACK        rival=si d= 302 mm rumbo=   +0 cdeg  linea=0x0
[gelatina] t=   56 ms  ATTACK       rival=si d= 258 mm rumbo=   +0 cdeg  linea=0x0
[gelatina] t=  160 ms  EDGE_ESCAPE  rival=si d=  10 mm rumbo=-1498 cdeg  linea=0xC
[gelatina] t=  288 ms  ATTACK       rival=si d=  10 mm rumbo=-1499 cdeg  linea=0x1
[arbitro] asalto  5/30  banco    rival fuera     +1   0.62 s
[gelatina] t=    0 ms  WAIT         rival=si d= 259 mm rumbo=   +0 cdeg  linea=0x0
[gelatina] t=    0 ms  TRACK        rival=si d= 261 mm rumbo=   +0 cdeg  linea=0x0
[gelatina] t=    8 ms  ATTACK       rival=si d= 257 mm rumbo=   +0 cdeg  linea=0x0
[gelatina] t=  152 ms  EDGE_ESCAPE  rival=si d=   1 mm rumbo=-2984 cdeg  linea=0x2
[gelatina] t=  264 ms  ATTACK       rival=si d=  26 mm rumbo=-1478 cdeg  linea=0x4
[arbitro] asalto  6/30  banco    rival fuera     +1   0.64 s
[gelatina] t=    0 ms  WAIT         rival=si d= 257 mm rumbo=   +0 cdeg  linea=0x0
[gelatina] t=    0 ms  TRACK        rival=si d= 258 mm rumbo=   +0 cdeg  linea=0x0
[gelatina] t=    8 ms  ATTACK       rival=si d= 254 mm rumbo=   +0 cdeg  linea=0x0
[arbitro] asalto  7/30  banco    expulsado       -1   0.57 s
[gelatina] t=    0 ms  WAIT         rival=si d= 304 mm rumbo=   +0 cdeg  linea=0x0
[gelatina] t=    0 ms  TRACK        rival=si d= 299 mm rumbo=   +0 cdeg  linea=0x0
[gelatina] t=   64 ms  ATTACK       rival=si d= 247 mm rumbo=   +0 cdeg  linea=0x0
[gelatina] t= 1472 ms  EDGE_ESCAPE  rival=si d=   6 mm rumbo=   +0 cdeg  linea=0x3
[arbitro] asalto  8/30  banco    rival fuera     +1   1.52 s
[gelatina] t=    0 ms  WAIT         rival=si d= 279 mm rumbo=   +0 cdeg  linea=0x0
[gelatina] t=    0 ms  TRACK        rival=si d= 284 mm rumbo=   +0 cdeg  linea=0x0
[gelatina] t=   40 ms  ATTACK       rival=si d= 258 mm rumbo=   +0 cdeg  linea=0x0
[gelatina] t= 4992 ms  EDGE_ESCAPE  rival=si d=   5 mm rumbo=   +0 cdeg  linea=0x3
[arbitro] asalto  9/30  banco    expulsado       -1   5.07 s
[gelatina] t=    0 ms  WAIT         rival=si d= 280 mm rumbo=   +0 cdeg  linea=0x0
[gelatina] t=    0 ms  TRACK        rival=si d= 277 mm rumbo=   +0 cdeg  linea=0x0
[gelatina] t=   40 ms  ATTACK       rival=si d= 256 mm rumbo=   +0 cdeg  linea=0x0
[arbitro] asalto 10/30  banco    rival fuera     +1   0.78 s
[gelatina] t=    0 ms  WAIT         rival=si d= 306 mm rumbo=   +0 cdeg  linea=0x0
[gelatina] t=    0 ms  TRACK        rival=si d= 309 mm rumbo=   +0 cdeg  linea=0x0
[gelatina] t=   64 ms  ATTACK       rival=si d= 251 mm rumbo=   +0 cdeg  linea=0x0
[gelatina] t=  160 ms  EDGE_ESCAPE  rival=si d=  12 mm rumbo=-1499 cdeg  linea=0x4
[arbitro] asalto 11/30  banco    rival fuera     +1   0.62 s
[gelatina] t=    0 ms  WAIT         rival=si d= 257 mm rumbo=   +0 cdeg  linea=0x0
[gelatina] t=    0 ms  TRACK        rival=si d= 255 mm rumbo=   +0 cdeg  linea=0x0
[gelatina] t=    8 ms  ATTACK       rival=si d= 251 mm rumbo=   +0 cdeg  linea=0x0
[arbitro] asalto 12/30  banco    rival fuera     +1   0.58 s
[gelatina] t=    0 ms  WAIT         rival=si d= 257 mm rumbo=   +0 cdeg  linea=0x0
[gelatina] t=    0 ms  TRACK        rival=si d= 266 mm rumbo=   +0 cdeg  linea=0x0
[gelatina] t=   16 ms  ATTACK       rival=si d= 258 mm rumbo=   +0 cdeg  linea=0x0
[gelatina] t=  376 ms  EDGE_ESCAPE  rival=si d= 289 mm rumbo= +895 cdeg  linea=0x8
[gelatina] t=  696 ms  ATTACK       rival=si d=  14 mm rumbo=   -7 cdeg  linea=0x2
[arbitro] asalto 13/30  banco    rival fuera     +1   0.74 s
[gelatina] t=    0 ms  WAIT         rival=si d= 300 mm rumbo=   +0 cdeg  linea=0x0
[gelatina] t=    0 ms  TRACK        rival=si d= 295 mm rumbo=   +0 cdeg  linea=0x0
[gelatina] t=   64 ms  ATTACK       rival=si d= 252 mm rumbo=   +0 cdeg  linea=0x0
[gelatina] t=  360 ms  EDGE_ESCAPE  rival=si d= 233 mm rumbo=   -5 cdeg  linea=0xC
[gelatina] t=  376 ms  ATTACK       rival=si d=  55 mm rumbo=+1503 cdeg  linea=0xC
[arbitro] asalto 14/30  banco    rival fuera     +1   0.72 s
[gelatina] t=    0 ms  WAIT         rival=si d= 287 mm rumbo=   +0 cdeg  linea=0x0
[gelatina] t=    0 ms  TRACK        rival=si d= 284 mm rumbo=   +0 cdeg  linea=0x0
[gelatina] t=   47 ms  ATTACK       rival=si d= 258 mm rumbo=   +0 cdeg  linea=0x0
[gelatina] t=  640 ms  EDGE_ESCAPE  rival=si d=  12 mm rumbo=-3000 cdeg  linea=0x8
[gelatina] t=  767 ms  ATTACK       rival=si d=  39 mm rumbo=   +0 cdeg  linea=0x2
[arbitro] asalto 15/30  banco    rival fuera     +1   0.82 s
[gelatina] t=    0 ms  WAIT         rival=si d= 276 mm rumbo=   +0 cdeg  linea=0x0
[gelatina] t=    0 ms  TRACK        rival=si d= 276 mm rumbo=   +0 cdeg  linea=0x0
[gelatina] t=   31 ms  ATTACK       rival=si d= 260 mm rumbo=   +0 cdeg  linea=0x0
[gelatina] t=  327 ms  EDGE_ESCAPE  rival=si d= 225 mm rumbo=  +19 cdeg  linea=0xC
[gelatina] t=  351 ms  ATTACK       rival=si d=  57 mm rumbo=   +0 cdeg  linea=0x4
[arbitro] asalto 16/30  banco    rival fuera     +1   0.68 s
[gelatina] t=    0 ms  WAIT         rival=si d= 310 mm rumbo=   +0 cdeg  linea=0x0
[gelatina] t=    0 ms  TRACK        rival=si d= 305 mm rumbo=   +0 cdeg  linea=0x0
[gelatina] t=   64 ms  ATTACK       rival=si d= 254 mm rumbo=   +0 cdeg  linea=0x0
[gelatina] t=  160 ms  EDGE_ESCAPE  rival=si d=  17 mm rumbo=-1497 cdeg  linea=0x4
[gelatina] t=  216 ms  ATTACK       rival=si d=  10 mm rumbo=-1500 cdeg  linea=0x4
[gelatina] t=  632 ms  EDGE_ESCAPE  rival=si d=  16 mm rumbo=-3000 cdeg  linea=0x8
[arbitro] asalto 17/30  banco    rival fuera     +1   0.66 s
[gelatina] t=    0 ms  WAIT         rival=si d= 317 mm rumbo=   +0 cdeg  linea=0x0
[gelatina] t=    0 ms  TRACK        rival=si d= 320 mm rumbo=   +0 cdeg  linea=0x0
[gelatina] t=   64 ms  ATTACK       rival=si d= 259 mm rumbo=   +0 cdeg  linea=0x0
[gelatina] t=  168 ms  EDGE_ESCAPE  rival=si d=   0 mm rumbo=+2855 cdeg  linea=0x1
[gelatina] t=  512 ms  ATTACK       rival=si d=  30 mm rumbo=+1539 cdeg  linea=0x8
[gelatina] t=  528 ms  EDGE_ESCAPE  rival=si d=  28 mm rumbo=+3036 cdeg  linea=0x8
[gelatina] t=  552 ms  ATTACK       rival=si d=  23 mm rumbo=+1524 cdeg  linea=0x8
[gelatina] t=  616 ms  EDGE_ESCAPE  rival=si d=  31 mm rumbo=+3000 cdeg  linea=0x4
[gelatina] t=  704 ms  ATTACK       rival=si d=  17 mm rumbo=   +0 cdeg  linea=0x9
[arbitro] asalto 18/30  banco    expulsado       -1   0.74 s
[gelatina] t=    0 ms  WAIT         rival=si d= 268 mm rumbo=   +0 cdeg  linea=0x0
[gelatina] t=    0 ms  TRACK        rival=si d= 266 mm rumbo=   +0 cdeg  linea=0x0
[gelatina] t=   24 ms  ATTACK       rival=si d= 256 mm rumbo=   +0 cdeg  linea=0x0
[gelatina] t=  192 ms  EDGE_ESCAPE  rival=si d=  11 mm rumbo=+2994 cdeg  linea=0x8
[gelatina] t=  216 ms  ATTACK       rival=si d=  12 mm rumbo=+1513 cdeg  linea=0x8
[arbitro] asalto 19/30  banco    rival fuera     +1   0.73 s
[gelatina] t=    0 ms  WAIT         rival=si d= 297 mm rumbo=   +0 cdeg  linea=0x0
[gelatina] t=    0 ms  TRACK        rival=si d= 298 mm rumbo=   +0 cdeg  linea=0x0
[gelatina] t=   56 ms  ATTACK       rival=si d= 248 mm rumbo=   +0 cdeg  linea=0x0
[gelatina] t=  328 ms  EDGE_ESCAPE  rival=si d= 187 mm rumbo=  -60 cdeg  linea=0x8
[arbitro] asalto 20/30  banco    rival fuera     +1   0.72 s
[gelatina] t=    0 ms  WAIT         rival=si d= 285 mm rumbo=   +0 cdeg  linea=0x0
[gelatina] t=    0 ms  TRACK        rival=si d= 291 mm rumbo=   +0 cdeg  linea=0x0
[gelatina] t=   48 ms  ATTACK       rival=si d= 257 mm rumbo=   +0 cdeg  linea=0x0
[arbitro] asalto 21/30  banco    rival fuera     +1   0.54 s
[gelatina] t=    0 ms  WAIT         rival=si d= 274 mm rumbo=   +0 cdeg  linea=0x0
[gelatina] t=    0 ms  TRACK        rival=si d= 271 mm rumbo=   +0 cdeg  linea=0x0
[gelatina] t=   31 ms  ATTACK       rival=si d= 254 mm rumbo=   +0 cdeg  linea=0x0
[arbitro] asalto 22/30  banco    rival fuera     +1   0.56 s
[gelatina] t=    0 ms  WAIT         rival=si d= 316 mm rumbo=   +0 cdeg  linea=0x0
[gelatina] t=    0 ms  TRACK        rival=si d= 319 mm rumbo=   +0 cdeg  linea=0x0
[gelatina] t=   64 ms  ATTACK       rival=si d= 259 mm rumbo=   +0 cdeg  linea=0x0
[arbitro] asalto 23/30  banco    rival fuera     +1   0.61 s
[gelatina] t=    0 ms  WAIT         rival=si d= 313 mm rumbo=   +0 cdeg  linea=0x0
[gelatina] t=    0 ms  TRACK        rival=si d= 311 mm rumbo=   +0 cdeg  linea=0x0
[gelatina] t=   64 ms  ATTACK       rival=si d= 258 mm rumbo=   +0 cdeg  linea=0x0
[gelatina] t=  576 ms  EDGE_ESCAPE  rival=si d=  15 mm rumbo=-3000 cdeg  linea=0x8
[arbitro] asalto 24/30  banco    rival fuera     +1   0.62 s
[gelatina] t=    0 ms  WAIT         rival=si d= 272 mm rumbo=   +0 cdeg  linea=0x0
[gelatina] t=    0 ms  TRACK        rival=si d= 273 mm rumbo=   +0 cdeg  linea=0x0
[gelatina] t=   32 ms  ATTACK       rival=si d= 256 mm rumbo=   +0 cdeg  linea=0x0
[arbitro] asalto 25/30  banco    rival fuera     +1   0.55 s
[gelatina] t=    0 ms  WAIT         rival=si d= 291 mm rumbo=   +0 cdeg  linea=0x0
[gelatina] t=    0 ms  TRACK        rival=si d= 291 mm rumbo=   +0 cdeg  linea=0x0
[gelatina] t=   48 ms  ATTACK       rival=si d= 257 mm rumbo=   +0 cdeg  linea=0x0
[gelatina] t=  360 ms  TRACK        rival=si d= 760 mm rumbo=   +0 cdeg  linea=0x0
[gelatina] t=  400 ms  ATTACK       rival=si d=  51 mm rumbo=+1508 cdeg  linea=0x0
[arbitro] asalto 26/30  banco    rival fuera     +1   0.72 s
[gelatina] t=    0 ms  WAIT         rival=si d= 295 mm rumbo=   +0 cdeg  linea=0x0
[gelatina] t=    0 ms  TRACK        rival=si d= 293 mm rumbo=   +0 cdeg  linea=0x0
[gelatina] t=   56 ms  ATTACK       rival=si d= 251 mm rumbo=   +0 cdeg  linea=0x0
[arbitro] asalto 27/30  banco    rival fuera     +1   0.65 s
[gelatina] t=    0 ms  WAIT         rival=si d= 268 mm rumbo=   +0 cdeg  linea=0x0
[gelatina] t=    0 ms  TRACK        rival=si d= 264 mm rumbo=   +0 cdeg  linea=0x0
[gelatina] t=   24 ms  ATTACK       rival=si d= 258 mm rumbo=   +0 cdeg  linea=0x0
[arbitro] asalto 28/30  banco    rival fuera     +1   0.50 s
[gelatina] t=    0 ms  WAIT         rival=si d= 319 mm rumbo=   +0 cdeg  linea=0x0
[gelatina] t=    0 ms  TRACK        rival=si d= 320 mm rumbo=   +0 cdeg  linea=0x0
[gelatina] t=   72 ms  ATTACK       rival=si d= 246 mm rumbo=   +0 cdeg  linea=0x0
[arbitro] asalto 29/30  banco    rival fuera     +1   0.58 s
[gelatina] t=    0 ms  WAIT         rival=si d= 311 mm rumbo=   +0 cdeg  linea=0x0
[gelatina] t=    0 ms  TRACK        rival=si d= 310 mm rumbo=   +0 cdeg  linea=0x0
[gelatina] t=   63 ms  ATTACK       rival=si d= 255 mm rumbo=   +0 cdeg  linea=0x0
[arbitro] asalto 30/30  banco    rival fuera     +1   0.62 s

[arbitro] RESULTADO  25W 4L 1D  win rate 83.3%  auto-salidas 0  t medio de victoria 0.68 s

[arbitro] resultados -> ../../../runs/real_baseline/20260913T155439545426Z_v0.3.0_banco/charger.json
INFO: 'arbitro' controller exited successfully.
INFO: _real_20260913t155439545426z_yo_v030: Terminating.
INFO: oponente: Terminating.
