INFO: _real_20260913t155439545426z_yo_v030: Starting controller: $LAB_ROOT/Mini-Sumo-real/webots/controllers/_real_20260913t155439545426z_yo_v030/_real_20260913t155439545426z_yo_v030
INFO: oponente: Starting controller: $LAB_ROOT/Mini-Sumo-real/webots/controllers/oponente/oponente static
INFO: arbitro: Starting controller: $LAB_ROOT/Mini-Sumo-real/webots/controllers/arbitro/arbitro --rounds 30 --rival static --colocacion banco --version v0.3.0 --out ../../../runs/real_baseline/20260913T155439545426Z_v0.3.0_banco/static.json
[gelatina] HAL Webots listo: paso 8 ms, umbral de linea 400
[gelatina] estrategia v0.3.0 en linea
[rival] comportamiento: static

[arbitro] 30 asaltos contra 'static', colocacion banco, limite 30 s por asalto
[gelatina] t=    0 ms  WAIT         rival=si d=  26 mm rumbo=+1495 cdeg  linea=0x3
[gelatina] t=    0 ms  TRACK        rival=si d= 254 mm rumbo=   +0 cdeg  linea=0x0
[gelatina] t=    8 ms  ATTACK       rival=si d= 256 mm rumbo=   +0 cdeg  linea=0x0
[arbitro] asalto  1/30  banco    rival fuera     +1   0.43 s
[gelatina] t=    0 ms  WAIT         rival=si d= 307 mm rumbo=   +0 cdeg  linea=0x0
[gelatina] t=    0 ms  TRACK        rival=si d= 303 mm rumbo=   +0 cdeg  linea=0x0
[gelatina] t=   88 ms  ATTACK       rival=si d= 256 mm rumbo=   +0 cdeg  linea=0x0
[arbitro] asalto  2/30  banco    rival fuera     +1   0.45 s
[gelatina] t=    0 ms  WAIT         rival=si d= 276 mm rumbo=   +0 cdeg  linea=0x0
[gelatina] t=    0 ms  TRACK        rival=si d= 277 mm rumbo=   +0 cdeg  linea=0x0
[gelatina] t=   56 ms  ATTACK       rival=si d= 258 mm rumbo=   +0 cdeg  linea=0x0
[arbitro] asalto  3/30  banco    rival fuera     +1   0.44 s
[gelatina] t=    0 ms  WAIT         rival=si d= 285 mm rumbo=   +0 cdeg  linea=0x0
[gelatina] t=    0 ms  TRACK        rival=si d= 283 mm rumbo=   +0 cdeg  linea=0x0
[gelatina] t=   56 ms  ATTACK       rival=si d= 257 mm rumbo=   +0 cdeg  linea=0x0
[arbitro] asalto  4/30  banco    rival fuera     +1   0.47 s
[gelatina] t=    0 ms  WAIT         rival=si d= 302 mm rumbo=   +0 cdeg  linea=0x0
[gelatina] t=    0 ms  TRACK        rival=si d= 300 mm rumbo=   +0 cdeg  linea=0x0
[gelatina] t=   80 ms  ATTACK       rival=si d= 258 mm rumbo=   +0 cdeg  linea=0x0
[arbitro] asalto  5/30  banco    rival fuera     +1   0.48 s
[gelatina] t=    0 ms  WAIT         rival=si d= 256 mm rumbo=   +0 cdeg  linea=0x0
[gelatina] t=    0 ms  TRACK        rival=si d= 261 mm rumbo=   +0 cdeg  linea=0x0
[gelatina] t=    8 ms  ATTACK       rival=si d= 256 mm rumbo=   +0 cdeg  linea=0x0
[arbitro] asalto  6/30  banco    rival fuera     +1   0.44 s
[gelatina] t=    0 ms  WAIT         rival=si d= 261 mm rumbo=   +0 cdeg  linea=0x0
[gelatina] t=    0 ms  TRACK        rival=si d= 256 mm rumbo=   +0 cdeg  linea=0x0
[gelatina] t=    8 ms  ATTACK       rival=si d= 257 mm rumbo=   +0 cdeg  linea=0x0
[arbitro] asalto  7/30  banco    rival fuera     +1   0.45 s
[gelatina] t=    0 ms  WAIT         rival=si d= 309 mm rumbo=   +0 cdeg  linea=0x0
[gelatina] t=    0 ms  TRACK        rival=si d= 303 mm rumbo=   +0 cdeg  linea=0x0
[gelatina] t=   88 ms  ATTACK       rival=si d= 256 mm rumbo=   +0 cdeg  linea=0x0
[arbitro] asalto  8/30  banco    rival fuera     +1   0.46 s
[gelatina] t=    0 ms  WAIT         rival=si d= 280 mm rumbo=   +0 cdeg  linea=0x0
[gelatina] t=    0 ms  TRACK        rival=si d= 281 mm rumbo=   +0 cdeg  linea=0x0
[gelatina] t=   48 ms  ATTACK       rival=si d= 260 mm rumbo=   +0 cdeg  linea=0x0
[arbitro] asalto  9/30  banco    rival fuera     +1   0.43 s
[gelatina] t=    0 ms  WAIT         rival=si d= 282 mm rumbo=   +0 cdeg  linea=0x0
[gelatina] t=    0 ms  TRACK        rival=si d= 279 mm rumbo=   +0 cdeg  linea=0x0
[gelatina] t=   56 ms  ATTACK       rival=si d= 255 mm rumbo=   +0 cdeg  linea=0x0
[arbitro] asalto 10/30  banco    rival fuera     +1   0.44 s
[gelatina] t=    0 ms  WAIT         rival=si d= 304 mm rumbo=   +0 cdeg  linea=0x0
[gelatina] t=    0 ms  TRACK        rival=si d= 309 mm rumbo=   +0 cdeg  linea=0x0
[gelatina] t=   80 ms  ATTACK       rival=si d= 260 mm rumbo=   +0 cdeg  linea=0x0
[arbitro] asalto 11/30  banco    rival fuera     +1   0.49 s
[gelatina] t=    0 ms  WAIT         rival=si d= 260 mm rumbo=   +0 cdeg  linea=0x0
[gelatina] t=    0 ms  TRACK        rival=si d= 257 mm rumbo=   +0 cdeg  linea=0x0
[gelatina] t=    8 ms  ATTACK       rival=si d= 252 mm rumbo=   +0 cdeg  linea=0x0
[arbitro] asalto 12/30  banco    rival fuera     +1   0.46 s
[gelatina] t=    0 ms  WAIT         rival=si d= 265 mm rumbo=   +0 cdeg  linea=0x0
[gelatina] t=    0 ms  TRACK        rival=si d= 260 mm rumbo=   +0 cdeg  linea=0x0
[gelatina] t=   16 ms  ATTACK       rival=si d= 259 mm rumbo=   +0 cdeg  linea=0x0
[arbitro] asalto 13/30  banco    rival fuera     +1   0.44 s
[gelatina] t=    0 ms  WAIT         rival=si d= 296 mm rumbo=   +0 cdeg  linea=0x0
[gelatina] t=    0 ms  TRACK        rival=si d= 298 mm rumbo=   +0 cdeg  linea=0x0
[gelatina] t=   88 ms  ATTACK       rival=si d= 256 mm rumbo=   +0 cdeg  linea=0x0
[arbitro] asalto 14/30  banco    rival fuera     +1   0.48 s
[gelatina] t=    0 ms  WAIT         rival=si d= 285 mm rumbo=   +0 cdeg  linea=0x0
[gelatina] t=    0 ms  TRACK        rival=si d= 285 mm rumbo=   +0 cdeg  linea=0x0
[gelatina] t=   64 ms  ATTACK       rival=si d= 257 mm rumbo=   +0 cdeg  linea=0x0
[arbitro] asalto 15/30  banco    rival fuera     +1   0.46 s
[gelatina] t=    0 ms  WAIT         rival=si d= 272 mm rumbo=   +0 cdeg  linea=0x0
[gelatina] t=    0 ms  TRACK        rival=si d= 274 mm rumbo=   +0 cdeg  linea=0x0
[gelatina] t=   48 ms  ATTACK       rival=si d= 258 mm rumbo=   +0 cdeg  linea=0x0
[arbitro] asalto 16/30  banco    rival fuera     +1   0.46 s
[gelatina] t=    0 ms  WAIT         rival=si d= 307 mm rumbo=   +0 cdeg  linea=0x0
[gelatina] t=    0 ms  TRACK        rival=si d= 308 mm rumbo=   +0 cdeg  linea=0x0
[gelatina] t=   88 ms  ATTACK       rival=si d= 256 mm rumbo=   +0 cdeg  linea=0x0
[arbitro] asalto 17/30  banco    rival fuera     +1   0.49 s
[gelatina] t=    0 ms  WAIT         rival=si d= 318 mm rumbo=   +0 cdeg  linea=0x0
[gelatina] t=    0 ms  TRACK        rival=si d= 321 mm rumbo=   +0 cdeg  linea=0x0
[gelatina] t=   96 ms  ATTACK       rival=si d= 252 mm rumbo=   +0 cdeg  linea=0x0
[arbitro] asalto 18/30  banco    rival fuera     +1   0.46 s
[gelatina] t=    0 ms  WAIT         rival=si d= 268 mm rumbo=   +0 cdeg  linea=0x0
[gelatina] t=    0 ms  TRACK        rival=si d= 264 mm rumbo=   +0 cdeg  linea=0x0
[gelatina] t=   32 ms  ATTACK       rival=si d= 258 mm rumbo=   +0 cdeg  linea=0x0
[arbitro] asalto 19/30  banco    rival fuera     +1   0.46 s
[gelatina] t=    0 ms  WAIT         rival=si d= 294 mm rumbo=   +0 cdeg  linea=0x0
[gelatina] t=    0 ms  TRACK        rival=si d= 293 mm rumbo=   +0 cdeg  linea=0x0
[gelatina] t=   80 ms  ATTACK       rival=si d= 252 mm rumbo=   +0 cdeg  linea=0x0
[arbitro] asalto 20/30  banco    rival fuera     +1   0.47 s
[gelatina] t=    0 ms  WAIT         rival=si d= 289 mm rumbo=   +0 cdeg  linea=0x0
[gelatina] t=    0 ms  TRACK        rival=si d= 293 mm rumbo=   +0 cdeg  linea=0x0
[gelatina] t=   72 ms  ATTACK       rival=si d= 253 mm rumbo=   +0 cdeg  linea=0x0
[arbitro] asalto 21/30  banco    rival fuera     +1   0.45 s
[gelatina] t=    0 ms  WAIT         rival=si d= 274 mm rumbo=   +0 cdeg  linea=0x0
[gelatina] t=    0 ms  TRACK        rival=si d= 267 mm rumbo=   +0 cdeg  linea=0x0
[gelatina] t=   40 ms  ATTACK       rival=si d= 260 mm rumbo=   +0 cdeg  linea=0x0
[arbitro] asalto 22/30  banco    rival fuera     +1   0.46 s
[gelatina] t=    0 ms  WAIT         rival=si d= 316 mm rumbo=   +0 cdeg  linea=0x0
[gelatina] t=    0 ms  TRACK        rival=si d= 313 mm rumbo=   +0 cdeg  linea=0x0
[gelatina] t=   96 ms  ATTACK       rival=si d= 255 mm rumbo=   +0 cdeg  linea=0x0
[arbitro] asalto 23/30  banco    rival fuera     +1   0.46 s
[gelatina] t=    0 ms  WAIT         rival=si d= 314 mm rumbo=   +0 cdeg  linea=0x0
[gelatina] t=    0 ms  TRACK        rival=si d= 319 mm rumbo=   +0 cdeg  linea=0x0
[gelatina] t=   96 ms  ATTACK       rival=si d= 251 mm rumbo=   +0 cdeg  linea=0x0
[arbitro] asalto 24/30  banco    rival fuera     +1   0.46 s
[gelatina] t=    0 ms  WAIT         rival=si d= 269 mm rumbo=   +0 cdeg  linea=0x0
[gelatina] t=    0 ms  TRACK        rival=si d= 274 mm rumbo=   +0 cdeg  linea=0x0
[gelatina] t=   40 ms  ATTACK       rival=si d= 259 mm rumbo=   +0 cdeg  linea=0x0
[arbitro] asalto 25/30  banco    rival fuera     +1   0.45 s
[gelatina] t=    0 ms  WAIT         rival=si d= 293 mm rumbo=   +0 cdeg  linea=0x0
[gelatina] t=    0 ms  TRACK        rival=si d= 288 mm rumbo=   +0 cdeg  linea=0x0
[gelatina] t=   72 ms  ATTACK       rival=si d= 252 mm rumbo=   +0 cdeg  linea=0x0
[arbitro] asalto 26/30  banco    rival fuera     +1   0.45 s
[gelatina] t=    0 ms  WAIT         rival=si d= 297 mm rumbo=   +0 cdeg  linea=0x0
[gelatina] t=    0 ms  TRACK        rival=si d= 294 mm rumbo=   +0 cdeg  linea=0x0
[gelatina] t=   80 ms  ATTACK       rival=si d= 247 mm rumbo=   +0 cdeg  linea=0x0
[arbitro] asalto 27/30  banco    rival fuera     +1   0.47 s
[gelatina] t=    0 ms  WAIT         rival=si d= 267 mm rumbo=   +0 cdeg  linea=0x0
[gelatina] t=    0 ms  TRACK        rival=si d= 270 mm rumbo=   +0 cdeg  linea=0x0
[gelatina] t=   39 ms  ATTACK       rival=si d= 257 mm rumbo=   +0 cdeg  linea=0x0
[arbitro] asalto 28/30  banco    rival fuera     +1   0.46 s
[gelatina] t=    0 ms  WAIT         rival=si d= 318 mm rumbo=   +0 cdeg  linea=0x0
[gelatina] t=    0 ms  TRACK        rival=si d= 320 mm rumbo=   +0 cdeg  linea=0x0
[gelatina] t=   96 ms  ATTACK       rival=si d= 251 mm rumbo=   +0 cdeg  linea=0x0
[arbitro] asalto 29/30  banco    rival fuera     +1   0.50 s
[gelatina] t=    0 ms  WAIT         rival=si d= 312 mm rumbo=   +0 cdeg  linea=0x0
[gelatina] t=    0 ms  TRACK        rival=si d= 311 mm rumbo=   +0 cdeg  linea=0x0
[gelatina] t=   88 ms  ATTACK       rival=si d= 260 mm rumbo=   +0 cdeg  linea=0x0
[arbitro] asalto 30/30  banco    rival fuera     +1   0.46 s

[arbitro] RESULTADO  30W 0L 0D  win rate 100.0%  auto-salidas 0  t medio de victoria 0.46 s

[arbitro] resultados -> ../../../runs/real_baseline/20260913T155439545426Z_v0.3.0_banco/static.json
INFO: 'arbitro' controller exited successfully.
INFO: _real_20260913t155439545426z_yo_v030: Terminating.
INFO: oponente: Terminating.
