INFO: _real_20260913t155439545426z_yo_v030: Starting controller: $LAB_ROOT/Mini-Sumo-real/webots/controllers/_real_20260913t155439545426z_yo_v030/_real_20260913t155439545426z_yo_v030
INFO: _real_20260913t155439545426z_rival_v030: Starting controller: $LAB_ROOT/Mini-Sumo-real/webots/controllers/_real_20260913t155439545426z_rival_v030/_real_20260913t155439545426z_rival_v030
INFO: arbitro: Starting controller: $LAB_ROOT/Mini-Sumo-real/webots/controllers/arbitro/arbitro --rounds 30 --rival v0.3.0 --colocacion banco --version v0.3.0 --out ../../../runs/real_baseline/20260913T155439545426Z_v0.3.0_banco/v0.3.0.json
[gelatina] HAL Webots listo: paso 8 ms, umbral de linea 400
[gelatina] estrategia v0.3.0 en linea
[rival] HAL Webots listo: paso 8 ms, umbral de linea 400
[rival] estrategia v0.3.0 en linea

[arbitro] 30 asaltos contra 'v0.3.0', colocacion banco, limite 30 s por asalto
[gelatina] t=    0 ms  WAIT         rival=si d=  26 mm rumbo=+1495 cdeg  linea=0x3
[rival] t=    0 ms  WAIT         rival=si d=  28 mm rumbo=+1497 cdeg  linea=0x0
[gelatina] t=    0 ms  TRACK        rival=si d= 254 mm rumbo=   +0 cdeg  linea=0x0
[rival] t=    0 ms  TRACK        rival=si d= 258 mm rumbo=   +0 cdeg  linea=0x0
[gelatina] t=    8 ms  ATTACK       rival=si d= 255 mm rumbo=   +0 cdeg  linea=0x0
[rival] t=    8 ms  ATTACK       rival=si d= 255 mm rumbo=   +0 cdeg  linea=0x0
[arbitro] asalto  1/30  banco    expulsado       -1   0.53 s
[gelatina] t=    0 ms  WAIT         rival=si d= 305 mm rumbo=   +0 cdeg  linea=0x0
[rival] t=    0 ms  WAIT         rival=si d= 310 mm rumbo=   +0 cdeg  linea=0x0
[gelatina] t=    0 ms  TRACK        rival=si d= 303 mm rumbo=   +0 cdeg  linea=0x0
[rival] t=    0 ms  TRACK        rival=si d= 308 mm rumbo=   +0 cdeg  linea=0x0
[gelatina] t=   64 ms  ATTACK       rival=si d= 254 mm rumbo=   +0 cdeg  linea=0x0
[rival] t=   64 ms  ATTACK       rival=si d= 254 mm rumbo=   +0 cdeg  linea=0x0
[arbitro] asalto  2/30  banco    expulsado       -1   0.61 s
[gelatina] t=    0 ms  WAIT         rival=si d= 278 mm rumbo=   +0 cdeg  linea=0x0
[rival] t=    0 ms  WAIT         rival=si d= 277 mm rumbo=   +0 cdeg  linea=0x0
[gelatina] t=    0 ms  TRACK        rival=si d= 278 mm rumbo=   +0 cdeg  linea=0x0
[rival] t=    0 ms  TRACK        rival=si d= 279 mm rumbo=   +0 cdeg  linea=0x0
[gelatina] t=   40 ms  ATTACK       rival=si d= 256 mm rumbo=   +0 cdeg  linea=0x0
[rival] t=   40 ms  ATTACK       rival=si d= 259 mm rumbo=   +0 cdeg  linea=0x0
[rival] t= 1056 ms  SEARCH       rival=no d=9999 mm rumbo=  -13 cdeg  linea=0x0
[rival] t= 1176 ms  EDGE_ESCAPE  rival=no d=9999 mm rumbo=  -13 cdeg  linea=0x2
[arbitro] asalto  3/30  banco    expulsado       -1   1.20 s
[gelatina] t=    0 ms  WAIT         rival=si d= 283 mm rumbo=   +0 cdeg  linea=0x0
[rival] t=    0 ms  WAIT         rival=si d= 283 mm rumbo=   +0 cdeg  linea=0x0
[gelatina] t=    0 ms  TRACK        rival=si d= 282 mm rumbo=   +0 cdeg  linea=0x0
[rival] t=    0 ms  TRACK        rival=si d= 281 mm rumbo=   +0 cdeg  linea=0x0
[rival] t=   40 ms  ATTACK       rival=si d= 258 mm rumbo=   +0 cdeg  linea=0x0
[gelatina] t=   48 ms  ATTACK       rival=si d= 249 mm rumbo=   +0 cdeg  linea=0x0
[rival] t=  312 ms  EDGE_ESCAPE  rival=si d= 208 mm rumbo=   +0 cdeg  linea=0xC
[rival] t=  320 ms  ATTACK       rival=si d=  10 mm rumbo=-1500 cdeg  linea=0xC
[arbitro] asalto  4/30  banco    expulsado       -1   0.66 s
[gelatina] t=    0 ms  WAIT         rival=si d= 305 mm rumbo=   +0 cdeg  linea=0x0
[rival] t=    0 ms  WAIT         rival=si d= 302 mm rumbo=   +0 cdeg  linea=0x0
[gelatina] t=    0 ms  TRACK        rival=si d= 306 mm rumbo=   +0 cdeg  linea=0x0
[rival] t=    0 ms  TRACK        rival=si d= 300 mm rumbo=   +0 cdeg  linea=0x0
[gelatina] t=   55 ms  ATTACK       rival=si d= 258 mm rumbo=   +0 cdeg  linea=0x0
[rival] t=   55 ms  ATTACK       rival=si d= 257 mm rumbo=   +0 cdeg  linea=0x0
[gelatina] t=  159 ms  EDGE_ESCAPE  rival=si d=   6 mm rumbo=   +1 cdeg  linea=0xC
[gelatina] t=  823 ms  SEARCH       rival=si d=   0 mm rumbo=  -36 cdeg  linea=0x0
[gelatina] t=  831 ms  TRACK        rival=si d=   0 mm rumbo=  +79 cdeg  linea=0x0
[gelatina] t=  839 ms  ATTACK       rival=si d=   0 mm rumbo=   +8 cdeg  linea=0x0
[rival] t= 8015 ms  EDGE_ESCAPE  rival=si d=   5 mm rumbo=   +0 cdeg  linea=0x1
[arbitro] asalto  5/30  banco    rival fuera     +1   8.10 s
[gelatina] t=    0 ms  WAIT         rival=si d= 260 mm rumbo=   +0 cdeg  linea=0x0
[rival] t=    0 ms  WAIT         rival=si d= 260 mm rumbo=   +0 cdeg  linea=0x0
[gelatina] t=    0 ms  TRACK        rival=si d= 260 mm rumbo=   +0 cdeg  linea=0x0
[rival] t=    0 ms  TRACK        rival=si d= 262 mm rumbo=   +0 cdeg  linea=0x0
[gelatina] t=    8 ms  ATTACK       rival=si d= 258 mm rumbo=   +0 cdeg  linea=0x0
[rival] t=    8 ms  ATTACK       rival=si d= 258 mm rumbo=   +0 cdeg  linea=0x0
[rival] t=  216 ms  EDGE_ESCAPE  rival=si d=  12 mm rumbo=-3000 cdeg  linea=0x4
[rival] t=  232 ms  ATTACK       rival=si d=  18 mm rumbo=   +0 cdeg  linea=0x4
[arbitro] asalto  6/30  banco    rival fuera     +1   0.58 s
[gelatina] t=    0 ms  WAIT         rival=si d= 259 mm rumbo=   +0 cdeg  linea=0x0
[rival] t=    0 ms  WAIT         rival=si d= 260 mm rumbo=   +0 cdeg  linea=0x0
[gelatina] t=    0 ms  TRACK        rival=si d= 260 mm rumbo=   +0 cdeg  linea=0x0
[rival] t=    0 ms  TRACK        rival=si d= 259 mm rumbo=   +0 cdeg  linea=0x0
[gelatina] t=    8 ms  ATTACK       rival=si d= 256 mm rumbo=   +0 cdeg  linea=0x0
[rival] t=    8 ms  ATTACK       rival=si d= 258 mm rumbo=   +0 cdeg  linea=0x0
[arbitro] asalto  7/30  banco    expulsado       -1   0.57 s
[gelatina] t=    0 ms  WAIT         rival=si d= 300 mm rumbo=   +0 cdeg  linea=0x0
[rival] t=    0 ms  WAIT         rival=si d= 303 mm rumbo=   +0 cdeg  linea=0x0
[gelatina] t=    0 ms  TRACK        rival=si d= 297 mm rumbo=   +0 cdeg  linea=0x0
[rival] t=    0 ms  TRACK        rival=si d= 300 mm rumbo=   +0 cdeg  linea=0x0
[gelatina] t=   56 ms  ATTACK       rival=si d= 259 mm rumbo=   +0 cdeg  linea=0x0
[rival] t=   56 ms  ATTACK       rival=si d= 258 mm rumbo=   +0 cdeg  linea=0x0
[arbitro] asalto  8/30  banco    rival fuera     +1   0.76 s
[gelatina] t=    0 ms  WAIT         rival=si d= 287 mm rumbo=   +0 cdeg  linea=0x0
[rival] t=    0 ms  WAIT         rival=si d= 280 mm rumbo=   +0 cdeg  linea=0x0
[gelatina] t=    0 ms  TRACK        rival=si d= 284 mm rumbo=   +0 cdeg  linea=0x0
[rival] t=    0 ms  TRACK        rival=si d= 278 mm rumbo=   +0 cdeg  linea=0x0
[gelatina] t=   40 ms  ATTACK       rival=si d= 255 mm rumbo=   +0 cdeg  linea=0x0
[rival] t=   40 ms  ATTACK       rival=si d= 258 mm rumbo=   +0 cdeg  linea=0x0
[rival] t= 5584 ms  EDGE_ESCAPE  rival=si d=   5 mm rumbo=   +1 cdeg  linea=0x3
[arbitro] asalto  9/30  banco    rival fuera     +1   5.66 s
[gelatina] t=    0 ms  WAIT         rival=si d= 276 mm rumbo=   +0 cdeg  linea=0x0
[rival] t=    0 ms  WAIT         rival=si d= 280 mm rumbo=   +0 cdeg  linea=0x0
[gelatina] t=    0 ms  TRACK        rival=si d= 281 mm rumbo=   +0 cdeg  linea=0x0
[rival] t=    0 ms  TRACK        rival=si d= 280 mm rumbo=   +0 cdeg  linea=0x0
[gelatina] t=   40 ms  ATTACK       rival=si d= 254 mm rumbo=   +0 cdeg  linea=0x0
[rival] t=   40 ms  ATTACK       rival=si d= 256 mm rumbo=   +0 cdeg  linea=0x0
[rival] t=  376 ms  EDGE_ESCAPE  rival=si d= 368 mm rumbo= -832 cdeg  linea=0x1
[arbitro] asalto 10/30  banco    rival fuera     +1   0.66 s
[gelatina] t=    0 ms  WAIT         rival=si d= 308 mm rumbo=   +0 cdeg  linea=0x0
[rival] t=    0 ms  WAIT         rival=si d= 305 mm rumbo=   +0 cdeg  linea=0x0
[gelatina] t=    0 ms  TRACK        rival=si d= 303 mm rumbo=   +0 cdeg  linea=0x0
[rival] t=    0 ms  TRACK        rival=si d= 305 mm rumbo=   +0 cdeg  linea=0x0
[gelatina] t=   64 ms  ATTACK       rival=si d= 247 mm rumbo=   +0 cdeg  linea=0x0
[rival] t=   64 ms  ATTACK       rival=si d= 247 mm rumbo=   +0 cdeg  linea=0x0
[rival] t=  168 ms  EDGE_ESCAPE  rival=si d=   9 mm rumbo=-1499 cdeg  linea=0x2
[rival] t=  528 ms  ATTACK       rival=si d=  54 mm rumbo=-1517 cdeg  linea=0x4
[rival] t=  536 ms  EDGE_ESCAPE  rival=si d=  50 mm rumbo=-3000 cdeg  linea=0x4
[rival] t=  640 ms  ATTACK       rival=si d=  15 mm rumbo= -135 cdeg  linea=0x8
[rival] t=  688 ms  EDGE_ESCAPE  rival=si d= 553 mm rumbo=+6000 cdeg  linea=0x2
[arbitro] asalto 11/30  banco    rival fuera     +1   0.70 s
[gelatina] t=    0 ms  WAIT         rival=si d= 256 mm rumbo=   +0 cdeg  linea=0x0
[rival] t=    0 ms  WAIT         rival=si d= 256 mm rumbo=   +0 cdeg  linea=0x0
[gelatina] t=    0 ms  TRACK        rival=si d= 254 mm rumbo=   +0 cdeg  linea=0x0
[rival] t=    0 ms  TRACK        rival=si d= 253 mm rumbo=   +0 cdeg  linea=0x0
[gelatina] t=    8 ms  ATTACK       rival=si d= 252 mm rumbo=   +0 cdeg  linea=0x0
[rival] t=    8 ms  ATTACK       rival=si d= 252 mm rumbo=   +0 cdeg  linea=0x0
[arbitro] asalto 12/30  banco    expulsado       -1   0.52 s
[gelatina] t=    0 ms  WAIT         rival=si d= 263 mm rumbo=   +0 cdeg  linea=0x0
[rival] t=    0 ms  WAIT         rival=si d= 265 mm rumbo=   +0 cdeg  linea=0x0
[gelatina] t=    0 ms  TRACK        rival=si d= 263 mm rumbo=   +0 cdeg  linea=0x0
[rival] t=    0 ms  TRACK        rival=si d= 266 mm rumbo=   +0 cdeg  linea=0x0
[gelatina] t=    8 ms  ATTACK       rival=si d= 259 mm rumbo=   +0 cdeg  linea=0x0
[rival] t=   16 ms  ATTACK       rival=si d= 255 mm rumbo=   +0 cdeg  linea=0x0
[rival] t=  152 ms  EDGE_ESCAPE  rival=si d=   6 mm rumbo=+1499 cdeg  linea=0x9
[rival] t=  272 ms  ATTACK       rival=si d=  10 mm rumbo=+1499 cdeg  linea=0x4
[rival] t=  608 ms  EDGE_ESCAPE  rival=si d=  14 mm rumbo=+1501 cdeg  linea=0x8
[rival] t=  616 ms  ATTACK       rival=si d=  20 mm rumbo=   +0 cdeg  linea=0x8
[arbitro] asalto 13/30  banco    rival fuera     +1   0.62 s
[gelatina] t=    0 ms  WAIT         rival=si d= 300 mm rumbo=   +0 cdeg  linea=0x0
[rival] t=    0 ms  WAIT         rival=si d= 299 mm rumbo=   +0 cdeg  linea=0x0
[gelatina] t=    0 ms  TRACK        rival=si d= 294 mm rumbo=   +0 cdeg  linea=0x0
[rival] t=    0 ms  TRACK        rival=si d= 296 mm rumbo=   +0 cdeg  linea=0x0
[gelatina] t=   55 ms  ATTACK       rival=si d= 249 mm rumbo=   +0 cdeg  linea=0x0
[rival] t=   55 ms  ATTACK       rival=si d= 254 mm rumbo=   +0 cdeg  linea=0x0
[arbitro] asalto 14/30  banco    expulsado       -1   0.60 s
[gelatina] t=    0 ms  WAIT         rival=si d= 290 mm rumbo=   +0 cdeg  linea=0x0
[rival] t=    0 ms  WAIT         rival=si d= 288 mm rumbo=   +0 cdeg  linea=0x0
[gelatina] t=    0 ms  TRACK        rival=si d= 289 mm rumbo=   +0 cdeg  linea=0x0
[rival] t=    0 ms  TRACK        rival=si d= 290 mm rumbo=   +0 cdeg  linea=0x0
[gelatina] t=   48 ms  ATTACK       rival=si d= 255 mm rumbo=   +0 cdeg  linea=0x0
[rival] t=   48 ms  ATTACK       rival=si d= 256 mm rumbo=   +0 cdeg  linea=0x0
[arbitro] asalto 15/30  banco    expulsado       -1   0.54 s
[gelatina] t=    0 ms  WAIT         rival=si d= 278 mm rumbo=   +0 cdeg  linea=0x0
[rival] t=    0 ms  WAIT         rival=si d= 275 mm rumbo=   +0 cdeg  linea=0x0
[gelatina] t=    0 ms  TRACK        rival=si d= 277 mm rumbo=   +0 cdeg  linea=0x0
[rival] t=    0 ms  TRACK        rival=si d= 277 mm rumbo=   +0 cdeg  linea=0x0
[gelatina] t=   32 ms  ATTACK       rival=si d= 259 mm rumbo=   +0 cdeg  linea=0x0
[rival] t=   32 ms  ATTACK       rival=si d= 259 mm rumbo=   +0 cdeg  linea=0x0
[rival] t= 5984 ms  EDGE_ESCAPE  rival=si d=   5 mm rumbo=   -1 cdeg  linea=0x1
[gelatina] t= 6016 ms  TRACK        rival=si d= 755 mm rumbo=   +0 cdeg  linea=0x0
[arbitro] asalto 16/30  banco    rival fuera     +1   6.07 s
[gelatina] t=    0 ms  WAIT         rival=si d= 310 mm rumbo=   +0 cdeg  linea=0x0
[rival] t=    0 ms  WAIT         rival=si d= 311 mm rumbo=   +0 cdeg  linea=0x0
[gelatina] t=    0 ms  TRACK        rival=si d= 312 mm rumbo=   +0 cdeg  linea=0x0
[rival] t=    0 ms  TRACK        rival=si d= 312 mm rumbo=   +0 cdeg  linea=0x0
[gelatina] t=   64 ms  ATTACK       rival=si d= 251 mm rumbo=   +0 cdeg  linea=0x0
[rival] t=   64 ms  ATTACK       rival=si d= 254 mm rumbo=   +0 cdeg  linea=0x0
[arbitro] asalto 17/30  banco    expulsado       -1   0.59 s
[gelatina] t=    0 ms  WAIT         rival=si d= 323 mm rumbo=   +0 cdeg  linea=0x0
[rival] t=    0 ms  WAIT         rival=si d= 318 mm rumbo=   +0 cdeg  linea=0x0
[gelatina] t=    0 ms  TRACK        rival=si d= 320 mm rumbo=   +0 cdeg  linea=0x0
[rival] t=    0 ms  TRACK        rival=si d= 321 mm rumbo=   +0 cdeg  linea=0x0
[rival] t=   64 ms  ATTACK       rival=si d= 257 mm rumbo=   +0 cdeg  linea=0x0
[gelatina] t=   72 ms  ATTACK       rival=si d= 246 mm rumbo=   +0 cdeg  linea=0x0
[rival] t=  224 ms  EDGE_ESCAPE  rival=si d=  13 mm rumbo=+3000 cdeg  linea=0x4
[rival] t=  360 ms  ATTACK       rival=si d=  49 mm rumbo=-1502 cdeg  linea=0x1
[gelatina] t=  504 ms  TRACK        rival=si d= 799 mm rumbo=+3000 cdeg  linea=0x8
[gelatina] t=  768 ms  ATTACK       rival=si d= 174 mm rumbo=   -6 cdeg  linea=0x8
[arbitro] asalto 18/30  banco    expulsado       -1   0.79 s
[gelatina] t=    0 ms  WAIT         rival=si d= 267 mm rumbo=   +0 cdeg  linea=0x0
[rival] t=    0 ms  WAIT         rival=si d= 265 mm rumbo=   +0 cdeg  linea=0x0
[gelatina] t=    0 ms  TRACK        rival=si d= 267 mm rumbo=   +0 cdeg  linea=0x0
[rival] t=    0 ms  TRACK        rival=si d= 266 mm rumbo=   +0 cdeg  linea=0x0
[gelatina] t=   24 ms  ATTACK       rival=si d= 257 mm rumbo=   +0 cdeg  linea=0x0
[rival] t=   24 ms  ATTACK       rival=si d= 256 mm rumbo=   +0 cdeg  linea=0x0
[rival] t=  152 ms  EDGE_ESCAPE  rival=si d=   7 mm rumbo=+1500 cdeg  linea=0x9
[rival] t=  272 ms  ATTACK       rival=si d=  10 mm rumbo=+1499 cdeg  linea=0x4
[arbitro] asalto 19/30  banco    rival fuera     +1   0.61 s
[gelatina] t=    0 ms  WAIT         rival=si d= 298 mm rumbo=   +0 cdeg  linea=0x0
[rival] t=    0 ms  WAIT         rival=si d= 298 mm rumbo=   +0 cdeg  linea=0x0
[gelatina] t=    0 ms  TRACK        rival=si d= 292 mm rumbo=   +0 cdeg  linea=0x0
[rival] t=    0 ms  TRACK        rival=si d= 296 mm rumbo=   +0 cdeg  linea=0x0
[gelatina] t=   47 ms  ATTACK       rival=si d= 259 mm rumbo=   +0 cdeg  linea=0x0
[rival] t=   47 ms  ATTACK       rival=si d= 258 mm rumbo=   +0 cdeg  linea=0x0
[arbitro] asalto 20/30  banco    rival fuera     +1   0.58 s
[gelatina] t=    0 ms  WAIT         rival=si d= 289 mm rumbo=   +0 cdeg  linea=0x0
[rival] t=    0 ms  WAIT         rival=si d= 290 mm rumbo=   +0 cdeg  linea=0x0
[gelatina] t=    0 ms  TRACK        rival=si d= 289 mm rumbo=   +0 cdeg  linea=0x0
[rival] t=    0 ms  TRACK        rival=si d= 293 mm rumbo=   +0 cdeg  linea=0x0
[gelatina] t=   48 ms  ATTACK       rival=si d= 258 mm rumbo=   +0 cdeg  linea=0x0
[rival] t=   48 ms  ATTACK       rival=si d= 254 mm rumbo=   +0 cdeg  linea=0x0
[arbitro] asalto 21/30  banco    expulsado       -1   0.52 s
[gelatina] t=    0 ms  WAIT         rival=si d= 266 mm rumbo=   +0 cdeg  linea=0x0
[rival] t=    0 ms  WAIT         rival=si d= 268 mm rumbo=   +0 cdeg  linea=0x0
[gelatina] t=    0 ms  TRACK        rival=si d= 273 mm rumbo=   +0 cdeg  linea=0x0
[rival] t=    0 ms  TRACK        rival=si d= 267 mm rumbo=   +0 cdeg  linea=0x0
[gelatina] t=   32 ms  ATTACK       rival=si d= 252 mm rumbo=   +0 cdeg  linea=0x0
[rival] t=   32 ms  ATTACK       rival=si d= 257 mm rumbo=   +0 cdeg  linea=0x0
[rival] t=  296 ms  EDGE_ESCAPE  rival=si d= 312 mm rumbo=+1209 cdeg  linea=0xC
[arbitro] asalto 22/30  banco    expulsado       -1   0.67 s
[gelatina] t=    0 ms  WAIT         rival=si d= 312 mm rumbo=   +0 cdeg  linea=0x0
[rival] t=    0 ms  WAIT         rival=si d= 314 mm rumbo=   +0 cdeg  linea=0x0
[gelatina] t=    0 ms  TRACK        rival=si d= 318 mm rumbo=   +0 cdeg  linea=0x0
[rival] t=    0 ms  TRACK        rival=si d= 317 mm rumbo=   +0 cdeg  linea=0x0
[gelatina] t=   64 ms  ATTACK       rival=si d= 258 mm rumbo=   +0 cdeg  linea=0x0
[rival] t=   64 ms  ATTACK       rival=si d= 253 mm rumbo=   +0 cdeg  linea=0x0
[arbitro] asalto 23/30  banco    rival fuera     +1   0.53 s
[gelatina] t=    0 ms  WAIT         rival=si d= 314 mm rumbo=   +0 cdeg  linea=0x0
[rival] t=    0 ms  WAIT         rival=si d= 316 mm rumbo=   +0 cdeg  linea=0x0
[gelatina] t=    0 ms  TRACK        rival=si d= 314 mm rumbo=   +0 cdeg  linea=0x0
[rival] t=    0 ms  TRACK        rival=si d= 314 mm rumbo=   +0 cdeg  linea=0x0
[gelatina] t=   64 ms  ATTACK       rival=si d= 253 mm rumbo=   +0 cdeg  linea=0x0
[rival] t=   64 ms  ATTACK       rival=si d= 252 mm rumbo=   +0 cdeg  linea=0x0
[rival] t=  439 ms  EDGE_ESCAPE  rival=si d=   9 mm rumbo=-3000 cdeg  linea=0xC
[arbitro] asalto 24/30  banco    rival fuera     +1   0.51 s
[gelatina] t=    0 ms  WAIT         rival=si d= 268 mm rumbo=   +0 cdeg  linea=0x0
[rival] t=    0 ms  WAIT         rival=si d= 267 mm rumbo=   +0 cdeg  linea=0x0
[gelatina] t=    0 ms  TRACK        rival=si d= 267 mm rumbo=   +0 cdeg  linea=0x0
[rival] t=    0 ms  TRACK        rival=si d= 270 mm rumbo=   +0 cdeg  linea=0x0
[gelatina] t=   32 ms  ATTACK       rival=si d= 255 mm rumbo=   +0 cdeg  linea=0x0
[rival] t=   32 ms  ATTACK       rival=si d= 255 mm rumbo=   +0 cdeg  linea=0x0
[rival] t=  152 ms  EDGE_ESCAPE  rival=si d=   7 mm rumbo=   -1 cdeg  linea=0xF
[rival] t=  368 ms  ATTACK       rival=si d=  13 mm rumbo=   +3 cdeg  linea=0x2
[rival] t=  592 ms  EDGE_ESCAPE  rival=si d=  52 mm rumbo=+3000 cdeg  linea=0xC
[rival] t=  600 ms  ATTACK       rival=si d=   8 mm rumbo=   +0 cdeg  linea=0xC
[arbitro] asalto 25/30  banco    rival fuera     +1   0.66 s
[gelatina] t=    0 ms  WAIT         rival=si d= 290 mm rumbo=   +0 cdeg  linea=0x0
[rival] t=    0 ms  WAIT         rival=si d= 292 mm rumbo=   +0 cdeg  linea=0x0
[gelatina] t=    0 ms  TRACK        rival=si d= 289 mm rumbo=   +0 cdeg  linea=0x0
[rival] t=    0 ms  TRACK        rival=si d= 290 mm rumbo=   +0 cdeg  linea=0x0
[gelatina] t=   48 ms  ATTACK       rival=si d= 257 mm rumbo=   +0 cdeg  linea=0x0
[rival] t=   48 ms  ATTACK       rival=si d= 259 mm rumbo=   +0 cdeg  linea=0x0
[arbitro] asalto 26/30  banco    expulsado       -1   0.63 s
[gelatina] t=    0 ms  WAIT         rival=si d= 296 mm rumbo=   +0 cdeg  linea=0x0
[rival] t=    0 ms  WAIT         rival=si d= 296 mm rumbo=   +0 cdeg  linea=0x0
[gelatina] t=    0 ms  TRACK        rival=si d= 298 mm rumbo=   +0 cdeg  linea=0x0
[rival] t=    0 ms  TRACK        rival=si d= 294 mm rumbo=   +0 cdeg  linea=0x0
[gelatina] t=   48 ms  ATTACK       rival=si d= 260 mm rumbo=   +0 cdeg  linea=0x0
[rival] t=   56 ms  ATTACK       rival=si d= 245 mm rumbo=   +0 cdeg  linea=0x0
[arbitro] asalto 27/30  banco    expulsado       -1   0.54 s
[gelatina] t=    0 ms  WAIT         rival=si d= 266 mm rumbo=   +0 cdeg  linea=0x0
[rival] t=    0 ms  WAIT         rival=si d= 265 mm rumbo=   +0 cdeg  linea=0x0
[gelatina] t=    0 ms  TRACK        rival=si d= 268 mm rumbo=   +0 cdeg  linea=0x0
[rival] t=    0 ms  TRACK        rival=si d= 266 mm rumbo=   +0 cdeg  linea=0x0
[gelatina] t=   24 ms  ATTACK       rival=si d= 259 mm rumbo=   +0 cdeg  linea=0x0
[rival] t=   24 ms  ATTACK       rival=si d= 257 mm rumbo=   +0 cdeg  linea=0x0
[arbitro] asalto 28/30  banco    expulsado       -1   0.53 s
[gelatina] t=    0 ms  WAIT         rival=si d= 319 mm rumbo=   +0 cdeg  linea=0x0
[rival] t=    0 ms  WAIT         rival=si d= 323 mm rumbo=   +0 cdeg  linea=0x0
[gelatina] t=    0 ms  TRACK        rival=si d= 320 mm rumbo=   +0 cdeg  linea=0x0
[rival] t=    0 ms  TRACK        rival=si d= 321 mm rumbo=   +0 cdeg  linea=0x0
[gelatina] t=   72 ms  ATTACK       rival=si d= 244 mm rumbo=   +0 cdeg  linea=0x0
[rival] t=   72 ms  ATTACK       rival=si d= 242 mm rumbo=   +0 cdeg  linea=0x0
[rival] t=  208 ms  EDGE_ESCAPE  rival=si d=  17 mm rumbo=-3000 cdeg  linea=0x8
[rival] t=  256 ms  ATTACK       rival=si d=   9 mm rumbo=+1643 cdeg  linea=0x4
[rival] t=  264 ms  EDGE_ESCAPE  rival=si d=  21 mm rumbo=+3000 cdeg  linea=0x4
[rival] t=  456 ms  ATTACK       rival=si d=  11 mm rumbo=-1531 cdeg  linea=0x4
[rival] t=  576 ms  EDGE_ESCAPE  rival=si d=  54 mm rumbo=+3000 cdeg  linea=0xC
[rival] t=  584 ms  ATTACK       rival=si d=   7 mm rumbo=+1498 cdeg  linea=0xC
[arbitro] asalto 29/30  banco    rival fuera     +1   0.64 s
[gelatina] t=    0 ms  WAIT         rival=si d= 309 mm rumbo=   +0 cdeg  linea=0x0
[rival] t=    0 ms  WAIT         rival=si d= 310 mm rumbo=   +0 cdeg  linea=0x0
[gelatina] t=    0 ms  TRACK        rival=si d= 317 mm rumbo=   +0 cdeg  linea=0x0
[rival] t=    0 ms  TRACK        rival=si d= 309 mm rumbo=   +0 cdeg  linea=0x0
[gelatina] t=   64 ms  ATTACK       rival=si d= 253 mm rumbo=   +0 cdeg  linea=0x0
[rival] t=   64 ms  ATTACK       rival=si d= 255 mm rumbo=   +0 cdeg  linea=0x0
[arbitro] asalto 30/30  banco    expulsado       -1   0.70 s

[arbitro] RESULTADO  14W 16L 0D  win rate 46.7%  auto-salidas 0  t medio de victoria 1.91 s

[arbitro] resultados -> ../../../runs/real_baseline/20260913T155439545426Z_v0.3.0_banco/v0.3.0.json
INFO: 'arbitro' controller exited successfully.
INFO: _real_20260913t155439545426z_yo_v030: Terminating.
INFO: _real_20260913t155439545426z_rival_v030: Terminating.
