WARNING: Contact joints between materials 'patin' and 'dohyo' will only be created for the 10 deepest contact points instead of all the 12 contact points.
INFO: medido: Starting controller: $LAB_ROOT/Mini-Sumo-real/runs/real/20260913T170516356268Z_v22_v0.1.1_reglamento_static_s0_r0/project/webots/controllers/medido/medido
INFO: oponente: Starting controller: $LAB_ROOT/Mini-Sumo-real/runs/real/20260913T170516356268Z_v22_v0.1.1_reglamento_static_s0_r0/project/webots/controllers/oponente/oponente static
INFO: arbitro: Starting controller: $LAB_ROOT/Mini-Sumo-real/runs/real/20260913T170516356268Z_v22_v0.1.1_reglamento_static_s0_r0/project/webots/controllers/arbitro/arbitro --rounds 30 --rival static --version v0.1.1 --colocacion reglamento --out ../../../../result.json
[planta] gelatina ciclo=1 rueda=0 V=7.4 R=4 Rpuente=0.5 I0=0.15 Ke=0.0793326178 Kt=0.0483794733
[planta] gelatina ciclo=1 rueda=1 V=7.4 R=4 Rpuente=0.5 I0=0.15 Ke=0.0793326178 Kt=0.0483794733
[sensores] gelatina ToF alcance=1200 minimo=30 sigma_rel=0.07
[gelatina] HAL Webots listo: paso 8 ms, umbral de linea 400
[gelatina] estrategia v0.1.0 en linea
[planta] rival ciclo=1 rueda=0 V=7.4 R=4 Rpuente=0.5 I0=0.15 Ke=0.0793326178 Kt=0.0483794733
[planta] rival ciclo=1 rueda=1 V=7.4 R=4 Rpuente=0.5 I0=0.15 Ke=0.0793326178 Kt=0.0483794733
[sensores] rival ToF alcance=1200 minimo=30 sigma_rel=0.07
[rival] comportamiento: static

[arbitro] 30 asaltos contra 'static', colocacion reglamento, limite 60 s por asalto
[gelatina] t=    0 ms  WAIT         rival=no d=9999 mm rumbo=   +0 cdeg  linea=0x0
[planta] asalto=0 mu=1.1 slip=0.0005 aleatorio=0
[planta] gelatina ciclo=2 rueda=0 V=7.4 R=4 Rpuente=0.5 I0=0.15 Ke=0.0793326178 Kt=0.0483794733
[planta] gelatina ciclo=2 rueda=1 V=7.4 R=4 Rpuente=0.5 I0=0.15 Ke=0.0793326178 Kt=0.0483794733
[sensores] gelatina ToF alcance=1200 minimo=30 sigma_rel=0.07
[gelatina] pulsador recibido: permiso previsto 5312 ms
[planta] rival ciclo=2 rueda=0 V=7.4 R=4 Rpuente=0.5 I0=0.15 Ke=0.0793326178 Kt=0.0483794733
[planta] rival ciclo=2 rueda=1 V=7.4 R=4 Rpuente=0.5 I0=0.15 Ke=0.0793326178 Kt=0.0483794733
[sensores] rival ToF alcance=1200 minimo=30 sigma_rel=0.07
[arranque] pulsador=312 permiso=5312 ms
[gelatina] permiso de arranque a los 5312 ms
[gelatina] t=    0 ms  TRACK        rival=si d=  76 mm rumbo=+1507 cdeg  linea=0x0
[gelatina] t=    8 ms  ATTACK       rival=si d=  76 mm rumbo=+1507 cdeg  linea=0x0
WARNING: Contact joints between materials 'rueda' and 'dohyo' will only be created for the 10 deepest contact points instead of all the 20 contact points.
[gelatina] t=  184 ms  EDGE_ESCAPE  rival=si d=  41 mm rumbo=+1494 cdeg  linea=0x1
[gelatina] t=  848 ms  SEARCH       rival=si d= 228 mm rumbo=+1480 cdeg  linea=0x0
[gelatina] t=  856 ms  TRACK        rival=si d= 200 mm rumbo=+6000 cdeg  linea=0x0
[gelatina] t=  864 ms  ATTACK       rival=si d= 200 mm rumbo=+6000 cdeg  linea=0x0
[gelatina] t= 1144 ms  SEARCH       rival=no d=9999 mm rumbo=+6000 cdeg  linea=0x0
WARNING: Contact joints between materials 'patin' and 'dohyo' will only be created for the 10 deepest contact points instead of all the 12 contact points.
[gelatina] t= 1280 ms  EDGE_ESCAPE  rival=no d=9999 mm rumbo=+6000 cdeg  linea=0x2
[arbitro] asalto  1/30  frente   auto-salida     -1   1.55 s
[planta] asalto=1 mu=1.1 slip=0.0005 aleatorio=0
[gelatina] fin de asalto motor={"battery_v":7.4,"resistance_ohm":[4,4],"bridge_ohm":[0.5,0.5],"omega_rad_s":[-88.5250757,-64.8461383],"current_a":[-0.083794224,-0.00790809921],"torque_nm":[0.00320300057,0.00687433133],"applied_pwm":[-1,-0.700000048],"over_1_2a_samples":27,"over_3_2a_samples":0}
[gelatina] t=    0 ms  WAIT         rival=no d=9999 mm rumbo=+6000 cdeg  linea=0x0
[rival] fin de asalto motor={"battery_v":7.4,"resistance_ohm":[4,4],"bridge_ohm":[0.5,0.5],"omega_rad_s":[2.43502996e-08,-2.10151896e-08],"current_a":[-4.29282891e-10,3.70486667e-10],"torque_nm":[-1.9747668e-10,1.7042952e-10],"applied_pwm":[0,0],"over_1_2a_samples":0,"over_3_2a_samples":0}
[planta] gelatina ciclo=3 rueda=0 V=7.4 R=4 Rpuente=0.5 I0=0.15 Ke=0.0793326178 Kt=0.0483794733
[planta] gelatina ciclo=3 rueda=1 V=7.4 R=4 Rpuente=0.5 I0=0.15 Ke=0.0793326178 Kt=0.0483794733
[sensores] gelatina ToF alcance=1200 minimo=30 sigma_rel=0.07
[gelatina] pulsador recibido: permiso previsto 12176 ms
[planta] rival ciclo=3 rueda=0 V=7.4 R=4 Rpuente=0.5 I0=0.15 Ke=0.0793326178 Kt=0.0483794733
[planta] rival ciclo=3 rueda=1 V=7.4 R=4 Rpuente=0.5 I0=0.15 Ke=0.0793326178 Kt=0.0483794733
[sensores] rival ToF alcance=1200 minimo=30 sigma_rel=0.07
[arranque] pulsador=7176 permiso=12176 ms
[gelatina] permiso de arranque a los 12176 ms
[gelatina] t=    0 ms  OPENING      rival=no d=9999 mm rumbo=+6000 cdeg  linea=0x0
WARNING: Contact joints between materials 'rueda' and 'dohyo' will only be created for the 10 deepest contact points instead of all the 12 contact points.
[gelatina] t=  424 ms  SEARCH       rival=no d=9999 mm rumbo=+6000 cdeg  linea=0x1
[gelatina] t=  488 ms  TRACK        rival=si d= 440 mm rumbo=+1510 cdeg  linea=0xC
[arbitro] asalto  2/30  lado     auto-salida     -1   0.49 s
[planta] asalto=2 mu=1.1 slip=0.0005 aleatorio=0
[gelatina] fin de asalto motor={"battery_v":7.4,"resistance_ohm":[4,4],"bridge_ohm":[0.5,0.5],"omega_rad_s":[-16.2222839,49.5494456],"current_a":[-0.482787551,0.166580605],"torque_nm":[-0.0161000865,0.000802160913],"applied_pwm":[-0.467500031,0.632499993],"over_1_2a_samples":28,"over_3_2a_samples":0}
[gelatina] t=    0 ms  WAIT         rival=si d= 440 mm rumbo=+1510 cdeg  linea=0x0
[rival] fin de asalto motor={"battery_v":7.4,"resistance_ohm":[4,4],"bridge_ohm":[0.5,0.5],"omega_rad_s":[-3.83893095e-06,4.52007143e-06],"current_a":[6.76783204e-08,-7.96864664e-08],"torque_nm":[3.11330601e-08,-3.66569905e-08],"applied_pwm":[0,0],"over_1_2a_samples":0,"over_3_2a_samples":0}
[planta] gelatina ciclo=4 rueda=0 V=7.4 R=4 Rpuente=0.5 I0=0.15 Ke=0.0793326178 Kt=0.0483794733
[planta] gelatina ciclo=4 rueda=1 V=7.4 R=4 Rpuente=0.5 I0=0.15 Ke=0.0793326178 Kt=0.0483794733
[sensores] gelatina ToF alcance=1200 minimo=30 sigma_rel=0.07
[gelatina] pulsador recibido: permiso previsto 17976 ms
[planta] rival ciclo=4 rueda=0 V=7.4 R=4 Rpuente=0.5 I0=0.15 Ke=0.0793326178 Kt=0.0483794733
[planta] rival ciclo=4 rueda=1 V=7.4 R=4 Rpuente=0.5 I0=0.15 Ke=0.0793326178 Kt=0.0483794733
[sensores] rival ToF alcance=1200 minimo=30 sigma_rel=0.07
[arranque] pulsador=12976 permiso=17976 ms
[gelatina] permiso de arranque a los 17976 ms
[gelatina] t=    0 ms  OPENING      rival=no d=9999 mm rumbo=-3000 cdeg  linea=0x0
WARNING: Contact joints between materials 'patin' and 'dohyo' will only be created for the 10 deepest contact points instead of all the 19 contact points.
[gelatina] t=  424 ms  SEARCH       rival=no d=9999 mm rumbo=-3000 cdeg  linea=0x4
[arbitro] asalto  3/30  espalda  auto-salida     -1   0.43 s
[planta] asalto=3 mu=1.1 slip=0.0005 aleatorio=0
[gelatina] fin de asalto motor={"battery_v":7.4,"resistance_ohm":[4,4],"bridge_ohm":[0.5,0.5],"omega_rad_s":[60.5591349,59.5960037],"current_a":[-0.0275143909,-0.0639792897],"torque_nm":[-0.00858805274,-0.0103522053],"applied_pwm":[0.632499993,0.600000024],"over_1_2a_samples":29,"over_3_2a_samples":0}
[gelatina] t=    0 ms  WAIT         rival=no d=9999 mm rumbo=-3000 cdeg  linea=0x0
[rival] fin de asalto motor={"battery_v":7.4,"resistance_ohm":[4,4],"bridge_ohm":[0.5,0.5],"omega_rad_s":[-6.0428107e-08,5.93001204e-08],"current_a":[1.06531554e-09,-1.04542973e-09],"torque_nm":[4.90061403e-10,-4.80913629e-10],"applied_pwm":[0,0],"over_1_2a_samples":0,"over_3_2a_samples":0}
[planta] gelatina ciclo=5 rueda=0 V=7.4 R=4 Rpuente=0.5 I0=0.15 Ke=0.0793326178 Kt=0.0483794733
[planta] gelatina ciclo=5 rueda=1 V=7.4 R=4 Rpuente=0.5 I0=0.15 Ke=0.0793326178 Kt=0.0483794733
[sensores] gelatina ToF alcance=1200 minimo=30 sigma_rel=0.07
[gelatina] pulsador recibido: permiso previsto 23720 ms
[arranque] pulsador=18720 permiso=23720 ms
[planta] rival ciclo=5 rueda=0 V=7.4 R=4 Rpuente=0.5 I0=0.15 Ke=0.0793326178 Kt=0.0483794733
[planta] rival ciclo=5 rueda=1 V=7.4 R=4 Rpuente=0.5 I0=0.15 Ke=0.0793326178 Kt=0.0483794733
[sensores] rival ToF alcance=1200 minimo=30 sigma_rel=0.07
[gelatina] permiso de arranque a los 23720 ms
[gelatina] t=    0 ms  TRACK        rival=si d=  71 mm rumbo=   +0 cdeg  linea=0x0
[gelatina] t=    8 ms  ATTACK       rival=si d=  71 mm rumbo=   +0 cdeg  linea=0x0
WARNING: Contact joints between materials 'rueda' and 'dohyo' will only be created for the 10 deepest contact points instead of all the 12 contact points.
[gelatina] t=  416 ms  SEARCH       rival=no d=9999 mm rumbo=  +59 cdeg  linea=0x0
[gelatina] t=  528 ms  TRACK        rival=si d=  36 mm rumbo=-6000 cdeg  linea=0x0
[gelatina] t=  536 ms  ATTACK       rival=si d=  36 mm rumbo=-6000 cdeg  linea=0x0
[arbitro] asalto  4/30  frente   rival fuera     +1   0.62 s
[planta] asalto=4 mu=1.1 slip=0.0005 aleatorio=0
[gelatina] fin de asalto motor={"battery_v":7.4,"resistance_ohm":[4,4],"bridge_ohm":[0.5,0.5],"omega_rad_s":[30.7115618,45.6037792],"current_a":[1.10301587,0.347140607],"torque_nm":[0.0461064057,0.00953755872],"applied_pwm":[1,0.699999988],"over_1_2a_samples":39,"over_3_2a_samples":0}
[gelatina] t=    0 ms  WAIT         rival=no d=9999 mm rumbo=-6000 cdeg  linea=0x0
[rival] fin de asalto motor={"battery_v":7.4,"resistance_ohm":[4,4],"bridge_ohm":[0.5,0.5],"omega_rad_s":[-1.9238976,-2.52031828],"current_a":[0.0339172963,0.044431877],"torque_nm":[0.00859475296,0.00931321623],"applied_pwm":[0,0],"over_1_2a_samples":0,"over_3_2a_samples":0}
[planta] gelatina ciclo=6 rueda=0 V=7.4 R=4 Rpuente=0.5 I0=0.15 Ke=0.0793326178 Kt=0.0483794733
[planta] gelatina ciclo=6 rueda=1 V=7.4 R=4 Rpuente=0.5 I0=0.15 Ke=0.0793326178 Kt=0.0483794733
[sensores] gelatina ToF alcance=1200 minimo=30 sigma_rel=0.07
[gelatina] pulsador recibido: permiso previsto 29656 ms
[arranque] pulsador=24656 permiso=29656 ms
[planta] rival ciclo=6 rueda=0 V=7.4 R=4 Rpuente=0.5 I0=0.15 Ke=0.0793326178 Kt=0.0483794733
[planta] rival ciclo=6 rueda=1 V=7.4 R=4 Rpuente=0.5 I0=0.15 Ke=0.0793326178 Kt=0.0483794733
[sensores] rival ToF alcance=1200 minimo=30 sigma_rel=0.07
[gelatina] permiso de arranque a los 29656 ms
[gelatina] t=    0 ms  OPENING      rival=no d=9999 mm rumbo=-6000 cdeg  linea=0x0
WARNING: Contact joints between materials 'rueda' and 'dohyo' will only be created for the 10 deepest contact points instead of all the 12 contact points.
[gelatina] t=  424 ms  SEARCH       rival=no d=9999 mm rumbo=-6000 cdeg  linea=0x0
[gelatina] t=  488 ms  TRACK        rival=si d= 382 mm rumbo=+2682 cdeg  linea=0x4
[arbitro] asalto  5/30  lado     auto-salida     -1   0.50 s
[planta] asalto=5 mu=1.1 slip=0.0005 aleatorio=0
[gelatina] fin de asalto motor={"battery_v":7.4,"resistance_ohm":[4,4],"bridge_ohm":[0.5,0.5],"omega_rad_s":[45.9371483,-19.0927399],"current_a":[-0.0986253771,-0.103294063],"torque_nm":[-0.0120283648,0.00225960865],"applied_pwm":[0.432500005,-0.267500043],"over_1_2a_samples":44,"over_3_2a_samples":0}
[gelatina] t=    0 ms  WAIT         rival=si d= 382 mm rumbo=+2682 cdeg  linea=0x0
[rival] fin de asalto motor={"battery_v":7.4,"resistance_ohm":[4,4],"bridge_ohm":[0.5,0.5],"omega_rad_s":[2.25174546e-07,-1.38769884e-07],"current_a":[-3.96970804e-09,2.4464396e-09],"torque_nm":[-1.82612627e-09,1.12539955e-09],"applied_pwm":[0,0],"over_1_2a_samples":0,"over_3_2a_samples":0}
[planta] gelatina ciclo=7 rueda=0 V=7.4 R=4 Rpuente=0.5 I0=0.15 Ke=0.0793326178 Kt=0.0483794733
[planta] gelatina ciclo=7 rueda=1 V=7.4 R=4 Rpuente=0.5 I0=0.15 Ke=0.0793326178 Kt=0.0483794733
[sensores] gelatina ToF alcance=1200 minimo=30 sigma_rel=0.07
[gelatina] pulsador recibido: permiso previsto 35464 ms
[arranque] pulsador=30464 permiso=35464 ms
[planta] rival ciclo=7 rueda=0 V=7.4 R=4 Rpuente=0.5 I0=0.15 Ke=0.0793326178 Kt=0.0483794733
[planta] rival ciclo=7 rueda=1 V=7.4 R=4 Rpuente=0.5 I0=0.15 Ke=0.0793326178 Kt=0.0483794733
[sensores] rival ToF alcance=1200 minimo=30 sigma_rel=0.07
[gelatina] permiso de arranque a los 35464 ms
[gelatina] t=    0 ms  OPENING      rival=no d=9999 mm rumbo=-3000 cdeg  linea=0x0
[gelatina] t=  424 ms  SEARCH       rival=no d=9999 mm rumbo=-3000 cdeg  linea=0xC
[arbitro] asalto  6/30  espalda  auto-salida     -1   0.42 s
[planta] asalto=6 mu=1.1 slip=0.0005 aleatorio=0
[gelatina] fin de asalto motor={"battery_v":7.4,"resistance_ohm":[4,4],"bridge_ohm":[0.5,0.5],"omega_rad_s":[60.0346676,60.0216953],"current_a":[0.257176167,0.257404861],"torque_nm":[0.00518512653,0.00519619061],"applied_pwm":[0.800000012,0.800000012],"over_1_2a_samples":46,"over_3_2a_samples":0}
[gelatina] t=    0 ms  WAIT         rival=no d=9999 mm rumbo=-3000 cdeg  linea=0x0
[rival] fin de asalto motor={"battery_v":7.4,"resistance_ohm":[4,4],"bridge_ohm":[0.5,0.5],"omega_rad_s":[5.249845e-08,-4.98694419e-08],"current_a":[-9.25519882e-10,8.79171861e-10],"torque_nm":[-4.25753269e-10,4.04432472e-10],"applied_pwm":[0,0],"over_1_2a_samples":0,"over_3_2a_samples":0}
WARNING: Contact joints between materials 'patin' and 'dohyo' will only be created for the 10 deepest contact points instead of all the 68 contact points.
[planta] gelatina ciclo=8 rueda=0 V=7.4 R=4 Rpuente=0.5 I0=0.15 Ke=0.0793326178 Kt=0.0483794733
[planta] gelatina ciclo=8 rueda=1 V=7.4 R=4 Rpuente=0.5 I0=0.15 Ke=0.0793326178 Kt=0.0483794733
[sensores] gelatina ToF alcance=1200 minimo=30 sigma_rel=0.07
[gelatina] pulsador recibido: permiso previsto 41200 ms
[planta] rival ciclo=8 rueda=0 V=7.4 R=4 Rpuente=0.5 I0=0.15 Ke=0.0793326178 Kt=0.0483794733
[planta] rival ciclo=8 rueda=1 V=7.4 R=4 Rpuente=0.5 I0=0.15 Ke=0.0793326178 Kt=0.0483794733
[sensores] rival ToF alcance=1200 minimo=30 sigma_rel=0.07
[arranque] pulsador=36200 permiso=41200 ms
[gelatina] permiso de arranque a los 41200 ms
[gelatina] t=    0 ms  TRACK        rival=si d=  82 mm rumbo=+1487 cdeg  linea=0x0
[gelatina] t=    8 ms  ATTACK       rival=si d=  82 mm rumbo=+1487 cdeg  linea=0x0
WARNING: Contact joints between materials 'rueda' and 'dohyo' will only be created for the 10 deepest contact points instead of all the 12 contact points.
[gelatina] t=  744 ms  SEARCH       rival=no d=9999 mm rumbo=+3000 cdeg  linea=0x0
[gelatina] t=  888 ms  TRACK        rival=si d=  52 mm rumbo=-3000 cdeg  linea=0x0
[gelatina] t=  896 ms  ATTACK       rival=si d=  52 mm rumbo=-3000 cdeg  linea=0x0
WARNING: Contact joints between materials 'patin' and 'dohyo' will only be created for the 10 deepest contact points instead of all the 14 contact points.
[gelatina] t= 1208 ms  SEARCH       rival=no d=9999 mm rumbo=-6000 cdeg  linea=0x0
[arbitro] asalto  7/30  frente   rival fuera     +1   1.21 s
[planta] asalto=7 mu=1.1 slip=0.0005 aleatorio=0
[gelatina] fin de asalto motor={"battery_v":7.4,"resistance_ohm":[4,4],"bridge_ohm":[0.5,0.5],"omega_rad_s":[73.350624,45.2330459],"current_a":[0.351311773,0.353676437],"torque_nm":[0.00973935756,0.00985375877],"applied_pwm":[1,0.699999988],"over_1_2a_samples":59,"over_3_2a_samples":0}
[gelatina] t=    0 ms  WAIT         rival=no d=9999 mm rumbo=-6000 cdeg  linea=0x0
[rival] fin de asalto motor={"battery_v":7.4,"resistance_ohm":[4,4],"bridge_ohm":[0.5,0.5],"omega_rad_s":[1.8932612,1.89326915],"current_a":[-0.0333771928,-0.0333773329],"torque_nm":[-0.00854989704,-0.00854990881],"applied_pwm":[0,0],"over_1_2a_samples":0,"over_3_2a_samples":0}
[planta] gelatina ciclo=9 rueda=0 V=7.4 R=4 Rpuente=0.5 I0=0.15 Ke=0.0793326178 Kt=0.0483794733
[planta] gelatina ciclo=9 rueda=1 V=7.4 R=4 Rpuente=0.5 I0=0.15 Ke=0.0793326178 Kt=0.0483794733
[sensores] gelatina ToF alcance=1200 minimo=30 sigma_rel=0.07
[gelatina] pulsador recibido: permiso previsto 47720 ms
[planta] rival ciclo=9 rueda=0 V=7.4 R=4 Rpuente=0.5 I0=0.15 Ke=0.0793326178 Kt=0.0483794733
[planta] rival ciclo=9 rueda=1 V=7.4 R=4 Rpuente=0.5 I0=0.15 Ke=0.0793326178 Kt=0.0483794733
[sensores] rival ToF alcance=1200 minimo=30 sigma_rel=0.07
[arranque] pulsador=42720 permiso=47720 ms
[gelatina] permiso de arranque a los 47720 ms
[gelatina] t=    0 ms  OPENING      rival=no d=9999 mm rumbo=-6000 cdeg  linea=0x0
WARNING: Contact joints between materials 'rueda' and 'dohyo' will only be created for the 10 deepest contact points instead of all the 12 contact points.
[gelatina] t=  424 ms  SEARCH       rival=no d=9999 mm rumbo=-6000 cdeg  linea=0x0
[gelatina] t=  488 ms  TRACK        rival=si d= 467 mm rumbo=+3441 cdeg  linea=0x4
[arbitro] asalto  8/30  lado     auto-salida     -1   0.51 s
[gelatina] t=  520 ms  ATTACK       rival=si d= 107 mm rumbo=+3037 cdeg  linea=0x0
[planta] asalto=8 mu=1.1 slip=0.0005 aleatorio=0
[gelatina] fin de asalto motor={"battery_v":7.4,"resistance_ohm":[4,4],"bridge_ohm":[0.5,0.5],"omega_rad_s":[45.2862074,4.9682829],"current_a":[-0.700732308,0.130300631],"torque_nm":[-0.041157981,-0.000952343066],"applied_pwm":[0.0593754053,0.132499963],"over_1_2a_samples":64,"over_3_2a_samples":0}
[gelatina] t=    0 ms  WAIT         rival=si d= 107 mm rumbo=+3037 cdeg  linea=0x0
[rival] fin de asalto motor={"battery_v":7.4,"resistance_ohm":[4,4],"bridge_ohm":[0.5,0.5],"omega_rad_s":[3.64399355e-06,-3.20598659e-07],"current_a":[-6.42416773e-08,5.65198463e-09],"torque_nm":[-2.95521518e-08,2.59999918e-09],"applied_pwm":[0,0],"over_1_2a_samples":0,"over_3_2a_samples":0}
[planta] gelatina ciclo=10 rueda=0 V=7.4 R=4 Rpuente=0.5 I0=0.15 Ke=0.0793326178 Kt=0.0483794733
[planta] gelatina ciclo=10 rueda=1 V=7.4 R=4 Rpuente=0.5 I0=0.15 Ke=0.0793326178 Kt=0.0483794733
[sensores] gelatina ToF alcance=1200 minimo=30 sigma_rel=0.07
[gelatina] pulsador recibido: permiso previsto 53544 ms
[planta] rival ciclo=10 rueda=0 V=7.4 R=4 Rpuente=0.5 I0=0.15 Ke=0.0793326178 Kt=0.0483794733
[planta] rival ciclo=10 rueda=1 V=7.4 R=4 Rpuente=0.5 I0=0.15 Ke=0.0793326178 Kt=0.0483794733
[sensores] rival ToF alcance=1200 minimo=30 sigma_rel=0.07
[arranque] pulsador=48544 permiso=53544 ms
[gelatina] permiso de arranque a los 53544 ms
[gelatina] t=    0 ms  OPENING      rival=no d=9999 mm rumbo=+1526 cdeg  linea=0x0
[gelatina] t=  423 ms  SEARCH       rival=no d=9999 mm rumbo=+1526 cdeg  linea=0xC
[arbitro] asalto  9/30  espalda  auto-salida     -1   0.42 s
[planta] asalto=9 mu=1.1 slip=0.0005 aleatorio=0
[gelatina] fin de asalto motor={"battery_v":7.4,"resistance_ohm":[4,4],"bridge_ohm":[0.5,0.5],"omega_rad_s":[59.9723576,59.9807903],"current_a":[0.258274658,0.258125996],"torque_nm":[0.00523827094,0.00523107873],"applied_pwm":[0.800000012,0.800000012],"over_1_2a_samples":66,"over_3_2a_samples":0}
[gelatina] t=    0 ms  WAIT         rival=no d=9999 mm rumbo=+1526 cdeg  linea=0x0
[rival] fin de asalto motor={"battery_v":7.4,"resistance_ohm":[4,4],"bridge_ohm":[0.5,0.5],"omega_rad_s":[1.47451829e-07,-1.42408751e-07],"current_a":[-2.59949768e-09,2.5105909e-09],"torque_nm":[-1.1958086e-09,1.15491012e-09],"applied_pwm":[0,0],"over_1_2a_samples":0,"over_3_2a_samples":0}
WARNING: Contact joints between materials 'patin' and 'dohyo' will only be created for the 10 deepest contact points instead of all the 36 contact points.
[planta] gelatina ciclo=11 rueda=0 V=7.4 R=4 Rpuente=0.5 I0=0.15 Ke=0.0793326178 Kt=0.0483794733
[planta] gelatina ciclo=11 rueda=1 V=7.4 R=4 Rpuente=0.5 I0=0.15 Ke=0.0793326178 Kt=0.0483794733
[sensores] gelatina ToF alcance=1200 minimo=30 sigma_rel=0.07
[gelatina] pulsador recibido: permiso previsto 59280 ms
[arranque] pulsador=54280 permiso=59280 ms
[planta] rival ciclo=11 rueda=0 V=7.4 R=4 Rpuente=0.5 I0=0.15 Ke=0.0793326178 Kt=0.0483794733
[planta] rival ciclo=11 rueda=1 V=7.4 R=4 Rpuente=0.5 I0=0.15 Ke=0.0793326178 Kt=0.0483794733
[sensores] rival ToF alcance=1200 minimo=30 sigma_rel=0.07
[gelatina] permiso de arranque a los 59280 ms
[gelatina] t=    0 ms  TRACK        rival=si d=  76 mm rumbo=   +0 cdeg  linea=0x0
[gelatina] t=    8 ms  ATTACK       rival=si d=  76 mm rumbo=   +0 cdeg  linea=0x0
WARNING: Contact joints between materials 'rueda' and 'dohyo' will only be created for the 10 deepest contact points instead of all the 12 contact points.
[gelatina] t=  416 ms  SEARCH       rival=no d=9999 mm rumbo=+1500 cdeg  linea=0x0
[gelatina] t=  592 ms  TRACK        rival=si d=  50 mm rumbo=-6000 cdeg  linea=0x0
[gelatina] t=  600 ms  ATTACK       rival=si d=  50 mm rumbo=-6000 cdeg  linea=0x0
[arbitro] asalto 10/30  frente   rival fuera     +1   0.62 s
[planta] asalto=10 mu=1.1 slip=0.0005 aleatorio=0
[gelatina] fin de asalto motor={"battery_v":7.4,"resistance_ohm":[4,4],"bridge_ohm":[0.5,0.5],"omega_rad_s":[-15.3093777,51.5559629],"current_a":[0.487785052,0.242206758],"torque_nm":[0.0308557049,0.00446091441],"applied_pwm":[0.132499963,0.699999988],"over_1_2a_samples":69,"over_3_2a_samples":0}
[gelatina] t=    0 ms  WAIT         rival=no d=9999 mm rumbo=-6000 cdeg  linea=0x0
[rival] fin de asalto motor={"battery_v":7.4,"resistance_ohm":[4,4],"bridge_ohm":[0.5,0.5],"omega_rad_s":[-25.8436268,-4.10499035],"current_a":[0.455609459,0.0723688067],"torque_nm":[0.0292990667,0.0107541401],"applied_pwm":[0,0],"over_1_2a_samples":0,"over_3_2a_samples":0}
[planta] gelatina ciclo=12 rueda=0 V=7.4 R=4 Rpuente=0.5 I0=0.15 Ke=0.0793326178 Kt=0.0483794733
[planta] gelatina ciclo=12 rueda=1 V=7.4 R=4 Rpuente=0.5 I0=0.15 Ke=0.0793326178 Kt=0.0483794733
[sensores] gelatina ToF alcance=1200 minimo=30 sigma_rel=0.07
[gelatina] pulsador recibido: permiso previsto 65216 ms
[planta] rival ciclo=12 rueda=0 V=7.4 R=4 Rpuente=0.5 I0=0.15 Ke=0.0793326178 Kt=0.0483794733
[planta] rival ciclo=12 rueda=1 V=7.4 R=4 Rpuente=0.5 I0=0.15 Ke=0.0793326178 Kt=0.0483794733
[sensores] rival ToF alcance=1200 minimo=30 sigma_rel=0.07
[arranque] pulsador=60216 permiso=65216 ms
[gelatina] permiso de arranque a los 65216 ms
[gelatina] t=    0 ms  TRACK        rival=si d=  83 mm rumbo=-6000 cdeg  linea=0x0
[gelatina] t=    8 ms  ATTACK       rival=si d=  83 mm rumbo=-6000 cdeg  linea=0x0
WARNING: Contact joints between materials 'rueda' and 'dohyo' will only be created for the 10 deepest contact points instead of all the 13 contact points.
[gelatina] t=  319 ms  SEARCH       rival=no d=9999 mm rumbo=-6000 cdeg  linea=0x0
[gelatina] t=  423 ms  TRACK        rival=si d=  51 mm rumbo=-6000 cdeg  linea=0x0
[gelatina] t=  431 ms  ATTACK       rival=si d=  51 mm rumbo=-6000 cdeg  linea=0x0
WARNING: Contact joints between materials 'patin' and 'dohyo' will only be created for the 10 deepest contact points instead of all the 12 contact points.
[gelatina] t= 1207 ms  EDGE_ESCAPE  rival=si d=  49 mm rumbo=   +0 cdeg  linea=0x2
[arbitro] asalto 11/30  lado     rival fuera     +1   1.21 s
[planta] asalto=11 mu=1.1 slip=0.0005 aleatorio=0
[gelatina] fin de asalto motor={"battery_v":7.4,"resistance_ohm":[4,4],"bridge_ohm":[0.5,0.5],"omega_rad_s":[61.7995532,62.9583032],"current_a":[0.226062168,0.205634019],"torque_nm":[0.00367984762,0.00269154455],"applied_pwm":[0.800000012,0.800000012],"over_1_2a_samples":84,"over_3_2a_samples":0}
[gelatina] t=    0 ms  WAIT         rival=si d=  56 mm rumbo=   +0 cdeg  linea=0x3
[rival] fin de asalto motor={"battery_v":7.4,"resistance_ohm":[4,4],"bridge_ohm":[0.5,0.5],"omega_rad_s":[1.76128469,1.76782589],"current_a":[-0.0310505168,-0.0311658345],"torque_nm":[-0.00834291752,-0.00835375293],"applied_pwm":[0,0],"over_1_2a_samples":0,"over_3_2a_samples":0}
[planta] gelatina ciclo=13 rueda=0 V=7.4 R=4 Rpuente=0.5 I0=0.15 Ke=0.0793326178 Kt=0.0483794733
[planta] gelatina ciclo=13 rueda=1 V=7.4 R=4 Rpuente=0.5 I0=0.15 Ke=0.0793326178 Kt=0.0483794733
[sensores] gelatina ToF alcance=1200 minimo=30 sigma_rel=0.07
[gelatina] pulsador recibido: permiso previsto 71736 ms
[arranque] pulsador=66736 permiso=71736 ms
[planta] rival ciclo=13 rueda=0 V=7.4 R=4 Rpuente=0.5 I0=0.15 Ke=0.0793326178 Kt=0.0483794733
[planta] rival ciclo=13 rueda=1 V=7.4 R=4 Rpuente=0.5 I0=0.15 Ke=0.0793326178 Kt=0.0483794733
[sensores] rival ToF alcance=1200 minimo=30 sigma_rel=0.07
[gelatina] permiso de arranque a los 71736 ms
[gelatina] t=    0 ms  OPENING      rival=no d=9999 mm rumbo=   +0 cdeg  linea=0x0
[gelatina] t=  424 ms  SEARCH       rival=no d=9999 mm rumbo=   +0 cdeg  linea=0xC
[arbitro] asalto 12/30  espalda  auto-salida     -1   0.42 s
[planta] asalto=12 mu=1.1 slip=0.0005 aleatorio=0
[gelatina] fin de asalto motor={"battery_v":7.4,"resistance_ohm":[4,4],"bridge_ohm":[0.5,0.5],"omega_rad_s":[60.0427135,59.8875411],"current_a":[0.257034321,0.259769928],"torque_nm":[0.00517826407,0.00531061132],"applied_pwm":[0.800000012,0.800000012],"over_1_2a_samples":86,"over_3_2a_samples":0}
[gelatina] t=    0 ms  WAIT         rival=no d=9999 mm rumbo=   +0 cdeg  linea=0x0
[rival] fin de asalto motor={"battery_v":7.4,"resistance_ohm":[4,4],"bridge_ohm":[0.5,0.5],"omega_rad_s":[1.2370549e-08,-8.50874926e-09],"current_a":[-2.18086231e-10,1.50004745e-10],"torque_nm":[-1.00322994e-10,6.90044718e-11],"applied_pwm":[0,0],"over_1_2a_samples":0,"over_3_2a_samples":0}
WARNING: Contact joints between materials 'patin' and 'dohyo' will only be created for the 10 deepest contact points instead of all the 27 contact points.
[planta] gelatina ciclo=14 rueda=0 V=7.4 R=4 Rpuente=0.5 I0=0.15 Ke=0.0793326178 Kt=0.0483794733
[planta] gelatina ciclo=14 rueda=1 V=7.4 R=4 Rpuente=0.5 I0=0.15 Ke=0.0793326178 Kt=0.0483794733
[sensores] gelatina ToF alcance=1200 minimo=30 sigma_rel=0.07
[gelatina] pulsador recibido: permiso previsto 77472 ms
[planta] rival ciclo=14 rueda=0 V=7.4 R=4 Rpuente=0.5 I0=0.15 Ke=0.0793326178 Kt=0.0483794733
[planta] rival ciclo=14 rueda=1 V=7.4 R=4 Rpuente=0.5 I0=0.15 Ke=0.0793326178 Kt=0.0483794733
[sensores] rival ToF alcance=1200 minimo=30 sigma_rel=0.07
[arranque] pulsador=72472 permiso=77472 ms
[gelatina] permiso de arranque a los 77472 ms
[gelatina] t=    0 ms  TRACK        rival=si d=  72 mm rumbo=-1454 cdeg  linea=0x0
[gelatina] t=    7 ms  ATTACK       rival=si d=  72 mm rumbo=-1454 cdeg  linea=0x0
WARNING: Contact joints between materials 'patin' and 'dohyo' will only be created for the 10 deepest contact points instead of all the 67 contact points.
[gelatina] t=  775 ms  SEARCH       rival=no d=9999 mm rumbo=+3000 cdeg  linea=0x0
[arbitro] asalto 13/30  frente   rival fuera     +1   0.84 s
[planta] asalto=13 mu=1.1 slip=0.0005 aleatorio=0
[gelatina] fin de asalto motor={"battery_v":7.4,"resistance_ohm":[4,4],"bridge_ohm":[0.5,0.5],"omega_rad_s":[20.7683717,58.1128051],"current_a":[-1.13491323,0.0156131086],"torque_nm":[-0.0621634252,-0.00650156703],"applied_pwm":[-0.467500031,0.632499993],"over_1_2a_samples":102,"over_3_2a_samples":0}
[gelatina] t=    0 ms  WAIT         rival=no d=9999 mm rumbo=+3000 cdeg  linea=0x3
[rival] fin de asalto motor={"battery_v":7.4,"resistance_ohm":[4,4],"bridge_ohm":[0.5,0.5],"omega_rad_s":[1.08202811,-0.750588792],"current_a":[-0.0190755828,0.0132324831],"torque_nm":[-0.00668449895,0.00525195448],"applied_pwm":[0,0],"over_1_2a_samples":0,"over_3_2a_samples":0}
[planta] gelatina ciclo=15 rueda=0 V=7.4 R=4 Rpuente=0.5 I0=0.15 Ke=0.0793326178 Kt=0.0483794733
[planta] gelatina ciclo=15 rueda=1 V=7.4 R=4 Rpuente=0.5 I0=0.15 Ke=0.0793326178 Kt=0.0483794733
[sensores] gelatina ToF alcance=1200 minimo=30 sigma_rel=0.07
[gelatina] pulsador recibido: permiso previsto 83624 ms
[arranque] pulsador=78624 permiso=83624 ms
[planta] rival ciclo=15 rueda=0 V=7.4 R=4 Rpuente=0.5 I0=0.15 Ke=0.0793326178 Kt=0.0483794733
[planta] rival ciclo=15 rueda=1 V=7.4 R=4 Rpuente=0.5 I0=0.15 Ke=0.0793326178 Kt=0.0483794733
[sensores] rival ToF alcance=1200 minimo=30 sigma_rel=0.07
[gelatina] permiso de arranque a los 83624 ms
[gelatina] t=    0 ms  OPENING      rival=no d=9999 mm rumbo=+3000 cdeg  linea=0x0
WARNING: Contact joints between materials 'rueda' and 'dohyo' will only be created for the 10 deepest contact points instead of all the 12 contact points.
[gelatina] t=  424 ms  SEARCH       rival=no d=9999 mm rumbo=+3000 cdeg  linea=0x0
[gelatina] t=  512 ms  TRACK        rival=si d=9999 mm rumbo=+3000 cdeg  linea=0x0
[arbitro] asalto 14/30  lado     auto-salida     -1   0.51 s
[gelatina] t=  520 ms  ATTACK       rival=si d= 125 mm rumbo=+2925 cdeg  linea=0x0
[planta] asalto=14 mu=1.1 slip=0.0005 aleatorio=0
[gelatina] fin de asalto motor={"battery_v":7.4,"resistance_ohm":[4,4],"bridge_ohm":[0.5,0.5],"omega_rad_s":[-24.8863528,50.4151733],"current_a":[-0.330044603,0.151318283],"torque_nm":[-0.00871046309,6.37778377e-05],"applied_pwm":[-0.467500031,0.632499993],"over_1_2a_samples":106,"over_3_2a_samples":0}
[gelatina] t=    0 ms  WAIT         rival=si d= 125 mm rumbo=+2925 cdeg  linea=0x0
[rival] fin de asalto motor={"battery_v":7.4,"resistance_ohm":[4,4],"bridge_ohm":[0.5,0.5],"omega_rad_s":[-9.34416988e-07,1.09135989e-06],"current_a":[1.64732768e-08,-1.92400971e-08],"torque_nm":[7.57795872e-09,-8.85073828e-09],"applied_pwm":[0,0],"over_1_2a_samples":0,"over_3_2a_samples":0}
[planta] gelatina ciclo=16 rueda=0 V=7.4 R=4 Rpuente=0.5 I0=0.15 Ke=0.0793326178 Kt=0.0483794733
[planta] gelatina ciclo=16 rueda=1 V=7.4 R=4 Rpuente=0.5 I0=0.15 Ke=0.0793326178 Kt=0.0483794733
[sensores] gelatina ToF alcance=1200 minimo=30 sigma_rel=0.07
[gelatina] pulsador recibido: permiso previsto 89448 ms
[arranque] pulsador=84448 permiso=89448 ms
[planta] rival ciclo=16 rueda=0 V=7.4 R=4 Rpuente=0.5 I0=0.15 Ke=0.0793326178 Kt=0.0483794733
[planta] rival ciclo=16 rueda=1 V=7.4 R=4 Rpuente=0.5 I0=0.15 Ke=0.0793326178 Kt=0.0483794733
[sensores] rival ToF alcance=1200 minimo=30 sigma_rel=0.07
[gelatina] permiso de arranque a los 89448 ms
[gelatina] t=    0 ms  OPENING      rival=no d=9999 mm rumbo=+1494 cdeg  linea=0x0
[gelatina] t=  423 ms  SEARCH       rival=si d= 704 mm rumbo=+2535 cdeg  linea=0xC
[gelatina] t=  431 ms  TRACK        rival=si d= 704 mm rumbo=+2535 cdeg  linea=0xC
[arbitro] asalto 15/30  espalda  auto-salida     -1   0.42 s
[planta] asalto=15 mu=1.1 slip=0.0005 aleatorio=0
[gelatina] fin de asalto motor={"battery_v":7.4,"resistance_ohm":[4,4],"bridge_ohm":[0.5,0.5],"omega_rad_s":[60.4093033,59.771482],"current_a":[0.250571537,0.261815989],"torque_nm":[0.00486559801,0.00540959865],"applied_pwm":[0.800000012,0.800000012],"over_1_2a_samples":108,"over_3_2a_samples":0}
[gelatina] t=    0 ms  WAIT         rival=si d= 704 mm rumbo=+2535 cdeg  linea=0x0
[rival] fin de asalto motor={"battery_v":7.4,"resistance_ohm":[4,4],"bridge_ohm":[0.5,0.5],"omega_rad_s":[-1.46869183e-08,1.04094511e-08],"current_a":[2.58922596e-10,-1.83513112e-10],"torque_nm":[1.19108345e-10,-8.44188318e-11],"applied_pwm":[0,0],"over_1_2a_samples":0,"over_3_2a_samples":0}
WARNING: Contact joints between materials 'patin' and 'dohyo' will only be created for the 10 deepest contact points instead of all the 68 contact points.
[planta] gelatina ciclo=17 rueda=0 V=7.4 R=4 Rpuente=0.5 I0=0.15 Ke=0.0793326178 Kt=0.0483794733
[planta] gelatina ciclo=17 rueda=1 V=7.4 R=4 Rpuente=0.5 I0=0.15 Ke=0.0793326178 Kt=0.0483794733
[sensores] gelatina ToF alcance=1200 minimo=30 sigma_rel=0.07
[gelatina] pulsador recibido: permiso previsto 95184 ms
[planta] rival ciclo=17 rueda=0 V=7.4 R=4 Rpuente=0.5 I0=0.15 Ke=0.0793326178 Kt=0.0483794733
[planta] rival ciclo=17 rueda=1 V=7.4 R=4 Rpuente=0.5 I0=0.15 Ke=0.0793326178 Kt=0.0483794733
[sensores] rival ToF alcance=1200 minimo=30 sigma_rel=0.07
[arranque] pulsador=90184 permiso=95184 ms
[gelatina] permiso de arranque a los 95184 ms
[gelatina] t=    0 ms  TRACK        rival=si d=  74 mm rumbo=-1461 cdeg  linea=0x0
[gelatina] t=    8 ms  ATTACK       rival=si d=  74 mm rumbo=-1461 cdeg  linea=0x0
WARNING: Contact joints between materials 'patin' and 'dohyo' will only be created for the 10 deepest contact points instead of all the 69 contact points.
[gelatina] t=  416 ms  SEARCH       rival=no d=9999 mm rumbo=+1501 cdeg  linea=0x0
[gelatina] t=  456 ms  TRACK        rival=si d=  42 mm rumbo=-3000 cdeg  linea=0x0
[gelatina] t=  464 ms  ATTACK       rival=si d=  42 mm rumbo=-3000 cdeg  linea=0x0
[gelatina] t=  744 ms  SEARCH       rival=no d=9999 mm rumbo=-3000 cdeg  linea=0x0
[gelatina] t=  888 ms  TRACK        rival=si d=  31 mm rumbo=+3051 cdeg  linea=0x0
[gelatina] t=  896 ms  ATTACK       rival=si d=  31 mm rumbo=+3051 cdeg  linea=0x0
WARNING: Contact joints between materials 'patin' and 'dohyo' will only be created for the 10 deepest contact points instead of all the 18 contact points.
[gelatina] t= 1280 ms  EDGE_ESCAPE  rival=si d=  32 mm rumbo=+6000 cdeg  linea=0x8
[gelatina] t= 1944 ms  SEARCH       rival=si d= 103 mm rumbo=-1866 cdeg  linea=0x0
[gelatina] t= 1952 ms  TRACK        rival=si d= 103 mm rumbo=-1866 cdeg  linea=0x0
[gelatina] t= 1960 ms  ATTACK       rival=si d= 103 mm rumbo=-1866 cdeg  linea=0x1
[gelatina] t= 2088 ms  EDGE_ESCAPE  rival=si d= 120 mm rumbo=-4625 cdeg  linea=0x4
WARNING: Contact joints between materials 'patin' and 'dohyo' will only be created for the 10 deepest contact points instead of all the 14 contact points.
WARNING: DEF GELATINA GelatinaNuclear > HingeJoint "rueda_izq" > RotationalMotor "motor_izq": The requested motor torque -1.01077 exceeds 'maxTorque' = 0.25
[arbitro] asalto 16/30  frente   auto-salida     -1   2.58 s
[planta] asalto=16 mu=1.1 slip=0.0005 aleatorio=0
[gelatina] fin de asalto motor={"battery_v":7.4,"resistance_ohm":[4,4],"bridge_ohm":[0.5,0.5],"omega_rad_s":[89.3709166,-40.3984301],"current_a":[-0.177784131,-0.68557488],"torque_nm":[-0.0158580236,-0.0259108306],"applied_pwm":[0.850000024,-0.850000024],"over_1_2a_samples":126,"over_3_2a_samples":1}
[gelatina] t=    0 ms  WAIT         rival=si d= 130 mm rumbo=-4676 cdeg  linea=0x0
[rival] fin de asalto motor={"battery_v":7.4,"resistance_ohm":[4,4],"bridge_ohm":[0.5,0.5],"omega_rad_s":[2.16964224e-08,-2.88800095e-08],"current_a":[-3.82496442e-10,5.09139279e-10],"torque_nm":[-1.759542e-10,2.34211838e-10],"applied_pwm":[0,0],"over_1_2a_samples":0,"over_3_2a_samples":0}
[planta] gelatina ciclo=18 rueda=0 V=7.4 R=4 Rpuente=0.5 I0=0.15 Ke=0.0793326178 Kt=0.0483794733
[planta] gelatina ciclo=18 rueda=1 V=7.4 R=4 Rpuente=0.5 I0=0.15 Ke=0.0793326178 Kt=0.0483794733
[sensores] gelatina ToF alcance=1200 minimo=30 sigma_rel=0.07
[gelatina] pulsador recibido: permiso previsto 103072 ms
[planta] rival ciclo=18 rueda=0 V=7.4 R=4 Rpuente=0.5 I0=0.15 Ke=0.0793326178 Kt=0.0483794733
[planta] rival ciclo=18 rueda=1 V=7.4 R=4 Rpuente=0.5 I0=0.15 Ke=0.0793326178 Kt=0.0483794733
[sensores] rival ToF alcance=1200 minimo=30 sigma_rel=0.07
[arranque] pulsador=98072 permiso=103072 ms
[gelatina] permiso de arranque a los 103072 ms
[gelatina] t=    0 ms  OPENING      rival=no d=9999 mm rumbo=-4676 cdeg  linea=0x0
WARNING: Contact joints between materials 'rueda' and 'dohyo' will only be created for the 10 deepest contact points instead of all the 13 contact points.
[gelatina] t=  424 ms  SEARCH       rival=no d=9999 mm rumbo=-4676 cdeg  linea=0x0
[gelatina] t=  520 ms  TRACK        rival=si d= 121 mm rumbo=+3010 cdeg  linea=0x0
[gelatina] t=  528 ms  ATTACK       rival=si d= 121 mm rumbo= +885 cdeg  linea=0x0
[arbitro] asalto 17/30  lado     auto-salida     -1   0.53 s
[planta] asalto=17 mu=1.1 slip=0.0005 aleatorio=0
[gelatina] fin de asalto motor={"battery_v":7.4,"resistance_ohm":[4,4],"bridge_ohm":[0.5,0.5],"omega_rad_s":[60.1697837,-12.0301701],"current_a":[-0.0206503339,-0.556692298],"torque_nm":[-0.00825597328,-0.0196755592],"applied_pwm":[0.632499993,-0.467500031],"over_1_2a_samples":130,"over_3_2a_samples":1}
[gelatina] t=    0 ms  WAIT         rival=si d= 121 mm rumbo= +885 cdeg  linea=0x0
[rival] fin de asalto motor={"battery_v":7.4,"resistance_ohm":[4,4],"bridge_ohm":[0.5,0.5],"omega_rad_s":[9.38106126e-06,-8.43582804e-06],"current_a":[-1.65383144e-07,1.48719183e-07],"torque_nm":[-7.60787699e-08,6.84130934e-08],"applied_pwm":[0,0],"over_1_2a_samples":0,"over_3_2a_samples":0}
[planta] gelatina ciclo=19 rueda=0 V=7.4 R=4 Rpuente=0.5 I0=0.15 Ke=0.0793326178 Kt=0.0483794733
[planta] gelatina ciclo=19 rueda=1 V=7.4 R=4 Rpuente=0.5 I0=0.15 Ke=0.0793326178 Kt=0.0483794733
[sensores] gelatina ToF alcance=1200 minimo=30 sigma_rel=0.07
[gelatina] pulsador recibido: permiso previsto 108912 ms
[arranque] pulsador=103912 permiso=108912 ms
[planta] rival ciclo=19 rueda=0 V=7.4 R=4 Rpuente=0.5 I0=0.15 Ke=0.0793326178 Kt=0.0483794733
[planta] rival ciclo=19 rueda=1 V=7.4 R=4 Rpuente=0.5 I0=0.15 Ke=0.0793326178 Kt=0.0483794733
[sensores] rival ToF alcance=1200 minimo=30 sigma_rel=0.07
[gelatina] permiso de arranque a los 108912 ms
[gelatina] t=    0 ms  OPENING      rival=no d=9999 mm rumbo= -651 cdeg  linea=0x0
WARNING: Contact joints between materials 'patin' and 'dohyo' will only be created for the 10 deepest contact points instead of all the 16 contact points.
[gelatina] t=  424 ms  SEARCH       rival=no d=9999 mm rumbo= -651 cdeg  linea=0x0
[arbitro] asalto 18/30  espalda  auto-salida     -1   0.44 s
[planta] asalto=18 mu=1.1 slip=0.0005 aleatorio=0
[gelatina] fin de asalto motor={"battery_v":7.4,"resistance_ohm":[4,4],"bridge_ohm":[0.5,0.5],"omega_rad_s":[55.5878477,54.0167905],"current_a":[0.060126772,-0.294509584],"torque_nm":[-0.00434801944,-0.0215051396],"applied_pwm":[0.632499993,0.400000036],"over_1_2a_samples":131,"over_3_2a_samples":1}
[gelatina] t=    0 ms  WAIT         rival=si d=  75 mm rumbo=-1465 cdeg  linea=0x0
[rival] fin de asalto motor={"battery_v":7.4,"resistance_ohm":[4,4],"bridge_ohm":[0.5,0.5],"omega_rad_s":[2.52313725e-08,-2.89031021e-08],"current_a":[-4.44815741e-10,5.0954639e-10],"torque_nm":[-2.04622029e-10,2.34399115e-10],"applied_pwm":[0,0],"over_1_2a_samples":0,"over_3_2a_samples":0}
[planta] gelatina ciclo=20 rueda=0 V=7.4 R=4 Rpuente=0.5 I0=0.15 Ke=0.0793326178 Kt=0.0483794733
[planta] gelatina ciclo=20 rueda=1 V=7.4 R=4 Rpuente=0.5 I0=0.15 Ke=0.0793326178 Kt=0.0483794733
[sensores] gelatina ToF alcance=1200 minimo=30 sigma_rel=0.07
[gelatina] pulsador recibido: permiso previsto 114664 ms
[planta] rival ciclo=20 rueda=0 V=7.4 R=4 Rpuente=0.5 I0=0.15 Ke=0.0793326178 Kt=0.0483794733
[planta] rival ciclo=20 rueda=1 V=7.4 R=4 Rpuente=0.5 I0=0.15 Ke=0.0793326178 Kt=0.0483794733
[sensores] rival ToF alcance=1200 minimo=30 sigma_rel=0.07
[arranque] pulsador=109664 permiso=114664 ms
[gelatina] permiso de arranque a los 114664 ms
[gelatina] t=    0 ms  TRACK        rival=si d=  64 mm rumbo=-1467 cdeg  linea=0x0
[gelatina] t=    8 ms  ATTACK       rival=si d=  64 mm rumbo=-1467 cdeg  linea=0x0
WARNING: Contact joints between materials 'rueda' and 'dohyo' will only be created for the 10 deepest contact points instead of all the 13 contact points.
[gelatina] t=  416 ms  SEARCH       rival=no d=9999 mm rumbo=  -10 cdeg  linea=0x0
[gelatina] t=  520 ms  TRACK        rival=si d=  29 mm rumbo=+6000 cdeg  linea=0x0
[gelatina] t=  528 ms  ATTACK       rival=si d=  29 mm rumbo=+6000 cdeg  linea=0x0
[arbitro] asalto 19/30  frente   rival fuera     +1   0.58 s
[planta] asalto=19 mu=1.1 slip=0.0005 aleatorio=0
[gelatina] fin de asalto motor={"battery_v":7.4,"resistance_ohm":[4,4],"bridge_ohm":[0.5,0.5],"omega_rad_s":[47.0125615,5.23323156],"current_a":[0.484141667,1.11229638],"torque_nm":[0.0161655979,0.0465558055],"applied_pwm":[0.798414469,0.732499957],"over_1_2a_samples":139,"over_3_2a_samples":1}
[gelatina] t=    0 ms  WAIT         rival=no d=9999 mm rumbo=+3000 cdeg  linea=0x0
[rival] fin de asalto motor={"battery_v":7.4,"resistance_ohm":[4,4],"bridge_ohm":[0.5,0.5],"omega_rad_s":[-9.60418721,-10.0672386],"current_a":[0.169316736,0.177480087],"torque_nm":[0.0154483755,0.0158433141],"applied_pwm":[0,0],"over_1_2a_samples":0,"over_3_2a_samples":0}
[planta] gelatina ciclo=21 rueda=0 V=7.4 R=4 Rpuente=0.5 I0=0.15 Ke=0.0793326178 Kt=0.0483794733
[planta] gelatina ciclo=21 rueda=1 V=7.4 R=4 Rpuente=0.5 I0=0.15 Ke=0.0793326178 Kt=0.0483794733
[sensores] gelatina ToF alcance=1200 minimo=30 sigma_rel=0.07
[gelatina] pulsador recibido: permiso previsto 120552 ms
[arranque] pulsador=115552 permiso=120552 ms
[planta] rival ciclo=21 rueda=0 V=7.4 R=4 Rpuente=0.5 I0=0.15 Ke=0.0793326178 Kt=0.0483794733
[planta] rival ciclo=21 rueda=1 V=7.4 R=4 Rpuente=0.5 I0=0.15 Ke=0.0793326178 Kt=0.0483794733
[sensores] rival ToF alcance=1200 minimo=30 sigma_rel=0.07
[gelatina] permiso de arranque a los 120552 ms
[gelatina] t=    0 ms  OPENING      rival=no d=9999 mm rumbo=+3000 cdeg  linea=0x0
WARNING: Contact joints between materials 'rueda' and 'dohyo' will only be created for the 10 deepest contact points instead of all the 12 contact points.
[gelatina] t=  424 ms  SEARCH       rival=no d=9999 mm rumbo=+3000 cdeg  linea=0x0
[gelatina] t=  488 ms  TRACK        rival=si d= 559 mm rumbo=-2679 cdeg  linea=0x8
[arbitro] asalto 20/30  lado     auto-salida     -1   0.50 s
[planta] asalto=20 mu=1.1 slip=0.0005 aleatorio=0
[gelatina] fin de asalto motor={"battery_v":7.4,"resistance_ohm":[4,4],"bridge_ohm":[0.5,0.5],"omega_rad_s":[-19.9219583,48.6843139],"current_a":[-0.0886753817,-0.147056451],"torque_nm":[0.00296685273,-0.0143714346],"applied_pwm":[-0.267500043,0.432500005],"over_1_2a_samples":144,"over_3_2a_samples":1}
[gelatina] t=    0 ms  WAIT         rival=si d= 559 mm rumbo=-2679 cdeg  linea=0x4
[rival] fin de asalto motor={"battery_v":7.4,"resistance_ohm":[4,4],"bridge_ohm":[0.5,0.5],"omega_rad_s":[-9.66014824e-07,1.15658416e-06],"current_a":[1.703033e-08,-2.03899665e-08],"torque_nm":[7.83421165e-09,-9.37969573e-09],"applied_pwm":[0,0],"over_1_2a_samples":0,"over_3_2a_samples":0}
[planta] gelatina ciclo=22 rueda=0 V=7.4 R=4 Rpuente=0.5 I0=0.15 Ke=0.0793326178 Kt=0.0483794733
[planta] gelatina ciclo=22 rueda=1 V=7.4 R=4 Rpuente=0.5 I0=0.15 Ke=0.0793326178 Kt=0.0483794733
[sensores] gelatina ToF alcance=1200 minimo=30 sigma_rel=0.07
[gelatina] pulsador recibido: permiso previsto 126360 ms
[arranque] pulsador=121360 permiso=126360 ms
[planta] rival ciclo=22 rueda=0 V=7.4 R=4 Rpuente=0.5 I0=0.15 Ke=0.0793326178 Kt=0.0483794733
[planta] rival ciclo=22 rueda=1 V=7.4 R=4 Rpuente=0.5 I0=0.15 Ke=0.0793326178 Kt=0.0483794733
[sensores] rival ToF alcance=1200 minimo=30 sigma_rel=0.07
[gelatina] permiso de arranque a los 126360 ms
[gelatina] t=    0 ms  OPENING      rival=no d=9999 mm rumbo=-4284 cdeg  linea=0x0
WARNING: Contact joints between materials 'patin' and 'dohyo' will only be created for the 10 deepest contact points instead of all the 16 contact points.
[gelatina] t=  424 ms  SEARCH       rival=no d=9999 mm rumbo=-4284 cdeg  linea=0xC
[arbitro] asalto 21/30  espalda  auto-salida     -1   0.42 s
[planta] asalto=21 mu=1.1 slip=0.0005 aleatorio=0
[gelatina] fin de asalto motor={"battery_v":7.4,"resistance_ohm":[4,4],"bridge_ohm":[0.5,0.5],"omega_rad_s":[59.9242327,59.8249762],"current_a":[0.259123075,0.260872916],"torque_nm":[0.00527931688,0.00536397327],"applied_pwm":[0.800000012,0.800000012],"over_1_2a_samples":146,"over_3_2a_samples":1}
[gelatina] t=    0 ms  WAIT         rival=no d=9999 mm rumbo=-4284 cdeg  linea=0x8
[rival] fin de asalto motor={"battery_v":7.4,"resistance_ohm":[4,4],"bridge_ohm":[0.5,0.5],"omega_rad_s":[-2.21757865e-05,2.04717061e-05],"current_a":[3.90947377e-07,-3.60905341e-07],"torque_nm":[1.79841759e-07,-1.66021964e-07],"applied_pwm":[0,0],"over_1_2a_samples":0,"over_3_2a_samples":0}
[arranque] pulsador=127096 permiso=132096 ms
[planta] gelatina ciclo=23 rueda=0 V=7.4 R=4 Rpuente=0.5 I0=0.15 Ke=0.0793326178 Kt=0.0483794733
[planta] gelatina ciclo=23 rueda=1 V=7.4 R=4 Rpuente=0.5 I0=0.15 Ke=0.0793326178 Kt=0.0483794733
[sensores] gelatina ToF alcance=1200 minimo=30 sigma_rel=0.07
[gelatina] pulsador recibido: permiso previsto 132096 ms
[planta] rival ciclo=23 rueda=0 V=7.4 R=4 Rpuente=0.5 I0=0.15 Ke=0.0793326178 Kt=0.0483794733
[planta] rival ciclo=23 rueda=1 V=7.4 R=4 Rpuente=0.5 I0=0.15 Ke=0.0793326178 Kt=0.0483794733
[sensores] rival ToF alcance=1200 minimo=30 sigma_rel=0.07
[gelatina] permiso de arranque a los 132096 ms
[gelatina] t=    0 ms  TRACK        rival=si d=  71 mm rumbo=+1502 cdeg  linea=0x0
[gelatina] t=    8 ms  ATTACK       rival=si d=  71 mm rumbo=+1502 cdeg  linea=0x0
WARNING: Contact joints between materials 'patin' and 'dohyo' will only be created for the 10 deepest contact points instead of all the 67 contact points.
[gelatina] t=  648 ms  SEARCH       rival=no d=9999 mm rumbo=+3000 cdeg  linea=0x0
[gelatina] t=  720 ms  TRACK        rival=si d=  38 mm rumbo=-1517 cdeg  linea=0x0
[gelatina] t=  728 ms  ATTACK       rival=si d=  38 mm rumbo=-1517 cdeg  linea=0x0
[arbitro] asalto 22/30  frente   rival fuera     +1   0.83 s
[planta] asalto=22 mu=1.1 slip=0.0005 aleatorio=0
[gelatina] fin de asalto motor={"battery_v":7.4,"resistance_ohm":[4,4],"bridge_ohm":[0.5,0.5],"omega_rad_s":[38.6930107,48.5929504],"current_a":[0.962307149,0.2944431],"torque_nm":[0.0392989921,0.00698808112],"applied_pwm":[1,0.699999988],"over_1_2a_samples":157,"over_3_2a_samples":1}
[gelatina] t=    0 ms  WAIT         rival=si d=  44 mm rumbo=-6000 cdeg  linea=0x2
[rival] fin de asalto motor={"battery_v":7.4,"resistance_ohm":[4,4],"bridge_ohm":[0.5,0.5],"omega_rad_s":[0.193532587,0.088101937],"current_a":[-0.00341187706,-0.00155319051],"torque_nm":[-0.00155223979,-0.000712842257],"applied_pwm":[0,0],"over_1_2a_samples":0,"over_3_2a_samples":0}
[planta] gelatina ciclo=24 rueda=0 V=7.4 R=4 Rpuente=0.5 I0=0.15 Ke=0.0793326178 Kt=0.0483794733
[planta] gelatina ciclo=24 rueda=1 V=7.4 R=4 Rpuente=0.5 I0=0.15 Ke=0.0793326178 Kt=0.0483794733
[sensores] gelatina ToF alcance=1200 minimo=30 sigma_rel=0.07
[gelatina] pulsador recibido: permiso previsto 138240 ms
[planta] rival ciclo=24 rueda=0 V=7.4 R=4 Rpuente=0.5 I0=0.15 Ke=0.0793326178 Kt=0.0483794733
[planta] rival ciclo=24 rueda=1 V=7.4 R=4 Rpuente=0.5 I0=0.15 Ke=0.0793326178 Kt=0.0483794733
[sensores] rival ToF alcance=1200 minimo=30 sigma_rel=0.07
[arranque] pulsador=133240 permiso=138240 ms
[gelatina] permiso de arranque a los 138240 ms
[gelatina] t=    0 ms  OPENING      rival=no d=9999 mm rumbo=-6000 cdeg  linea=0x0
WARNING: Contact joints between materials 'rueda' and 'dohyo' will only be created for the 10 deepest contact points instead of all the 12 contact points.
[gelatina] t=  424 ms  SEARCH       rival=no d=9999 mm rumbo=-6000 cdeg  linea=0x3
[gelatina] t=  488 ms  TRACK        rival=si d= 363 mm rumbo= +425 cdeg  linea=0xC
[arbitro] asalto 23/30  lado     auto-salida     -1   0.49 s
[planta] asalto=23 mu=1.1 slip=0.0005 aleatorio=0
[gelatina] fin de asalto motor={"battery_v":7.4,"resistance_ohm":[4,4],"bridge_ohm":[0.5,0.5],"omega_rad_s":[46.7704188,-17.9949109],"current_a":[0.215573375,-0.451537075],"torque_nm":[0.00317240535,-0.0145882049],"applied_pwm":[0.632499993,-0.467500031],"over_1_2a_samples":160,"over_3_2a_samples":1}
[gelatina] t=    0 ms  WAIT         rival=si d= 363 mm rumbo= +425 cdeg  linea=0x0
[rival] fin de asalto motor={"battery_v":7.4,"resistance_ohm":[4,4],"bridge_ohm":[0.5,0.5],"omega_rad_s":[-1.78915087e-05,1.31767859e-05],"current_a":[3.15417827e-07,-2.3229976e-07],"torque_nm":[1.45097014e-07,-1.06861434e-07],"applied_pwm":[0,0],"over_1_2a_samples":0,"over_3_2a_samples":0}
[planta] gelatina ciclo=25 rueda=0 V=7.4 R=4 Rpuente=0.5 I0=0.15 Ke=0.0793326178 Kt=0.0483794733
[planta] gelatina ciclo=25 rueda=1 V=7.4 R=4 Rpuente=0.5 I0=0.15 Ke=0.0793326178 Kt=0.0483794733
[sensores] gelatina ToF alcance=1200 minimo=30 sigma_rel=0.07
[gelatina] pulsador recibido: permiso previsto 144040 ms
[planta] rival ciclo=25 rueda=0 V=7.4 R=4 Rpuente=0.5 I0=0.15 Ke=0.0793326178 Kt=0.0483794733
[planta] rival ciclo=25 rueda=1 V=7.4 R=4 Rpuente=0.5 I0=0.15 Ke=0.0793326178 Kt=0.0483794733
[sensores] rival ToF alcance=1200 minimo=30 sigma_rel=0.07
[arranque] pulsador=139040 permiso=144040 ms
[gelatina] permiso de arranque a los 144040 ms
[gelatina] t=    0 ms  OPENING      rival=no d=9999 mm rumbo=-3801 cdeg  linea=0x0
[gelatina] t=  424 ms  SEARCH       rival=no d=9999 mm rumbo=-3801 cdeg  linea=0x0
[arbitro] asalto 24/30  espalda  auto-salida     -1   0.44 s
[planta] asalto=24 mu=1.1 slip=0.0005 aleatorio=0
[gelatina] fin de asalto motor={"battery_v":7.4,"resistance_ohm":[4,4],"bridge_ohm":[0.5,0.5],"omega_rad_s":[54.6336037,54.5015554],"current_a":[0.0769495884,-0.303055733],"torque_nm":[-0.00353414044,-0.0219185978],"applied_pwm":[0.632499993,0.400000036],"over_1_2a_samples":161,"over_3_2a_samples":1}
[gelatina] t=    0 ms  WAIT         rival=si d=  73 mm rumbo=   +0 cdeg  linea=0x0
[rival] fin de asalto motor={"battery_v":7.4,"resistance_ohm":[4,4],"bridge_ohm":[0.5,0.5],"omega_rad_s":[-1.53864477e-07,1.56045843e-07],"current_a":[2.71254927e-09,-2.7510056e-09],"torque_nm":[1.24781406e-09,-1.26550456e-09],"applied_pwm":[0,0],"over_1_2a_samples":0,"over_3_2a_samples":0}
WARNING: Contact joints between materials 'patin' and 'dohyo' will only be created for the 10 deepest contact points instead of all the 54 contact points.
[planta] gelatina ciclo=26 rueda=0 V=7.4 R=4 Rpuente=0.5 I0=0.15 Ke=0.0793326178 Kt=0.0483794733
[planta] gelatina ciclo=26 rueda=1 V=7.4 R=4 Rpuente=0.5 I0=0.15 Ke=0.0793326178 Kt=0.0483794733
[sensores] gelatina ToF alcance=1200 minimo=30 sigma_rel=0.07
[gelatina] pulsador recibido: permiso previsto 149792 ms
[planta] rival ciclo=26 rueda=0 V=7.4 R=4 Rpuente=0.5 I0=0.15 Ke=0.0793326178 Kt=0.0483794733
[planta] rival ciclo=26 rueda=1 V=7.4 R=4 Rpuente=0.5 I0=0.15 Ke=0.0793326178 Kt=0.0483794733
[sensores] rival ToF alcance=1200 minimo=30 sigma_rel=0.07
[arranque] pulsador=144792 permiso=149792 ms
[gelatina] permiso de arranque a los 149792 ms
[gelatina] t=    0 ms  TRACK        rival=si d=  73 mm rumbo=   +0 cdeg  linea=0x0
[gelatina] t=    8 ms  ATTACK       rival=si d=  73 mm rumbo=   +0 cdeg  linea=0x0
WARNING: Contact joints between materials 'patin' and 'dohyo' will only be created for the 10 deepest contact points instead of all the 61 contact points.
[gelatina] t=  416 ms  SEARCH       rival=no d=9999 mm rumbo=+1505 cdeg  linea=0x0
[gelatina] t=  560 ms  TRACK        rival=si d=  34 mm rumbo=-4507 cdeg  linea=0x0
[gelatina] t=  568 ms  ATTACK       rival=si d=  34 mm rumbo=-4507 cdeg  linea=0x0
[arbitro] asalto 25/30  frente   rival fuera     +1   0.58 s
[planta] asalto=25 mu=1.1 slip=0.0005 aleatorio=0
[gelatina] fin de asalto motor={"battery_v":7.4,"resistance_ohm":[4,4],"bridge_ohm":[0.5,0.5],"omega_rad_s":[-5.84523204,42.4240225],"current_a":[-0.00795171908,0.403198033],"torque_nm":[0.00687209949,0.0122495875],"applied_pwm":[-0.0675000399,0.699999988],"over_1_2a_samples":168,"over_3_2a_samples":1}
[gelatina] t=    0 ms  WAIT         rival=si d=  58 mm rumbo=-6000 cdeg  linea=0x0
[rival] fin de asalto motor={"battery_v":7.4,"resistance_ohm":[4,4],"bridge_ohm":[0.5,0.5],"omega_rad_s":[-5.69620095,-8.66852471],"current_a":[0.100421007,0.152821502],"torque_nm":[0.0121150727,0.0146503443],"applied_pwm":[0,0],"over_1_2a_samples":0,"over_3_2a_samples":0}
[planta] gelatina ciclo=27 rueda=0 V=7.4 R=4 Rpuente=0.5 I0=0.15 Ke=0.0793326178 Kt=0.0483794733
[planta] gelatina ciclo=27 rueda=1 V=7.4 R=4 Rpuente=0.5 I0=0.15 Ke=0.0793326178 Kt=0.0483794733
[sensores] gelatina ToF alcance=1200 minimo=30 sigma_rel=0.07
[gelatina] pulsador recibido: permiso previsto 155688 ms
[planta] rival ciclo=27 rueda=0 V=7.4 R=4 Rpuente=0.5 I0=0.15 Ke=0.0793326178 Kt=0.0483794733
[planta] rival ciclo=27 rueda=1 V=7.4 R=4 Rpuente=0.5 I0=0.15 Ke=0.0793326178 Kt=0.0483794733
[sensores] rival ToF alcance=1200 minimo=30 sigma_rel=0.07
[arranque] pulsador=150688 permiso=155688 ms
[gelatina] permiso de arranque a los 155688 ms
[gelatina] t=    0 ms  OPENING      rival=no d=9999 mm rumbo=-6000 cdeg  linea=0x0
WARNING: Contact joints between materials 'patin' and 'dohyo' will only be created for the 10 deepest contact points instead of all the 13 contact points.
[gelatina] t=  423 ms  SEARCH       rival=no d=9999 mm rumbo=-6000 cdeg  linea=0x0
[gelatina] t=  519 ms  TRACK        rival=si d=  65 mm rumbo=+3058 cdeg  linea=0x0
[gelatina] t=  527 ms  ATTACK       rival=si d=  65 mm rumbo=+1850 cdeg  linea=0x0
[arbitro] asalto 26/30  lado     auto-salida     -1   0.53 s
[planta] asalto=26 mu=1.1 slip=0.0005 aleatorio=0
[gelatina] fin de asalto motor={"battery_v":7.4,"resistance_ohm":[4,4],"bridge_ohm":[0.5,0.5],"omega_rad_s":[60.0638337,11.5675381],"current_a":[-0.0187824922,-0.972707402],"torque_nm":[-0.00816560808,-0.0543159928],"applied_pwm":[0.632499993,-0.467500031],"over_1_2a_samples":172,"over_3_2a_samples":1}
[gelatina] t=    0 ms  WAIT         rival=si d=  65 mm rumbo=+1850 cdeg  linea=0x0
[rival] fin de asalto motor={"battery_v":7.4,"resistance_ohm":[4,4],"bridge_ohm":[0.5,0.5],"omega_rad_s":[2.59550603e-07,-1.87464266e-07],"current_a":[-4.57573973e-09,3.30489578e-09],"torque_nm":[-2.1049101e-09,1.52030249e-09],"applied_pwm":[0,0],"over_1_2a_samples":0,"over_3_2a_samples":0}
[planta] gelatina ciclo=28 rueda=0 V=7.4 R=4 Rpuente=0.5 I0=0.15 Ke=0.0793326178 Kt=0.0483794733
[planta] gelatina ciclo=28 rueda=1 V=7.4 R=4 Rpuente=0.5 I0=0.15 Ke=0.0793326178 Kt=0.0483794733
[sensores] gelatina ToF alcance=1200 minimo=30 sigma_rel=0.07
[gelatina] pulsador recibido: permiso previsto 161528 ms
[planta] rival ciclo=28 rueda=0 V=7.4 R=4 Rpuente=0.5 I0=0.15 Ke=0.0793326178 Kt=0.0483794733
[planta] rival ciclo=28 rueda=1 V=7.4 R=4 Rpuente=0.5 I0=0.15 Ke=0.0793326178 Kt=0.0483794733
[sensores] rival ToF alcance=1200 minimo=30 sigma_rel=0.07
[arranque] pulsador=156528 permiso=161528 ms
[gelatina] permiso de arranque a los 161528 ms
[gelatina] t=    0 ms  OPENING      rival=no d=9999 mm rumbo= +294 cdeg  linea=0x0
[gelatina] t=  424 ms  SEARCH       rival=no d=9999 mm rumbo= +294 cdeg  linea=0xC
[arbitro] asalto 27/30  espalda  auto-salida     -1   0.42 s
[planta] asalto=27 mu=1.1 slip=0.0005 aleatorio=0
[gelatina] fin de asalto motor={"battery_v":7.4,"resistance_ohm":[4,4],"bridge_ohm":[0.5,0.5],"omega_rad_s":[59.9783667,60.0090768],"current_a":[0.258168722,0.257627319],"torque_nm":[0.0052331458,0.005206953],"applied_pwm":[0.800000012,0.800000012],"over_1_2a_samples":175,"over_3_2a_samples":1}
[gelatina] t=    0 ms  WAIT         rival=no d=9999 mm rumbo= +294 cdeg  linea=0x0
[rival] fin de asalto motor={"battery_v":7.4,"resistance_ohm":[4,4],"bridge_ohm":[0.5,0.5],"omega_rad_s":[9.43352063e-08,-9.40154621e-08],"current_a":[-1.66307975e-09,1.65744283e-09],"torque_nm":[-7.65042062e-10,7.62448992e-10],"applied_pwm":[0,0],"over_1_2a_samples":0,"over_3_2a_samples":0}
WARNING: Contact joints between materials 'patin' and 'dohyo' will only be created for the 10 deepest contact points instead of all the 25 contact points.
[arranque] pulsador=162264 permiso=167264 ms
[planta] gelatina ciclo=29 rueda=0 V=7.4 R=4 Rpuente=0.5 I0=0.15 Ke=0.0793326178 Kt=0.0483794733
[planta] gelatina ciclo=29 rueda=1 V=7.4 R=4 Rpuente=0.5 I0=0.15 Ke=0.0793326178 Kt=0.0483794733
[sensores] gelatina ToF alcance=1200 minimo=30 sigma_rel=0.07
[gelatina] pulsador recibido: permiso previsto 167264 ms
[planta] rival ciclo=29 rueda=0 V=7.4 R=4 Rpuente=0.5 I0=0.15 Ke=0.0793326178 Kt=0.0483794733
[planta] rival ciclo=29 rueda=1 V=7.4 R=4 Rpuente=0.5 I0=0.15 Ke=0.0793326178 Kt=0.0483794733
[sensores] rival ToF alcance=1200 minimo=30 sigma_rel=0.07
[gelatina] permiso de arranque a los 167264 ms
[gelatina] t=    0 ms  TRACK        rival=si d=  66 mm rumbo=   +0 cdeg  linea=0x0
[gelatina] t=    8 ms  ATTACK       rival=si d=  66 mm rumbo=   +0 cdeg  linea=0x0
WARNING: Contact joints between materials 'rueda' and 'dohyo' will only be created for the 10 deepest contact points instead of all the 11 contact points.
[arbitro] asalto 28/30  frente   rival fuera     +1   0.59 s
[planta] asalto=28 mu=1.1 slip=0.0005 aleatorio=0
[gelatina] fin de asalto motor={"battery_v":7.4,"resistance_ohm":[4,4],"bridge_ohm":[0.5,0.5],"omega_rad_s":[52.3150517,57.4960477],"current_a":[0.390661571,0.630819561],"torque_nm":[0.01164308,0.0232617971],"applied_pwm":[0.798414469,1],"over_1_2a_samples":180,"over_3_2a_samples":1}
[gelatina] t=    0 ms  WAIT         rival=no d=9999 mm rumbo=+3000 cdeg  linea=0x3
[rival] fin de asalto motor={"battery_v":7.4,"resistance_ohm":[4,4],"bridge_ohm":[0.5,0.5],"omega_rad_s":[-18.1630294,-18.0429047],"current_a":[0.320204593,0.318086859],"torque_nm":[0.0227482506,0.0226457957],"applied_pwm":[0,0],"over_1_2a_samples":0,"over_3_2a_samples":0}
[planta] gelatina ciclo=30 rueda=0 V=7.4 R=4 Rpuente=0.5 I0=0.15 Ke=0.0793326178 Kt=0.0483794733
[planta] gelatina ciclo=30 rueda=1 V=7.4 R=4 Rpuente=0.5 I0=0.15 Ke=0.0793326178 Kt=0.0483794733
[sensores] gelatina ToF alcance=1200 minimo=30 sigma_rel=0.07
[gelatina] pulsador recibido: permiso previsto 173168 ms
[planta] rival ciclo=30 rueda=0 V=7.4 R=4 Rpuente=0.5 I0=0.15 Ke=0.0793326178 Kt=0.0483794733
[planta] rival ciclo=30 rueda=1 V=7.4 R=4 Rpuente=0.5 I0=0.15 Ke=0.0793326178 Kt=0.0483794733
[sensores] rival ToF alcance=1200 minimo=30 sigma_rel=0.07
[arranque] pulsador=168168 permiso=173168 ms
[gelatina] permiso de arranque a los 173168 ms
[gelatina] t=    0 ms  OPENING      rival=no d=9999 mm rumbo=+3000 cdeg  linea=0x0
WARNING: Contact joints between materials 'rueda' and 'dohyo' will only be created for the 10 deepest contact points instead of all the 11 contact points.
[gelatina] t=  424 ms  SEARCH       rival=no d=9999 mm rumbo=+3000 cdeg  linea=0x1
[gelatina] t=  488 ms  TRACK        rival=si d= 421 mm rumbo=+1510 cdeg  linea=0xC
[arbitro] asalto 29/30  lado     auto-salida     -1   0.49 s
[planta] asalto=29 mu=1.1 slip=0.0005 aleatorio=0
[gelatina] fin de asalto motor={"battery_v":7.4,"resistance_ohm":[4,4],"bridge_ohm":[0.5,0.5],"omega_rad_s":[-16.0135966,49.0785807],"current_a":[-0.486466598,0.174881703],"torque_nm":[-0.0162780768,0.00120376368],"applied_pwm":[-0.467500031,0.632499993],"over_1_2a_samples":184,"over_3_2a_samples":1}
[gelatina] t=    0 ms  WAIT         rival=si d= 421 mm rumbo=+1510 cdeg  linea=0x0
[rival] fin de asalto motor={"battery_v":7.4,"resistance_ohm":[4,4],"bridge_ohm":[0.5,0.5],"omega_rad_s":[1.11022267e-05,-6.10113915e-06],"current_a":[-1.95726379e-07,1.07559853e-07],"torque_nm":[-9.00371212e-08,4.94791739e-08],"applied_pwm":[0,0],"over_1_2a_samples":0,"over_3_2a_samples":0}
[planta] gelatina ciclo=31 rueda=0 V=7.4 R=4 Rpuente=0.5 I0=0.15 Ke=0.0793326178 Kt=0.0483794733
[planta] gelatina ciclo=31 rueda=1 V=7.4 R=4 Rpuente=0.5 I0=0.15 Ke=0.0793326178 Kt=0.0483794733
[sensores] gelatina ToF alcance=1200 minimo=30 sigma_rel=0.07
[gelatina] pulsador recibido: permiso previsto 178968 ms
[planta] rival ciclo=31 rueda=0 V=7.4 R=4 Rpuente=0.5 I0=0.15 Ke=0.0793326178 Kt=0.0483794733
[planta] rival ciclo=31 rueda=1 V=7.4 R=4 Rpuente=0.5 I0=0.15 Ke=0.0793326178 Kt=0.0483794733
[sensores] rival ToF alcance=1200 minimo=30 sigma_rel=0.07
[arranque] pulsador=173968 permiso=178968 ms
[gelatina] permiso de arranque a los 178968 ms
[gelatina] t=    0 ms  OPENING      rival=no d=9999 mm rumbo=-3000 cdeg  linea=0x0
[arbitro] asalto 30/30  espalda  auto-salida     -1   0.42 s

[arbitro] RESULTADO  9W 21L 0D  win rate 30.0%  auto-salidas 21  t medio de victoria 0.79 s

[arbitro]   frente   8W 2L 0D
[arbitro]   lado     1W 9L 0D
[arbitro]   espalda  0W 10L 0D
[arbitro]   combate: gana 8.0%  jueces 0.0%  pierde 92.0%
[arbitro] resultados -> ../../../../result.json
INFO: 'arbitro' controller exited successfully.
INFO: medido: Terminating.
INFO: oponente: Terminating.
