INFO: _real_20260913t155619592528z_yo_v031: Starting controller: $LAB_ROOT/Mini-Sumo-real/webots/controllers/_real_20260913t155619592528z_yo_v031/_real_20260913t155619592528z_yo_v031
INFO: oponente: Starting controller: $LAB_ROOT/Mini-Sumo-real/webots/controllers/oponente/oponente charger
INFO: arbitro: Starting controller: $LAB_ROOT/Mini-Sumo-real/webots/controllers/arbitro/arbitro --rounds 30 --rival charger --colocacion banco --version v0.3.1 --out ../../../runs/real_baseline/20260913T155619592528Z_v0.3.1_banco/charger.json
[gelatina] HAL Webots listo: paso 8 ms, umbral de linea 400
[gelatina] estrategia v0.3.0 en linea
[rival] comportamiento: charger
[gelatina] t=    0 ms  WAIT         rival=si d=  26 mm rumbo=+1494 cdeg  linea=0x3

[arbitro] 30 asaltos contra 'charger', colocacion banco, limite 30 s por asalto
[gelatina] t=    0 ms  TRACK        rival=si d= 254 mm rumbo=   +0 cdeg  linea=0x0
[gelatina] t=  112 ms  ATTACK       rival=si d= 116 mm rumbo=   +0 cdeg  linea=0x0
[arbitro] asalto  1/30  banco    rival fuera     +1   0.76 s
[gelatina] t=    0 ms  WAIT         rival=si d= 304 mm rumbo=   +0 cdeg  linea=0x0
[gelatina] t=    0 ms  TRACK        rival=si d= 301 mm rumbo=   +0 cdeg  linea=0x0
[gelatina] t=  135 ms  ATTACK       rival=si d= 119 mm rumbo=   +0 cdeg  linea=0x0
[gelatina] t=  207 ms  EDGE_ESCAPE  rival=si d=   3 mm rumbo=-1498 cdeg  linea=0xA
[gelatina] t=  279 ms  ATTACK       rival=si d=   8 mm rumbo=+1497 cdeg  linea=0x4
[arbitro] asalto  2/30  banco    rival fuera     +1   0.70 s
[gelatina] t=    0 ms  WAIT         rival=si d= 278 mm rumbo=   +0 cdeg  linea=0x0
[gelatina] t=    0 ms  TRACK        rival=si d= 276 mm rumbo=   +0 cdeg  linea=0x0
[gelatina] t=  120 ms  ATTACK       rival=si d= 123 mm rumbo=   +0 cdeg  linea=0x0
[gelatina] t=  200 ms  EDGE_ESCAPE  rival=si d=  47 mm rumbo=-3000 cdeg  linea=0x1
[gelatina] t=  256 ms  ATTACK       rival=si d=  15 mm rumbo=   -2 cdeg  linea=0x4
[gelatina] t=  464 ms  SEARCH       rival=no d=9999 mm rumbo=-3000 cdeg  linea=0x0
[gelatina] t=  472 ms  TRACK        rival=si d=   7 mm rumbo=+2972 cdeg  linea=0x0
[gelatina] t=  480 ms  ATTACK       rival=si d=   7 mm rumbo=+2972 cdeg  linea=0x0
[gelatina] t=  608 ms  EDGE_ESCAPE  rival=si d=  17 mm rumbo=+1498 cdeg  linea=0x8
[arbitro] asalto  3/30  banco    expulsado       -1   0.61 s
[gelatina] t=    0 ms  WAIT         rival=si d= 284 mm rumbo=   +0 cdeg  linea=0x0
[gelatina] t=    0 ms  TRACK        rival=si d= 282 mm rumbo=   +0 cdeg  linea=0x0
[gelatina] t=  135 ms  ATTACK       rival=si d=  92 mm rumbo=+1463 cdeg  linea=0x0
[arbitro] asalto  4/30  banco    rival fuera     +1   0.66 s
[gelatina] t=    0 ms  WAIT         rival=si d= 301 mm rumbo=   +0 cdeg  linea=0x0
[gelatina] t=    0 ms  TRACK        rival=si d= 305 mm rumbo=   +0 cdeg  linea=0x0
[gelatina] t=  144 ms  ATTACK       rival=si d=  93 mm rumbo=+1468 cdeg  linea=0x0
[arbitro] asalto  5/30  banco    rival fuera     +1   0.70 s
[gelatina] t=    0 ms  WAIT         rival=si d= 259 mm rumbo=   +0 cdeg  linea=0x0
[gelatina] t=    0 ms  TRACK        rival=si d= 261 mm rumbo=   +0 cdeg  linea=0x0
[gelatina] t=  112 ms  ATTACK       rival=si d= 123 mm rumbo=   +0 cdeg  linea=0x0
[gelatina] t=  312 ms  SEARCH       rival=no d=9999 mm rumbo=-4124 cdeg  linea=0x0
[gelatina] t=  488 ms  TRACK        rival=si d= 129 mm rumbo=+6000 cdeg  linea=0x0
[gelatina] t=  496 ms  ATTACK       rival=si d= 126 mm rumbo=+4937 cdeg  linea=0x1
[arbitro] asalto  6/30  banco    rival fuera     +1   1.14 s
[gelatina] t=    0 ms  WAIT         rival=si d= 260 mm rumbo=   +0 cdeg  linea=0x0
[gelatina] t=    0 ms  TRACK        rival=si d= 259 mm rumbo=   +0 cdeg  linea=0x0
[gelatina] t=  112 ms  ATTACK       rival=si d= 123 mm rumbo=   +0 cdeg  linea=0x0
[gelatina] t=  192 ms  EDGE_ESCAPE  rival=si d=  36 mm rumbo=-3000 cdeg  linea=0x3
[gelatina] t=  400 ms  SEARCH       rival=si d= 134 mm rumbo=-6000 cdeg  linea=0x0
[gelatina] t=  408 ms  TRACK        rival=si d= 134 mm rumbo=-6000 cdeg  linea=0x0
[gelatina] t=  664 ms  SEARCH       rival=no d=9999 mm rumbo=   +0 cdeg  linea=0x0
[gelatina] t=  696 ms  TRACK        rival=si d= 345 mm rumbo=   +0 cdeg  linea=0x0
[arbitro] asalto  7/30  banco    rival fuera     +1   0.70 s
[gelatina] t=    0 ms  WAIT         rival=si d= 303 mm rumbo=   +0 cdeg  linea=0x0
[gelatina] t=    0 ms  TRACK        rival=si d= 300 mm rumbo=   +0 cdeg  linea=0x0
[gelatina] t=  128 ms  ATTACK       rival=si d= 128 mm rumbo=   +0 cdeg  linea=0x0
[arbitro] asalto  8/30  banco    rival fuera     +1   0.79 s
[gelatina] t=    0 ms  WAIT         rival=si d= 286 mm rumbo=   +0 cdeg  linea=0x0
[gelatina] t=    0 ms  TRACK        rival=si d= 282 mm rumbo=   +0 cdeg  linea=0x0
[gelatina] t=  128 ms  ATTACK       rival=si d= 106 mm rumbo=   +0 cdeg  linea=0x0
[arbitro] asalto  9/30  banco    rival fuera     +1   0.59 s
[gelatina] t=    0 ms  WAIT         rival=si d= 279 mm rumbo=   +0 cdeg  linea=0x0
[gelatina] t=    0 ms  TRACK        rival=si d= 282 mm rumbo=   +0 cdeg  linea=0x0
[gelatina] t=  136 ms  ATTACK       rival=si d=  87 mm rumbo=   +0 cdeg  linea=0x0
[arbitro] asalto 10/30  banco    rival fuera     +1   0.70 s
[gelatina] t=    0 ms  WAIT         rival=si d= 303 mm rumbo=   +0 cdeg  linea=0x0
[gelatina] t=    0 ms  TRACK        rival=si d= 304 mm rumbo=   +0 cdeg  linea=0x0
[gelatina] t=  144 ms  ATTACK       rival=si d=  96 mm rumbo=   +0 cdeg  linea=0x0
[arbitro] asalto 11/30  banco    rival fuera     +1   0.68 s
[gelatina] t=    0 ms  WAIT         rival=si d= 255 mm rumbo=   +0 cdeg  linea=0x0
[gelatina] t=    0 ms  TRACK        rival=si d= 254 mm rumbo=   +0 cdeg  linea=0x0
[gelatina] t=  112 ms  ATTACK       rival=si d= 125 mm rumbo=   +0 cdeg  linea=0x0
[arbitro] asalto 12/30  banco    rival fuera     +1   0.72 s
[gelatina] t=    0 ms  WAIT         rival=si d= 265 mm rumbo=   +0 cdeg  linea=0x0
[gelatina] t=    0 ms  TRACK        rival=si d= 261 mm rumbo=   +0 cdeg  linea=0x0
[gelatina] t=  112 ms  ATTACK       rival=si d= 132 mm rumbo=   +0 cdeg  linea=0x0
[arbitro] asalto 13/30  banco    rival fuera     +1   0.55 s
[gelatina] t=    0 ms  WAIT         rival=si d= 300 mm rumbo=   +0 cdeg  linea=0x0
[gelatina] t=    0 ms  TRACK        rival=si d= 303 mm rumbo=   +0 cdeg  linea=0x0
[gelatina] t=  128 ms  ATTACK       rival=si d= 123 mm rumbo=   +0 cdeg  linea=0x0
[gelatina] t=  320 ms  SEARCH       rival=no d=9999 mm rumbo=+1501 cdeg  linea=0x4
[gelatina] t=  336 ms  TRACK        rival=si d= 101 mm rumbo=-3000 cdeg  linea=0x0
[gelatina] t=  344 ms  ATTACK       rival=si d=  60 mm rumbo=-2870 cdeg  linea=0x8
[arbitro] asalto 14/30  banco    rival fuera     +1   0.70 s
[gelatina] t=    0 ms  WAIT         rival=si d= 286 mm rumbo=   +0 cdeg  linea=0x0
[gelatina] t=    0 ms  TRACK        rival=si d= 287 mm rumbo=   +0 cdeg  linea=0x0
[gelatina] t=  128 ms  ATTACK       rival=si d= 112 mm rumbo=   +0 cdeg  linea=0x0
[arbitro] asalto 15/30  banco    rival fuera     +1   0.82 s
[gelatina] t=    0 ms  WAIT         rival=si d= 279 mm rumbo=   +0 cdeg  linea=0x0
[gelatina] t=    0 ms  TRACK        rival=si d= 275 mm rumbo=   +0 cdeg  linea=0x0
[gelatina] t=  128 ms  ATTACK       rival=si d= 103 mm rumbo=+1469 cdeg  linea=0x0
[arbitro] asalto 16/30  banco    expulsado       -1  27.75 s
[gelatina] t=    0 ms  WAIT         rival=si d= 314 mm rumbo=   +0 cdeg  linea=0x0
[gelatina] t=    0 ms  TRACK        rival=si d= 313 mm rumbo=   +0 cdeg  linea=0x0
[gelatina] t=  136 ms  ATTACK       rival=si d= 121 mm rumbo=   +0 cdeg  linea=0x0
[arbitro] asalto 17/30  banco    rival fuera     +1   0.67 s
[gelatina] t=    0 ms  WAIT         rival=si d= 319 mm rumbo=   +0 cdeg  linea=0x0
[gelatina] t=    0 ms  TRACK        rival=si d= 318 mm rumbo=   +0 cdeg  linea=0x0
[gelatina] t=  135 ms  ATTACK       rival=si d= 132 mm rumbo=   +0 cdeg  linea=0x0
[arbitro] asalto 18/30  banco    rival fuera     +1   0.70 s
[gelatina] t=    0 ms  WAIT         rival=si d= 265 mm rumbo=   +0 cdeg  linea=0x0
[gelatina] t=    0 ms  TRACK        rival=si d= 267 mm rumbo=   +0 cdeg  linea=0x0
[gelatina] t=  120 ms  ATTACK       rival=si d= 124 mm rumbo=   +0 cdeg  linea=0x0
[arbitro] asalto 19/30  banco    rival fuera     +1   0.73 s
[gelatina] t=    0 ms  WAIT         rival=si d= 297 mm rumbo=   +0 cdeg  linea=0x0
[gelatina] t=    0 ms  TRACK        rival=si d= 294 mm rumbo=   +0 cdeg  linea=0x0
[gelatina] t=  128 ms  ATTACK       rival=si d= 118 mm rumbo=   +0 cdeg  linea=0x0
[arbitro] asalto 20/30  banco    rival fuera     +1   0.60 s
[gelatina] t=    0 ms  WAIT         rival=si d= 290 mm rumbo=   +0 cdeg  linea=0x0
[gelatina] t=    0 ms  TRACK        rival=si d= 291 mm rumbo=   +0 cdeg  linea=0x0
[gelatina] t=  128 ms  ATTACK       rival=si d= 116 mm rumbo=   +0 cdeg  linea=0x0
[arbitro] asalto 21/30  banco    rival fuera     +1   0.70 s
[gelatina] t=    0 ms  WAIT         rival=si d= 273 mm rumbo=   +0 cdeg  linea=0x0
[gelatina] t=    0 ms  TRACK        rival=si d= 270 mm rumbo=   +0 cdeg  linea=0x0
[gelatina] t=  128 ms  ATTACK       rival=si d=  97 mm rumbo=   +0 cdeg  linea=0x0
[arbitro] asalto 22/30  banco    expulsado       -1   0.51 s
[gelatina] t=    0 ms  WAIT         rival=si d= 312 mm rumbo=   +0 cdeg  linea=0x0
[gelatina] t=    0 ms  TRACK        rival=si d= 318 mm rumbo=   +0 cdeg  linea=0x0
[gelatina] t=  136 ms  ATTACK       rival=si d= 124 mm rumbo=   +0 cdeg  linea=0x0
[arbitro] asalto 23/30  banco    rival fuera     +1   1.32 s
[gelatina] t=    0 ms  WAIT         rival=si d= 317 mm rumbo=   +0 cdeg  linea=0x0
[gelatina] t=    0 ms  TRACK        rival=si d= 320 mm rumbo=   +0 cdeg  linea=0x0
[gelatina] t=  135 ms  ATTACK       rival=si d= 130 mm rumbo=   +0 cdeg  linea=0x0
[gelatina] t=  407 ms  SEARCH       rival=no d=9999 mm rumbo=-3000 cdeg  linea=0x0
[gelatina] t=  463 ms  TRACK        rival=si d=   7 mm rumbo=+2968 cdeg  linea=0x0
[gelatina] t=  471 ms  ATTACK       rival=si d=   8 mm rumbo=+2968 cdeg  linea=0x0
[arbitro] asalto 24/30  banco    expulsado       -1   0.57 s
[gelatina] t=    0 ms  WAIT         rival=si d= 273 mm rumbo=   +0 cdeg  linea=0x0
[gelatina] t=    0 ms  TRACK        rival=si d= 270 mm rumbo=   +0 cdeg  linea=0x0
[gelatina] t=  128 ms  ATTACK       rival=si d= 131 mm rumbo=   +0 cdeg  linea=0x0
[arbitro] asalto 25/30  banco    rival fuera     +1   0.64 s
[gelatina] t=    0 ms  WAIT         rival=si d= 290 mm rumbo=   +0 cdeg  linea=0x0
[gelatina] t=    0 ms  TRACK        rival=si d= 292 mm rumbo=   +0 cdeg  linea=0x0
[gelatina] t=  128 ms  ATTACK       rival=si d= 115 mm rumbo=   +0 cdeg  linea=0x0
[gelatina] t=  424 ms  SEARCH       rival=no d=9999 mm rumbo=+1498 cdeg  linea=0x0
[gelatina] t=  431 ms  TRACK        rival=si d=  57 mm rumbo=+3000 cdeg  linea=0x0
[gelatina] t=  439 ms  ATTACK       rival=si d=   9 mm rumbo=  -89 cdeg  linea=0x0
[arbitro] asalto 26/30  banco    expulsado       -1   0.54 s
[gelatina] t=    0 ms  WAIT         rival=si d= 294 mm rumbo=   +0 cdeg  linea=0x0
[gelatina] t=    0 ms  TRACK        rival=si d= 293 mm rumbo=   +0 cdeg  linea=0x0
[gelatina] t=  136 ms  ATTACK       rival=si d= 103 mm rumbo=   +0 cdeg  linea=0x0
[arbitro] asalto 27/30  banco    rival fuera     +1   0.70 s
[gelatina] t=    0 ms  WAIT         rival=si d= 268 mm rumbo=   +0 cdeg  linea=0x0
[gelatina] t=    0 ms  TRACK        rival=si d= 267 mm rumbo=   +0 cdeg  linea=0x0
[gelatina] t=  120 ms  ATTACK       rival=si d= 116 mm rumbo=   +0 cdeg  linea=0x0
[arbitro] asalto 28/30  banco    rival fuera     +1   0.65 s
[gelatina] t=    0 ms  WAIT         rival=si d= 320 mm rumbo=   +0 cdeg  linea=0x0
[gelatina] t=    0 ms  TRACK        rival=si d= 316 mm rumbo=   +0 cdeg  linea=0x0
[gelatina] t=  136 ms  ATTACK       rival=si d= 131 mm rumbo=   +0 cdeg  linea=0x0
[arbitro] asalto 29/30  banco    rival fuera     +1   0.68 s
[gelatina] t=    0 ms  WAIT         rival=si d= 313 mm rumbo=   +0 cdeg  linea=0x0
[gelatina] t=    0 ms  TRACK        rival=si d= 313 mm rumbo=   +0 cdeg  linea=0x0
[gelatina] t=  135 ms  ATTACK       rival=si d= 122 mm rumbo=   +0 cdeg  linea=0x0
[arbitro] asalto 30/30  banco    rival fuera     +1   1.33 s

[arbitro] RESULTADO  25W 5L 0D  win rate 83.3%  auto-salidas 0  t medio de victoria 0.76 s

[arbitro] resultados -> ../../../runs/real_baseline/20260913T155619592528Z_v0.3.1_banco/charger.json
INFO: 'arbitro' controller exited successfully.
INFO: _real_20260913t155619592528z_yo_v031: Terminating.
INFO: oponente: Terminating.
