INFO: _real_20260913t155619592528z_yo_v031: Starting controller: $LAB_ROOT/Mini-Sumo-real/webots/controllers/_real_20260913t155619592528z_yo_v031/_real_20260913t155619592528z_yo_v031
INFO: oponente: Starting controller: $LAB_ROOT/Mini-Sumo-real/webots/controllers/oponente/oponente spinner
INFO: arbitro: Starting controller: $LAB_ROOT/Mini-Sumo-real/webots/controllers/arbitro/arbitro --rounds 30 --rival spinner --colocacion banco --version v0.3.1 --out ../../../runs/real_baseline/20260913T155619592528Z_v0.3.1_banco/spinner.json
[gelatina] HAL Webots listo: paso 8 ms, umbral de linea 400
[gelatina] estrategia v0.3.0 en linea
[rival] comportamiento: spinner

[arbitro] 30 asaltos contra 'spinner', colocacion banco, limite 30 s por asalto
[gelatina] t=    0 ms  WAIT         rival=si d=  26 mm rumbo=+1494 cdeg  linea=0x3
[gelatina] t=    0 ms  TRACK        rival=si d= 254 mm rumbo=   +0 cdeg  linea=0x0
[gelatina] t=  240 ms  ATTACK       rival=si d= 128 mm rumbo=   +0 cdeg  linea=0x0
[arbitro] asalto  1/30  banco    rival fuera     +1   0.72 s
[gelatina] t=    0 ms  WAIT         rival=si d= 304 mm rumbo=   +0 cdeg  linea=0x0
[gelatina] t=    0 ms  TRACK        rival=si d= 307 mm rumbo=   +0 cdeg  linea=0x0
[gelatina] t=  128 ms  SEARCH       rival=no d=9999 mm rumbo=   +0 cdeg  linea=0x0
[gelatina] t=  160 ms  TRACK        rival=si d= 223 mm rumbo=   +0 cdeg  linea=0x0
[gelatina] t=  312 ms  ATTACK       rival=si d= 131 mm rumbo=   +0 cdeg  linea=0x0
[gelatina] t=  536 ms  EDGE_ESCAPE  rival=si d=  48 mm rumbo=-6000 cdeg  linea=0x8
[gelatina] t=  744 ms  SEARCH       rival=si d=  85 mm rumbo=-6000 cdeg  linea=0x0
[gelatina] t=  752 ms  TRACK        rival=si d=  85 mm rumbo=-6000 cdeg  linea=0x0
[gelatina] t=  760 ms  ATTACK       rival=si d=  85 mm rumbo=-6000 cdeg  linea=0x0
[gelatina] t=  800 ms  SEARCH       rival=no d=9999 mm rumbo=-6000 cdeg  linea=0x0
[gelatina] t=  888 ms  TRACK        rival=si d=  78 mm rumbo=-6000 cdeg  linea=0x0
[gelatina] t=  896 ms  ATTACK       rival=si d=  66 mm rumbo=-6000 cdeg  linea=0x0
[arbitro] asalto  2/30  banco    rival fuera     +1   1.38 s
[gelatina] t=    0 ms  WAIT         rival=si d= 280 mm rumbo=   +0 cdeg  linea=0x0
[gelatina] t=    0 ms  TRACK        rival=si d= 280 mm rumbo=   +0 cdeg  linea=0x0
[gelatina] t=  136 ms  SEARCH       rival=no d=9999 mm rumbo=   +0 cdeg  linea=0x0
[gelatina] t=  168 ms  TRACK        rival=si d= 187 mm rumbo=   +0 cdeg  linea=0x0
[gelatina] t=  256 ms  ATTACK       rival=si d= 132 mm rumbo=   +0 cdeg  linea=0x0
[arbitro] asalto  3/30  banco    rival fuera     +1   0.59 s
[gelatina] t=    0 ms  WAIT         rival=si d= 283 mm rumbo=   +0 cdeg  linea=0x0
[gelatina] t=    0 ms  TRACK        rival=si d= 282 mm rumbo=   +0 cdeg  linea=0x0
[gelatina] t=  136 ms  SEARCH       rival=no d=9999 mm rumbo=   +0 cdeg  linea=0x0
[gelatina] t=  160 ms  TRACK        rival=si d= 213 mm rumbo=   +0 cdeg  linea=0x0
[gelatina] t=  264 ms  ATTACK       rival=si d= 126 mm rumbo=   +0 cdeg  linea=0x0
[arbitro] asalto  4/30  banco    rival fuera     +1   0.58 s
[gelatina] t=    0 ms  WAIT         rival=si d= 302 mm rumbo=   +0 cdeg  linea=0x0
[gelatina] t=    0 ms  TRACK        rival=si d= 302 mm rumbo=   +0 cdeg  linea=0x0
[gelatina] t=  144 ms  SEARCH       rival=no d=9999 mm rumbo=   +0 cdeg  linea=0x0
[gelatina] t=  168 ms  TRACK        rival=si d= 218 mm rumbo=   +0 cdeg  linea=0x0
[gelatina] t=  280 ms  ATTACK       rival=si d= 130 mm rumbo=   +0 cdeg  linea=0x0
[arbitro] asalto  5/30  banco    rival fuera     +1   0.88 s
[gelatina] t=    0 ms  WAIT         rival=si d= 257 mm rumbo=   +0 cdeg  linea=0x0
[gelatina] t=    0 ms  TRACK        rival=si d= 259 mm rumbo=   +0 cdeg  linea=0x0
[gelatina] t=  160 ms  SEARCH       rival=no d=9999 mm rumbo=   +0 cdeg  linea=0x0
[gelatina] t=  176 ms  TRACK        rival=si d= 185 mm rumbo=   +0 cdeg  linea=0x0
[gelatina] t=  240 ms  ATTACK       rival=si d= 130 mm rumbo=   +0 cdeg  linea=0x0
[arbitro] asalto  6/30  banco    rival fuera     +1   0.59 s
[gelatina] t=    0 ms  WAIT         rival=si d= 260 mm rumbo=   +0 cdeg  linea=0x0
[gelatina] t=    0 ms  TRACK        rival=si d= 257 mm rumbo=   +0 cdeg  linea=0x0
[gelatina] t=  248 ms  ATTACK       rival=si d= 125 mm rumbo=   +0 cdeg  linea=0x0
[arbitro] asalto  7/30  banco    rival fuera     +1   0.57 s
[gelatina] t=    0 ms  WAIT         rival=si d= 303 mm rumbo=   +0 cdeg  linea=0x0
[gelatina] t=    0 ms  TRACK        rival=si d= 307 mm rumbo=   +0 cdeg  linea=0x0
[gelatina] t=  128 ms  SEARCH       rival=no d=9999 mm rumbo=   +0 cdeg  linea=0x0
[gelatina] t=  160 ms  TRACK        rival=si d= 215 mm rumbo=   +0 cdeg  linea=0x0
[gelatina] t=  304 ms  ATTACK       rival=si d= 120 mm rumbo=   +0 cdeg  linea=0x0
[arbitro] asalto  8/30  banco    rival fuera     +1   1.07 s
[gelatina] t=    0 ms  WAIT         rival=si d= 279 mm rumbo=   +0 cdeg  linea=0x0
[gelatina] t=    0 ms  TRACK        rival=si d= 283 mm rumbo=   +0 cdeg  linea=0x0
[gelatina] t=  135 ms  SEARCH       rival=no d=9999 mm rumbo=   +0 cdeg  linea=0x0
[gelatina] t=  159 ms  TRACK        rival=si d= 248 mm rumbo=   +0 cdeg  linea=0x0
[gelatina] t=  247 ms  ATTACK       rival=si d= 131 mm rumbo=   +0 cdeg  linea=0x0
[arbitro] asalto  9/30  banco    rival fuera     +1   0.58 s
[gelatina] t=    0 ms  WAIT         rival=si d= 277 mm rumbo=   +0 cdeg  linea=0x0
[gelatina] t=    0 ms  TRACK        rival=si d= 279 mm rumbo=   +0 cdeg  linea=0x0
[gelatina] t=  144 ms  SEARCH       rival=no d=9999 mm rumbo=   +0 cdeg  linea=0x0
[gelatina] t=  167 ms  TRACK        rival=si d= 197 mm rumbo=   +0 cdeg  linea=0x0
[gelatina] t=  239 ms  ATTACK       rival=si d= 132 mm rumbo=   +0 cdeg  linea=0x0
[arbitro] asalto 10/30  banco    rival fuera     +1   0.59 s
[gelatina] t=    0 ms  WAIT         rival=si d= 305 mm rumbo=   +0 cdeg  linea=0x0
[gelatina] t=    0 ms  TRACK        rival=si d= 309 mm rumbo=   +0 cdeg  linea=0x0
[gelatina] t=  144 ms  SEARCH       rival=no d=9999 mm rumbo=   +0 cdeg  linea=0x0
[gelatina] t=  168 ms  TRACK        rival=si d= 216 mm rumbo=   +0 cdeg  linea=0x0
[gelatina] t=  288 ms  ATTACK       rival=si d= 131 mm rumbo=   +0 cdeg  linea=0x0
[arbitro] asalto 11/30  banco    rival fuera     +1   0.88 s
[gelatina] t=    0 ms  WAIT         rival=si d= 253 mm rumbo=   +0 cdeg  linea=0x0
[gelatina] t=    0 ms  TRACK        rival=si d= 255 mm rumbo=   +0 cdeg  linea=0x0
[gelatina] t=  247 ms  ATTACK       rival=si d= 131 mm rumbo=   +0 cdeg  linea=0x0
[arbitro] asalto 12/30  banco    rival fuera     +1   0.61 s
[gelatina] t=    0 ms  WAIT         rival=si d= 259 mm rumbo=   +0 cdeg  linea=0x0
[gelatina] t=    0 ms  TRACK        rival=si d= 264 mm rumbo=   +0 cdeg  linea=0x0
[gelatina] t=  247 ms  ATTACK       rival=si d= 126 mm rumbo=   +0 cdeg  linea=0x0
[arbitro] asalto 13/30  banco    rival fuera     +1   0.56 s
[gelatina] t=    0 ms  WAIT         rival=si d= 303 mm rumbo=   +0 cdeg  linea=0x0
[gelatina] t=    0 ms  TRACK        rival=si d= 302 mm rumbo=   +0 cdeg  linea=0x0
[gelatina] t=  128 ms  SEARCH       rival=no d=9999 mm rumbo=   +0 cdeg  linea=0x0
[gelatina] t=  160 ms  TRACK        rival=si d= 206 mm rumbo=   +0 cdeg  linea=0x0
[gelatina] t=  296 ms  ATTACK       rival=si d= 130 mm rumbo=   +0 cdeg  linea=0x0
[arbitro] asalto 14/30  banco    rival fuera     +1   0.92 s
[gelatina] t=    0 ms  WAIT         rival=si d= 288 mm rumbo=   +0 cdeg  linea=0x0
[gelatina] t=    0 ms  TRACK        rival=si d= 287 mm rumbo=   +0 cdeg  linea=0x0
[gelatina] t=  136 ms  SEARCH       rival=no d=9999 mm rumbo=   +0 cdeg  linea=0x0
[gelatina] t=  160 ms  TRACK        rival=si d= 219 mm rumbo=   +0 cdeg  linea=0x0
[gelatina] t=  272 ms  ATTACK       rival=si d= 122 mm rumbo=   +0 cdeg  linea=0x0
[arbitro] asalto 15/30  banco    rival fuera     +1   0.59 s
[gelatina] t=    0 ms  WAIT         rival=si d= 274 mm rumbo=   +0 cdeg  linea=0x0
[gelatina] t=    0 ms  TRACK        rival=si d= 273 mm rumbo=   +0 cdeg  linea=0x0
[gelatina] t=  143 ms  SEARCH       rival=no d=9999 mm rumbo=   +0 cdeg  linea=0x0
[gelatina] t=  168 ms  TRACK        rival=si d= 189 mm rumbo=   +0 cdeg  linea=0x0
[gelatina] t=  256 ms  ATTACK       rival=si d= 128 mm rumbo=   +0 cdeg  linea=0x0
[arbitro] asalto 16/30  banco    rival fuera     +1   0.60 s
[gelatina] t=    0 ms  WAIT         rival=si d= 308 mm rumbo=   +0 cdeg  linea=0x0
[gelatina] t=    0 ms  TRACK        rival=si d= 312 mm rumbo=   +0 cdeg  linea=0x0
[gelatina] t=  152 ms  SEARCH       rival=no d=9999 mm rumbo=   +0 cdeg  linea=0x0
[gelatina] t=  176 ms  TRACK        rival=si d= 219 mm rumbo=   +0 cdeg  linea=0x0
[gelatina] t=  296 ms  ATTACK       rival=si d= 131 mm rumbo=   +0 cdeg  linea=0x0
[arbitro] asalto 17/30  banco    rival fuera     +1   0.90 s
[gelatina] t=    0 ms  WAIT         rival=si d= 320 mm rumbo=   +0 cdeg  linea=0x0
[gelatina] t=    0 ms  TRACK        rival=si d= 322 mm rumbo=   +0 cdeg  linea=0x0
[gelatina] t=  119 ms  SEARCH       rival=no d=9999 mm rumbo=   +0 cdeg  linea=0x0
[gelatina] t=  151 ms  TRACK        rival=si d= 247 mm rumbo=   +0 cdeg  linea=0x0
[gelatina] t=  343 ms  ATTACK       rival=si d= 116 mm rumbo=   +0 cdeg  linea=0x0
[gelatina] t=  855 ms  SEARCH       rival=no d=9999 mm rumbo=-6000 cdeg  linea=0x0
[gelatina] t=  927 ms  TRACK        rival=si d= 135 mm rumbo=-6000 cdeg  linea=0x0
[gelatina] t=  936 ms  ATTACK       rival=si d=  78 mm rumbo=-6000 cdeg  linea=0x0
[arbitro] asalto 18/30  banco    rival fuera     +1   1.50 s
[gelatina] t=    0 ms  WAIT         rival=si d= 268 mm rumbo=   +0 cdeg  linea=0x0
[gelatina] t=    0 ms  TRACK        rival=si d= 269 mm rumbo=   +0 cdeg  linea=0x0
[gelatina] t=  128 ms  SEARCH       rival=no d=9999 mm rumbo=   +0 cdeg  linea=0x0
[gelatina] t=  136 ms  TRACK        rival=si d= 231 mm rumbo=+3000 cdeg  linea=0x0
[gelatina] t=  256 ms  ATTACK       rival=si d= 124 mm rumbo=   +0 cdeg  linea=0x0
[arbitro] asalto 19/30  banco    rival fuera     +1   0.66 s
[gelatina] t=    0 ms  WAIT         rival=si d= 294 mm rumbo=   +0 cdeg  linea=0x0
[gelatina] t=    0 ms  TRACK        rival=si d= 294 mm rumbo=   +0 cdeg  linea=0x0
[gelatina] t=  128 ms  SEARCH       rival=no d=9999 mm rumbo=   +0 cdeg  linea=0x0
[gelatina] t=  160 ms  TRACK        rival=si d= 202 mm rumbo=   +0 cdeg  linea=0x0
[gelatina] t=  288 ms  ATTACK       rival=si d= 132 mm rumbo=   +0 cdeg  linea=0x0
[arbitro] asalto 20/30  banco    rival fuera     +1   0.94 s
[gelatina] t=    0 ms  WAIT         rival=si d= 287 mm rumbo=   +0 cdeg  linea=0x0
[gelatina] t=    0 ms  TRACK        rival=si d= 291 mm rumbo=   +0 cdeg  linea=0x0
[gelatina] t=  136 ms  SEARCH       rival=no d=9999 mm rumbo=   +0 cdeg  linea=0x0
[gelatina] t=  160 ms  TRACK        rival=si d= 222 mm rumbo=   +0 cdeg  linea=0x0
[gelatina] t=  272 ms  ATTACK       rival=si d= 121 mm rumbo=   +0 cdeg  linea=0x0
[arbitro] asalto 21/30  banco    rival fuera     +1   0.59 s
[gelatina] t=    0 ms  WAIT         rival=si d= 271 mm rumbo=   +0 cdeg  linea=0x0
[gelatina] t=    0 ms  TRACK        rival=si d= 272 mm rumbo=   +0 cdeg  linea=0x0
[gelatina] t=  152 ms  SEARCH       rival=no d=9999 mm rumbo=   +0 cdeg  linea=0x0
[gelatina] t=  176 ms  TRACK        rival=si d= 175 mm rumbo=   +0 cdeg  linea=0x0
[gelatina] t=  248 ms  ATTACK       rival=si d= 130 mm rumbo=   +0 cdeg  linea=0x0
[arbitro] asalto 22/30  banco    rival fuera     +1   0.86 s
[gelatina] t=    0 ms  WAIT         rival=si d= 316 mm rumbo=   +0 cdeg  linea=0x0
[gelatina] t=    0 ms  TRACK        rival=si d= 316 mm rumbo=   +0 cdeg  linea=0x0
[gelatina] t=  152 ms  SEARCH       rival=no d=9999 mm rumbo=   +0 cdeg  linea=0x0
[gelatina] t=  176 ms  TRACK        rival=si d= 226 mm rumbo=   +0 cdeg  linea=0x0
[gelatina] t=  320 ms  ATTACK       rival=si d= 122 mm rumbo=   +0 cdeg  linea=0x0
[arbitro] asalto 23/30  banco    rival fuera     +1   0.90 s
[gelatina] t=    0 ms  WAIT         rival=si d= 312 mm rumbo=   +0 cdeg  linea=0x0
[gelatina] t=    0 ms  TRACK        rival=si d= 314 mm rumbo=   +0 cdeg  linea=0x0
[gelatina] t=  120 ms  SEARCH       rival=no d=9999 mm rumbo=   +0 cdeg  linea=0x0
[gelatina] t=  152 ms  TRACK        rival=si d= 245 mm rumbo=   +0 cdeg  linea=0x0
[gelatina] t=  344 ms  ATTACK       rival=si d= 112 mm rumbo=   +0 cdeg  linea=0x0
[arbitro] asalto 24/30  banco    rival fuera     +1   1.04 s
[gelatina] t=    0 ms  WAIT         rival=si d= 272 mm rumbo=   +0 cdeg  linea=0x0
[gelatina] t=    0 ms  TRACK        rival=si d= 268 mm rumbo=   +0 cdeg  linea=0x0
[gelatina] t=  128 ms  SEARCH       rival=no d=9999 mm rumbo=   +0 cdeg  linea=0x0
[gelatina] t=  160 ms  TRACK        rival=si d= 184 mm rumbo=   +0 cdeg  linea=0x0
[gelatina] t=  256 ms  ATTACK       rival=si d= 127 mm rumbo=   +0 cdeg  linea=0x0
[arbitro] asalto 25/30  banco    rival fuera     +1   0.60 s
[gelatina] t=    0 ms  WAIT         rival=si d= 292 mm rumbo=   +0 cdeg  linea=0x0
[gelatina] t=    0 ms  TRACK        rival=si d= 291 mm rumbo=   +0 cdeg  linea=0x0
[gelatina] t=  136 ms  SEARCH       rival=no d=9999 mm rumbo=   +0 cdeg  linea=0x0
[gelatina] t=  168 ms  TRACK        rival=si d= 206 mm rumbo=   +0 cdeg  linea=0x0
[gelatina] t=  288 ms  ATTACK       rival=si d= 123 mm rumbo=   +0 cdeg  linea=0x0
[arbitro] asalto 26/30  banco    rival fuera     +1   1.01 s
[gelatina] t=    0 ms  WAIT         rival=si d= 292 mm rumbo=   +0 cdeg  linea=0x0
[gelatina] t=    0 ms  TRACK        rival=si d= 292 mm rumbo=   +0 cdeg  linea=0x0
[gelatina] t=  136 ms  SEARCH       rival=no d=9999 mm rumbo=   +0 cdeg  linea=0x0
[gelatina] t=  160 ms  TRACK        rival=si d= 220 mm rumbo=   +0 cdeg  linea=0x0
[gelatina] t=  272 ms  ATTACK       rival=si d= 121 mm rumbo=   +0 cdeg  linea=0x0
[arbitro] asalto 27/30  banco    rival fuera     +1   0.59 s
[gelatina] t=    0 ms  WAIT         rival=si d= 269 mm rumbo=   +0 cdeg  linea=0x0
[gelatina] t=    0 ms  TRACK        rival=si d= 262 mm rumbo=   +0 cdeg  linea=0x0
[gelatina] t=  160 ms  SEARCH       rival=no d=9999 mm rumbo=   +0 cdeg  linea=0x0
[gelatina] t=  176 ms  TRACK        rival=si d= 198 mm rumbo=   +0 cdeg  linea=0x0
[gelatina] t=  256 ms  ATTACK       rival=si d= 130 mm rumbo=   +0 cdeg  linea=0x0
[arbitro] asalto 28/30  banco    rival fuera     +1   0.61 s
[gelatina] t=    0 ms  WAIT         rival=si d= 318 mm rumbo=   +0 cdeg  linea=0x0
[gelatina] t=    0 ms  TRACK        rival=si d= 314 mm rumbo=   +0 cdeg  linea=0x0
[gelatina] t=  152 ms  SEARCH       rival=no d=9999 mm rumbo=   +0 cdeg  linea=0x0
[gelatina] t=  168 ms  TRACK        rival=si d= 251 mm rumbo=   +0 cdeg  linea=0x0
[gelatina] t=  320 ms  ATTACK       rival=si d= 114 mm rumbo=   +0 cdeg  linea=0x0
[arbitro] asalto 29/30  banco    rival fuera     +1   0.92 s
[gelatina] t=    0 ms  WAIT         rival=si d= 312 mm rumbo=   +0 cdeg  linea=0x0
[gelatina] t=    0 ms  TRACK        rival=si d= 312 mm rumbo=   +0 cdeg  linea=0x0
[gelatina] t=  120 ms  SEARCH       rival=no d=9999 mm rumbo=   +0 cdeg  linea=0x0
[gelatina] t=  152 ms  TRACK        rival=si d= 235 mm rumbo=   +0 cdeg  linea=0x0
[gelatina] t=  320 ms  ATTACK       rival=si d= 131 mm rumbo=   +0 cdeg  linea=0x0
[arbitro] asalto 30/30  banco    rival fuera     +1   1.02 s

[arbitro] RESULTADO  30W 0L 0D  win rate 100.0%  auto-salidas 0  t medio de victoria 0.80 s

[arbitro] resultados -> ../../../runs/real_baseline/20260913T155619592528Z_v0.3.1_banco/spinner.json
INFO: 'arbitro' controller exited successfully.
INFO: _real_20260913t155619592528z_yo_v031: Terminating.
INFO: oponente: Terminating.
