INFO: _real_20260913t155619592528z_yo_v031: Starting controller: $LAB_ROOT/Mini-Sumo-real/webots/controllers/_real_20260913t155619592528z_yo_v031/_real_20260913t155619592528z_yo_v031
INFO: oponente: Starting controller: $LAB_ROOT/Mini-Sumo-real/webots/controllers/oponente/oponente static
INFO: arbitro: Starting controller: $LAB_ROOT/Mini-Sumo-real/webots/controllers/arbitro/arbitro --rounds 30 --rival static --colocacion banco --version v0.3.1 --out ../../../runs/real_baseline/20260913T155619592528Z_v0.3.1_banco/static.json
[gelatina] HAL Webots listo: paso 8 ms, umbral de linea 400
[gelatina] estrategia v0.3.0 en linea
[rival] comportamiento: static

[arbitro] 30 asaltos contra 'static', colocacion banco, limite 30 s por asalto
[gelatina] t=    0 ms  WAIT         rival=si d=  26 mm rumbo=+1494 cdeg  linea=0x3
[gelatina] t=    0 ms  TRACK        rival=si d= 254 mm rumbo=   +0 cdeg  linea=0x0
[gelatina] t=  224 ms  ATTACK       rival=si d= 130 mm rumbo=   +0 cdeg  linea=0x0
[arbitro] asalto  1/30  banco    rival fuera     +1   0.54 s
[gelatina] t=    0 ms  WAIT         rival=si d= 307 mm rumbo=   +0 cdeg  linea=0x0
[gelatina] t=    0 ms  TRACK        rival=si d= 305 mm rumbo=   +0 cdeg  linea=0x0
[gelatina] t=  120 ms  SEARCH       rival=no d=9999 mm rumbo=   +0 cdeg  linea=0x0
[gelatina] t=  128 ms  TRACK        rival=si d= 274 mm rumbo=+3000 cdeg  linea=0x0
[gelatina] t=  296 ms  ATTACK       rival=si d= 130 mm rumbo=   +0 cdeg  linea=0x0
[arbitro] asalto  2/30  banco    rival fuera     +1   0.60 s
[gelatina] t=    0 ms  WAIT         rival=si d= 277 mm rumbo=   +0 cdeg  linea=0x0
[gelatina] t=    0 ms  TRACK        rival=si d= 275 mm rumbo=   +0 cdeg  linea=0x0
[gelatina] t=  128 ms  SEARCH       rival=no d=9999 mm rumbo=   +0 cdeg  linea=0x0
[gelatina] t=  160 ms  TRACK        rival=si d= 188 mm rumbo=   +0 cdeg  linea=0x0
[gelatina] t=  304 ms  ATTACK       rival=si d= 128 mm rumbo=+1487 cdeg  linea=0x0
[arbitro] asalto  3/30  banco    rival fuera     +1   0.60 s
[gelatina] t=    0 ms  WAIT         rival=si d= 279 mm rumbo=   +0 cdeg  linea=0x0
[gelatina] t=    0 ms  TRACK        rival=si d= 281 mm rumbo=   +0 cdeg  linea=0x0
[gelatina] t=  136 ms  SEARCH       rival=no d=9999 mm rumbo=   +0 cdeg  linea=0x0
[gelatina] t=  160 ms  TRACK        rival=si d= 219 mm rumbo=   +0 cdeg  linea=0x0
[gelatina] t=  256 ms  ATTACK       rival=si d= 128 mm rumbo=   +0 cdeg  linea=0x0
[arbitro] asalto  4/30  banco    rival fuera     +1   0.58 s
[gelatina] t=    0 ms  WAIT         rival=si d= 302 mm rumbo=   +0 cdeg  linea=0x0
[gelatina] t=    0 ms  TRACK        rival=si d= 303 mm rumbo=   +0 cdeg  linea=0x0
[gelatina] t=  144 ms  SEARCH       rival=no d=9999 mm rumbo=   +0 cdeg  linea=0x0
[gelatina] t=  168 ms  TRACK        rival=si d= 209 mm rumbo=   +0 cdeg  linea=0x0
[gelatina] t=  280 ms  ATTACK       rival=si d= 132 mm rumbo=   +0 cdeg  linea=0x0
[arbitro] asalto  5/30  banco    rival fuera     +1   0.61 s
[gelatina] t=    0 ms  WAIT         rival=si d= 258 mm rumbo=   +0 cdeg  linea=0x0
[gelatina] t=    0 ms  TRACK        rival=si d= 257 mm rumbo=   +0 cdeg  linea=0x0
[gelatina] t=  160 ms  SEARCH       rival=no d=9999 mm rumbo=   +0 cdeg  linea=0x0
[gelatina] t=  176 ms  TRACK        rival=si d= 188 mm rumbo=   +0 cdeg  linea=0x0
[gelatina] t=  224 ms  ATTACK       rival=si d= 127 mm rumbo=   +0 cdeg  linea=0x0
[arbitro] asalto  6/30  banco    rival fuera     +1   0.57 s
[gelatina] t=    0 ms  WAIT         rival=si d= 258 mm rumbo=   +0 cdeg  linea=0x0
[gelatina] t=    0 ms  TRACK        rival=si d= 260 mm rumbo=   +0 cdeg  linea=0x0
[gelatina] t=  224 ms  ATTACK       rival=si d= 131 mm rumbo=   +0 cdeg  linea=0x0
[arbitro] asalto  7/30  banco    rival fuera     +1   0.55 s
[gelatina] t=    0 ms  WAIT         rival=si d= 301 mm rumbo=   +0 cdeg  linea=0x0
[gelatina] t=    0 ms  TRACK        rival=si d= 304 mm rumbo=   +0 cdeg  linea=0x0
[gelatina] t=  127 ms  SEARCH       rival=no d=9999 mm rumbo=   +0 cdeg  linea=0x0
[gelatina] t=  135 ms  TRACK        rival=si d= 259 mm rumbo=+3000 cdeg  linea=0x0
[gelatina] t=  287 ms  ATTACK       rival=si d= 132 mm rumbo=   +0 cdeg  linea=0x0
[arbitro] asalto  8/30  banco    rival fuera     +1   0.59 s
[gelatina] t=    0 ms  WAIT         rival=si d= 281 mm rumbo=   +0 cdeg  linea=0x0
[gelatina] t=    0 ms  TRACK        rival=si d= 283 mm rumbo=   +0 cdeg  linea=0x0
[gelatina] t=  136 ms  SEARCH       rival=no d=9999 mm rumbo=   +0 cdeg  linea=0x0
[gelatina] t=  168 ms  TRACK        rival=si d= 186 mm rumbo=   +0 cdeg  linea=0x0
[gelatina] t=  264 ms  ATTACK       rival=si d= 130 mm rumbo=   +0 cdeg  linea=0x0
[arbitro] asalto  9/30  banco    rival fuera     +1   0.60 s
[gelatina] t=    0 ms  WAIT         rival=si d= 276 mm rumbo=   +0 cdeg  linea=0x0
[gelatina] t=    0 ms  TRACK        rival=si d= 279 mm rumbo=   +0 cdeg  linea=0x0
[gelatina] t=  144 ms  SEARCH       rival=no d=9999 mm rumbo=   +0 cdeg  linea=0x0
[gelatina] t=  168 ms  TRACK        rival=si d= 213 mm rumbo=   +0 cdeg  linea=0x0
[gelatina] t=  248 ms  ATTACK       rival=si d= 131 mm rumbo=   +0 cdeg  linea=0x0
[arbitro] asalto 10/30  banco    rival fuera     +1   0.58 s
[gelatina] t=    0 ms  WAIT         rival=si d= 305 mm rumbo=   +0 cdeg  linea=0x0
[gelatina] t=    0 ms  TRACK        rival=si d= 301 mm rumbo=   +0 cdeg  linea=0x0
[gelatina] t=  144 ms  SEARCH       rival=no d=9999 mm rumbo=   +0 cdeg  linea=0x0
[gelatina] t=  168 ms  TRACK        rival=si d= 213 mm rumbo=   +0 cdeg  linea=0x0
[gelatina] t=  288 ms  ATTACK       rival=si d= 128 mm rumbo=   +0 cdeg  linea=0x0
[arbitro] asalto 11/30  banco    rival fuera     +1   0.61 s
[gelatina] t=    0 ms  WAIT         rival=si d= 254 mm rumbo=   +0 cdeg  linea=0x0
[gelatina] t=    0 ms  TRACK        rival=si d= 253 mm rumbo=   +0 cdeg  linea=0x0
[gelatina] t=  247 ms  ATTACK       rival=si d= 103 mm rumbo=   +0 cdeg  linea=0x0
[arbitro] asalto 12/30  banco    rival fuera     +1   3.30 s
[gelatina] t=    0 ms  WAIT         rival=si d= 262 mm rumbo=   +0 cdeg  linea=0x0
[gelatina] t=    0 ms  TRACK        rival=si d= 262 mm rumbo=   +0 cdeg  linea=0x0
[gelatina] t=  240 ms  ATTACK       rival=si d= 127 mm rumbo=   +0 cdeg  linea=0x0
[arbitro] asalto 13/30  banco    rival fuera     +1   0.55 s
[gelatina] t=    0 ms  WAIT         rival=si d= 304 mm rumbo=   +0 cdeg  linea=0x0
[gelatina] t=    0 ms  TRACK        rival=si d= 300 mm rumbo=   +0 cdeg  linea=0x0
[gelatina] t=  128 ms  SEARCH       rival=no d=9999 mm rumbo=   +0 cdeg  linea=0x0
[gelatina] t=  160 ms  TRACK        rival=si d= 207 mm rumbo=   +0 cdeg  linea=0x0
[gelatina] t=  288 ms  ATTACK       rival=si d= 127 mm rumbo=   +0 cdeg  linea=0x0
[arbitro] asalto 14/30  banco    rival fuera     +1   0.60 s
[gelatina] t=    0 ms  WAIT         rival=si d= 289 mm rumbo=   +0 cdeg  linea=0x0
[gelatina] t=    0 ms  TRACK        rival=si d= 287 mm rumbo=   +0 cdeg  linea=0x0
[gelatina] t=  136 ms  SEARCH       rival=no d=9999 mm rumbo=   +0 cdeg  linea=0x0
[gelatina] t=  160 ms  TRACK        rival=si d= 226 mm rumbo=   +0 cdeg  linea=0x0
[gelatina] t=  256 ms  ATTACK       rival=si d= 132 mm rumbo=   +0 cdeg  linea=0x0
[arbitro] asalto 15/30  banco    rival fuera     +1   0.57 s
[gelatina] t=    0 ms  WAIT         rival=si d= 275 mm rumbo=   +0 cdeg  linea=0x0
[gelatina] t=    0 ms  TRACK        rival=si d= 278 mm rumbo=   +0 cdeg  linea=0x0
[gelatina] t=  144 ms  SEARCH       rival=no d=9999 mm rumbo=   +0 cdeg  linea=0x0
[gelatina] t=  168 ms  TRACK        rival=si d= 182 mm rumbo=   +0 cdeg  linea=0x0
[gelatina] t=  240 ms  ATTACK       rival=si d= 131 mm rumbo=   +0 cdeg  linea=0x0
[arbitro] asalto 16/30  banco    rival fuera     +1   0.57 s
[gelatina] t=    0 ms  WAIT         rival=si d= 313 mm rumbo=   +0 cdeg  linea=0x0
[gelatina] t=    0 ms  TRACK        rival=si d= 313 mm rumbo=   +0 cdeg  linea=0x0
[gelatina] t=  143 ms  SEARCH       rival=no d=9999 mm rumbo=   +0 cdeg  linea=0x0
[gelatina] t=  167 ms  TRACK        rival=si d= 216 mm rumbo=   +0 cdeg  linea=0x0
[gelatina] t=  295 ms  ATTACK       rival=si d= 126 mm rumbo=   +0 cdeg  linea=0x0
[arbitro] asalto 17/30  banco    rival fuera     +1   0.62 s
[gelatina] t=    0 ms  WAIT         rival=si d= 317 mm rumbo=   +0 cdeg  linea=0x0
[gelatina] t=    0 ms  TRACK        rival=si d= 312 mm rumbo=   +0 cdeg  linea=0x0
[gelatina] t=  311 ms  ATTACK       rival=si d= 131 mm rumbo=   +0 cdeg  linea=0x0
[arbitro] asalto 18/30  banco    rival fuera     +1   0.61 s
[gelatina] t=    0 ms  WAIT         rival=si d= 267 mm rumbo=   +0 cdeg  linea=0x0
[gelatina] t=    0 ms  TRACK        rival=si d= 265 mm rumbo=   +0 cdeg  linea=0x0
[gelatina] t=  240 ms  ATTACK       rival=si d= 130 mm rumbo=   +0 cdeg  linea=0x0
[arbitro] asalto 19/30  banco    rival fuera     +1   0.56 s
[gelatina] t=    0 ms  WAIT         rival=si d= 294 mm rumbo=   +0 cdeg  linea=0x0
[gelatina] t=    0 ms  TRACK        rival=si d= 290 mm rumbo=   +0 cdeg  linea=0x0
[gelatina] t=  128 ms  SEARCH       rival=no d=9999 mm rumbo=   +0 cdeg  linea=0x0
[gelatina] t=  160 ms  TRACK        rival=si d= 205 mm rumbo=   +0 cdeg  linea=0x0
[gelatina] t=  280 ms  ATTACK       rival=si d= 131 mm rumbo=   +0 cdeg  linea=0x0
[arbitro] asalto 20/30  banco    rival fuera     +1   0.59 s
[gelatina] t=    0 ms  WAIT         rival=si d= 287 mm rumbo=   +0 cdeg  linea=0x0
[gelatina] t=    0 ms  TRACK        rival=si d= 290 mm rumbo=   +0 cdeg  linea=0x0
[gelatina] t=  136 ms  SEARCH       rival=no d=9999 mm rumbo=   +0 cdeg  linea=0x0
[gelatina] t=  160 ms  TRACK        rival=si d= 232 mm rumbo=   +0 cdeg  linea=0x0
[gelatina] t=  264 ms  ATTACK       rival=si d= 129 mm rumbo=   +0 cdeg  linea=0x0
[arbitro] asalto 21/30  banco    rival fuera     +1   0.57 s
[gelatina] t=    0 ms  WAIT         rival=si d= 266 mm rumbo=   +0 cdeg  linea=0x0
[gelatina] t=    0 ms  TRACK        rival=si d= 272 mm rumbo=   +0 cdeg  linea=0x0
[gelatina] t=  152 ms  SEARCH       rival=no d=9999 mm rumbo=   +0 cdeg  linea=0x0
[gelatina] t=  176 ms  TRACK        rival=si d= 168 mm rumbo=   +0 cdeg  linea=0x0
[gelatina] t=  240 ms  ATTACK       rival=si d= 127 mm rumbo=   +0 cdeg  linea=0x0
[arbitro] asalto 22/30  banco    rival fuera     +1   0.58 s
[gelatina] t=    0 ms  WAIT         rival=si d= 312 mm rumbo=   +0 cdeg  linea=0x0
[gelatina] t=    0 ms  TRACK        rival=si d= 314 mm rumbo=   +0 cdeg  linea=0x0
[gelatina] t=  152 ms  SEARCH       rival=no d=9999 mm rumbo=   +0 cdeg  linea=0x0
[gelatina] t=  176 ms  TRACK        rival=si d= 216 mm rumbo=   +0 cdeg  linea=0x0
[gelatina] t=  336 ms  ATTACK       rival=si d= 101 mm rumbo=   +0 cdeg  linea=0x0
[arbitro] asalto 23/30  banco    rival fuera     +1   1.02 s
[gelatina] t=    0 ms  WAIT         rival=si d= 314 mm rumbo=   +0 cdeg  linea=0x0
[gelatina] t=    0 ms  TRACK        rival=si d= 312 mm rumbo=   +0 cdeg  linea=0x0
[gelatina] t=  312 ms  ATTACK       rival=si d= 127 mm rumbo=   +0 cdeg  linea=0x0
[arbitro] asalto 24/30  banco    rival fuera     +1   0.62 s
[gelatina] t=    0 ms  WAIT         rival=si d= 272 mm rumbo=   +0 cdeg  linea=0x0
[gelatina] t=    0 ms  TRACK        rival=si d= 266 mm rumbo=   +0 cdeg  linea=0x0
[gelatina] t=  248 ms  ATTACK       rival=si d= 129 mm rumbo=   +0 cdeg  linea=0x0
[arbitro] asalto 25/30  banco    rival fuera     +1   0.58 s
[gelatina] t=    0 ms  WAIT         rival=si d= 293 mm rumbo=   +0 cdeg  linea=0x0
[gelatina] t=    0 ms  TRACK        rival=si d= 295 mm rumbo=   +0 cdeg  linea=0x0
[gelatina] t=  136 ms  SEARCH       rival=no d=9999 mm rumbo=   +0 cdeg  linea=0x0
[gelatina] t=  168 ms  TRACK        rival=si d= 196 mm rumbo=   +0 cdeg  linea=0x0
[gelatina] t=  320 ms  ATTACK       rival=si d= 129 mm rumbo=   +0 cdeg  linea=0x0
[arbitro] asalto 26/30  banco    rival fuera     +1   0.62 s
[gelatina] t=    0 ms  WAIT         rival=si d= 294 mm rumbo=   +0 cdeg  linea=0x0
[gelatina] t=    0 ms  TRACK        rival=si d= 295 mm rumbo=   +0 cdeg  linea=0x0
[gelatina] t=  136 ms  SEARCH       rival=no d=9999 mm rumbo=   +0 cdeg  linea=0x0
[gelatina] t=  160 ms  TRACK        rival=si d= 232 mm rumbo=   +0 cdeg  linea=0x0
[gelatina] t=  272 ms  ATTACK       rival=si d= 128 mm rumbo=   +0 cdeg  linea=0x0
[arbitro] asalto 27/30  banco    rival fuera     +1   0.58 s
[gelatina] t=    0 ms  WAIT         rival=si d= 267 mm rumbo=   +0 cdeg  linea=0x0
[gelatina] t=    0 ms  TRACK        rival=si d= 268 mm rumbo=   +0 cdeg  linea=0x0
[gelatina] t=  152 ms  SEARCH       rival=no d=9999 mm rumbo=   +0 cdeg  linea=0x0
[gelatina] t=  168 ms  TRACK        rival=si d= 202 mm rumbo=   +0 cdeg  linea=0x0
[gelatina] t=  232 ms  ATTACK       rival=si d= 126 mm rumbo=   +0 cdeg  linea=0x0
[arbitro] asalto 28/30  banco    rival fuera     +1   0.57 s
[gelatina] t=    0 ms  WAIT         rival=si d= 316 mm rumbo=   +0 cdeg  linea=0x0
[gelatina] t=    0 ms  TRACK        rival=si d= 319 mm rumbo=   +0 cdeg  linea=0x0
[gelatina] t=  152 ms  SEARCH       rival=no d=9999 mm rumbo=   +0 cdeg  linea=0x0
[gelatina] t=  168 ms  TRACK        rival=si d= 254 mm rumbo=   +0 cdeg  linea=0x0
[gelatina] t=  304 ms  ATTACK       rival=si d= 128 mm rumbo=   +0 cdeg  linea=0x0
[arbitro] asalto 29/30  banco    rival fuera     +1   3.06 s
[gelatina] t=    0 ms  WAIT         rival=si d= 312 mm rumbo=   +0 cdeg  linea=0x0
[gelatina] t=    0 ms  TRACK        rival=si d= 311 mm rumbo=   +0 cdeg  linea=0x0
[gelatina] t=  120 ms  SEARCH       rival=no d=9999 mm rumbo=   +0 cdeg  linea=0x0
[gelatina] t=  128 ms  TRACK        rival=si d= 282 mm rumbo=+3000 cdeg  linea=0x0
[gelatina] t=  304 ms  ATTACK       rival=si d= 129 mm rumbo=   +0 cdeg  linea=0x0
[arbitro] asalto 30/30  banco    rival fuera     +1   0.62 s

[arbitro] RESULTADO  30W 0L 0D  win rate 100.0%  auto-salidas 0  t medio de victoria 0.77 s

[arbitro] resultados -> ../../../runs/real_baseline/20260913T155619592528Z_v0.3.1_banco/static.json
INFO: 'arbitro' controller exited successfully.
INFO: _real_20260913t155619592528z_yo_v031: Terminating.
INFO: oponente: Terminating.
