INFO: _real_20260913t155619592528z_yo_v031: Starting controller: $LAB_ROOT/Mini-Sumo-real/webots/controllers/_real_20260913t155619592528z_yo_v031/_real_20260913t155619592528z_yo_v031
INFO: _real_20260913t155619592528z_rival_v030: Starting controller: $LAB_ROOT/Mini-Sumo-real/webots/controllers/_real_20260913t155619592528z_rival_v030/_real_20260913t155619592528z_rival_v030
INFO: arbitro: Starting controller: $LAB_ROOT/Mini-Sumo-real/webots/controllers/arbitro/arbitro --rounds 30 --rival v0.3.0 --colocacion banco --version v0.3.1 --out ../../../runs/real_baseline/20260913T155619592528Z_v0.3.1_banco/v0.3.0.json
[gelatina] HAL Webots listo: paso 8 ms, umbral de linea 400
[gelatina] estrategia v0.3.0 en linea
[rival] HAL Webots listo: paso 8 ms, umbral de linea 400
[rival] estrategia v0.3.0 en linea

[arbitro] 30 asaltos contra 'v0.3.0', colocacion banco, limite 30 s por asalto
[gelatina] t=    0 ms  WAIT         rival=si d=  26 mm rumbo=+1494 cdeg  linea=0x3
[rival] t=    0 ms  WAIT         rival=si d=  28 mm rumbo=+1497 cdeg  linea=0x0
[gelatina] t=    0 ms  TRACK        rival=si d= 254 mm rumbo=   +0 cdeg  linea=0x0
[rival] t=    0 ms  TRACK        rival=si d= 258 mm rumbo=   +0 cdeg  linea=0x0
[rival] t=    8 ms  ATTACK       rival=si d= 254 mm rumbo=   +0 cdeg  linea=0x0
[gelatina] t=  112 ms  ATTACK       rival=si d= 115 mm rumbo=   +0 cdeg  linea=0x0
[gelatina] t=  376 ms  SEARCH       rival=no d=9999 mm rumbo=+3000 cdeg  linea=0x0
[gelatina] t=  392 ms  TRACK        rival=si d=  58 mm rumbo=-3000 cdeg  linea=0x0
[gelatina] t=  400 ms  ATTACK       rival=si d=  57 mm rumbo=-3000 cdeg  linea=0x0
[arbitro] asalto  1/30  banco    expulsado       -1   0.51 s
[gelatina] t=    0 ms  WAIT         rival=si d= 310 mm rumbo=   +0 cdeg  linea=0x0
[rival] t=    0 ms  WAIT         rival=si d= 303 mm rumbo=   +0 cdeg  linea=0x0
[gelatina] t=    0 ms  TRACK        rival=si d= 307 mm rumbo=   +0 cdeg  linea=0x0
[rival] t=    0 ms  TRACK        rival=si d= 305 mm rumbo=   +0 cdeg  linea=0x0
[rival] t=   71 ms  ATTACK       rival=si d= 259 mm rumbo=   +0 cdeg  linea=0x0
[gelatina] t=  127 ms  ATTACK       rival=si d= 132 mm rumbo=   +0 cdeg  linea=0x0
[gelatina] t=  207 ms  EDGE_ESCAPE  rival=si d=   5 mm rumbo=+1500 cdeg  linea=0x2
[gelatina] t=  271 ms  ATTACK       rival=si d=  15 mm rumbo=   +0 cdeg  linea=0x4
[gelatina] t=  455 ms  SEARCH       rival=no d=9999 mm rumbo=-1500 cdeg  linea=0x0
[gelatina] t=  463 ms  TRACK        rival=si d=   8 mm rumbo=   +0 cdeg  linea=0x0
[gelatina] t=  471 ms  ATTACK       rival=si d=   9 mm rumbo=+1498 cdeg  linea=0x0
[arbitro] asalto  2/30  banco    expulsado       -1   0.59 s
[gelatina] t=    0 ms  WAIT         rival=si d= 278 mm rumbo=   +0 cdeg  linea=0x0
[rival] t=    0 ms  WAIT         rival=si d= 283 mm rumbo=   +0 cdeg  linea=0x0
[gelatina] t=    0 ms  TRACK        rival=si d= 280 mm rumbo=   +0 cdeg  linea=0x0
[rival] t=    0 ms  TRACK        rival=si d= 279 mm rumbo=   +0 cdeg  linea=0x0
[rival] t=   40 ms  ATTACK       rival=si d= 256 mm rumbo=   +0 cdeg  linea=0x0
[gelatina] t=  120 ms  ATTACK       rival=si d= 121 mm rumbo=   +0 cdeg  linea=0x0
[gelatina] t=  192 ms  EDGE_ESCAPE  rival=si d=  10 mm rumbo=-3000 cdeg  linea=0x8
[gelatina] t=  264 ms  ATTACK       rival=si d=   7 mm rumbo=   -4 cdeg  linea=0x4
[arbitro] asalto  3/30  banco    expulsado       -1   0.53 s
[gelatina] t=    0 ms  WAIT         rival=si d= 286 mm rumbo=   +0 cdeg  linea=0x0
[rival] t=    0 ms  WAIT         rival=si d= 283 mm rumbo=   +0 cdeg  linea=0x0
[gelatina] t=    0 ms  TRACK        rival=si d= 282 mm rumbo=   +0 cdeg  linea=0x0
[rival] t=    0 ms  TRACK        rival=si d= 286 mm rumbo=   +0 cdeg  linea=0x0
[rival] t=   48 ms  ATTACK       rival=si d= 251 mm rumbo=   +0 cdeg  linea=0x0
[gelatina] t=  136 ms  ATTACK       rival=si d=  90 mm rumbo=+1465 cdeg  linea=0x0
[arbitro] asalto  4/30  banco    expulsado       -1   0.49 s
[gelatina] t=    0 ms  WAIT         rival=si d= 303 mm rumbo=   +0 cdeg  linea=0x0
[rival] t=    0 ms  WAIT         rival=si d= 301 mm rumbo=   +0 cdeg  linea=0x0
[gelatina] t=    0 ms  TRACK        rival=si d= 303 mm rumbo=   +0 cdeg  linea=0x0
[rival] t=    0 ms  TRACK        rival=si d= 300 mm rumbo=   +0 cdeg  linea=0x0
[rival] t=   64 ms  ATTACK       rival=si d= 252 mm rumbo=   +0 cdeg  linea=0x0
[gelatina] t=  136 ms  ATTACK       rival=si d= 107 mm rumbo=   +0 cdeg  linea=0x0
[rival] t=15888 ms  EDGE_ESCAPE  rival=si d=   4 mm rumbo=   +0 cdeg  linea=0x3
[arbitro] asalto  5/30  banco    rival fuera     +1  15.96 s
[gelatina] t=    0 ms  WAIT         rival=si d= 257 mm rumbo=   +0 cdeg  linea=0x0
[rival] t=    0 ms  WAIT         rival=si d= 255 mm rumbo=   +0 cdeg  linea=0x0
[gelatina] t=    0 ms  TRACK        rival=si d= 258 mm rumbo=   +0 cdeg  linea=0x0
[rival] t=    0 ms  TRACK        rival=si d= 262 mm rumbo=   +0 cdeg  linea=0x0
[rival] t=    8 ms  ATTACK       rival=si d= 259 mm rumbo=   +0 cdeg  linea=0x0
[gelatina] t=  120 ms  ATTACK       rival=si d= 117 mm rumbo=+3000 cdeg  linea=0x0
[arbitro] asalto  6/30  banco    expulsado       -1   0.54 s
[gelatina] t=    0 ms  WAIT         rival=si d= 262 mm rumbo=   +0 cdeg  linea=0x0
[rival] t=    0 ms  WAIT         rival=si d= 259 mm rumbo=   +0 cdeg  linea=0x0
[gelatina] t=    0 ms  TRACK        rival=si d= 259 mm rumbo=   +0 cdeg  linea=0x0
[rival] t=    0 ms  TRACK        rival=si d= 259 mm rumbo=   +0 cdeg  linea=0x0
[rival] t=    8 ms  ATTACK       rival=si d= 260 mm rumbo=   +0 cdeg  linea=0x0
[gelatina] t=  112 ms  ATTACK       rival=si d= 120 mm rumbo=   +0 cdeg  linea=0x0
[gelatina] t=  360 ms  SEARCH       rival=no d=9999 mm rumbo=+1497 cdeg  linea=0x0
[gelatina] t=  368 ms  TRACK        rival=si d=   7 mm rumbo=-1498 cdeg  linea=0x0
[gelatina] t=  376 ms  ATTACK       rival=si d=   7 mm rumbo=-1498 cdeg  linea=0x0
[arbitro] asalto  7/30  banco    expulsado       -1   0.54 s
[gelatina] t=    0 ms  WAIT         rival=si d= 304 mm rumbo=   +0 cdeg  linea=0x0
[rival] t=    0 ms  WAIT         rival=si d= 304 mm rumbo=   +0 cdeg  linea=0x0
[gelatina] t=    0 ms  TRACK        rival=si d= 303 mm rumbo=   +0 cdeg  linea=0x0
[rival] t=    0 ms  TRACK        rival=si d= 306 mm rumbo=   +0 cdeg  linea=0x0
[rival] t=   64 ms  ATTACK       rival=si d= 259 mm rumbo=   +0 cdeg  linea=0x0
[gelatina] t=  128 ms  ATTACK       rival=si d= 129 mm rumbo=   +0 cdeg  linea=0x0
[gelatina] t=  184 ms  EDGE_ESCAPE  rival=si d=  17 mm rumbo=-3024 cdeg  linea=0x4
[gelatina] t=  192 ms  ATTACK       rival=si d=  15 mm rumbo=   +0 cdeg  linea=0x4
[rival] t=  216 ms  EDGE_ESCAPE  rival=si d=  10 mm rumbo=-2980 cdeg  linea=0x8
[gelatina] t=  256 ms  EDGE_ESCAPE  rival=si d=  65 mm rumbo=-3000 cdeg  linea=0x8
[gelatina] t=  304 ms  ATTACK       rival=si d=  38 mm rumbo=+1489 cdeg  linea=0x1
[arbitro] asalto  8/30  banco    rival fuera     +1   0.76 s
[gelatina] t=    0 ms  WAIT         rival=si d= 281 mm rumbo=   +0 cdeg  linea=0x0
[rival] t=    0 ms  WAIT         rival=si d= 283 mm rumbo=   +0 cdeg  linea=0x0
[gelatina] t=    0 ms  TRACK        rival=si d= 282 mm rumbo=   +0 cdeg  linea=0x0
[rival] t=    0 ms  TRACK        rival=si d= 279 mm rumbo=   +0 cdeg  linea=0x0
[rival] t=   40 ms  ATTACK       rival=si d= 259 mm rumbo=   +0 cdeg  linea=0x0
[gelatina] t=  128 ms  ATTACK       rival=si d= 104 mm rumbo=   +0 cdeg  linea=0x0
[arbitro] asalto  9/30  banco    rival fuera     +1   0.66 s
[gelatina] t=    0 ms  WAIT         rival=si d= 276 mm rumbo=   +0 cdeg  linea=0x0
[rival] t=    0 ms  WAIT         rival=si d= 278 mm rumbo=   +0 cdeg  linea=0x0
[gelatina] t=    0 ms  TRACK        rival=si d= 284 mm rumbo=   +0 cdeg  linea=0x0
[rival] t=    0 ms  TRACK        rival=si d= 277 mm rumbo=   +0 cdeg  linea=0x0
[rival] t=   40 ms  ATTACK       rival=si d= 258 mm rumbo=   +0 cdeg  linea=0x0
[gelatina] t=  128 ms  ATTACK       rival=si d= 132 mm rumbo=+1501 cdeg  linea=0x0
[gelatina] t=  248 ms  EDGE_ESCAPE  rival=si d=  36 mm rumbo=  -10 cdeg  linea=0x8
[gelatina] t=  256 ms  ATTACK       rival=si d=  24 mm rumbo=   +0 cdeg  linea=0x8
[arbitro] asalto 10/30  banco    expulsado       -1   0.54 s
[gelatina] t=    0 ms  WAIT         rival=si d= 307 mm rumbo=   +0 cdeg  linea=0x0
[rival] t=    0 ms  WAIT         rival=si d= 307 mm rumbo=   +0 cdeg  linea=0x0
[gelatina] t=    0 ms  TRACK        rival=si d= 308 mm rumbo=   +0 cdeg  linea=0x0
[rival] t=    0 ms  TRACK        rival=si d= 307 mm rumbo=   +0 cdeg  linea=0x0
[rival] t=   64 ms  ATTACK       rival=si d= 255 mm rumbo=   +0 cdeg  linea=0x0
[gelatina] t=  144 ms  ATTACK       rival=si d=  94 mm rumbo=+1469 cdeg  linea=0x0
[gelatina] t=  376 ms  SEARCH       rival=no d=9999 mm rumbo=-3000 cdeg  linea=0x0
[gelatina] t=  392 ms  TRACK        rival=si d=  58 mm rumbo=+3000 cdeg  linea=0x0
[gelatina] t=  400 ms  ATTACK       rival=si d=   7 mm rumbo=+1497 cdeg  linea=0x0
[arbitro] asalto 11/30  banco    expulsado       -1   0.48 s
[gelatina] t=    0 ms  WAIT         rival=si d= 257 mm rumbo=   +0 cdeg  linea=0x0
[rival] t=    0 ms  WAIT         rival=si d= 257 mm rumbo=   +0 cdeg  linea=0x0
[gelatina] t=    0 ms  TRACK        rival=si d= 253 mm rumbo=   +0 cdeg  linea=0x0
[rival] t=    0 ms  TRACK        rival=si d= 257 mm rumbo=   +0 cdeg  linea=0x0
[rival] t=    8 ms  ATTACK       rival=si d= 256 mm rumbo=   +0 cdeg  linea=0x0
[gelatina] t=  112 ms  ATTACK       rival=si d= 124 mm rumbo=   +0 cdeg  linea=0x0
[gelatina] t=  208 ms  EDGE_ESCAPE  rival=si d=  17 mm rumbo=+3000 cdeg  linea=0x4
[gelatina] t=  288 ms  ATTACK       rival=si d=   6 mm rumbo=-1495 cdeg  linea=0x8
[gelatina] t=  432 ms  SEARCH       rival=no d=9999 mm rumbo=-1497 cdeg  linea=0x0
[gelatina] t=  456 ms  TRACK        rival=si d=  62 mm rumbo=+3000 cdeg  linea=0x0
[gelatina] t=  464 ms  ATTACK       rival=si d=   9 mm rumbo=+3000 cdeg  linea=0x8
[arbitro] asalto 12/30  banco    expulsado       -1   0.54 s
[gelatina] t=    0 ms  WAIT         rival=si d= 265 mm rumbo=   +0 cdeg  linea=0x0
[rival] t=    0 ms  WAIT         rival=si d= 260 mm rumbo=   +0 cdeg  linea=0x0
[gelatina] t=    0 ms  TRACK        rival=si d= 265 mm rumbo=   +0 cdeg  linea=0x0
[rival] t=    0 ms  TRACK        rival=si d= 264 mm rumbo=   +0 cdeg  linea=0x0
[rival] t=    8 ms  ATTACK       rival=si d= 259 mm rumbo=   +0 cdeg  linea=0x0
[gelatina] t=  120 ms  ATTACK       rival=si d= 116 mm rumbo=   +0 cdeg  linea=0x0
[gelatina] t=  200 ms  EDGE_ESCAPE  rival=si d=  42 mm rumbo=-3000 cdeg  linea=0x3
[gelatina] t=  272 ms  ATTACK       rival=si d=  11 mm rumbo= +973 cdeg  linea=0x4
[rival] t=  280 ms  EDGE_ESCAPE  rival=si d=  11 mm rumbo=+2970 cdeg  linea=0x2
[arbitro] asalto 13/30  banco    rival fuera     +1   0.78 s
[gelatina] t=    0 ms  WAIT         rival=si d= 298 mm rumbo=   +0 cdeg  linea=0x0
[rival] t=    0 ms  WAIT         rival=si d= 299 mm rumbo=   +0 cdeg  linea=0x0
[gelatina] t=    0 ms  TRACK        rival=si d= 298 mm rumbo=   +0 cdeg  linea=0x0
[rival] t=    0 ms  TRACK        rival=si d= 300 mm rumbo=   +0 cdeg  linea=0x0
[rival] t=   56 ms  ATTACK       rival=si d= 254 mm rumbo=   +0 cdeg  linea=0x0
[gelatina] t=  128 ms  ATTACK       rival=si d= 124 mm rumbo=   +0 cdeg  linea=0x0
[gelatina] t=  184 ms  EDGE_ESCAPE  rival=si d=  23 mm rumbo=-1506 cdeg  linea=0x4
[gelatina] t=  192 ms  ATTACK       rival=si d=  39 mm rumbo=+3000 cdeg  linea=0x4
[gelatina] t=  512 ms  EDGE_ESCAPE  rival=si d=  17 mm rumbo=-1501 cdeg  linea=0x4
[arbitro] asalto 14/30  banco    expulsado       -1   0.51 s
[gelatina] t=    0 ms  WAIT         rival=si d= 288 mm rumbo=   +0 cdeg  linea=0x0
[rival] t=    0 ms  WAIT         rival=si d= 286 mm rumbo=   +0 cdeg  linea=0x0
[gelatina] t=    0 ms  TRACK        rival=si d= 289 mm rumbo=   +0 cdeg  linea=0x0
[rival] t=    0 ms  TRACK        rival=si d= 286 mm rumbo=   +0 cdeg  linea=0x0
[rival] t=   47 ms  ATTACK       rival=si d= 254 mm rumbo=   +0 cdeg  linea=0x0
[gelatina] t=  128 ms  ATTACK       rival=si d= 107 mm rumbo=   +0 cdeg  linea=0x0
[gelatina] t=  423 ms  SEARCH       rival=no d=9999 mm rumbo=-3000 cdeg  linea=0x0
[gelatina] t=  439 ms  TRACK        rival=si d=  57 mm rumbo=-3000 cdeg  linea=0x0
[gelatina] t=  448 ms  ATTACK       rival=si d=  51 mm rumbo=   +2 cdeg  linea=0x0
[arbitro] asalto 15/30  banco    expulsado       -1   0.54 s
[gelatina] t=    0 ms  WAIT         rival=si d= 272 mm rumbo=   +0 cdeg  linea=0x0
[rival] t=    0 ms  WAIT         rival=si d= 271 mm rumbo=   +0 cdeg  linea=0x0
[gelatina] t=    0 ms  TRACK        rival=si d= 272 mm rumbo=   +0 cdeg  linea=0x0
[rival] t=    0 ms  TRACK        rival=si d= 275 mm rumbo=   +0 cdeg  linea=0x0
[rival] t=   40 ms  ATTACK       rival=si d= 254 mm rumbo=   +0 cdeg  linea=0x0
[gelatina] t=  128 ms  ATTACK       rival=si d= 132 mm rumbo=+1490 cdeg  linea=0x0
[gelatina] t=  392 ms  SEARCH       rival=no d=9999 mm rumbo=-3000 cdeg  linea=0x0
[gelatina] t=  400 ms  TRACK        rival=si d=   8 mm rumbo=   +0 cdeg  linea=0x0
[gelatina] t=  408 ms  ATTACK       rival=si d=  10 mm rumbo=+1500 cdeg  linea=0x0
[arbitro] asalto 16/30  banco    expulsado       -1   0.53 s
[gelatina] t=    0 ms  WAIT         rival=si d= 308 mm rumbo=   +0 cdeg  linea=0x0
[rival] t=    0 ms  WAIT         rival=si d= 309 mm rumbo=   +0 cdeg  linea=0x0
[gelatina] t=    0 ms  TRACK        rival=si d= 310 mm rumbo=   +0 cdeg  linea=0x0
[rival] t=    0 ms  TRACK        rival=si d= 312 mm rumbo=   +0 cdeg  linea=0x0
[rival] t=   72 ms  ATTACK       rival=si d= 249 mm rumbo=   +0 cdeg  linea=0x0
[gelatina] t=  144 ms  ATTACK       rival=si d=  98 mm rumbo=+1470 cdeg  linea=0x0
[rival] t=  240 ms  EDGE_ESCAPE  rival=si d=  13 mm rumbo=+2980 cdeg  linea=0x4
[gelatina] t=  480 ms  EDGE_ESCAPE  rival=si d=  89 mm rumbo=+3000 cdeg  linea=0xC
[gelatina] t=  488 ms  ATTACK       rival=si d=  19 mm rumbo=+3000 cdeg  linea=0x4
[gelatina] t=  520 ms  EDGE_ESCAPE  rival=si d=  23 mm rumbo=+3000 cdeg  linea=0x2
[arbitro] asalto 17/30  banco    expulsado       -1   0.55 s
[gelatina] t=    0 ms  WAIT         rival=si d= 321 mm rumbo=   +0 cdeg  linea=0x0
[rival] t=    0 ms  WAIT         rival=si d= 316 mm rumbo=   +0 cdeg  linea=0x0
[gelatina] t=    0 ms  TRACK        rival=si d= 322 mm rumbo=   +0 cdeg  linea=0x0
[rival] t=    0 ms  TRACK        rival=si d= 325 mm rumbo=   +0 cdeg  linea=0x0
[rival] t=   80 ms  ATTACK       rival=si d= 253 mm rumbo=   +0 cdeg  linea=0x0
[gelatina] t=  136 ms  ATTACK       rival=si d= 131 mm rumbo=   +0 cdeg  linea=0x0
[gelatina] t=  216 ms  EDGE_ESCAPE  rival=si d=   4 mm rumbo=+1498 cdeg  linea=0x1
[gelatina] t=  288 ms  ATTACK       rival=si d=  12 mm rumbo=   -1 cdeg  linea=0x4
[gelatina] t=  464 ms  SEARCH       rival=no d=9999 mm rumbo=-1497 cdeg  linea=0x0
[gelatina] t=  472 ms  TRACK        rival=si d=   7 mm rumbo=+1498 cdeg  linea=0x0
[gelatina] t=  480 ms  ATTACK       rival=si d=   8 mm rumbo=+1500 cdeg  linea=0x0
[arbitro] asalto 18/30  banco    expulsado       -1   0.60 s
[gelatina] t=    0 ms  WAIT         rival=si d= 268 mm rumbo=   +0 cdeg  linea=0x0
[rival] t=    0 ms  WAIT         rival=si d= 264 mm rumbo=   +0 cdeg  linea=0x0
[gelatina] t=    0 ms  TRACK        rival=si d= 266 mm rumbo=   +0 cdeg  linea=0x0
[rival] t=    0 ms  TRACK        rival=si d= 267 mm rumbo=   +0 cdeg  linea=0x0
[rival] t=   16 ms  ATTACK       rival=si d= 260 mm rumbo=   +0 cdeg  linea=0x0
[gelatina] t=  120 ms  ATTACK       rival=si d= 118 mm rumbo=   +0 cdeg  linea=0x0
[arbitro] asalto 19/30  banco    expulsado       -1   0.52 s
[gelatina] t=    0 ms  WAIT         rival=si d= 291 mm rumbo=   +0 cdeg  linea=0x0
[rival] t=    0 ms  WAIT         rival=si d= 298 mm rumbo=   +0 cdeg  linea=0x0
[gelatina] t=    0 ms  TRACK        rival=si d= 292 mm rumbo=   +0 cdeg  linea=0x0
[rival] t=    0 ms  TRACK        rival=si d= 297 mm rumbo=   +0 cdeg  linea=0x0
[rival] t=   56 ms  ATTACK       rival=si d= 254 mm rumbo=   +0 cdeg  linea=0x0
[gelatina] t=  128 ms  ATTACK       rival=si d= 118 mm rumbo=   +0 cdeg  linea=0x0
[gelatina] t=  200 ms  EDGE_ESCAPE  rival=si d=   9 mm rumbo=-3000 cdeg  linea=0x8
[gelatina] t=  272 ms  ATTACK       rival=si d=   6 mm rumbo=+1497 cdeg  linea=0x4
[arbitro] asalto 20/30  banco    expulsado       -1   0.54 s
[gelatina] t=    0 ms  WAIT         rival=si d= 294 mm rumbo=   +0 cdeg  linea=0x0
[rival] t=    0 ms  WAIT         rival=si d= 292 mm rumbo=   +0 cdeg  linea=0x0
[gelatina] t=    0 ms  TRACK        rival=si d= 291 mm rumbo=   +0 cdeg  linea=0x0
[rival] t=    0 ms  TRACK        rival=si d= 290 mm rumbo=   +0 cdeg  linea=0x0
[rival] t=   56 ms  ATTACK       rival=si d= 250 mm rumbo=   +0 cdeg  linea=0x0
[gelatina] t=  136 ms  ATTACK       rival=si d=  96 mm rumbo=   +0 cdeg  linea=0x0
[gelatina] t=  416 ms  SEARCH       rival=no d=9999 mm rumbo=+1497 cdeg  linea=0x0
[gelatina] t=  456 ms  TRACK        rival=si d=  55 mm rumbo=+3000 cdeg  linea=0x0
[gelatina] t=  464 ms  ATTACK       rival=si d=   8 mm rumbo=  -89 cdeg  linea=0x0
[arbitro] asalto 21/30  banco    expulsado       -1   0.55 s
[gelatina] t=    0 ms  WAIT         rival=si d= 271 mm rumbo=   +0 cdeg  linea=0x0
[rival] t=    0 ms  WAIT         rival=si d= 268 mm rumbo=   +0 cdeg  linea=0x0
[gelatina] t=    0 ms  TRACK        rival=si d= 272 mm rumbo=   +0 cdeg  linea=0x0
[rival] t=    0 ms  TRACK        rival=si d= 268 mm rumbo=   +0 cdeg  linea=0x0
[rival] t=   32 ms  ATTACK       rival=si d= 258 mm rumbo=   +0 cdeg  linea=0x0
[gelatina] t=  128 ms  ATTACK       rival=si d= 100 mm rumbo=+1475 cdeg  linea=0x0
[arbitro] asalto 22/30  banco    expulsado       -1   0.47 s
[gelatina] t=    0 ms  WAIT         rival=si d= 315 mm rumbo=   +0 cdeg  linea=0x0
[rival] t=    0 ms  WAIT         rival=si d= 314 mm rumbo=   +0 cdeg  linea=0x0
[gelatina] t=    0 ms  TRACK        rival=si d= 318 mm rumbo=   +0 cdeg  linea=0x0
[rival] t=    0 ms  TRACK        rival=si d= 318 mm rumbo=   +0 cdeg  linea=0x0
[rival] t=   72 ms  ATTACK       rival=si d= 254 mm rumbo=   +0 cdeg  linea=0x0
[gelatina] t=  136 ms  ATTACK       rival=si d= 121 mm rumbo=   +0 cdeg  linea=0x0
[gelatina] t=  384 ms  SEARCH       rival=no d=9999 mm rumbo=+3000 cdeg  linea=0x0
[gelatina] t=  400 ms  TRACK        rival=si d=  56 mm rumbo=-3000 cdeg  linea=0x0
[gelatina] t=  408 ms  ATTACK       rival=si d=   9 mm rumbo=-3000 cdeg  linea=0x4
[arbitro] asalto 23/30  banco    expulsado       -1   0.48 s
[gelatina] t=    0 ms  WAIT         rival=si d= 314 mm rumbo=   +0 cdeg  linea=0x0
[rival] t=    0 ms  WAIT         rival=si d= 315 mm rumbo=   +0 cdeg  linea=0x0
[gelatina] t=    0 ms  TRACK        rival=si d= 316 mm rumbo=   +0 cdeg  linea=0x0
[rival] t=    0 ms  TRACK        rival=si d= 315 mm rumbo=   +0 cdeg  linea=0x0
[rival] t=   80 ms  ATTACK       rival=si d= 249 mm rumbo=   +0 cdeg  linea=0x0
[gelatina] t=  136 ms  ATTACK       rival=si d= 125 mm rumbo=   +0 cdeg  linea=0x0
[gelatina] t=  392 ms  SEARCH       rival=no d=9999 mm rumbo=+1498 cdeg  linea=0x0
[gelatina] t=  416 ms  TRACK        rival=si d=   7 mm rumbo=-1498 cdeg  linea=0x0
[gelatina] t=  424 ms  ATTACK       rival=si d=   7 mm rumbo=-1498 cdeg  linea=0x0
[arbitro] asalto 24/30  banco    expulsado       -1   0.57 s
[gelatina] t=    0 ms  WAIT         rival=si d= 268 mm rumbo=   +0 cdeg  linea=0x0
[rival] t=    0 ms  WAIT         rival=si d= 267 mm rumbo=   +0 cdeg  linea=0x0
[gelatina] t=    0 ms  TRACK        rival=si d= 271 mm rumbo=   +0 cdeg  linea=0x0
[rival] t=    0 ms  TRACK        rival=si d= 268 mm rumbo=   +0 cdeg  linea=0x0
[rival] t=   32 ms  ATTACK       rival=si d= 256 mm rumbo=   +0 cdeg  linea=0x0
[gelatina] t=  120 ms  ATTACK       rival=si d= 121 mm rumbo=   +0 cdeg  linea=0x0
[arbitro] asalto 25/30  banco    expulsado       -1   0.51 s
[gelatina] t=    0 ms  WAIT         rival=si d= 288 mm rumbo=   +0 cdeg  linea=0x0
[rival] t=    0 ms  WAIT         rival=si d= 292 mm rumbo=   +0 cdeg  linea=0x0
[gelatina] t=    0 ms  TRACK        rival=si d= 290 mm rumbo=   +0 cdeg  linea=0x0
[rival] t=    0 ms  TRACK        rival=si d= 291 mm rumbo=   +0 cdeg  linea=0x0
[rival] t=   48 ms  ATTACK       rival=si d= 257 mm rumbo=   +0 cdeg  linea=0x0
[gelatina] t=  128 ms  ATTACK       rival=si d= 116 mm rumbo=   +0 cdeg  linea=0x0
[gelatina] t=  208 ms  EDGE_ESCAPE  rival=si d=  10 mm rumbo=+3000 cdeg  linea=0x7
[gelatina] t=  416 ms  SEARCH       rival=si d=   7 mm rumbo=-1497 cdeg  linea=0x0
[gelatina] t=  424 ms  TRACK        rival=si d=   7 mm rumbo=-1497 cdeg  linea=0x0
[gelatina] t=  432 ms  ATTACK       rival=si d=   7 mm rumbo=-1497 cdeg  linea=0x0
[gelatina] t=  448 ms  SEARCH       rival=no d=9999 mm rumbo=-1497 cdeg  linea=0x0
[gelatina] t=  472 ms  TRACK        rival=si d=   8 mm rumbo=+1498 cdeg  linea=0x0
[gelatina] t=  480 ms  ATTACK       rival=si d=   9 mm rumbo=+1498 cdeg  linea=0x0
[arbitro] asalto 26/30  banco    expulsado       -1   0.56 s
[gelatina] t=    0 ms  WAIT         rival=si d= 292 mm rumbo=   +0 cdeg  linea=0x0
[rival] t=    0 ms  WAIT         rival=si d= 293 mm rumbo=   +0 cdeg  linea=0x0
[gelatina] t=    0 ms  TRACK        rival=si d= 298 mm rumbo=   +0 cdeg  linea=0x0
[rival] t=    0 ms  TRACK        rival=si d= 298 mm rumbo=   +0 cdeg  linea=0x0
[rival] t=   56 ms  ATTACK       rival=si d= 252 mm rumbo=   +0 cdeg  linea=0x0
[gelatina] t=  128 ms  ATTACK       rival=si d= 119 mm rumbo=   +0 cdeg  linea=0x0
[gelatina] t=  392 ms  SEARCH       rival=no d=9999 mm rumbo=   +0 cdeg  linea=0x0
[gelatina] t=  408 ms  TRACK        rival=si d=  56 mm rumbo=+3000 cdeg  linea=0x0
[gelatina] t=  416 ms  ATTACK       rival=si d=   9 mm rumbo=+3000 cdeg  linea=0x8
[arbitro] asalto 27/30  banco    expulsado       -1   0.49 s
[gelatina] t=    0 ms  WAIT         rival=si d= 266 mm rumbo=   +0 cdeg  linea=0x0
[rival] t=    0 ms  WAIT         rival=si d= 265 mm rumbo=   +0 cdeg  linea=0x0
[gelatina] t=    0 ms  TRACK        rival=si d= 264 mm rumbo=   +0 cdeg  linea=0x0
[rival] t=    0 ms  TRACK        rival=si d= 264 mm rumbo=   +0 cdeg  linea=0x0
[rival] t=   32 ms  ATTACK       rival=si d= 255 mm rumbo=   +0 cdeg  linea=0x0
[gelatina] t=  120 ms  ATTACK       rival=si d= 114 mm rumbo=   +0 cdeg  linea=0x0
[arbitro] asalto 28/30  banco    expulsado       -1   0.55 s
[gelatina] t=    0 ms  WAIT         rival=si d= 320 mm rumbo=   +0 cdeg  linea=0x0
[rival] t=    0 ms  WAIT         rival=si d= 318 mm rumbo=   +0 cdeg  linea=0x0
[gelatina] t=    0 ms  TRACK        rival=si d= 320 mm rumbo=   +0 cdeg  linea=0x0
[rival] t=    0 ms  TRACK        rival=si d= 321 mm rumbo=   +0 cdeg  linea=0x0
[rival] t=   72 ms  ATTACK       rival=si d= 259 mm rumbo=   +0 cdeg  linea=0x0
[gelatina] t=  136 ms  ATTACK       rival=si d= 125 mm rumbo=   +0 cdeg  linea=0x0
[arbitro] asalto 29/30  banco    expulsado       -1   0.51 s
[gelatina] t=    0 ms  WAIT         rival=si d= 309 mm rumbo=   +0 cdeg  linea=0x0
[rival] t=    0 ms  WAIT         rival=si d= 308 mm rumbo=   +0 cdeg  linea=0x0
[gelatina] t=    0 ms  TRACK        rival=si d= 310 mm rumbo=   +0 cdeg  linea=0x0
[rival] t=    0 ms  TRACK        rival=si d= 312 mm rumbo=   +0 cdeg  linea=0x0
[rival] t=   80 ms  ATTACK       rival=si d= 250 mm rumbo=   +0 cdeg  linea=0x0
[gelatina] t=  136 ms  ATTACK       rival=si d= 121 mm rumbo=   +0 cdeg  linea=0x0
[gelatina] t=  488 ms  SEARCH       rival=no d=9999 mm rumbo=+3000 cdeg  linea=0x0
[gelatina] t=  496 ms  TRACK        rival=si d=  54 mm rumbo=-3000 cdeg  linea=0x0
[gelatina] t=  504 ms  ATTACK       rival=si d=   7 mm rumbo=-1497 cdeg  linea=0x0
[arbitro] asalto 30/30  banco    expulsado       -1   0.58 s

[arbitro] RESULTADO  4W 26L 0D  win rate 13.3%  auto-salidas 0  t medio de victoria 4.54 s

[arbitro] resultados -> ../../../runs/real_baseline/20260913T155619592528Z_v0.3.1_banco/v0.3.0.json
INFO: 'arbitro' controller exited successfully.
INFO: _real_20260913t155619592528z_yo_v031: Terminating.
INFO: _real_20260913t155619592528z_rival_v030: Terminating.
