WARNING: Contact joints between materials 'patin' and 'dohyo' will only be created for the 10 deepest contact points instead of all the 12 contact points.
INFO: medido: Starting controller: $LAB_ROOT/Mini-Sumo-real/runs/real/20260913T162927606890Z_v11_v0.3.1_reglamento_v0.3.0_s0_r0/project/webots/controllers/medido/medido
INFO: contrario: Starting controller: $LAB_ROOT/Mini-Sumo-real/runs/real/20260913T162927606890Z_v11_v0.3.1_reglamento_v0.3.0_s0_r0/project/webots/controllers/contrario/contrario
INFO: arbitro: Starting controller: $LAB_ROOT/Mini-Sumo-real/runs/real/20260913T162927606890Z_v11_v0.3.1_reglamento_v0.3.0_s0_r0/project/webots/controllers/arbitro/arbitro --rounds 30 --rival v0.3.0 --version v0.3.1 --colocacion reglamento --out ../../../../result.json
[planta] gelatina V=7.4 R=4 Rpuente=0.5 I0=0.15 Ke=0.0793326178 Kt=0.0483794733
[gelatina] HAL Webots listo: paso 8 ms, umbral de linea 400
[gelatina] estrategia v0.3.0 en linea
[planta] rival V=7.4 R=4 Rpuente=0.5 I0=0.15 Ke=0.0793326178 Kt=0.0483794733
[rival] HAL Webots listo: paso 8 ms, umbral de linea 400
[rival] estrategia v0.3.0 en linea

[arbitro] 30 asaltos contra 'v0.3.0', colocacion reglamento, limite 60 s por asalto
[gelatina] t=    0 ms  WAIT         rival=si d=  26 mm rumbo=+1494 cdeg  linea=0x3
[rival] t=    0 ms  WAIT         rival=si d=  27 mm rumbo=+1496 cdeg  linea=0x0
[planta] asalto=0 mu=1.1 slip=0.0005 aleatorio=0
[planta] gelatina V=7.4 R=4 Rpuente=0.5 I0=0.15 Ke=0.0793326178 Kt=0.0483794733
[gelatina] t=    0 ms  TRACK        rival=si d=  73 mm rumbo=   +0 cdeg  linea=0x0
[planta] rival V=7.4 R=4 Rpuente=0.5 I0=0.15 Ke=0.0793326178 Kt=0.0483794733
[rival] t=    0 ms  TRACK        rival=si d=  74 mm rumbo=   +0 cdeg  linea=0x0
[gelatina] t=    8 ms  ATTACK       rival=si d=  74 mm rumbo=   +0 cdeg  linea=0x0
[rival] t=    8 ms  ATTACK       rival=si d=  74 mm rumbo=   +0 cdeg  linea=0x0
[rival] t=  656 ms  EDGE_ESCAPE  rival=si d=  11 mm rumbo=   +0 cdeg  linea=0x1
[arbitro] asalto  1/30  frente   rival fuera     +1   0.69 s
[planta] asalto=1 mu=1.1 slip=0.0005 aleatorio=0
[gelatina] t=    0 ms  WAIT         rival=no d=9999 mm rumbo=+1498 cdeg  linea=0x0
[rival] t=    0 ms  WAIT         rival=no d=9999 mm rumbo=+1498 cdeg  linea=0x0
WARNING: Contact joints between materials 'rueda' and 'dohyo' will only be created for the 10 deepest contact points instead of all the 17 contact points.
[planta] gelatina V=7.4 R=4 Rpuente=0.5 I0=0.15 Ke=0.0793326178 Kt=0.0483794733
[gelatina] t=    0 ms  OPENING      rival=no d=9999 mm rumbo=+1498 cdeg  linea=0x0
[planta] rival V=7.4 R=4 Rpuente=0.5 I0=0.15 Ke=0.0793326178 Kt=0.0483794733
[rival] t=    0 ms  OPENING      rival=no d=9999 mm rumbo=+1498 cdeg  linea=0x0
[gelatina] t=   80 ms  TRACK        rival=si d=  69 mm rumbo=-6000 cdeg  linea=0x0
[gelatina] t=   88 ms  ATTACK       rival=si d=  66 mm rumbo=-6000 cdeg  linea=0x0
[rival] t=  424 ms  EDGE_ESCAPE  rival=no d=9999 mm rumbo=+1498 cdeg  linea=0x2
[arbitro] asalto  2/30  lado     rival fuera     +1   0.56 s
[planta] asalto=2 mu=1.1 slip=0.0005 aleatorio=0
[gelatina] t=    0 ms  WAIT         rival=no d=9999 mm rumbo=   +0 cdeg  linea=0x0
[rival] t=    0 ms  WAIT         rival=no d=9999 mm rumbo= +119 cdeg  linea=0x0
[planta] gelatina V=7.4 R=4 Rpuente=0.5 I0=0.15 Ke=0.0793326178 Kt=0.0483794733
[gelatina] t=    0 ms  OPENING      rival=no d=9999 mm rumbo=   +0 cdeg  linea=0x0
[planta] rival V=7.4 R=4 Rpuente=0.5 I0=0.15 Ke=0.0793326178 Kt=0.0483794733
[rival] t=    0 ms  OPENING      rival=no d=9999 mm rumbo= +119 cdeg  linea=0x0
WARNING: Contact joints between materials 'patin' and 'dohyo' will only be created for the 10 deepest contact points instead of all the 20 contact points.
[gelatina] t=  112 ms  SEARCH       rival=no d=9999 mm rumbo=   +0 cdeg  linea=0x0
[gelatina] t=  320 ms  TRACK        rival=si d= 309 mm rumbo=+6000 cdeg  linea=0x0
[rival] t=  360 ms  EDGE_ESCAPE  rival=no d=9999 mm rumbo= +119 cdeg  linea=0x3
[arbitro] asalto  3/30  espalda  rival fuera     +1   0.46 s
[planta] asalto=3 mu=1.1 slip=0.0005 aleatorio=0
[gelatina] t=    0 ms  WAIT         rival=si d=  76 mm rumbo=   +0 cdeg  linea=0x0
[rival] t=    0 ms  WAIT         rival=si d=  76 mm rumbo=   +0 cdeg  linea=0x0
[planta] gelatina V=7.4 R=4 Rpuente=0.5 I0=0.15 Ke=0.0793326178 Kt=0.0483794733
[gelatina] t=    0 ms  TRACK        rival=si d=  75 mm rumbo=   +0 cdeg  linea=0x0
[planta] rival V=7.4 R=4 Rpuente=0.5 I0=0.15 Ke=0.0793326178 Kt=0.0483794733
[rival] t=    0 ms  TRACK        rival=si d=  76 mm rumbo=   +0 cdeg  linea=0x0
[gelatina] t=    8 ms  ATTACK       rival=si d=  76 mm rumbo=   +0 cdeg  linea=0x0
[rival] t=    8 ms  ATTACK       rival=si d=  75 mm rumbo=   +0 cdeg  linea=0x0
WARNING: Contact joints between materials 'patin' and 'dohyo' will only be created for the 10 deepest contact points instead of all the 23 contact points.
[gelatina] t=  656 ms  EDGE_ESCAPE  rival=si d=  14 mm rumbo=+3000 cdeg  linea=0xC
[arbitro] asalto  4/30  frente   expulsado       -1   0.66 s
[planta] asalto=4 mu=1.1 slip=0.0005 aleatorio=0
[gelatina] t=    0 ms  WAIT         rival=no d=9999 mm rumbo=+3000 cdeg  linea=0x0
[rival] t=    0 ms  WAIT         rival=no d=9999 mm rumbo=   +3 cdeg  linea=0x0
[planta] gelatina V=7.4 R=4 Rpuente=0.5 I0=0.15 Ke=0.0793326178 Kt=0.0483794733
[gelatina] t=    0 ms  OPENING      rival=no d=9999 mm rumbo=+3000 cdeg  linea=0x0
[planta] rival V=7.4 R=4 Rpuente=0.5 I0=0.15 Ke=0.0793326178 Kt=0.0483794733
[rival] t=    0 ms  OPENING      rival=no d=9999 mm rumbo=   +3 cdeg  linea=0x0
[gelatina] t=   88 ms  TRACK        rival=si d=  70 mm rumbo=-6000 cdeg  linea=0x0
[gelatina] t=   96 ms  ATTACK       rival=si d=  67 mm rumbo=-6000 cdeg  linea=0x0
WARNING: Contact joints between materials 'patin' and 'dohyo' will only be created for the 10 deepest contact points instead of all the 11 contact points.
[rival] t=  424 ms  EDGE_ESCAPE  rival=no d=9999 mm rumbo=   +3 cdeg  linea=0x1
[arbitro] asalto  5/30  lado     rival fuera     +1   0.54 s
[planta] asalto=5 mu=1.1 slip=0.0005 aleatorio=0
[gelatina] t=    0 ms  WAIT         rival=no d=9999 mm rumbo=-3000 cdeg  linea=0x0
[rival] t=    0 ms  WAIT         rival=no d=9999 mm rumbo=   -5 cdeg  linea=0x0
[planta] gelatina V=7.4 R=4 Rpuente=0.5 I0=0.15 Ke=0.0793326178 Kt=0.0483794733
[gelatina] t=    0 ms  OPENING      rival=no d=9999 mm rumbo=-3000 cdeg  linea=0x0
[planta] rival V=7.4 R=4 Rpuente=0.5 I0=0.15 Ke=0.0793326178 Kt=0.0483794733
[rival] t=    0 ms  OPENING      rival=no d=9999 mm rumbo=   -5 cdeg  linea=0x0
[gelatina] t=  112 ms  SEARCH       rival=no d=9999 mm rumbo=-3000 cdeg  linea=0x0
[gelatina] t=  200 ms  TRACK        rival=si d= 186 mm rumbo=-6000 cdeg  linea=0x0
[rival] t=  352 ms  EDGE_ESCAPE  rival=no d=9999 mm rumbo=   -5 cdeg  linea=0x3
[arbitro] asalto  6/30  espalda  rival fuera     +1   0.46 s
[planta] asalto=6 mu=1.1 slip=0.0005 aleatorio=0
[gelatina] t=    0 ms  WAIT         rival=si d=  74 mm rumbo=   +0 cdeg  linea=0x0
[rival] t=    0 ms  WAIT         rival=si d=  73 mm rumbo=   +0 cdeg  linea=0x0
[planta] gelatina V=7.4 R=4 Rpuente=0.5 I0=0.15 Ke=0.0793326178 Kt=0.0483794733
[gelatina] t=    0 ms  TRACK        rival=si d=  75 mm rumbo=   +0 cdeg  linea=0x0
[planta] rival V=7.4 R=4 Rpuente=0.5 I0=0.15 Ke=0.0793326178 Kt=0.0483794733
[rival] t=    0 ms  TRACK        rival=si d=  74 mm rumbo=   +0 cdeg  linea=0x0
[gelatina] t=    8 ms  ATTACK       rival=si d=  74 mm rumbo=   +0 cdeg  linea=0x0
[rival] t=    8 ms  ATTACK       rival=si d=  74 mm rumbo=   +0 cdeg  linea=0x0
WARNING: Contact joints between materials 'patin' and 'dohyo' will only be created for the 10 deepest contact points instead of all the 51 contact points.
[gelatina] t=  607 ms  EDGE_ESCAPE  rival=si d=  14 mm rumbo=-3000 cdeg  linea=0x3
[arbitro] asalto  7/30  frente   expulsado       -1   0.63 s
[planta] asalto=7 mu=1.1 slip=0.0005 aleatorio=0
[gelatina] t=    0 ms  WAIT         rival=no d=9999 mm rumbo=-3000 cdeg  linea=0x0
[rival] t=    0 ms  WAIT         rival=no d=9999 mm rumbo=-1388 cdeg  linea=0x0
[planta] gelatina V=7.4 R=4 Rpuente=0.5 I0=0.15 Ke=0.0793326178 Kt=0.0483794733
[gelatina] t=    0 ms  OPENING      rival=no d=9999 mm rumbo=-3000 cdeg  linea=0x0
[planta] rival V=7.4 R=4 Rpuente=0.5 I0=0.15 Ke=0.0793326178 Kt=0.0483794733
[rival] t=    0 ms  OPENING      rival=no d=9999 mm rumbo=-1388 cdeg  linea=0x0
[gelatina] t=  104 ms  TRACK        rival=si d=  68 mm rumbo=-6000 cdeg  linea=0x0
[gelatina] t=  112 ms  ATTACK       rival=si d=  65 mm rumbo=-6000 cdeg  linea=0x0
WARNING: Contact joints between materials 'patin' and 'dohyo' will only be created for the 10 deepest contact points instead of all the 12 contact points.
[rival] t=  416 ms  EDGE_ESCAPE  rival=no d=9999 mm rumbo=-1388 cdeg  linea=0x3
[arbitro] asalto  8/30  lado     rival fuera     +1   0.51 s
[planta] asalto=8 mu=1.1 slip=0.0005 aleatorio=0
[gelatina] t=    0 ms  WAIT         rival=no d=9999 mm rumbo=   +0 cdeg  linea=0x0
[rival] t=    0 ms  WAIT         rival=no d=9999 mm rumbo=  -63 cdeg  linea=0x0
[planta] gelatina V=7.4 R=4 Rpuente=0.5 I0=0.15 Ke=0.0793326178 Kt=0.0483794733
[gelatina] t=    0 ms  OPENING      rival=no d=9999 mm rumbo=   +0 cdeg  linea=0x0
[planta] rival V=7.4 R=4 Rpuente=0.5 I0=0.15 Ke=0.0793326178 Kt=0.0483794733
[rival] t=    0 ms  OPENING      rival=no d=9999 mm rumbo=  -63 cdeg  linea=0x0
[gelatina] t=  112 ms  SEARCH       rival=no d=9999 mm rumbo=   +0 cdeg  linea=0x0
[gelatina] t=  328 ms  TRACK        rival=si d= 317 mm rumbo=+6000 cdeg  linea=0x0
[rival] t=  352 ms  EDGE_ESCAPE  rival=no d=9999 mm rumbo=  -63 cdeg  linea=0x2
[arbitro] asalto  9/30  espalda  rival fuera     +1   0.47 s
[planta] asalto=9 mu=1.1 slip=0.0005 aleatorio=0
[gelatina] t=    0 ms  WAIT         rival=si d=  75 mm rumbo=   +0 cdeg  linea=0x0
[rival] t=    0 ms  WAIT         rival=si d=  75 mm rumbo=   +0 cdeg  linea=0x0
WARNING: Contact joints between materials 'patin' and 'dohyo' will only be created for the 10 deepest contact points instead of all the 34 contact points.
[planta] gelatina V=7.4 R=4 Rpuente=0.5 I0=0.15 Ke=0.0793326178 Kt=0.0483794733
[gelatina] t=    0 ms  TRACK        rival=si d=  76 mm rumbo=   +0 cdeg  linea=0x0
[planta] rival V=7.4 R=4 Rpuente=0.5 I0=0.15 Ke=0.0793326178 Kt=0.0483794733
[rival] t=    0 ms  TRACK        rival=si d=  75 mm rumbo=   +0 cdeg  linea=0x0
[gelatina] t=    7 ms  ATTACK       rival=si d=  75 mm rumbo=   +0 cdeg  linea=0x0
[rival] t=    7 ms  ATTACK       rival=si d=  75 mm rumbo=   +0 cdeg  linea=0x0
[rival] t=  199 ms  EDGE_ESCAPE  rival=si d=   7 mm rumbo=+2970 cdeg  linea=0x1
[rival] t=  207 ms  ATTACK       rival=si d=  12 mm rumbo=+1930 cdeg  linea=0x3
[rival] t=  295 ms  EDGE_ESCAPE  rival=si d=  12 mm rumbo=+2975 cdeg  linea=0x1
[rival] t=  303 ms  ATTACK       rival=si d=  12 mm rumbo=+2023 cdeg  linea=0x1
WARNING: DEF RIVAL GelatinaNuclear > HingeJoint "rueda_izq" > RotationalMotor "motor_izq": The requested motor torque -0.323732 exceeds 'maxTorque' = 0.25
WARNING: Contact joints between materials 'patin' and 'dohyo' will only be created for the 10 deepest contact points instead of all the 85 contact points.
WARNING: Contact joints between materials 'patin' and 'dohyo' will only be created for the 10 deepest contact points instead of all the 82 contact points.
WARNING: Contact joints between materials 'patin' and 'dohyo' will only be created for the 10 deepest contact points instead of all the 80 contact points.
WARNING: Contact joints between materials 'patin' and 'dohyo' will only be created for the 10 deepest contact points instead of all the 80 contact points.
WARNING: Contact joints between materials 'patin' and 'dohyo' will only be created for the 10 deepest contact points instead of all the 78 contact points.
WARNING: Contact joints between materials 'patin' and 'dohyo' will only be created for the 10 deepest contact points instead of all the 78 contact points.
WARNING: Contact joints between materials 'patin' and 'dohyo' will only be created for the 10 deepest contact points instead of all the 78 contact points.
WARNING: Contact joints between materials 'patin' and 'dohyo' will only be created for the 10 deepest contact points instead of all the 75 contact points.
WARNING: Contact joints between materials 'patin' and 'dohyo' will only be created for the 10 deepest contact points instead of all the 63 contact points.
WARNING: Contact joints between materials 'patin' and 'dohyo' will only be created for the 10 deepest contact points instead of all the 78 contact points.
WARNING: Contact joints between materials 'patin' and 'dohyo' will only be created for the 10 deepest contact points instead of all the 76 contact points.
WARNING: Contact joints between materials 'patin' and 'dohyo' will only be created for the 10 deepest contact points instead of all the 80 contact points.
WARNING: Contact joints between materials 'patin' and 'dohyo' will only be created for the 10 deepest contact points instead of all the 80 contact points.
WARNING: Contact joints between materials 'patin' and 'dohyo' will only be created for the 10 deepest contact points instead of all the 80 contact points.
WARNING: Contact joints between materials 'patin' and 'dohyo' will only be created for the 10 deepest contact points instead of all the 80 contact points.
WARNING: Contact joints between materials 'patin' and 'dohyo' will only be created for the 10 deepest contact points instead of all the 80 contact points.
WARNING: Contact joints between materials 'patin' and 'dohyo' will only be created for the 10 deepest contact points instead of all the 80 contact points.
WARNING: Contact joints between materials 'patin' and 'dohyo' will only be created for the 10 deepest contact points instead of all the 80 contact points.
WARNING: Contact joints between materials 'patin' and 'dohyo' will only be created for the 10 deepest contact points instead of all the 80 contact points.
WARNING: Contact joints between materials 'patin' and 'dohyo' will only be created for the 10 deepest contact points instead of all the 80 contact points.
WARNING: Contact joints between materials 'patin' and 'dohyo' will only be created for the 10 deepest contact points instead of all the 80 contact points.
WARNING: Contact joints between materials 'patin' and 'dohyo' will only be created for the 10 deepest contact points instead of all the 80 contact points.
WARNING: Contact joints between materials 'patin' and 'dohyo' will only be created for the 10 deepest contact points instead of all the 80 contact points.
WARNING: Contact joints between materials 'patin' and 'dohyo' will only be created for the 10 deepest contact points instead of all the 80 contact points.
WARNING: Contact joints between materials 'patin' and 'dohyo' will only be created for the 10 deepest contact points instead of all the 80 contact points.
[rival] t=25792 ms  EDGE_ESCAPE  rival=si d=  13 mm rumbo=   +0 cdeg  linea=0x2
[rival] t=25816 ms  ATTACK       rival=si d=  15 mm rumbo=-1500 cdeg  linea=0x4
[arbitro] asalto 10/30  frente   rival fuera     +1  25.82 s
[planta] asalto=10 mu=1.1 slip=0.0005 aleatorio=0
[gelatina] t=    0 ms  WAIT         rival=no d=9999 mm rumbo=  -31 cdeg  linea=0x0
[rival] t=    0 ms  WAIT         rival=no d=9999 mm rumbo=-1500 cdeg  linea=0x0
[planta] gelatina V=7.4 R=4 Rpuente=0.5 I0=0.15 Ke=0.0793326178 Kt=0.0483794733
[gelatina] t=    0 ms  OPENING      rival=no d=9999 mm rumbo=  -31 cdeg  linea=0x0
[planta] rival V=7.4 R=4 Rpuente=0.5 I0=0.15 Ke=0.0793326178 Kt=0.0483794733
[rival] t=    0 ms  OPENING      rival=no d=9999 mm rumbo=-1500 cdeg  linea=0x0
WARNING: Contact joints between materials 'rueda' and 'dohyo' will only be created for the 10 deepest contact points instead of all the 11 contact points.
[gelatina] t=   72 ms  TRACK        rival=si d=  74 mm rumbo=-6000 cdeg  linea=0x0
[gelatina] t=   80 ms  ATTACK       rival=si d=  70 mm rumbo=-6000 cdeg  linea=0x0
[rival] t=  424 ms  SEARCH       rival=no d=9999 mm rumbo=-1500 cdeg  linea=0x0
[rival] t=  440 ms  EDGE_ESCAPE  rival=no d=9999 mm rumbo=-1500 cdeg  linea=0x1
[arbitro] asalto 11/30  lado     rival fuera     +1   0.58 s
[planta] asalto=11 mu=1.1 slip=0.0005 aleatorio=0
[gelatina] t=    0 ms  WAIT         rival=no d=9999 mm rumbo=-3000 cdeg  linea=0x0
[rival] t=    0 ms  WAIT         rival=no d=9999 mm rumbo=   +1 cdeg  linea=0x0
[planta] gelatina V=7.4 R=4 Rpuente=0.5 I0=0.15 Ke=0.0793326178 Kt=0.0483794733
[gelatina] t=    0 ms  OPENING      rival=no d=9999 mm rumbo=-3000 cdeg  linea=0x0
[planta] rival V=7.4 R=4 Rpuente=0.5 I0=0.15 Ke=0.0793326178 Kt=0.0483794733
[rival] t=    0 ms  OPENING      rival=no d=9999 mm rumbo=   +1 cdeg  linea=0x0
[gelatina] t=  112 ms  SEARCH       rival=no d=9999 mm rumbo=-3000 cdeg  linea=0x0
[gelatina] t=  200 ms  TRACK        rival=si d= 167 mm rumbo=-6000 cdeg  linea=0x0
[rival] t=  352 ms  EDGE_ESCAPE  rival=no d=9999 mm rumbo=   +1 cdeg  linea=0x3
WARNING: Contact joints between materials 'patin' and 'dohyo' will only be created for the 10 deepest contact points instead of all the 66 contact points.
[arbitro] asalto 12/30  espalda  rival fuera     +1   0.46 s
[planta] asalto=12 mu=1.1 slip=0.0005 aleatorio=0
[gelatina] t=    0 ms  WAIT         rival=si d=  76 mm rumbo=   +0 cdeg  linea=0x0
[rival] t=    0 ms  WAIT         rival=si d=  76 mm rumbo=   +0 cdeg  linea=0x0
[planta] gelatina V=7.4 R=4 Rpuente=0.5 I0=0.15 Ke=0.0793326178 Kt=0.0483794733
[gelatina] t=    0 ms  TRACK        rival=si d=  76 mm rumbo=   +0 cdeg  linea=0x0
[planta] rival V=7.4 R=4 Rpuente=0.5 I0=0.15 Ke=0.0793326178 Kt=0.0483794733
[rival] t=    0 ms  TRACK        rival=si d=  77 mm rumbo=   +0 cdeg  linea=0x0
[gelatina] t=    8 ms  ATTACK       rival=si d=  76 mm rumbo=   +0 cdeg  linea=0x0
[rival] t=    8 ms  ATTACK       rival=si d=  75 mm rumbo=   +0 cdeg  linea=0x0
[gelatina] t=  632 ms  EDGE_ESCAPE  rival=si d=  12 mm rumbo=   +0 cdeg  linea=0x3
[arbitro] asalto 13/30  frente   expulsado       -1   0.66 s
[planta] asalto=13 mu=1.1 slip=0.0005 aleatorio=0
[gelatina] t=    0 ms  WAIT         rival=no d=9999 mm rumbo=-1497 cdeg  linea=0x0
[rival] t=    0 ms  WAIT         rival=no d=9999 mm rumbo=   +0 cdeg  linea=0x0
WARNING: Contact joints between materials 'rueda' and 'dohyo' will only be created for the 10 deepest contact points instead of all the 16 contact points.
[planta] gelatina V=7.4 R=4 Rpuente=0.5 I0=0.15 Ke=0.0793326178 Kt=0.0483794733
[gelatina] t=    0 ms  OPENING      rival=no d=9999 mm rumbo=-1497 cdeg  linea=0x0
[planta] rival V=7.4 R=4 Rpuente=0.5 I0=0.15 Ke=0.0793326178 Kt=0.0483794733
[rival] t=    0 ms  OPENING      rival=no d=9999 mm rumbo=   +0 cdeg  linea=0x0
[gelatina] t=   95 ms  TRACK        rival=si d=  66 mm rumbo=-6000 cdeg  linea=0x0
[gelatina] t=  103 ms  ATTACK       rival=si d=  64 mm rumbo=-6000 cdeg  linea=0x0
[rival] t=  399 ms  EDGE_ESCAPE  rival=no d=9999 mm rumbo=   +0 cdeg  linea=0x1
[arbitro] asalto 14/30  lado     rival fuera     +1   0.54 s
[planta] asalto=14 mu=1.1 slip=0.0005 aleatorio=0
[gelatina] t=    0 ms  WAIT         rival=no d=9999 mm rumbo=-3000 cdeg  linea=0x0
[rival] t=    0 ms  WAIT         rival=no d=9999 mm rumbo=   +8 cdeg  linea=0x0
[planta] gelatina V=7.4 R=4 Rpuente=0.5 I0=0.15 Ke=0.0793326178 Kt=0.0483794733
[gelatina] t=    0 ms  OPENING      rival=no d=9999 mm rumbo=-3000 cdeg  linea=0x0
[planta] rival V=7.4 R=4 Rpuente=0.5 I0=0.15 Ke=0.0793326178 Kt=0.0483794733
[rival] t=    0 ms  OPENING      rival=no d=9999 mm rumbo=   +8 cdeg  linea=0x0
[gelatina] t=  112 ms  SEARCH       rival=no d=9999 mm rumbo=-3000 cdeg  linea=0x0
[gelatina] t=  200 ms  TRACK        rival=si d= 162 mm rumbo=-6000 cdeg  linea=0x0
[rival] t=  352 ms  EDGE_ESCAPE  rival=no d=9999 mm rumbo=   +8 cdeg  linea=0x3
WARNING: Contact joints between materials 'patin' and 'dohyo' will only be created for the 10 deepest contact points instead of all the 88 contact points.
[arbitro] asalto 15/30  espalda  rival fuera     +1   0.45 s
[planta] asalto=15 mu=1.1 slip=0.0005 aleatorio=0
[gelatina] t=    0 ms  WAIT         rival=si d=  75 mm rumbo=   +0 cdeg  linea=0x0
[rival] t=    0 ms  WAIT         rival=si d=  75 mm rumbo=   +0 cdeg  linea=0x0
[planta] gelatina V=7.4 R=4 Rpuente=0.5 I0=0.15 Ke=0.0793326178 Kt=0.0483794733
[gelatina] t=    0 ms  TRACK        rival=si d=  75 mm rumbo=   +0 cdeg  linea=0x0
[planta] rival V=7.4 R=4 Rpuente=0.5 I0=0.15 Ke=0.0793326178 Kt=0.0483794733
[rival] t=    0 ms  TRACK        rival=si d=  76 mm rumbo=   +0 cdeg  linea=0x0
[gelatina] t=    8 ms  ATTACK       rival=si d=  75 mm rumbo=   +0 cdeg  linea=0x0
[rival] t=    8 ms  ATTACK       rival=si d=  75 mm rumbo=   +0 cdeg  linea=0x0
[gelatina] t=  272 ms  SEARCH       rival=no d=9999 mm rumbo=+1501 cdeg  linea=0x0
[gelatina] t=  280 ms  TRACK        rival=si d=  63 mm rumbo=+3000 cdeg  linea=0x0
[gelatina] t=  288 ms  ATTACK       rival=si d=   7 mm rumbo=+1498 cdeg  linea=0x0
[gelatina] t=  608 ms  EDGE_ESCAPE  rival=si d=  64 mm rumbo=+3000 cdeg  linea=0x3
[arbitro] asalto 16/30  frente   expulsado       -1   0.63 s
[planta] asalto=16 mu=1.1 slip=0.0005 aleatorio=0
[gelatina] t=    0 ms  WAIT         rival=no d=9999 mm rumbo=+3000 cdeg  linea=0x0
[rival] t=    0 ms  WAIT         rival=no d=9999 mm rumbo=+1496 cdeg  linea=0x0
WARNING: Contact joints between materials 'rueda' and 'dohyo' will only be created for the 10 deepest contact points instead of all the 13 contact points.
[planta] gelatina V=7.4 R=4 Rpuente=0.5 I0=0.15 Ke=0.0793326178 Kt=0.0483794733
[gelatina] t=    0 ms  OPENING      rival=no d=9999 mm rumbo=+3000 cdeg  linea=0x0
[planta] rival V=7.4 R=4 Rpuente=0.5 I0=0.15 Ke=0.0793326178 Kt=0.0483794733
[rival] t=    0 ms  OPENING      rival=no d=9999 mm rumbo=+1496 cdeg  linea=0x0
[gelatina] t=   79 ms  TRACK        rival=si d=  69 mm rumbo=-6000 cdeg  linea=0x0
[gelatina] t=   87 ms  ATTACK       rival=si d=  66 mm rumbo=-6000 cdeg  linea=0x0
[rival] t=  423 ms  SEARCH       rival=no d=9999 mm rumbo=+1496 cdeg  linea=0x0
[rival] t=  448 ms  EDGE_ESCAPE  rival=no d=9999 mm rumbo=+1496 cdeg  linea=0x3
[arbitro] asalto 17/30  lado     rival fuera     +1   0.58 s
[planta] asalto=17 mu=1.1 slip=0.0005 aleatorio=0
[gelatina] t=    0 ms  WAIT         rival=no d=9999 mm rumbo=-3000 cdeg  linea=0x0
[rival] t=    0 ms  WAIT         rival=no d=9999 mm rumbo=   -9 cdeg  linea=0x0
[planta] gelatina V=7.4 R=4 Rpuente=0.5 I0=0.15 Ke=0.0793326178 Kt=0.0483794733
[gelatina] t=    0 ms  OPENING      rival=no d=9999 mm rumbo=-3000 cdeg  linea=0x0
[planta] rival V=7.4 R=4 Rpuente=0.5 I0=0.15 Ke=0.0793326178 Kt=0.0483794733
[rival] t=    0 ms  OPENING      rival=no d=9999 mm rumbo=   -9 cdeg  linea=0x0
[gelatina] t=  112 ms  SEARCH       rival=no d=9999 mm rumbo=-3000 cdeg  linea=0x0
[gelatina] t=  200 ms  TRACK        rival=si d= 158 mm rumbo=-6000 cdeg  linea=0x0
WARNING: Contact joints between materials 'patin' and 'dohyo' will only be created for the 10 deepest contact points instead of all the 15 contact points.
[rival] t=  352 ms  EDGE_ESCAPE  rival=no d=9999 mm rumbo=   -9 cdeg  linea=0x1
[arbitro] asalto 18/30  espalda  rival fuera     +1   0.46 s
[planta] asalto=18 mu=1.1 slip=0.0005 aleatorio=0
[gelatina] t=    0 ms  WAIT         rival=si d=  74 mm rumbo=   +0 cdeg  linea=0x0
[rival] t=    0 ms  WAIT         rival=si d=  73 mm rumbo=   +0 cdeg  linea=0x0
[planta] gelatina V=7.4 R=4 Rpuente=0.5 I0=0.15 Ke=0.0793326178 Kt=0.0483794733
[gelatina] t=    0 ms  TRACK        rival=si d=  74 mm rumbo=   +0 cdeg  linea=0x0
[planta] rival V=7.4 R=4 Rpuente=0.5 I0=0.15 Ke=0.0793326178 Kt=0.0483794733
[rival] t=    0 ms  TRACK        rival=si d=  74 mm rumbo=   +0 cdeg  linea=0x0
[gelatina] t=    8 ms  ATTACK       rival=si d=  74 mm rumbo=   +0 cdeg  linea=0x0
[rival] t=    8 ms  ATTACK       rival=si d=  74 mm rumbo=   +0 cdeg  linea=0x0
WARNING: Contact joints between materials 'patin' and 'dohyo' will only be created for the 10 deepest contact points instead of all the 17 contact points.
[arbitro] asalto 19/30  frente   expulsado       -1   0.70 s
[planta] asalto=19 mu=1.1 slip=0.0005 aleatorio=0
[gelatina] t=    0 ms  WAIT         rival=no d=9999 mm rumbo=+1496 cdeg  linea=0x0
[rival] t=    0 ms  WAIT         rival=no d=9999 mm rumbo=   +2 cdeg  linea=0x0
[planta] gelatina V=7.4 R=4 Rpuente=0.5 I0=0.15 Ke=0.0793326178 Kt=0.0483794733
[gelatina] t=    0 ms  OPENING      rival=no d=9999 mm rumbo=+1496 cdeg  linea=0x0
[planta] rival V=7.4 R=4 Rpuente=0.5 I0=0.15 Ke=0.0793326178 Kt=0.0483794733
[rival] t=    0 ms  OPENING      rival=no d=9999 mm rumbo=   +2 cdeg  linea=0x0
[gelatina] t=   96 ms  TRACK        rival=si d=  63 mm rumbo=-6000 cdeg  linea=0x0
[gelatina] t=  104 ms  ATTACK       rival=si d=  61 mm rumbo=-6000 cdeg  linea=0x0
[rival] t=  408 ms  EDGE_ESCAPE  rival=no d=9999 mm rumbo=   +2 cdeg  linea=0x1
[arbitro] asalto 20/30  lado     rival fuera     +1   0.53 s
[planta] asalto=20 mu=1.1 slip=0.0005 aleatorio=0
[gelatina] t=    0 ms  WAIT         rival=no d=9999 mm rumbo=   +0 cdeg  linea=0x0
[rival] t=    0 ms  WAIT         rival=no d=9999 mm rumbo=   -5 cdeg  linea=0x0
WARNING: Contact joints between materials 'patin' and 'dohyo' will only be created for the 10 deepest contact points instead of all the 26 contact points.
[planta] gelatina V=7.4 R=4 Rpuente=0.5 I0=0.15 Ke=0.0793326178 Kt=0.0483794733
[gelatina] t=    0 ms  OPENING      rival=no d=9999 mm rumbo=   +0 cdeg  linea=0x0
[planta] rival V=7.4 R=4 Rpuente=0.5 I0=0.15 Ke=0.0793326178 Kt=0.0483794733
[rival] t=    0 ms  OPENING      rival=no d=9999 mm rumbo=   -5 cdeg  linea=0x0
[gelatina] t=  112 ms  SEARCH       rival=no d=9999 mm rumbo=   +0 cdeg  linea=0x0
[gelatina] t=  328 ms  TRACK        rival=si d= 319 mm rumbo=+6000 cdeg  linea=0x0
[rival] t=  344 ms  EDGE_ESCAPE  rival=no d=9999 mm rumbo=   -5 cdeg  linea=0x3
[arbitro] asalto 21/30  espalda  rival fuera     +1   0.46 s
[planta] asalto=21 mu=1.1 slip=0.0005 aleatorio=0
[gelatina] t=    0 ms  WAIT         rival=si d=  74 mm rumbo=   +0 cdeg  linea=0x0
[rival] t=    0 ms  WAIT         rival=si d=  75 mm rumbo=   +0 cdeg  linea=0x0
[planta] gelatina V=7.4 R=4 Rpuente=0.5 I0=0.15 Ke=0.0793326178 Kt=0.0483794733
[gelatina] t=    0 ms  TRACK        rival=si d=  74 mm rumbo=   +0 cdeg  linea=0x0
[planta] rival V=7.4 R=4 Rpuente=0.5 I0=0.15 Ke=0.0793326178 Kt=0.0483794733
[rival] t=    0 ms  TRACK        rival=si d=  75 mm rumbo=   +0 cdeg  linea=0x0
[gelatina] t=    8 ms  ATTACK       rival=si d=  74 mm rumbo=   +0 cdeg  linea=0x0
[rival] t=    8 ms  ATTACK       rival=si d=  74 mm rumbo=   +0 cdeg  linea=0x0
WARNING: Contact joints between materials 'patin' and 'dohyo' will only be created for the 10 deepest contact points instead of all the 105 contact points.
[gelatina] t=  672 ms  EDGE_ESCAPE  rival=si d=  13 mm rumbo=   +0 cdeg  linea=0x2
[arbitro] asalto 22/30  frente   expulsado       -1   0.70 s
[planta] asalto=22 mu=1.1 slip=0.0005 aleatorio=0
[gelatina] t=    0 ms  WAIT         rival=no d=9999 mm rumbo=   +0 cdeg  linea=0x0
[rival] t=    0 ms  WAIT         rival=no d=9999 mm rumbo=-1496 cdeg  linea=0x0
[planta] gelatina V=7.4 R=4 Rpuente=0.5 I0=0.15 Ke=0.0793326178 Kt=0.0483794733
[gelatina] t=    0 ms  OPENING      rival=no d=9999 mm rumbo=   +0 cdeg  linea=0x0
[planta] rival V=7.4 R=4 Rpuente=0.5 I0=0.15 Ke=0.0793326178 Kt=0.0483794733
[rival] t=    0 ms  OPENING      rival=no d=9999 mm rumbo=-1496 cdeg  linea=0x0
[gelatina] t=   80 ms  TRACK        rival=si d=  72 mm rumbo=-6000 cdeg  linea=0x0
[gelatina] t=   88 ms  ATTACK       rival=si d=  70 mm rumbo=-6000 cdeg  linea=0x0
WARNING: Contact joints between materials 'patin' and 'dohyo' will only be created for the 10 deepest contact points instead of all the 13 contact points.
[rival] t=  408 ms  EDGE_ESCAPE  rival=no d=9999 mm rumbo=-1496 cdeg  linea=0x3
[arbitro] asalto 23/30  lado     rival fuera     +1   0.50 s
[planta] asalto=23 mu=1.1 slip=0.0005 aleatorio=0
[gelatina] t=    0 ms  WAIT         rival=no d=9999 mm rumbo=-3000 cdeg  linea=0x0
[rival] t=    0 ms  WAIT         rival=no d=9999 mm rumbo=  +48 cdeg  linea=0x0
[planta] gelatina V=7.4 R=4 Rpuente=0.5 I0=0.15 Ke=0.0793326178 Kt=0.0483794733
[gelatina] t=    0 ms  OPENING      rival=no d=9999 mm rumbo=-3000 cdeg  linea=0x0
[planta] rival V=7.4 R=4 Rpuente=0.5 I0=0.15 Ke=0.0793326178 Kt=0.0483794733
[rival] t=    0 ms  OPENING      rival=no d=9999 mm rumbo=  +48 cdeg  linea=0x0
[gelatina] t=  112 ms  SEARCH       rival=no d=9999 mm rumbo=-3000 cdeg  linea=0x0
[gelatina] t=  192 ms  TRACK        rival=si d= 166 mm rumbo=-6000 cdeg  linea=0x0
[rival] t=  352 ms  EDGE_ESCAPE  rival=no d=9999 mm rumbo=  +48 cdeg  linea=0x2
WARNING: Contact joints between materials 'rueda' and 'dohyo' will only be created for the 10 deepest contact points instead of all the 11 contact points.
[arbitro] asalto 24/30  espalda  rival fuera     +1   0.47 s
[planta] asalto=24 mu=1.1 slip=0.0005 aleatorio=0
[gelatina] t=    0 ms  WAIT         rival=si d=  75 mm rumbo=   +0 cdeg  linea=0x0
[rival] t=    0 ms  WAIT         rival=si d=  76 mm rumbo=   +0 cdeg  linea=0x0
[planta] gelatina V=7.4 R=4 Rpuente=0.5 I0=0.15 Ke=0.0793326178 Kt=0.0483794733
[gelatina] t=    0 ms  TRACK        rival=si d=  75 mm rumbo=   +0 cdeg  linea=0x0
[planta] rival V=7.4 R=4 Rpuente=0.5 I0=0.15 Ke=0.0793326178 Kt=0.0483794733
[rival] t=    0 ms  TRACK        rival=si d=  75 mm rumbo=   +0 cdeg  linea=0x0
[gelatina] t=    8 ms  ATTACK       rival=si d=  75 mm rumbo=   +0 cdeg  linea=0x0
[rival] t=    8 ms  ATTACK       rival=si d=  75 mm rumbo=   +0 cdeg  linea=0x0
WARNING: DEF GELATINA GelatinaNuclear > HingeJoint "rueda_der" > RotationalMotor "motor_der": The requested motor torque -0.317345 exceeds 'maxTorque' = 0.25
WARNING: Contact joints between materials 'patin' and 'dohyo' will only be created for the 10 deepest contact points instead of all the 287 contact points.
[rival] t= 1544 ms  EDGE_ESCAPE  rival=si d=  14 mm rumbo=+3000 cdeg  linea=0x1
[arbitro] asalto 25/30  frente   rival fuera     +1   1.57 s
[planta] asalto=25 mu=1.1 slip=0.0005 aleatorio=0
[gelatina] t=    0 ms  WAIT         rival=no d=9999 mm rumbo=   +2 cdeg  linea=0x0
[rival] t=    0 ms  WAIT         rival=no d=9999 mm rumbo=+3000 cdeg  linea=0x0
[planta] gelatina V=7.4 R=4 Rpuente=0.5 I0=0.15 Ke=0.0793326178 Kt=0.0483794733
[gelatina] t=    0 ms  OPENING      rival=no d=9999 mm rumbo=   +2 cdeg  linea=0x0
[planta] rival V=7.4 R=4 Rpuente=0.5 I0=0.15 Ke=0.0793326178 Kt=0.0483794733
[rival] t=    0 ms  OPENING      rival=no d=9999 mm rumbo=+3000 cdeg  linea=0x0
WARNING: Contact joints between materials 'patin' and 'dohyo' will only be created for the 10 deepest contact points instead of all the 19 contact points.
[gelatina] t=   88 ms  TRACK        rival=si d=  70 mm rumbo=-6000 cdeg  linea=0x0
[gelatina] t=   96 ms  ATTACK       rival=si d=  67 mm rumbo=-6000 cdeg  linea=0x0
[rival] t=  424 ms  SEARCH       rival=no d=9999 mm rumbo=+3000 cdeg  linea=0x0
[rival] t=  432 ms  EDGE_ESCAPE  rival=no d=9999 mm rumbo=+3000 cdeg  linea=0x1
[arbitro] asalto 26/30  lado     rival fuera     +1   0.55 s
[planta] asalto=26 mu=1.1 slip=0.0005 aleatorio=0
[gelatina] t=    0 ms  WAIT         rival=no d=9999 mm rumbo=-3000 cdeg  linea=0x0
[rival] t=    0 ms  WAIT         rival=no d=9999 mm rumbo=  -10 cdeg  linea=0x0
[planta] gelatina V=7.4 R=4 Rpuente=0.5 I0=0.15 Ke=0.0793326178 Kt=0.0483794733
[gelatina] t=    0 ms  OPENING      rival=no d=9999 mm rumbo=-3000 cdeg  linea=0x0
[planta] rival V=7.4 R=4 Rpuente=0.5 I0=0.15 Ke=0.0793326178 Kt=0.0483794733
[rival] t=    0 ms  OPENING      rival=no d=9999 mm rumbo=  -10 cdeg  linea=0x0
[gelatina] t=  111 ms  SEARCH       rival=no d=9999 mm rumbo=-3000 cdeg  linea=0x0
WARNING: Contact joints between materials 'patin' and 'dohyo' will only be created for the 10 deepest contact points instead of all the 14 contact points.
[gelatina] t=  199 ms  TRACK        rival=si d= 186 mm rumbo=-6000 cdeg  linea=0x0
[rival] t=  351 ms  EDGE_ESCAPE  rival=no d=9999 mm rumbo=  -10 cdeg  linea=0x3
[arbitro] asalto 27/30  espalda  rival fuera     +1   0.46 s
[planta] asalto=27 mu=1.1 slip=0.0005 aleatorio=0
[gelatina] t=    0 ms  WAIT         rival=si d=  74 mm rumbo=   +0 cdeg  linea=0x0
[rival] t=    0 ms  WAIT         rival=si d=  74 mm rumbo=   +0 cdeg  linea=0x0
[planta] gelatina V=7.4 R=4 Rpuente=0.5 I0=0.15 Ke=0.0793326178 Kt=0.0483794733
[gelatina] t=    0 ms  TRACK        rival=si d=  74 mm rumbo=   +0 cdeg  linea=0x0
[planta] rival V=7.4 R=4 Rpuente=0.5 I0=0.15 Ke=0.0793326178 Kt=0.0483794733
[rival] t=    0 ms  TRACK        rival=si d=  74 mm rumbo=   +0 cdeg  linea=0x0
[gelatina] t=    8 ms  ATTACK       rival=si d=  74 mm rumbo=   +0 cdeg  linea=0x0
[rival] t=    8 ms  ATTACK       rival=si d=  73 mm rumbo=   +0 cdeg  linea=0x0
WARNING: Contact joints between materials 'patin' and 'dohyo' will only be created for the 10 deepest contact points instead of all the 11 contact points.
[rival] t=  544 ms  EDGE_ESCAPE  rival=si d=  54 mm rumbo=-3000 cdeg  linea=0xC
[arbitro] asalto 28/30  frente   rival fuera     +1   0.63 s
[planta] asalto=28 mu=1.1 slip=0.0005 aleatorio=0
[gelatina] t=    0 ms  WAIT         rival=no d=9999 mm rumbo=   -1 cdeg  linea=0x0
[rival] t=    0 ms  WAIT         rival=no d=9999 mm rumbo=+1498 cdeg  linea=0x0
[planta] gelatina V=7.4 R=4 Rpuente=0.5 I0=0.15 Ke=0.0793326178 Kt=0.0483794733
[gelatina] t=    0 ms  OPENING      rival=no d=9999 mm rumbo=   -1 cdeg  linea=0x0
[planta] rival V=7.4 R=4 Rpuente=0.5 I0=0.15 Ke=0.0793326178 Kt=0.0483794733
[rival] t=    0 ms  OPENING      rival=no d=9999 mm rumbo=+1498 cdeg  linea=0x0
[gelatina] t=   96 ms  TRACK        rival=si d=  69 mm rumbo=-6000 cdeg  linea=0x0
[gelatina] t=  104 ms  ATTACK       rival=si d=  66 mm rumbo=-6000 cdeg  linea=0x0
[rival] t=  424 ms  SEARCH       rival=no d=9999 mm rumbo=+1498 cdeg  linea=0x0
[rival] t=  432 ms  EDGE_ESCAPE  rival=no d=9999 mm rumbo=+1498 cdeg  linea=0x3
[arbitro] asalto 29/30  lado     rival fuera     +1   0.54 s
[planta] asalto=29 mu=1.1 slip=0.0005 aleatorio=0
[gelatina] t=    0 ms  WAIT         rival=no d=9999 mm rumbo=-3000 cdeg  linea=0x0
[rival] t=    0 ms  WAIT         rival=no d=9999 mm rumbo=   +0 cdeg  linea=0x0
WARNING: Contact joints between materials 'patin' and 'dohyo' will only be created for the 10 deepest contact points instead of all the 28 contact points.
[planta] gelatina V=7.4 R=4 Rpuente=0.5 I0=0.15 Ke=0.0793326178 Kt=0.0483794733
[gelatina] t=    0 ms  OPENING      rival=no d=9999 mm rumbo=-3000 cdeg  linea=0x0
[planta] rival V=7.4 R=4 Rpuente=0.5 I0=0.15 Ke=0.0793326178 Kt=0.0483794733
[rival] t=    0 ms  OPENING      rival=no d=9999 mm rumbo=   +0 cdeg  linea=0x0
[gelatina] t=  112 ms  SEARCH       rival=no d=9999 mm rumbo=-3000 cdeg  linea=0x0
[gelatina] t=  192 ms  TRACK        rival=si d= 176 mm rumbo=-6000 cdeg  linea=0x0
[rival] t=  352 ms  EDGE_ESCAPE  rival=no d=9999 mm rumbo=   +0 cdeg  linea=0x3
[arbitro] asalto 30/30  espalda  rival fuera     +1   0.46 s

[arbitro] RESULTADO  24W 6L 0D  win rate 80.0%  auto-salidas 0  t medio de victoria 1.61 s

[arbitro]   frente   4W 6L 0D
[arbitro]   lado     10W 0L 0D
[arbitro]   espalda  10W 0L 0D
[arbitro]   combate: gana 100.0%  jueces 0.0%  pierde 0.0%
[arbitro] resultados -> ../../../../result.json
INFO: 'arbitro' controller exited successfully.
INFO: medido: Terminating.
INFO: contrario: Terminating.
