INFO: _real_20260913t155505515517z_yo_v031: Starting controller: $LAB_ROOT/Mini-Sumo-real/webots/controllers/_real_20260913t155505515517z_yo_v031/_real_20260913t155505515517z_yo_v031
INFO: oponente: Starting controller: $LAB_ROOT/Mini-Sumo-real/webots/controllers/oponente/oponente spinner
INFO: arbitro: Starting controller: $LAB_ROOT/Mini-Sumo-real/webots/controllers/arbitro/arbitro --rounds 30 --rival spinner --colocacion reglamento --version v0.3.1 --out ../../../runs/real_baseline/20260913T155505515517Z_v0.3.1_reglamento/spinner.json
[gelatina] HAL Webots listo: paso 8 ms, umbral de linea 400
[gelatina] estrategia v0.3.0 en linea
[rival] comportamiento: spinner

[arbitro] 30 asaltos contra 'spinner', colocacion reglamento, limite 60 s por asalto
[gelatina] t=    0 ms  WAIT         rival=si d=  26 mm rumbo=+1494 cdeg  linea=0x3
[gelatina] t=    0 ms  TRACK        rival=si d=  73 mm rumbo=   +0 cdeg  linea=0x0
[gelatina] t=    8 ms  ATTACK       rival=si d=  74 mm rumbo=   +0 cdeg  linea=0x0
[arbitro] asalto  1/30  frente   rival fuera     +1   0.53 s
[gelatina] t=    0 ms  WAIT         rival=no d=9999 mm rumbo=   -2 cdeg  linea=0x0
[gelatina] t=    0 ms  OPENING      rival=no d=9999 mm rumbo=   -2 cdeg  linea=0x0
[gelatina] t=   32 ms  TRACK        rival=si d= 110 mm rumbo=-6000 cdeg  linea=0x0
[gelatina] t=   40 ms  ATTACK       rival=si d=  61 mm rumbo=-6000 cdeg  linea=0x0
[arbitro] asalto  2/30  lado     rival fuera     +1   0.48 s
[gelatina] t=    0 ms  WAIT         rival=no d=9999 mm rumbo=  -42 cdeg  linea=0x0
[gelatina] t=    0 ms  OPENING      rival=no d=9999 mm rumbo=  -42 cdeg  linea=0x0
[gelatina] t=  112 ms  SEARCH       rival=no d=9999 mm rumbo=  -42 cdeg  linea=0x0
[gelatina] t=  160 ms  TRACK        rival=si d=  92 mm rumbo=-6000 cdeg  linea=0x0
[gelatina] t=  168 ms  ATTACK       rival=si d=  72 mm rumbo=-6000 cdeg  linea=0x0
[arbitro] asalto  3/30  espalda  rival fuera     +1   0.66 s
[gelatina] t=    0 ms  WAIT         rival=si d=  76 mm rumbo=   +0 cdeg  linea=0x0
[gelatina] t=    0 ms  TRACK        rival=si d=  76 mm rumbo=   +0 cdeg  linea=0x0
[gelatina] t=    8 ms  ATTACK       rival=si d=  76 mm rumbo=   +0 cdeg  linea=0x0
[arbitro] asalto  4/30  frente   rival fuera     +1   0.50 s
[gelatina] t=    0 ms  WAIT         rival=no d=9999 mm rumbo=  -13 cdeg  linea=0x0
[gelatina] t=    0 ms  OPENING      rival=no d=9999 mm rumbo=  -13 cdeg  linea=0x0
[gelatina] t=   32 ms  TRACK        rival=si d=  98 mm rumbo=-6000 cdeg  linea=0x0
[gelatina] t=   40 ms  ATTACK       rival=si d=  60 mm rumbo=-6000 cdeg  linea=0x0
[arbitro] asalto  5/30  lado     rival fuera     +1   0.53 s
[gelatina] t=    0 ms  WAIT         rival=no d=9999 mm rumbo=  +10 cdeg  linea=0x0
[gelatina] t=    0 ms  OPENING      rival=no d=9999 mm rumbo=  +10 cdeg  linea=0x0
[gelatina] t=  111 ms  SEARCH       rival=no d=9999 mm rumbo=  +10 cdeg  linea=0x0
[gelatina] t=  279 ms  TRACK        rival=si d=  84 mm rumbo=+6000 cdeg  linea=0x0
[gelatina] t=  287 ms  ATTACK       rival=si d=  69 mm rumbo=+6000 cdeg  linea=0x0
[arbitro] asalto  6/30  espalda  rival fuera     +1   0.80 s
[gelatina] t=    0 ms  WAIT         rival=si d=  74 mm rumbo=   +0 cdeg  linea=0x0
[gelatina] t=    0 ms  TRACK        rival=si d=  74 mm rumbo=   +0 cdeg  linea=0x0
[gelatina] t=    8 ms  ATTACK       rival=si d=  74 mm rumbo=   +0 cdeg  linea=0x0
[arbitro] asalto  7/30  frente   rival fuera     +1   0.54 s
[gelatina] t=    0 ms  WAIT         rival=no d=9999 mm rumbo=   +4 cdeg  linea=0x0
[gelatina] t=    0 ms  OPENING      rival=no d=9999 mm rumbo=   +4 cdeg  linea=0x0
[gelatina] t=   32 ms  TRACK        rival=si d= 125 mm rumbo=-6000 cdeg  linea=0x0
[gelatina] t=   40 ms  ATTACK       rival=si d=  71 mm rumbo=-6000 cdeg  linea=0x0
[arbitro] asalto  8/30  lado     rival fuera     +1   0.51 s
[gelatina] t=    0 ms  WAIT         rival=no d=9999 mm rumbo=+1497 cdeg  linea=0x0
[gelatina] t=    0 ms  OPENING      rival=no d=9999 mm rumbo=+1497 cdeg  linea=0x0
[gelatina] t=  112 ms  SEARCH       rival=no d=9999 mm rumbo=+1497 cdeg  linea=0x0
[gelatina] t=  280 ms  TRACK        rival=si d=  83 mm rumbo=+6000 cdeg  linea=0x0
[gelatina] t=  288 ms  ATTACK       rival=si d=  67 mm rumbo=+6000 cdeg  linea=0x0
[arbitro] asalto  9/30  espalda  rival fuera     +1   0.83 s
[gelatina] t=    0 ms  WAIT         rival=si d=  75 mm rumbo=   +0 cdeg  linea=0x0
[gelatina] t=    0 ms  TRACK        rival=si d=  75 mm rumbo=   +0 cdeg  linea=0x0
[gelatina] t=    8 ms  ATTACK       rival=si d=  75 mm rumbo=   +0 cdeg  linea=0x0
[arbitro] asalto 10/30  frente   rival fuera     +1   0.58 s
[gelatina] t=    0 ms  WAIT         rival=no d=9999 mm rumbo=   +0 cdeg  linea=0x0
[gelatina] t=    0 ms  OPENING      rival=no d=9999 mm rumbo=   +0 cdeg  linea=0x0
[gelatina] t=   32 ms  TRACK        rival=si d=  71 mm rumbo=-6000 cdeg  linea=0x0
[gelatina] t=   40 ms  ATTACK       rival=si d=  54 mm rumbo=-6000 cdeg  linea=0x0
[arbitro] asalto 11/30  lado     rival fuera     +1   0.48 s
[gelatina] t=    0 ms  WAIT         rival=no d=9999 mm rumbo=   +1 cdeg  linea=0x0
[gelatina] t=    0 ms  OPENING      rival=no d=9999 mm rumbo=   +1 cdeg  linea=0x0
[gelatina] t=  112 ms  SEARCH       rival=no d=9999 mm rumbo=   +1 cdeg  linea=0x0
[gelatina] t=  280 ms  TRACK        rival=si d=  90 mm rumbo=+6000 cdeg  linea=0x0
[gelatina] t=  288 ms  ATTACK       rival=si d=  74 mm rumbo=+6000 cdeg  linea=0x0
[arbitro] asalto 12/30  espalda  rival fuera     +1   0.82 s
[gelatina] t=    0 ms  WAIT         rival=si d=  77 mm rumbo=   +0 cdeg  linea=0x0
[gelatina] t=    0 ms  TRACK        rival=si d=  76 mm rumbo=   +0 cdeg  linea=0x0
[gelatina] t=    8 ms  ATTACK       rival=si d=  77 mm rumbo=   +0 cdeg  linea=0x0
[arbitro] asalto 13/30  frente   rival fuera     +1   0.58 s
[gelatina] t=    0 ms  WAIT         rival=no d=9999 mm rumbo=   -1 cdeg  linea=0x0
[gelatina] t=    0 ms  OPENING      rival=no d=9999 mm rumbo=   -1 cdeg  linea=0x0
[gelatina] t=   32 ms  TRACK        rival=si d=  95 mm rumbo=-6000 cdeg  linea=0x0
[gelatina] t=   40 ms  ATTACK       rival=si d=  59 mm rumbo=-6000 cdeg  linea=0x0
[arbitro] asalto 14/30  lado     rival fuera     +1   0.49 s
[gelatina] t=    0 ms  WAIT         rival=no d=9999 mm rumbo=   +1 cdeg  linea=0x0
[gelatina] t=    0 ms  OPENING      rival=no d=9999 mm rumbo=   +1 cdeg  linea=0x0
[gelatina] t=  112 ms  SEARCH       rival=no d=9999 mm rumbo=   +1 cdeg  linea=0x0
[gelatina] t=  280 ms  TRACK        rival=si d=  85 mm rumbo=+6000 cdeg  linea=0x0
[gelatina] t=  288 ms  ATTACK       rival=si d=  69 mm rumbo=+6000 cdeg  linea=0x0
[arbitro] asalto 15/30  espalda  rival fuera     +1   0.84 s
[gelatina] t=    0 ms  WAIT         rival=si d=  76 mm rumbo=   +0 cdeg  linea=0x0
[gelatina] t=    0 ms  TRACK        rival=si d=  75 mm rumbo=   +0 cdeg  linea=0x0
[gelatina] t=    8 ms  ATTACK       rival=si d=  75 mm rumbo=   +0 cdeg  linea=0x0
[arbitro] asalto 16/30  frente   rival fuera     +1   0.50 s
[gelatina] t=    0 ms  WAIT         rival=no d=9999 mm rumbo=  -36 cdeg  linea=0x0
[gelatina] t=    0 ms  OPENING      rival=no d=9999 mm rumbo=  -36 cdeg  linea=0x0
[gelatina] t=   32 ms  TRACK        rival=si d= 114 mm rumbo=-6000 cdeg  linea=0x0
[gelatina] t=   40 ms  ATTACK       rival=si d=  63 mm rumbo=-6000 cdeg  linea=0x0
[arbitro] asalto 17/30  lado     rival fuera     +1   0.51 s
[gelatina] t=    0 ms  WAIT         rival=no d=9999 mm rumbo=  -36 cdeg  linea=0x0
[gelatina] t=    0 ms  OPENING      rival=no d=9999 mm rumbo=  -36 cdeg  linea=0x0
[gelatina] t=  112 ms  SEARCH       rival=no d=9999 mm rumbo=  -36 cdeg  linea=0x0
[gelatina] t=  160 ms  TRACK        rival=si d=  87 mm rumbo=-6000 cdeg  linea=0x0
[gelatina] t=  168 ms  ATTACK       rival=si d=  71 mm rumbo=-6000 cdeg  linea=0x0
[arbitro] asalto 18/30  espalda  rival fuera     +1   0.65 s
[gelatina] t=    0 ms  WAIT         rival=si d=  74 mm rumbo=   +0 cdeg  linea=0x0
[gelatina] t=    0 ms  TRACK        rival=si d=  74 mm rumbo=   +0 cdeg  linea=0x0
[gelatina] t=    8 ms  ATTACK       rival=si d=  74 mm rumbo=   +0 cdeg  linea=0x0
[arbitro] asalto 19/30  frente   rival fuera     +1   0.52 s
[gelatina] t=    0 ms  WAIT         rival=no d=9999 mm rumbo=  -32 cdeg  linea=0x0
[gelatina] t=    0 ms  OPENING      rival=no d=9999 mm rumbo=  -32 cdeg  linea=0x0
[gelatina] t=   32 ms  TRACK        rival=si d=  91 mm rumbo=-6000 cdeg  linea=0x0
[gelatina] t=   40 ms  ATTACK       rival=si d=  56 mm rumbo=-6000 cdeg  linea=0x0
[arbitro] asalto 20/30  lado     rival fuera     +1   0.52 s
[gelatina] t=    0 ms  WAIT         rival=no d=9999 mm rumbo=  +22 cdeg  linea=0x0
[gelatina] t=    0 ms  OPENING      rival=no d=9999 mm rumbo=  +22 cdeg  linea=0x0
[gelatina] t=  112 ms  SEARCH       rival=no d=9999 mm rumbo=  +22 cdeg  linea=0x0
[gelatina] t=  280 ms  TRACK        rival=si d=  86 mm rumbo=+6000 cdeg  linea=0x0
[gelatina] t=  288 ms  ATTACK       rival=si d=  71 mm rumbo=+6000 cdeg  linea=0x0
[arbitro] asalto 21/30  espalda  rival fuera     +1   0.80 s
[gelatina] t=    0 ms  WAIT         rival=si d=  74 mm rumbo=   +0 cdeg  linea=0x0
[gelatina] t=    0 ms  TRACK        rival=si d=  74 mm rumbo=   +0 cdeg  linea=0x0
[gelatina] t=    8 ms  ATTACK       rival=si d=  76 mm rumbo=   +0 cdeg  linea=0x0
[arbitro] asalto 22/30  frente   rival fuera     +1   0.51 s
[gelatina] t=    0 ms  WAIT         rival=no d=9999 mm rumbo=  -27 cdeg  linea=0x0
[gelatina] t=    0 ms  OPENING      rival=no d=9999 mm rumbo=  -27 cdeg  linea=0x0
[gelatina] t=   32 ms  TRACK        rival=si d=  99 mm rumbo=-6000 cdeg  linea=0x0
[gelatina] t=   40 ms  ATTACK       rival=si d=  60 mm rumbo=-6000 cdeg  linea=0x0
[arbitro] asalto 23/30  lado     rival fuera     +1   0.50 s
[gelatina] t=    0 ms  WAIT         rival=no d=9999 mm rumbo=  +18 cdeg  linea=0x0
[gelatina] t=    0 ms  OPENING      rival=no d=9999 mm rumbo=  +18 cdeg  linea=0x0
[gelatina] t=  112 ms  SEARCH       rival=no d=9999 mm rumbo=  +18 cdeg  linea=0x0
[gelatina] t=  280 ms  TRACK        rival=si d=  82 mm rumbo=+6000 cdeg  linea=0x0
[gelatina] t=  288 ms  ATTACK       rival=si d=  68 mm rumbo=+6000 cdeg  linea=0x0
[arbitro] asalto 24/30  espalda  rival fuera     +1   0.82 s
[gelatina] t=    0 ms  WAIT         rival=si d=  75 mm rumbo=   +0 cdeg  linea=0x0
[gelatina] t=    0 ms  TRACK        rival=si d=  75 mm rumbo=   +0 cdeg  linea=0x0
[gelatina] t=    8 ms  ATTACK       rival=si d=  76 mm rumbo=   +0 cdeg  linea=0x0
[arbitro] asalto 25/30  frente   rival fuera     +1   0.49 s
[gelatina] t=    0 ms  WAIT         rival=no d=9999 mm rumbo=   +0 cdeg  linea=0x0
[gelatina] t=    0 ms  OPENING      rival=no d=9999 mm rumbo=   +0 cdeg  linea=0x0
[gelatina] t=   32 ms  TRACK        rival=si d= 105 mm rumbo=-6000 cdeg  linea=0x0
[gelatina] t=   40 ms  ATTACK       rival=si d=  63 mm rumbo=-6000 cdeg  linea=0x0
[arbitro] asalto 26/30  lado     rival fuera     +1   0.52 s
[gelatina] t=    0 ms  WAIT         rival=no d=9999 mm rumbo=-1497 cdeg  linea=0x0
[gelatina] t=    0 ms  OPENING      rival=no d=9999 mm rumbo=-1497 cdeg  linea=0x0
[gelatina] t=  112 ms  SEARCH       rival=no d=9999 mm rumbo=-1497 cdeg  linea=0x0
[gelatina] t=  160 ms  TRACK        rival=si d=  83 mm rumbo=-6000 cdeg  linea=0x0
[gelatina] t=  168 ms  ATTACK       rival=si d=  69 mm rumbo=-6000 cdeg  linea=0x0
[arbitro] asalto 27/30  espalda  rival fuera     +1   0.68 s
[gelatina] t=    0 ms  WAIT         rival=si d=  73 mm rumbo=   +0 cdeg  linea=0x0
[gelatina] t=    0 ms  TRACK        rival=si d=  74 mm rumbo=   +0 cdeg  linea=0x0
[gelatina] t=    8 ms  ATTACK       rival=si d=  75 mm rumbo=   +0 cdeg  linea=0x0
[arbitro] asalto 28/30  frente   rival fuera     +1   0.57 s
[gelatina] t=    0 ms  WAIT         rival=no d=9999 mm rumbo=   -2 cdeg  linea=0x0
[gelatina] t=    0 ms  OPENING      rival=no d=9999 mm rumbo=   -2 cdeg  linea=0x0
[gelatina] t=   40 ms  TRACK        rival=si d=  70 mm rumbo=-6000 cdeg  linea=0x0
[gelatina] t=   48 ms  ATTACK       rival=si d=  54 mm rumbo=-6000 cdeg  linea=0x0
[arbitro] asalto 29/30  lado     rival fuera     +1   0.53 s
[gelatina] t=    0 ms  WAIT         rival=no d=9999 mm rumbo=  -32 cdeg  linea=0x0
[gelatina] t=    0 ms  OPENING      rival=no d=9999 mm rumbo=  -32 cdeg  linea=0x0
[gelatina] t=  112 ms  SEARCH       rival=no d=9999 mm rumbo=  -32 cdeg  linea=0x0
[gelatina] t=  152 ms  TRACK        rival=si d= 102 mm rumbo=-6000 cdeg  linea=0x0
[gelatina] t=  160 ms  ATTACK       rival=si d=  74 mm rumbo=-6000 cdeg  linea=0x0
[arbitro] asalto 30/30  espalda  rival fuera     +1   0.71 s

[arbitro] RESULTADO  30W 0L 0D  win rate 100.0%  auto-salidas 0  t medio de victoria 0.60 s

[arbitro]   frente   10W 0L 0D
[arbitro]   lado     10W 0L 0D
[arbitro]   espalda  10W 0L 0D
[arbitro]   combate: gana 100.0%  jueces 0.0%  pierde 0.0%
[arbitro] resultados -> ../../../runs/real_baseline/20260913T155505515517Z_v0.3.1_reglamento/spinner.json
INFO: 'arbitro' controller exited successfully.
INFO: _real_20260913t155505515517z_yo_v031: Terminating.
INFO: oponente: Terminating.
