INFO: _real_20260913t155505515517z_yo_v031: Starting controller: $LAB_ROOT/Mini-Sumo-real/webots/controllers/_real_20260913t155505515517z_yo_v031/_real_20260913t155505515517z_yo_v031
INFO: oponente: Starting controller: $LAB_ROOT/Mini-Sumo-real/webots/controllers/oponente/oponente static
INFO: arbitro: Starting controller: $LAB_ROOT/Mini-Sumo-real/webots/controllers/arbitro/arbitro --rounds 30 --rival static --colocacion reglamento --version v0.3.1 --out ../../../runs/real_baseline/20260913T155505515517Z_v0.3.1_reglamento/static.json
[gelatina] HAL Webots listo: paso 8 ms, umbral de linea 400
[gelatina] estrategia v0.3.0 en linea
[rival] comportamiento: static
[gelatina] t=    0 ms  WAIT         rival=si d=  26 mm rumbo=+1494 cdeg  linea=0x3

[arbitro] 30 asaltos contra 'static', colocacion reglamento, limite 60 s por asalto
[gelatina] t=    0 ms  TRACK        rival=si d=  73 mm rumbo=   +0 cdeg  linea=0x0
[gelatina] t=    8 ms  ATTACK       rival=si d=  74 mm rumbo=   +0 cdeg  linea=0x0
[arbitro] asalto  1/30  frente   rival fuera     +1   2.54 s
[gelatina] t=    0 ms  WAIT         rival=no d=9999 mm rumbo=   +6 cdeg  linea=0x0
[gelatina] t=    0 ms  OPENING      rival=no d=9999 mm rumbo=   +6 cdeg  linea=0x0
[gelatina] t=   32 ms  TRACK        rival=si d=  75 mm rumbo=-6000 cdeg  linea=0x0
[gelatina] t=   40 ms  ATTACK       rival=si d=  68 mm rumbo=-6000 cdeg  linea=0x0
[arbitro] asalto  2/30  lado     rival fuera     +1   0.50 s
[gelatina] t=    0 ms  WAIT         rival=no d=9999 mm rumbo=  +12 cdeg  linea=0x0
[gelatina] t=    0 ms  OPENING      rival=no d=9999 mm rumbo=  +12 cdeg  linea=0x0
[gelatina] t=  112 ms  SEARCH       rival=no d=9999 mm rumbo=  +12 cdeg  linea=0x0
[gelatina] t=  272 ms  TRACK        rival=si d=  93 mm rumbo=+6000 cdeg  linea=0x0
[gelatina] t=  280 ms  ATTACK       rival=si d=  79 mm rumbo=+6000 cdeg  linea=0x0
[arbitro] asalto  3/30  espalda  rival fuera     +1   0.74 s
[gelatina] t=    0 ms  WAIT         rival=si d=  76 mm rumbo=   +0 cdeg  linea=0x0
[gelatina] t=    0 ms  TRACK        rival=si d=  76 mm rumbo=   +0 cdeg  linea=0x0
[gelatina] t=    8 ms  ATTACK       rival=si d=  76 mm rumbo=   +0 cdeg  linea=0x0
[arbitro] asalto  4/30  frente   rival fuera     +1   0.42 s
[gelatina] t=    0 ms  WAIT         rival=no d=9999 mm rumbo=+1467 cdeg  linea=0x0
[gelatina] t=    0 ms  OPENING      rival=no d=9999 mm rumbo=+1467 cdeg  linea=0x0
[gelatina] t=   32 ms  TRACK        rival=si d=  74 mm rumbo=-6000 cdeg  linea=0x0
[gelatina] t=   40 ms  ATTACK       rival=si d=  53 mm rumbo=-6000 cdeg  linea=0x0
[arbitro] asalto  5/30  lado     rival fuera     +1   0.52 s
[gelatina] t=    0 ms  WAIT         rival=no d=9999 mm rumbo=-1486 cdeg  linea=0x0
[gelatina] t=    0 ms  OPENING      rival=no d=9999 mm rumbo=-1486 cdeg  linea=0x0
[gelatina] t=  111 ms  SEARCH       rival=no d=9999 mm rumbo=-1486 cdeg  linea=0x0
[gelatina] t=  159 ms  TRACK        rival=si d=  71 mm rumbo=-6000 cdeg  linea=0x0
[gelatina] t=  167 ms  ATTACK       rival=si d=  74 mm rumbo=-6000 cdeg  linea=0x0
[arbitro] asalto  6/30  espalda  rival fuera     +1   0.63 s
[gelatina] t=    0 ms  WAIT         rival=si d=  74 mm rumbo=   +0 cdeg  linea=0x0
[gelatina] t=    0 ms  TRACK        rival=si d=  74 mm rumbo=   +0 cdeg  linea=0x0
[gelatina] t=    8 ms  ATTACK       rival=si d=  75 mm rumbo=   +0 cdeg  linea=0x0
[arbitro] asalto  7/30  frente   rival fuera     +1   2.10 s
[gelatina] t=    0 ms  WAIT         rival=no d=9999 mm rumbo=  -12 cdeg  linea=0x0
[gelatina] t=    0 ms  OPENING      rival=no d=9999 mm rumbo=  -12 cdeg  linea=0x0
[gelatina] t=   32 ms  TRACK        rival=si d=  73 mm rumbo=-6000 cdeg  linea=0x0
[gelatina] t=   40 ms  ATTACK       rival=si d=  69 mm rumbo=-6000 cdeg  linea=0x0
[arbitro] asalto  8/30  lado     rival fuera     +1   0.48 s
[gelatina] t=    0 ms  WAIT         rival=no d=9999 mm rumbo=-1480 cdeg  linea=0x0
[gelatina] t=    0 ms  OPENING      rival=no d=9999 mm rumbo=-1480 cdeg  linea=0x0
[gelatina] t=  112 ms  SEARCH       rival=no d=9999 mm rumbo=-1480 cdeg  linea=0x0
[gelatina] t=  160 ms  TRACK        rival=si d=  88 mm rumbo=-6000 cdeg  linea=0x0
[gelatina] t=  168 ms  ATTACK       rival=si d=  69 mm rumbo=-6000 cdeg  linea=0x0
[arbitro] asalto  9/30  espalda  rival fuera     +1   0.62 s
[gelatina] t=    0 ms  WAIT         rival=si d=  75 mm rumbo=   +0 cdeg  linea=0x0
[gelatina] t=    0 ms  TRACK        rival=si d=  75 mm rumbo=   +0 cdeg  linea=0x0
[gelatina] t=    8 ms  ATTACK       rival=si d=  75 mm rumbo=   +0 cdeg  linea=0x0
[arbitro] asalto 10/30  frente   rival fuera     +1   0.41 s
[gelatina] t=    0 ms  WAIT         rival=no d=9999 mm rumbo=+1500 cdeg  linea=0x0
[gelatina] t=    0 ms  OPENING      rival=no d=9999 mm rumbo=+1500 cdeg  linea=0x0
[gelatina] t=   24 ms  TRACK        rival=si d=  79 mm rumbo=-6000 cdeg  linea=0x0
[gelatina] t=   32 ms  ATTACK       rival=si d=  74 mm rumbo=-6000 cdeg  linea=0x0
[arbitro] asalto 11/30  lado     rival fuera     +1   0.54 s
[gelatina] t=    0 ms  WAIT         rival=no d=9999 mm rumbo=   +3 cdeg  linea=0x0
[gelatina] t=    0 ms  OPENING      rival=no d=9999 mm rumbo=   +3 cdeg  linea=0x0
[gelatina] t=  111 ms  SEARCH       rival=no d=9999 mm rumbo=   +3 cdeg  linea=0x0
[gelatina] t=  271 ms  TRACK        rival=si d= 105 mm rumbo=+6000 cdeg  linea=0x0
[gelatina] t=  279 ms  ATTACK       rival=si d=  89 mm rumbo=+6000 cdeg  linea=0x0
[arbitro] asalto 12/30  espalda  rival fuera     +1   0.74 s
[gelatina] t=    0 ms  WAIT         rival=si d=  77 mm rumbo=   +0 cdeg  linea=0x0
[gelatina] t=    0 ms  TRACK        rival=si d=  76 mm rumbo=   +0 cdeg  linea=0x0
[gelatina] t=    7 ms  ATTACK       rival=si d=  77 mm rumbo=   +0 cdeg  linea=0x0
[arbitro] asalto 13/30  frente   rival fuera     +1   3.33 s
[gelatina] t=    0 ms  WAIT         rival=no d=9999 mm rumbo=   +0 cdeg  linea=0x0
[gelatina] t=    0 ms  OPENING      rival=no d=9999 mm rumbo=   +0 cdeg  linea=0x0
[gelatina] t=   32 ms  TRACK        rival=si d=  75 mm rumbo=-6000 cdeg  linea=0x0
[gelatina] t=   40 ms  ATTACK       rival=si d=  53 mm rumbo=-6000 cdeg  linea=0x0
[arbitro] asalto 14/30  lado     rival fuera     +1   0.50 s
[gelatina] t=    0 ms  WAIT         rival=no d=9999 mm rumbo=   +2 cdeg  linea=0x0
[gelatina] t=    0 ms  OPENING      rival=no d=9999 mm rumbo=   +2 cdeg  linea=0x0
[gelatina] t=  112 ms  SEARCH       rival=no d=9999 mm rumbo=   +2 cdeg  linea=0x0
[gelatina] t=  272 ms  TRACK        rival=si d= 124 mm rumbo=+6000 cdeg  linea=0x0
[gelatina] t=  280 ms  ATTACK       rival=si d=  85 mm rumbo=+6000 cdeg  linea=0x0
[arbitro] asalto 15/30  espalda  rival fuera     +1   0.74 s
[gelatina] t=    0 ms  WAIT         rival=si d=  76 mm rumbo=   +0 cdeg  linea=0x0
[gelatina] t=    0 ms  TRACK        rival=si d=  76 mm rumbo=   +0 cdeg  linea=0x0
[gelatina] t=    8 ms  ATTACK       rival=si d=  76 mm rumbo=   +0 cdeg  linea=0x0
[arbitro] asalto 16/30  frente   rival fuera     +1   0.42 s
[gelatina] t=    0 ms  WAIT         rival=no d=9999 mm rumbo=   +1 cdeg  linea=0x0
[gelatina] t=    0 ms  OPENING      rival=no d=9999 mm rumbo=   +1 cdeg  linea=0x0
[gelatina] t=   32 ms  TRACK        rival=si d=  74 mm rumbo=-6000 cdeg  linea=0x0
[gelatina] t=   40 ms  ATTACK       rival=si d=  68 mm rumbo=-6000 cdeg  linea=0x0
[arbitro] asalto 17/30  lado     rival fuera     +1   0.52 s
[gelatina] t=    0 ms  WAIT         rival=no d=9999 mm rumbo=  +21 cdeg  linea=0x0
[gelatina] t=    0 ms  OPENING      rival=no d=9999 mm rumbo=  +21 cdeg  linea=0x0
[gelatina] t=  111 ms  SEARCH       rival=no d=9999 mm rumbo=  +21 cdeg  linea=0x0
[gelatina] t=  279 ms  TRACK        rival=si d=  87 mm rumbo=+6000 cdeg  linea=0x0
[gelatina] t=  287 ms  ATTACK       rival=si d=  78 mm rumbo=+6000 cdeg  linea=0x0
[arbitro] asalto 18/30  espalda  rival fuera     +1   0.74 s
[gelatina] t=    0 ms  WAIT         rival=si d=  74 mm rumbo=   +0 cdeg  linea=0x0
[gelatina] t=    0 ms  TRACK        rival=si d=  74 mm rumbo=   +0 cdeg  linea=0x0
[gelatina] t=    8 ms  ATTACK       rival=si d=  74 mm rumbo=   +0 cdeg  linea=0x0
[arbitro] asalto 19/30  frente   rival fuera     +1   0.41 s
[gelatina] t=    0 ms  WAIT         rival=no d=9999 mm rumbo=   +2 cdeg  linea=0x0
[gelatina] t=    0 ms  OPENING      rival=no d=9999 mm rumbo=   +2 cdeg  linea=0x0
[gelatina] t=   32 ms  TRACK        rival=si d=  72 mm rumbo=-6000 cdeg  linea=0x0
[gelatina] t=   39 ms  ATTACK       rival=si d=  51 mm rumbo=-6000 cdeg  linea=0x0
[arbitro] asalto 20/30  lado     rival fuera     +1   0.51 s
[gelatina] t=    0 ms  WAIT         rival=no d=9999 mm rumbo=  -13 cdeg  linea=0x0
[gelatina] t=    0 ms  OPENING      rival=no d=9999 mm rumbo=  -13 cdeg  linea=0x0
[gelatina] t=  112 ms  SEARCH       rival=no d=9999 mm rumbo=  -13 cdeg  linea=0x0
[gelatina] t=  160 ms  TRACK        rival=si d=  74 mm rumbo=-6000 cdeg  linea=0x0
[gelatina] t=  168 ms  ATTACK       rival=si d=  77 mm rumbo=-6000 cdeg  linea=0x0
[arbitro] asalto 21/30  espalda  rival fuera     +1   0.64 s
[gelatina] t=    0 ms  WAIT         rival=si d=  74 mm rumbo=   +0 cdeg  linea=0x0
[gelatina] t=    0 ms  TRACK        rival=si d=  75 mm rumbo=   +0 cdeg  linea=0x0
[gelatina] t=    8 ms  ATTACK       rival=si d=  74 mm rumbo=   +0 cdeg  linea=0x0
[arbitro] asalto 22/30  frente   rival fuera     +1   0.81 s
[gelatina] t=    0 ms  WAIT         rival=no d=9999 mm rumbo=   +2 cdeg  linea=0x0
[gelatina] t=    0 ms  OPENING      rival=no d=9999 mm rumbo=   +2 cdeg  linea=0x0
[gelatina] t=   32 ms  TRACK        rival=si d=  74 mm rumbo=-6000 cdeg  linea=0x0
[gelatina] t=   40 ms  ATTACK       rival=si d=  53 mm rumbo=-6000 cdeg  linea=0x0
[arbitro] asalto 23/30  lado     rival fuera     +1   0.51 s
[gelatina] t=    0 ms  WAIT         rival=no d=9999 mm rumbo=  +13 cdeg  linea=0x0
[gelatina] t=    0 ms  OPENING      rival=no d=9999 mm rumbo=  +13 cdeg  linea=0x0
[gelatina] t=  112 ms  SEARCH       rival=no d=9999 mm rumbo=  +13 cdeg  linea=0x0
[gelatina] t=  272 ms  TRACK        rival=si d= 120 mm rumbo=+6000 cdeg  linea=0x0
[gelatina] t=  280 ms  ATTACK       rival=si d=  84 mm rumbo=+6000 cdeg  linea=0x0
[arbitro] asalto 24/30  espalda  rival fuera     +1   0.74 s
[gelatina] t=    0 ms  WAIT         rival=si d=  76 mm rumbo=   +0 cdeg  linea=0x0
[gelatina] t=    0 ms  TRACK        rival=si d=  75 mm rumbo=   +0 cdeg  linea=0x0
[gelatina] t=    8 ms  ATTACK       rival=si d=  75 mm rumbo=   +0 cdeg  linea=0x0
[arbitro] asalto 25/30  frente   rival fuera     +1   0.42 s
[gelatina] t=    0 ms  WAIT         rival=no d=9999 mm rumbo=+1498 cdeg  linea=0x0
[gelatina] t=    0 ms  OPENING      rival=no d=9999 mm rumbo=+1498 cdeg  linea=0x0
[gelatina] t=   32 ms  TRACK        rival=si d=  75 mm rumbo=-6000 cdeg  linea=0x0
[gelatina] t=   40 ms  ATTACK       rival=si d=  70 mm rumbo=-6000 cdeg  linea=0x0
[arbitro] asalto 26/30  lado     rival fuera     +1   0.54 s
[gelatina] t=    0 ms  WAIT         rival=no d=9999 mm rumbo=+1450 cdeg  linea=0x0
[gelatina] t=    0 ms  OPENING      rival=no d=9999 mm rumbo=+1450 cdeg  linea=0x0
[gelatina] t=  111 ms  SEARCH       rival=no d=9999 mm rumbo=+1450 cdeg  linea=0x0
[gelatina] t=  271 ms  TRACK        rival=si d= 101 mm rumbo=+6000 cdeg  linea=0x0
[gelatina] t=  279 ms  ATTACK       rival=si d=  85 mm rumbo=+6000 cdeg  linea=0x0
[arbitro] asalto 27/30  espalda  rival fuera     +1   0.74 s
[gelatina] t=    0 ms  WAIT         rival=si d=  74 mm rumbo=   +0 cdeg  linea=0x0
[gelatina] t=    0 ms  TRACK        rival=si d=  74 mm rumbo=   +0 cdeg  linea=0x0
[gelatina] t=    8 ms  ATTACK       rival=si d=  73 mm rumbo=   +0 cdeg  linea=0x0
[arbitro] asalto 28/30  frente   rival fuera     +1   0.42 s
[gelatina] t=    0 ms  WAIT         rival=no d=9999 mm rumbo=   +0 cdeg  linea=0x0
[gelatina] t=    0 ms  OPENING      rival=no d=9999 mm rumbo=   +0 cdeg  linea=0x0
[gelatina] t=   32 ms  TRACK        rival=si d=  73 mm rumbo=-6000 cdeg  linea=0x0
[gelatina] t=   40 ms  ATTACK       rival=si d=  68 mm rumbo=-6000 cdeg  linea=0x0
[arbitro] asalto 29/30  lado     rival fuera     +1   0.49 s
[gelatina] t=    0 ms  WAIT         rival=no d=9999 mm rumbo=   -4 cdeg  linea=0x0
[gelatina] t=    0 ms  OPENING      rival=no d=9999 mm rumbo=   -4 cdeg  linea=0x0
[gelatina] t=  112 ms  SEARCH       rival=no d=9999 mm rumbo=   -4 cdeg  linea=0x0
[gelatina] t=  159 ms  TRACK        rival=si d=  68 mm rumbo=-6000 cdeg  linea=0x0
[gelatina] t=  167 ms  ATTACK       rival=si d=  71 mm rumbo=-6000 cdeg  linea=0x0
[arbitro] asalto 30/30  espalda  rival fuera     +1   0.62 s

[arbitro] RESULTADO  30W 0L 0D  win rate 100.0%  auto-salidas 0  t medio de victoria 0.78 s

[arbitro]   frente   10W 0L 0D
[arbitro]   lado     10W 0L 0D
[arbitro]   espalda  10W 0L 0D
[arbitro]   combate: gana 100.0%  jueces 0.0%  pierde 0.0%
[arbitro] resultados -> ../../../runs/real_baseline/20260913T155505515517Z_v0.3.1_reglamento/static.json
INFO: 'arbitro' controller exited successfully.
INFO: _real_20260913t155505515517z_yo_v031: Terminating.
INFO: oponente: Terminating.
